--------- beginning of main
06-14 16:32:09.518  4736  5812 I ScanController: onScanResult to scannerId: 3- eventType=0x1b, addressType=0, address=XX:XX:XX:XX:01:95, primaryPhy=1, secondaryPhy=0, advertisingSid=0xff, txPower=127, rssi=-96, periodicAdvInt=0x0
06-14 16:32:09.558  1763  5733 I vendor.qti.bluetooth@1.0-ibs_handler: ProcessIbsCmd: Received IBS_SLEEP_IND: 0xFE
06-14 16:32:09.558  1763  5733 D vendor.qti.bluetooth@1.0-ibs_handler: SerialClockVote: vote for UART CLK OFF
06-14 16:32:09.589  2401  3841 E WifiStaIfaceAidlImpl: getCachedScanData failed with service-specific exception: android.os.ServiceSpecificException:  (code 4)
06-14 16:32:09.593  2401  6666 D SemWifiUsabilityStatsMonitor: onWifiUsabilityStats - seqNum 69625, isSameBssidAndFreq true
06-14 16:32:09.595  2401  3973 E SemWifiLinkQualityMonitor: Too old or invalid TMI: currentTime=1781422329595 lastDateWindow=1781422317000
06-14 16:32:09.596  2401  3973 I SemWifiLinkQualityMonitor: Link stat: 1410 / 74 / 1.00 (4) / 117 / -73.0 || 100.0 : 117.00 / 0.5 : 1.00 / 0.55 : 0.05 / G (G) || 94c098bf5180: 0.144 / 55.415 / N || N N / 0 0 / N 2.0 / N X 2 / 652479738 0 || 2026-06-14 16:31:57  / 0: 0 0 0 0 0 0 / 0: 0 0 0 0 0 0 / 0: 0 0 0 0 0 0
06-14 16:32:09.597  2401  3974 D InsDataManager: onOutageCountUpdate() - Outage Data: 0, LQ : N. Outage Triggered: false
06-14 16:32:09.597  2401  3974 D SemInsManager: {"bssid": "94c098bf5180","rssi": -73.0,"latency": 0.14436409232816416,"outage_count": 0,"lq_callback_triggered": false,"outage_log": "Link stat: 1410 / 74 / 1.00 (4) / 117 / -73.0 || 100.0 : 117.00 / 0.5 : 1.00 / 0.55 : 0.05 / G (G) || 94c098bf5180: 0.144 / 55.415 / N || N N / 0 0 / N 2.0 / N X 2 / 652479738 0 || 2026-06-14 16:31:57  / 0: 0 0 0 0 0 0 / 0: 0 0 0 0 0 0 / 0: 0 0 0 0 0 0""Magnetic Sensor Events size": "0""Pressure Sensor Events size": "0"}
--------- beginning of system
06-14 16:32:09.600  2401  3991 D SGM:GameManager: identifyGamePackage. com.babcross.app, mCurrentUserId: 0, callingMethodInfo: com.samsung.android.game.SemGameManager.isGamePackage(SemGameManager.java:105)
06-14 16:32:09.600  2401  3991 D SGM:SemGameManager: isGamePackage(), pkgName=com.babcross.app, ret=false
06-14 16:32:09.647  1763  5733 I vendor.qti.bluetooth@1.0-ibs_handler: ProcessIbsCmd: Received IBS_WAKE_IND: 0xFD
06-14 16:32:09.648  1763  5733 D vendor.qti.bluetooth@1.0-ibs_handler: SerialClockVote: vote for UART CLK ON
06-14 16:32:09.648  1763  5733 I vendor.qti.bluetooth@1.0-ibs_handler: ProcessIbsCmd: Writing IBS_WAKE_ACK
06-14 16:32:09.654  4736  5812 I ScanController: onScanResult to scannerId: 11- eventType=0x1, addressType=1, address=XX:XX:XX:XX:1A:4E, primaryPhy=1, secondaryPhy=1, advertisingSid=0x0, txPower=127, rssi=-68, periodicAdvInt=0x0
06-14 16:32:09.677  1113  1113 D io_stats: !@   8,0 r 162987627 3551241804 w 42706554 927557188 d 5562343 1082340852 f 700170 4371071 iot 13219120 0 th 0 0 0 pt 0 inp 0 0 652479.822
06-14 16:32:09.677  1113  1113 D io_stats: !@ Read_top(KB): m.samsung.euicc:high(8378) 80 f2fs_ckpt-254:6:/(1343) 16 martsuggestions:high(7044) 16
06-14 16:32:09.677  1113  1113 D io_stats: !@ Write_top(KB): f2fs_ckpt-254:6:/(1343) 716 system_server:normal(2401) 648 kworker/2:4:/(15713) 616
06-14 16:32:09.677  1113  1113 D io_stats: !@ fuse-log: WORST (10078 1 0 2 0) (10660 1 0 2 0) TOTAL_LATENCY (10078 0 1 0 2) (10660 0 1 0 2) TOTAL_CNT (10078 2 1 2) (10660 2 1 2) 
06-14 16:32:09.692  1763  5733 I vendor.qti.bluetooth@1.0-ibs_handler: ProcessIbsCmd: Received IBS_SLEEP_IND: 0xFE
06-14 16:32:09.692  1763  5733 D vendor.qti.bluetooth@1.0-ibs_handler: SerialClockVote: vote for UART CLK OFF
06-14 16:32:09.786  2401  3868 D ConnectivityService: handleInitialEvaluationTimeout 244
06-14 16:32:09.842  1763  5272 D vendor.qti.bluetooth@1.0-wake_lock: Release wakelock is released 
06-14 16:32:09.916  1807  2630 I thermal_core: pivot(AP) : 398, skin : 386
06-14 16:32:09.916  1807  2630 I vendor.samsung.hardware.thermal-service: index = 14.400000
06-14 16:32:09.916  1807  2630 I vendor.samsung.hardware.thermal-service: 1 / 2
06-14 16:32:09.920  1805  1872 E BatteryDump: !@new_battery_dump : 4004,-328,100,100,66,354,348,388,354,0,384,388,351,Discharging,NO_CHARGING,None,Good,NONE,0,Normal,0,0,10500,0x40000000,0x10000,0x0,0,0,418,v0004,0,0/0-0-0-0,0000,0000,00000000,4004,4010,0,-167,-161,0,215,0,655,980,0,
06-14 16:32:09.923  1807  1807 I seh_thermal_service: getTemperaturesWithType SehTemperatureType: 3
06-14 16:32:09.923  1805  1805 I sehhealth-service: updateLrpSysfs: write: 386
06-14 16:32:10.043  1770 14565 I sensors-hal: handle_sns_std_sensor_event:90, light_cct: ts = 1076013298317237 ns; value = [182, 182, 196, 222, 198, 83, 50, 44, 30496, 46, 1]
06-14 16:32:10.115  1770  6942 I sensors-hal: handle_sns_client_event:379, [0][31317808] accel_sample [ 0.078,  0.254,  9.853] 1076013342339790
06-14 16:32:10.844  2401  6683 W ParceledListSlice: Element #44 is 20412 bytes.
06-14 16:32:10.845  2401  6683 W ParceledListSlice: Element #54 is 31412 bytes.
06-14 16:32:10.863  2401  7277 W ParceledListSlice: Element #840 is 35756 bytes.
06-14 16:32:10.863  2401  7277 W ParceledListSlice: Element #857 is 17340 bytes.
06-14 16:32:10.918  1807  2630 I thermal_core: pivot(AP) : 397, skin : 386
06-14 16:32:10.918  1807  2630 I vendor.samsung.hardware.thermal-service: index = 13.000000
06-14 16:32:10.918  1807  2630 I vendor.samsung.hardware.thermal-service: 2 / 2
06-14 16:32:10.957  1773  9487 D AHAL_ModulePrimary_QTI: getVendorParameters: id count: 1
06-14 16:32:10.957  1773  9487 I PAL: ResourceManager: getActiveStream_l: 6569: no active streams found for device 3 ret -2
06-14 16:32:10.958  1773  9487 D AHAL_SecModulePrimary: onGetSECGenericParameters get temperature for g_hw_speaker_amp_temp_rcv: 0
06-14 16:32:10.958  1773  9487 D AHAL_ModulePrimary_QTI: getVendorParameters: id count: 1
06-14 16:32:10.958  1773  9487 I PAL: ResourceManager: getActiveStream_l: 6569: no active streams found for device 3 ret -2
06-14 16:32:10.958  1773  9487 D AHAL_SecModulePrimary: onGetSECGenericParameters get temperature for g_hw_speaker_amp_temp_spk: 0
06-14 16:32:10.959  7228  7940 I SDHMS:x : SIOP:: AP:397 BAT:354 USB:348 CHG:387 PA:385 CP:385 WIFI:412 CF:395 BLK:0 SUBBAT:351 LRPTHM:372 SKIN:381 SKINF:384 SKINB:386 LRP:381 LRF:384 LRB:386 APT:384 APR:386 RCV:319 SPK:319 CAPR:381 CRCV:318 CSPK:326 CAMT:385 UPSPK:351 DNSPK:351 VAP02:395 VAP05:399 AMB2:303 HIGH:0 AVGCUR:-484 POWER:-1937
06-14 16:32:10.960  7228  7940 I AudioManager: setParameters keyValuePairs = g_hw_speaker_amp_temp_spk=33
06-14 16:32:10.960  1831  1933 D AudioFlinger: setParameters: filtered dev setParameters keyvalue g_hw_speaker_amp_temp_spk=33
06-14 16:32:10.961  1773  9487 D AHAL_HFP_QTI: hfp_set_parameters enter
06-14 16:32:10.961  1773  9487 D AHAL_HFP_QTI: hfp_set_parameters Exit
06-14 16:32:10.961  1773  9487 D AHAL_SecModulePrimary: processSetVendorParameters: configured g_hw_speaker_amp_temp_spk
06-14 16:32:10.961  1773  9487 D AHAL_SecModulePrimary: processSetVendorParameters: handler set on Feature:0
06-14 16:32:10.961  1773  9487 D AHAL_SecModulePrimary: onSetSECGenericParameters set temperature for g_hw_speaker_amp_temp_spk: 33
06-14 16:32:10.961  1773  9487 I PAL: API: pal_set_param: 1377: Enter: param id 3002
06-14 16:32:10.961  1773  9487 I PAL: ResourceManager: getActiveStream_l: 6569: no active streams found for device 3 ret -2
06-14 16:32:10.962  1831  1933 E ConversionHelperAidl: Function: parseAndSetVendorParameters Line: 94 Failed 
06-14 16:32:10.962  1831  1933 E ConversionHelperAidl: Function: parseAndSetVendorParameters Line: 94 Failed 
06-14 16:32:10.963  7228  7940 I AudioManager: setParameters keyValuePairs = g_hw_speaker_amp_temp_rcv=32
06-14 16:32:10.963  1831  1933 D AudioFlinger: setParameters: filtered dev setParameters keyvalue g_hw_speaker_amp_temp_rcv=32
06-14 16:32:10.963  1773  9487 D AHAL_HFP_QTI: hfp_set_parameters enter
06-14 16:32:10.963  1773  9487 D AHAL_HFP_QTI: hfp_set_parameters Exit
06-14 16:32:10.963  1773  9487 D AHAL_SecModulePrimary: processSetVendorParameters: configured g_hw_speaker_amp_temp_rcv
06-14 16:32:10.963  1773  9487 D AHAL_SecModulePrimary: processSetVendorParameters: handler set on Feature:0
06-14 16:32:10.964  1773  9487 D AHAL_SecModulePrimary: onSetSECGenericParameters set temperature for g_hw_speaker_amp_temp_rcv: 32
06-14 16:32:10.964  1773  9487 I PAL: API: pal_set_param: 1377: Enter: param id 3001
06-14 16:32:10.964  1773  9487 I PAL: ResourceManager: getActiveStream_l: 6569: no active streams found for device 3 ret -2
06-14 16:32:10.964  1831  1933 E ConversionHelperAidl: Function: parseAndSetVendorParameters Line: 94 Failed 
06-14 16:32:10.964  1831  1933 E ConversionHelperAidl: Function: parseAndSetVendorParameters Line: 94 Failed 
06-14 16:32:11.409  1763  5733 I vendor.qti.bluetooth@1.0-ibs_handler: ProcessIbsCmd: Received IBS_WAKE_IND: 0xFD
06-14 16:32:11.409  1763  5733 D vendor.qti.bluetooth@1.0-ibs_handler: SerialClockVote: vote for UART CLK ON
06-14 16:32:11.409  1763  5733 D vendor.qti.bluetooth@1.0-wake_lock: Acquire wakelock is acquired 
06-14 16:32:11.409  1763  5733 I vendor.qti.bluetooth@1.0-ibs_handler: ProcessIbsCmd: Writing IBS_WAKE_ACK
06-14 16:32:11.418  4736  5812 I ScanController: onScanResult to scannerId: 4- eventType=0x1b, addressType=0, address=XX:XX:XX:XX:01:95, primaryPhy=1, secondaryPhy=0, advertisingSid=0xff, txPower=127, rssi=-82, periodicAdvInt=0x0
06-14 16:32:11.418  2401  3884 D DisplayAiqeAidl: connectToProxy: start
06-14 16:32:11.418  2401  3884 D DisplayAiqeAidl: getCoprValue : 
06-14 16:32:11.419  4736  5812 I ScanController: onScanResult to scannerId: 9- eventType=0x1b, addressType=0, address=XX:XX:XX:XX:01:95, primaryPhy=1, secondaryPhy=0, advertisingSid=0xff, txPower=127, rssi=-82, periodicAdvInt=0x0
06-14 16:32:11.419  2401  3884 D DisplayAiqeAidl: arr[0] - 0 
06-14 16:32:11.419  2401  3884 D DisplayAiqeAidl: arr[1] - 0 
06-14 16:32:11.419  2401  3884 D DisplayAiqeAidl: arr[2] - 786444 
06-14 16:32:11.419  2401  3884 D DisplayAiqeAidl: arr[3] - 786444 
06-14 16:32:11.419  2401  3884 D DisplayAiqeAidl: arr[4] - 0 
06-14 16:32:11.419  2401  3884 D DisplayAiqeAidl: arr[5] - 0 
06-14 16:32:11.419  2401  3884 D DisplayAiqeAidl: arr[6] - 0 
06-14 16:32:11.419  2401  3884 D DisplayAiqeAidl: arr[7] - 0 
06-14 16:32:11.419  2401  3884 D DisplayAiqeAidl: arr[8] - 0 
06-14 16:32:11.419  2401  3884 D DisplayAiqeAidl: arr[9] - 0 
06-14 16:32:11.419  2401  3884 D DisplayAiqeManagerService: getCoprValue: 12
06-14 16:32:11.420  2401  3884 D DisplayAiqeManager: getCoprValue : 12
06-14 16:32:11.420  2401  3884 V EyeComfortSolutionService: count : 226 , bopr_value : 12.0, platform_value : 83.0 , app_weighting : 1.0 , cal_value : 0.098889194 , sum_value : 19.815922 , BOPR_MAX_VALUE : 21000
06-14 16:32:11.420 12841 13769 I [+0900]oneconnect[1.8.45.24_01][CORE]: DataConvert.parseBleVd - deviceBle : |name:($)-6(8)|deviceType:TV|discoverType:_BLE|services:_TvSoundToMobile|connected:false[TvStatusString]POWER_ON[TvStatus]1[TvService]118[TvMirrorChannel]1[TvRegisteredDB][-98, 100, 53, -14, 115, -55][TvYear]2016[TvOcfInfo]0[TvAcmStatus]0[ExTvStatus]0[ExtendedStatus]-1[ModuloSn]-1
06-14 16:32:11.421 12841 15759 I [+0900]oneconnect[1.8.45.24_01][CORE]: Remoteless@RemotelessBleStateRepository.collectBleStateDomains.onEach - BleStateDomains size: 1 - ($)
06-14 16:32:11.422 12841 15076 I [+0900]oneconnect[1.8.45.24_01][CORE]: Remoteless@RemotelessBleStateRepository.collectBleStateDomains.onEach - BleStateDomains size: 1 - ($)
06-14 16:32:11.422  4736  5812 I ScanController: onScanResult to scannerId: 11- eventType=0x1b, addressType=1, address=XX:XX:XX:XX:44:C8, primaryPhy=1, secondaryPhy=0, advertisingSid=0xff, txPower=127, rssi=-50, periodicAdvInt=0x0
06-14 16:32:11.424 12841 15760 I [+0900]oneconnect[1.8.45.24_01][CORE]: Remoteless@RemotelessAutoConnectionManager.autoConnectOnPacket - AutoConnection policy not fulfilled. index: 0, result: false
06-14 16:32:11.460  1763  5733 I vendor.qti.bluetooth@1.0-ibs_handler: ProcessIbsCmd: Received IBS_SLEEP_IND: 0xFE
06-14 16:32:11.460  1763  5733 D vendor.qti.bluetooth@1.0-ibs_handler: SerialClockVote: vote for UART CLK OFF
06-14 16:32:11.460  1763  5733 I vendor.qti.bluetooth@1.0-ibs_handler: ProcessIbsCmd: Received IBS_WAKE_IND: 0xFD
06-14 16:32:11.460  1763  5733 D vendor.qti.bluetooth@1.0-ibs_handler: SerialClockVote: vote for UART CLK ON
06-14 16:32:11.460  1763  5733 I vendor.qti.bluetooth@1.0-ibs_handler: ProcessIbsCmd: Writing IBS_WAKE_ACK
06-14 16:32:11.461  4736  5812 I ScanController: onScanResult to scannerId: 3- eventType=0x1b, addressType=0, address=XX:XX:XX:XX:01:95, primaryPhy=1, secondaryPhy=0, advertisingSid=0xff, txPower=127, rssi=-90, periodicAdvInt=0x0
06-14 16:32:11.476  4736  5812 I ScanController: onScanResult to scannerId: 11- eventType=0x1b, addressType=1, address=XX:XX:XX:XX:1D:AE, primaryPhy=1, secondaryPhy=0, advertisingSid=0xff, txPower=127, rssi=-58, periodicAdvInt=0x0
06-14 16:32:11.485  4736  5812 I ScanController: onScanResult to scannerId: 3- eventType=0x1b, addressType=1, address=XX:XX:XX:XX:0B:31, primaryPhy=1, secondaryPhy=0, advertisingSid=0xff, txPower=127, rssi=-77, periodicAdvInt=0x0
06-14 16:32:11.485  4736  5812 I ScanController: onScanResult to scannerId: 11- eventType=0x1, addressType=1, address=XX:XX:XX:XX:1A:4E, primaryPhy=1, secondaryPhy=1, advertisingSid=0x0, txPower=127, rssi=-62, periodicAdvInt=0x0
06-14 16:32:11.491  4736  5812 I ScanController: onScanResult to scannerId: 3- eventType=0x1b, addressType=0, address=XX:XX:XX:XX:01:95, primaryPhy=1, secondaryPhy=0, advertisingSid=0xff, txPower=127, rssi=-88, periodicAdvInt=0x0
06-14 16:32:11.515  4736  5812 I ScanController: onScanResult to scannerId: 11- eventType=0x1, addressType=1, address=XX:XX:XX:XX:17:35, primaryPhy=1, secondaryPhy=1, advertisingSid=0x0, txPower=127, rssi=-61, periodicAdvInt=0x0
06-14 16:32:11.555  4736  5812 I ScanController: onScanResult to scannerId: 11- eventType=0x1b, addressType=1, address=XX:XX:XX:XX:44:C8, primaryPhy=1, secondaryPhy=0, advertisingSid=0xff, txPower=127, rssi=-58, periodicAdvInt=0x0
06-14 16:32:11.585  1844  2358 I VSyncReactor: Current= 120, Period= 120, Distance= 0
06-14 16:32:11.592  1844  2358 I VSyncReactor: Current= 120, Period= 120, Distance= 120
06-14 16:32:11.593  1763  5733 I vendor.qti.bluetooth@1.0-ibs_handler: ProcessIbsCmd: Received IBS_SLEEP_IND: 0xFE
06-14 16:32:11.593  1763  5733 D vendor.qti.bluetooth@1.0-ibs_handler: SerialClockVote: vote for UART CLK OFF
06-14 16:32:11.615  1763  5733 I vendor.qti.bluetooth@1.0-ibs_handler: ProcessIbsCmd: Received IBS_WAKE_IND: 0xFD
06-14 16:32:11.615  1763  5733 D vendor.qti.bluetooth@1.0-ibs_handler: SerialClockVote: vote for UART CLK ON
06-14 16:32:11.615  1763  5733 I vendor.qti.bluetooth@1.0-ibs_handler: ProcessIbsCmd: Writing IBS_WAKE_ACK
06-14 16:32:11.617  4736  5812 I ScanController: onScanResult to scannerId: 11- eventType=0x1, addressType=1, address=XX:XX:XX:XX:1A:4E, primaryPhy=1, secondaryPhy=1, advertisingSid=0x0, txPower=127, rssi=-53, periodicAdvInt=0x0
06-14 16:32:11.628  4736  5812 I ScanController: onScanResult to scannerId: 11- eventType=0x1b, addressType=1, address=XX:XX:XX:XX:68:21, primaryPhy=1, secondaryPhy=0, advertisingSid=0xff, txPower=127, rssi=-49, periodicAdvInt=0x0
06-14 16:32:11.667  1763  5733 I vendor.qti.bluetooth@1.0-ibs_handler: ProcessIbsCmd: Received IBS_SLEEP_IND: 0xFE
06-14 16:32:11.667  1763  5733 D vendor.qti.bluetooth@1.0-ibs_handler: SerialClockVote: vote for UART CLK OFF
06-14 16:32:11.678  1113  1113 D io_stats: !@   8,0 r 162987627 3551241804 w 42706557 927557200 d 5562407 1082376972 f 700170 4371071 iot 13219144 0 th 0 0 0 pt 0 inp 0 0 652481.823
06-14 16:32:11.723  5911  5911 I adbd    : New TLS connection [fd=36]
06-14 16:32:11.724  5911  8858 I adbd    : host-36: connection terminated: read failed
06-14 16:32:11.748  1770  6900 I sensors-hal: handle_sns_client_event:208, auto_rotation_debug_2 mode,255,last,255, type,3,0 main,0.077,0.263,9.873 sub,-0.230,0.206,-9.835, ar,0, h_ic,1, s,3, ver,12, pedo,1,e,1,i,3
06-14 16:32:11.806  1795  8070 I StatsHandler: [avcD_650] Stats: Pending(0) i/p-done(0) Works: Q: 1205/Done 1193|Work-Rate: Q(0.0/s Avg=30.1/s) Done(0.000/s Avg=29.781/s)| Stream: 30.00fps 301.6Kbps
06-14 16:32:11.806  1795  8070 I StatsHandler: [avcD_650] Mem-usage:  [In-1D: 20 bufs 160.000 MB] [1D-3212: 35 bufs 0.547 MB] [2D-3213: 19 bufs 15.141 MB] | Total: 175.688 MB
06-14 16:32:11.817  1763  5272 D vendor.qti.bluetooth@1.0-wake_lock: Release wakelock is released 
06-14 16:32:11.832  2401  4030 D NetdEventListenerService: DNS Requested by 238, 10078(com.shinhan.sbanking), SUCCESS, 0ms
06-14 16:32:11.961  1807  2630 I thermal_core: pivot(AP) : 396, skin : 386
06-14 16:32:11.961  1807  2630 I vendor.samsung.hardware.thermal-service: index = 12.000000
06-14 16:32:11.961  1807  2630 I vendor.samsung.hardware.thermal-service: 1 / 2
06-14 16:32:11.992  2401  3705 D ActivityManager: freezing 30314 com.samsung.cmh
06-14 16:32:11.995  2401  3705 I UMR     : B|Compact com.samsung.cmh(30314)
06-14 16:32:11.998  2401  3868 D InetDiagMessage: Destroyed 0 sockets, proto=IPPROTO_TCP, family=AF_INET, states=14
06-14 16:32:12.001  2401  3868 D InetDiagMessage: Destroyed 0 sockets, proto=IPPROTO_TCP, family=AF_INET6, states=14
06-14 16:32:12.001  2401  3868 D InetDiagMessage: Destroyed live tcp sockets for uids={5004} in 8ms
06-14 16:32:12.045  2401  3705 I UMR     : E|Compact d_rss=-11392KB
06-14 16:32:12.141  1770  6942 I sensors-hal: handle_sns_client_event:379, [0][31317841] accel_sample [ 0.081,  0.256,  9.856] 1076015367542185
06-14 16:32:12.283  1770  6900 I sensors-hal: handle_sns_std_sensor_event:127, [SSC_LIGHT] A: 183(183),c:223,b:83,m:37,cl:50,l:182,s:179,l0:30496,l1:704,s0:23250,s1:250,acl:1,opr:0.86,f(r):111,u(bl):100,if:111,wi:46,si:15,0(N:1)
06-14 16:32:12.283  1770 14483 I sensors-hal: handle_sns_std_sensor_event:404, [SSC_LIGHT] P: 183(183),c:223,b:83,m:37,cl:50,l:182,s:179,l0:30496,l1:704,s0:23250,s1:250,acl:1,opr:0.86,f(r):111,u(bl):100,if:111,wi:46,si:15,0(N:1)
06-14 16:32:12.512  2401  3705 D ActivityManager: freezing 18117 com.android.settings
06-14 16:32:12.514  2401  3705 D ActivityManager: freezing 5174 com.samsung.android.scpm
06-14 16:32:12.516  2401  3705 D ActivityManager: freezing 16130 com.samsung.android.dqagent
06-14 16:32:12.517  2401  3705 D ActivityManager: freezing 12334 com.samsung.android.lool
06-14 16:32:12.518  2401  3705 D ActivityManager: freezing 12506 com.samsung.android.provider.filterprovider
06-14 16:32:12.519  2401  3705 D ActivityManager: freezing 12430 com.android.keychain
06-14 16:32:12.519  2401  3705 D ActivityManager: freezing 32522 com.samsung.android.fmm
06-14 16:32:12.520  2401  3705 D ActivityManager: freezing 20317 com.sec.android.CcInfo
06-14 16:32:12.520  2401  3705 D ActivityManager: freezing 24706 com.samsung.android.stickercenter
06-14 16:32:12.521  2401  3705 D ActivityManager: freezing 20519 com.samsung.android.vtcamerasettings
06-14 16:32:12.522  2401  3705 D ActivityManager: freezing 7261 com.samsung.android.sm.provider
06-14 16:32:12.522  2401  3705 D ActivityManager: freezing 19785 com.samsung.aasaservice
06-14 16:32:12.524  2401  3705 I UMR     : B|Compact com.android.settings(18117)
06-14 16:32:12.592  2401  3705 I UMR     : E|Compact d_rss=-18944KB
06-14 16:32:12.593  2401  3868 D InetDiagMessage: Destroyed 0 sockets, proto=IPPROTO_TCP, family=AF_INET, states=14
06-14 16:32:12.594  2401  3868 D InetDiagMessage: Destroyed 0 sockets, proto=IPPROTO_TCP, family=AF_INET6, states=14
06-14 16:32:12.594  2401  3868 D InetDiagMessage: Destroyed live tcp sockets for uids={5009} in 1ms
06-14 16:32:12.602  2401  3841 E WifiStaIfaceAidlImpl: getCachedScanData failed with service-specific exception: android.os.ServiceSpecificException:  (code 4)
06-14 16:32:12.602  1770 14565 I sensors-hal: handle_sns_std_sensor_event:90, light_cct: ts = 1076015858318331 ns; value = [182, 182, 196, 222, 198, 83, 50, 44, 30496, 46, 1]
06-14 16:32:12.604  2401  6666 D SemWifiUsabilityStatsMonitor: onWifiUsabilityStats - seqNum 69626, isSameBssidAndFreq true
06-14 16:32:12.607  2401  3973 E SemWifiLinkQualityMonitor: Too old or invalid TMI: currentTime=1781422332607 lastDateWindow=1781422317000
06-14 16:32:12.608  2401  3973 I SemWifiLinkQualityMonitor: Link stat: 1395 / 26 / 1.80 (9) / 117 / -74.0 || 100.0 : 117.00 / 0.5 : 0.56 / 0.55 : 0.02 / G (G) || 94c098bf5180: 0.357 / 22.418 / N || N N / 0 0 / N 2.0 / N X 2 / 652482750 0 || 2026-06-14 16:31:57  / 0: 0 0 0 0 0 0 / 0: 0 0 0 0 0 0 / 0: 0 0 0 0 0 0
06-14 16:32:12.609  2401  3974 D InsDataManager: onOutageCountUpdate() - Outage Data: 0, LQ : N. Outage Triggered: false
06-14 16:32:12.609  2401  3974 D SemInsManager: {"bssid": "94c098bf5180","rssi": -74.0,"latency": 0.35685440117872547,"outage_count": 0,"lq_callback_triggered": false,"outage_log": "Link stat: 1395 / 26 / 1.80 (9) / 117 / -74.0 || 100.0 : 117.00 / 0.5 : 0.56 / 0.55 : 0.02 / G (G) || 94c098bf5180: 0.357 / 22.418 / N || N N / 0 0 / N 2.0 / N X 2 / 652482750 0 || 2026-06-14 16:31:57  / 0: 0 0 0 0 0 0 / 0: 0 0 0 0 0 0 / 0: 0 0 0 0 0 0""Magnetic Sensor Events size": "0""Pressure Sensor Events size": "0"}
06-14 16:32:12.610  2401  3991 D SGM:GameManager: identifyGamePackage. com.babcross.app, mCurrentUserId: 0, callingMethodInfo: com.samsung.android.game.SemGameManager.isGamePackage(SemGameManager.java:105)
06-14 16:32:12.610  2401  3991 D SGM:SemGameManager: isGamePackage(), pkgName=com.babcross.app, ret=false
06-14 16:32:12.796  4088  4217 D SatelliteController: isInCarrierRoamingNbIotNtn: satellite is disabled
06-14 16:32:12.866  7228  7228 I SDHMS:LOAD: type: LoadsFreqs, value: 0:0:0:1017600:1017600:1017600:781056:2745600:556800:222:222:222
06-14 16:32:12.963  1807  2630 I thermal_core: pivot(AP) : 396, skin : 386
06-14 16:32:12.963  1807  2630 I vendor.samsung.hardware.thermal-service: index = 11.200000
06-14 16:32:12.963  1807  2630 I vendor.samsung.hardware.thermal-service: 2 / 2
06-14 16:32:12.976  2401  6683 W ActivityManager: Unable to start service Intent { xflg=0x4 cmp=com.teamviewer.host.market/com.teamviewer.incomingsessionlib.service.MainService } U=0: not found
06-14 16:32:12.976  2401  6683 W ActivityManager: Unable to start service Intent { xflg=0x4 cmp=com.rsupport.mobile.agent/.service.AgentMainService } U=0: not found
06-14 16:32:12.976  2401  6683 W ActivityManager: Unable to start service Intent { xflg=0x4 cmp=com.rsupport.mobile.agent/.modules.push.service.RSPushService } U=0: not found
06-14 16:32:12.977  2401  6683 W ActivityManager: Unable to start service Intent { xflg=0x4 cmp=com.teamviewer.quicksupport.market/com.teamviewer.incomingsessionlib.service.MainService } U=0: not found
06-14 16:32:12.977  2401  6683 W ActivityManager: Unable to start service Intent { xflg=0x4 cmp=com.anydesk.anydeskandroid/.IncomingConnectionService } U=0: not found
06-14 16:32:12.977  2401  6683 W ActivityManager: Unable to start service Intent { xflg=0x4 cmp=net.koino.anysupportMobile/net.koino.anysupport.service.AnySupportMainService } U=0: not found
06-14 16:32:12.977  2401  7281 W ActivityManager: Unable to start service Intent { xflg=0x4 cmp=com.apowersoft.mirror/com.apowersoft.mirrorcast.service.CastScreenService } U=0: not found
06-14 16:32:12.978  2401  6683 W ActivityManager: Unable to start service Intent { xflg=0x4 cmp=com.sand.airdroid/.webrtc.SandWebRTCService_ } U=0: not found
06-14 16:32:12.978  2401  6683 W ActivityManager: Unable to start service Intent { xflg=0x4 cmp=com.sand.airdroid/.webrtc.SandWebRTCService } U=0: not found
06-14 16:32:12.978  2401  6683 W ActivityManager: Unable to start service Intent { xflg=0x4 cmp=com.sand.aircast/.webrtc.SandWebRTCService_ } U=0: not found
06-14 16:32:12.978  2401  7281 W ActivityManager: Unable to start service Intent { xflg=0x4 cmp=com.mobzapp.screenstream.trial/com.mobzapp.screenstream.service.ScreenStreamService } U=0: not found
06-14 16:32:12.978  2401  7281 W ActivityManager: Unable to start service Intent { xflg=0x4 cmp=de.im.RemoDroid/.server.utils.ServerService } U=0: not found
06-14 16:32:12.979  2401  7281 W ActivityManager: Unable to start service Intent { xflg=0x4 cmp=com.imobie.anymirror/.service.MirrorService } U=0: not found
06-14 16:32:12.979  2401  6683 W ActivityManager: Unable to start service Intent { xflg=0x4 cmp=com.webkey/.service.BackgroundService } U=0: not found
06-14 16:32:12.979  2401  7281 W ActivityManager: Unable to start service Intent { xflg=0x4 cmp=screen.mirroring.screenmirroring/com.example.myapplication.MirrorService } U=0: not found
06-14 16:32:12.979  2401  7281 W ActivityManager: Unable to start service Intent { xflg=0x4 cmp=com.agileapps.screenstream/.helpers.AppService } U=0: not found
06-14 16:32:12.979  2401  7281 W ActivityManager: Unable to start service Intent { xflg=0x4 cmp=com.agileapps.screenstream/.service.FgService } U=0: not found
06-14 16:32:12.980  2401  6683 W ActivityManager: Unable to start service Intent { xflg=0x4 cmp=com.screenmirrorapp/.mirroring.ScreenRecordingService } U=0: not found
06-14 16:32:12.980  2401  7281 W ActivityManager: Unable to start service Intent { xflg=0x4 cmp=com.screen.mirroring.tv.cast.remote/.browser.core.MirrorForegroundService } U=0: not found
06-14 16:32:12.980  2401  7281 W ActivityManager: Unable to start service Intent { xflg=0x4 cmp=com.logmein.rescuemobile/com.lmi.rescue.app.RescueServerImpl } U=0: not found
06-14 16:32:12.980  2401  6683 W ActivityManager: Unable to start service Intent { xflg=0x4 cmp=com.awesun.control/com.oray.sunlogin.service.MediaProjectionAndKeepAliveService } U=0: not found
06-14 16:32:12.980  2401  6683 W ActivityManager: Unable to start service Intent { xflg=0x4 cmp=com.mobile.to.web.browser.mirroring.wifi.screen.share.miracast.screenmirroring/.service.BrowserForegroundService } U=0: not found
06-14 16:32:12.980  2401  7281 W ActivityManager: Unable to start service Intent { xflg=0x4 cmp=com.midassoft.ezmobileandroid/com.midassoft.ezhelp.EzHelpRemoteService } U=0: not found
06-14 16:32:12.981  2401  6683 W ActivityManager: Unable to start service Intent { xflg=0x4 cmp=com.midassoft.ezmobilesamsung1/com.midassoft.ezhelp.EzHelpRemoteService } U=0: not found
06-14 16:32:12.981  2401  6683 W ActivityManager: Unable to start service Intent { xflg=0x4 cmp=com.sigma_rt.totalcontrol/.ap.service.DaemonService } U=0: not found
06-14 16:32:12.981  2401  7281 W ActivityManager: Unable to start service Intent { xflg=0x4 cmp=com.casttotv.screenmirroring.smarttv.castvideo/com.cast.to.smart.tv.ui.activities.function.screen_mirror.service.ForegroundService } U=0: not found
06-14 16:32:12.981  2401  7281 W ActivityManager: Unable to start service Intent { xflg=0x4 cmp=com.casttotv.screenmirroring.smarttv.castvideo/com.base.mjpeg.MjpegModuleService } U=0: not found
06-14 16:32:12.981  2401  6683 W ActivityManager: Unable to start service Intent { xflg=0x4 cmp=de.twokit.screen.mirroring.app/.util.MirroringService } U=0: not found
06-14 16:32:12.982  2401  6683 W ActivityManager: Unable to start service Intent { xflg=0x4 cmp=com.smartcast.casttotv.screenmirror.mirroringcast.chromecast/.service.ForegroundService } U=0: not found
06-14 16:32:12.982  2401  6683 W ActivityManager: Unable to start service Intent { xflg=0x4 cmp=com.nero.swiftlink.mirror/.core.MirroringService } U=0: not found
06-14 16:32:12.983  2401  7281 W ActivityManager: Unable to start service Intent { xflg=0x4 cmp=com.nero.swiftlink.mirror/.core.MirrorService } U=0: not found
06-14 16:32:12.983  2401  7281 W ActivityManager: Unable to start service Intent { xflg=0x4 cmp=com.ahranta.android.arc.asp/com.ahranta.android.arc.core.CoreService } U=0: not found
06-14 16:32:12.984  2401  7281 W ActivityManager: Unable to start service Intent { xflg=0x4 cmp=com.imobie.anymiro/.service.ScreenCastService } U=0: not found
06-14 16:32:12.984  2401  6683 W ActivityManager: Unable to start service Intent { xflg=0x4 cmp=com.sand.airsos/.webrtc.SandWebRTCService_ } U=0: not found
06-14 16:32:12.984  2401  6683 W ActivityManager: Unable to start service Intent { xflg=0x4 cmp=com.zoho.assist.agent/.service.KeepAliveService } U=0: not found
06-14 16:32:12.984  2401  7281 W ActivityManager: Unable to start service Intent { xflg=0x4 cmp=com.aomei.anyviewer/.root.sub.screenCapture.AMRecorderService } U=0: not found
06-14 16:32:12.984  2401  7281 W ActivityManager: Unable to start service Intent { xflg=0x4 cmp=com.apowersoft.letsview/com.apowersoft.mirrorcast.service.CastScreenService } U=0: not found
06-14 16:32:12.984  2401  7281 W ActivityManager: Unable to start service Intent { xflg=0x4 cmp=com.frixapps.casttotv/.browser.browsercasting.FgService } U=0: not found
06-14 16:32:12.985  2401  6683 W ActivityManager: Unable to start service Intent { xflg=0x4 cmp=com.imyfone.mirrorto/.web.AppService } U=0: not found
06-14 16:32:12.985  2401  6683 W ActivityManager: Unable to start service Intent { xflg=0x4 cmp=com.kakao.talk/.vox.ui.cecall.screenshare.CeCallScreenShareService } U=0: not found
06-14 16:32:12.985  2401  7281 W ActivityManager: Unable to start service Intent { xflg=0x4 cmp=com.islonline.isllight.mobile.android/.SessionService } U=0: not found
06-14 16:32:12.985  2401  7281 W ActivityManager: Unable to start service Intent { xflg=0x4 cmp=kr.co.helpu.host/remotecontrol.host.service.RCHostMainService } U=0: not found
06-14 16:32:12.986  2401  6683 W ActivityManager: Unable to start service Intent { xflg=0x4 cmp=com.rsupport.mobile.agent/.service.RVAForegroundService } U=0: not found
06-14 16:32:12.986  2401  6683 W ActivityManager: Unable to start service Intent { xflg=0x4 cmp=com.carriez.flutter_hbb/.FloatingWindowService } U=0: not found
06-14 16:32:12.986  2401  6683 W ActivityManager: Unable to start service Intent { xflg=0x4 cmp=com.remotepc.host/com.remotepcnew.host.host.service.CaptureService } U=0: not found
06-14 16:32:12.986  2401  7281 W ActivityManager: Unable to start service Intent { xflg=0x4 cmp=com.wisemo.host.v10/com.wisemo.host.HostService } U=0: not found
06-14 16:32:12.987  2401  7281 W ActivityManager: Unable to start service Intent { xflg=0x4 cmp=com.cisco.wx2.android/com.webex.teams.notifications.ScreenShareForegroundService } U=0: not found
06-14 16:32:12.987  2401  6683 W ActivityManager: Unable to start service Intent { xflg=0x4 cmp=com.hoptodesk.app/.MainService } U=0: not found
06-14 16:32:12.987  2401  7281 W ActivityManager: Unable to start service Intent { xflg=0x4 cmp=com.easywork.easycast/.MediaProjectionService } U=0: not found
06-14 16:32:12.987  2401  6683 W ActivityManager: Unable to start service Intent { xflg=0x4 cmp=jp.naver.line.android/com.linecorp.voip2.feature.pip.service.VoIPScreenShareService } U=0: not found
06-14 16:32:12.987  2401  6683 W ActivityManager: Unable to start service Intent { xflg=0x4 cmp=com.islonline.isllight.mobile.android/.mediaprojection.MediaProjectionCaptureService } U=0: not found
06-14 16:32:12.987  2401  7281 W ActivityManager: Unable to start service Intent { xflg=0x4 cmp=com.splashtop.sos/com.splashtop.streamer.StreamerService } U=0: not found
06-14 16:32:13.005  1773  1782 D AHAL_ModulePrimary_QTI: getVendorParameters: id count: 1
06-14 16:32:13.005  1773  1782 I PAL: ResourceManager: getActiveStream_l: 6569: no active streams found for device 3 ret -2
06-14 16:32:13.005  1773  1782 D AHAL_SecModulePrimary: onGetSECGenericParameters get temperature for g_hw_speaker_amp_temp_rcv: 0
06-14 16:32:13.005  1773  9487 D AHAL_ModulePrimary_QTI: getVendorParameters: id count: 1
06-14 16:32:13.006  1773  9487 I PAL: ResourceManager: getActiveStream_l: 6569: no active streams found for device 3 ret -2
06-14 16:32:13.006  1773  9487 D AHAL_SecModulePrimary: onGetSECGenericParameters get temperature for g_hw_speaker_amp_temp_spk: 0
06-14 16:32:13.006  7228  7940 I SDHMS:x : SIOP:: AP:396 BAT:354 USB:348 CHG:386 PA:384 CP:384 WIFI:411 CF:394 BLK:0 SUBBAT:352 LRPTHM:371 SKIN:381 SKINF:383 SKINB:385 LRP:381 LRF:383 LRB:385 APT:383 APR:385 RCV:319 SPK:319 CAPR:381 CRCV:319 CSPK:327 CAMT:385 UPSPK:352 DNSPK:351 VAP02:395 VAP05:399 AMB2:303 HIGH:0 AVGCUR:-484 POWER:-1937
06-14 16:32:13.006  7228  7940 I AudioManager: setParameters keyValuePairs = g_hw_speaker_amp_temp_spk=33
06-14 16:32:13.007  1831  1933 D AudioFlinger: setParameters: filtered dev setParameters keyvalue g_hw_speaker_amp_temp_spk=33
06-14 16:32:13.007  1773  9487 D AHAL_HFP_QTI: hfp_set_parameters enter
06-14 16:32:13.007  1773  9487 D AHAL_HFP_QTI: hfp_set_parameters Exit
06-14 16:32:13.007  1773  9487 D AHAL_SecModulePrimary: processSetVendorParameters: configured g_hw_speaker_amp_temp_spk
06-14 16:32:13.007  1773  9487 D AHAL_SecModulePrimary: processSetVendorParameters: handler set on Feature:0
06-14 16:32:13.007  1773  9487 D AHAL_SecModulePrimary: onSetSECGenericParameters set temperature for g_hw_speaker_amp_temp_spk: 33
06-14 16:32:13.007  1773  9487 I PAL: API: pal_set_param: 1377: Enter: param id 3002
06-14 16:32:13.007  1773  9487 I PAL: ResourceManager: getActiveStream_l: 6569: no active streams found for device 3 ret -2
06-14 16:32:13.007  1831  1933 E ConversionHelperAidl: Function: parseAndSetVendorParameters Line: 94 Failed 
06-14 16:32:13.007  1831  1933 E ConversionHelperAidl: Function: parseAndSetVendorParameters Line: 94 Failed 
06-14 16:32:13.007  7228  7940 I AudioManager: setParameters keyValuePairs = g_hw_speaker_amp_temp_rcv=32
06-14 16:32:13.007  1831  1933 D AudioFlinger: setParameters: filtered dev setParameters keyvalue g_hw_speaker_amp_temp_rcv=32
06-14 16:32:13.007  1773  1782 D AHAL_HFP_QTI: hfp_set_parameters enter
06-14 16:32:13.007  1773  1782 D AHAL_HFP_QTI: hfp_set_parameters Exit
06-14 16:32:13.007  1773  1782 D AHAL_SecModulePrimary: processSetVendorParameters: configured g_hw_speaker_amp_temp_rcv
06-14 16:32:13.007  1773  1782 D AHAL_SecModulePrimary: processSetVendorParameters: handler set on Feature:0
06-14 16:32:13.007  1773  1782 D AHAL_SecModulePrimary: onSetSECGenericParameters set temperature for g_hw_speaker_amp_temp_rcv: 32
06-14 16:32:13.007  1773  1782 I PAL: API: pal_set_param: 1377: Enter: param id 3001
06-14 16:32:13.007  1773  1782 I PAL: ResourceManager: getActiveStream_l: 6569: no active streams found for device 3 ret -2
06-14 16:32:13.008  1831  1933 E ConversionHelperAidl: Function: parseAndSetVendorParameters Line: 94 Failed 
06-14 16:32:13.008  1831  1933 E ConversionHelperAidl: Function: parseAndSetVendorParameters Line: 94 Failed 
06-14 16:32:13.008  7228  7447 I M0      : limitGPUFreq:: freq = -1
06-14 16:32:13.008  2401  3909 D UsbStatsMonitor: 0 0 0 0 0 0 0 0 0 0 0 0 0 0 0 0 0 0 0 0 0 0 0 0 0 0 0 0 0 0 0 0 0 0 0 0 0 0 0 0 0 0 0 0 0 0 0 0 0 0 0 0 0 0 0 0 0 283467841540
06-14 16:32:13.009  1776  1963 I HYPER-HAL: [RequestManager.cpp]releaseLocked(): Released ID : 26161766
06-14 16:32:13.015  8008  8008 I MSDK    : 2,1,9,0,0,0
06-14 16:32:13.015  8008  8008 I MSDK    : 2,1,9,1,0,0
06-14 16:32:13.266  1763  5733 I vendor.qti.bluetooth@1.0-ibs_handler: ProcessIbsCmd: Received IBS_WAKE_IND: 0xFD
06-14 16:32:13.266  1763  5733 D vendor.qti.bluetooth@1.0-ibs_handler: SerialClockVote: vote for UART CLK ON
06-14 16:32:13.267  1763  5733 D vendor.qti.bluetooth@1.0-wake_lock: Acquire wakelock is acquired 
06-14 16:32:13.267  1763  5733 I vendor.qti.bluetooth@1.0-ibs_handler: ProcessIbsCmd: Writing IBS_WAKE_ACK
06-14 16:32:13.276  4736  5812 I ScanController: onScanResult to scannerId: 11- eventType=0x1b, addressType=1, address=XX:XX:XX:XX:1D:AE, primaryPhy=1, secondaryPhy=0, advertisingSid=0xff, txPower=127, rssi=-70, periodicAdvInt=0x0
06-14 16:32:13.279  4736  5812 I ScanController: onScanResult to scannerId: 11- eventType=0x1b, addressType=1, address=XX:XX:XX:XX:68:21, primaryPhy=1, secondaryPhy=0, advertisingSid=0xff, txPower=127, rssi=-70, periodicAdvInt=0x0
06-14 16:32:13.281  4736  5812 I ScanController: onScanResult to scannerId: 11- eventType=0x1b, addressType=1, address=XX:XX:XX:XX:69:A8, primaryPhy=1, secondaryPhy=0, advertisingSid=0xff, txPower=127, rssi=-68, periodicAdvInt=0x0
06-14 16:32:13.289  4736  5812 I ScanController: onScanResult to scannerId: 3- eventType=0x1b, addressType=0, address=XX:XX:XX:XX:01:95, primaryPhy=1, secondaryPhy=0, advertisingSid=0xff, txPower=127, rssi=-94, periodicAdvInt=0x0
06-14 16:32:13.299  4736  5812 I ScanController: onScanResult to scannerId: 3- eventType=0x1b, addressType=1, address=XX:XX:XX:XX:82:40, primaryPhy=1, secondaryPhy=0, advertisingSid=0xff, txPower=127, rssi=-85, periodicAdvInt=0x0
06-14 16:32:13.323  4736  5812 I ScanController: onScanResult to scannerId: 11- eventType=0x1, addressType=1, address=XX:XX:XX:XX:1A:4E, primaryPhy=1, secondaryPhy=1, advertisingSid=0x0, txPower=127, rssi=-62, periodicAdvInt=0x0
06-14 16:32:13.328  4736  5812 I ScanController: onScanResult to scannerId: 11- eventType=0x1b, addressType=1, address=XX:XX:XX:XX:44:C8, primaryPhy=1, secondaryPhy=0, advertisingSid=0xff, txPower=127, rssi=-68, periodicAdvInt=0x0
06-14 16:32:13.368  1763  5733 I vendor.qti.bluetooth@1.0-ibs_handler: ProcessIbsCmd: Received IBS_SLEEP_IND: 0xFE
06-14 16:32:13.368  1763  5733 D vendor.qti.bluetooth@1.0-ibs_handler: SerialClockVote: vote for UART CLK OFF
06-14 16:32:13.407  1763  5733 I vendor.qti.bluetooth@1.0-ibs_handler: ProcessIbsCmd: Received IBS_WAKE_IND: 0xFD
06-14 16:32:13.407  1763  5733 D vendor.qti.bluetooth@1.0-ibs_handler: SerialClockVote: vote for UART CLK ON
06-14 16:32:13.407  1763  5733 I vendor.qti.bluetooth@1.0-ibs_handler: ProcessIbsCmd: Writing IBS_WAKE_ACK
06-14 16:32:13.413  4736  5812 I ScanController: onScanResult to scannerId: 11- eventType=0x1b, addressType=1, address=XX:XX:XX:XX:68:21, primaryPhy=1, secondaryPhy=0, advertisingSid=0xff, txPower=127, rssi=-70, periodicAdvInt=0x0
06-14 16:32:13.450  1763  5733 I vendor.qti.bluetooth@1.0-ibs_handler: ProcessIbsCmd: Received IBS_SLEEP_IND: 0xFE
06-14 16:32:13.451  1763  5733 D vendor.qti.bluetooth@1.0-ibs_handler: SerialClockVote: vote for UART CLK OFF
06-14 16:32:13.453  1763  5733 I vendor.qti.bluetooth@1.0-ibs_handler: ProcessIbsCmd: Received IBS_WAKE_IND: 0xFD
06-14 16:32:13.453  1763  5733 D vendor.qti.bluetooth@1.0-ibs_handler: SerialClockVote: vote for UART CLK ON
06-14 16:32:13.453  1763  5733 I vendor.qti.bluetooth@1.0-ibs_handler: ProcessIbsCmd: Writing IBS_WAKE_ACK
06-14 16:32:13.458  4736  5812 I ScanController: onScanResult to scannerId: 11- eventType=0x1, addressType=1, address=XX:XX:XX:XX:1A:4E, primaryPhy=1, secondaryPhy=1, advertisingSid=0x0, txPower=127, rssi=-70, periodicAdvInt=0x0
06-14 16:32:13.497  1763  5733 I vendor.qti.bluetooth@1.0-ibs_handler: ProcessIbsCmd: Received IBS_SLEEP_IND: 0xFE
06-14 16:32:13.497  1763  5733 D vendor.qti.bluetooth@1.0-ibs_handler: SerialClockVote: vote for UART CLK OFF
06-14 16:32:13.647  1763  5272 D vendor.qti.bluetooth@1.0-wake_lock: Release wakelock is released 
06-14 16:32:13.679  1113  1113 D io_stats: !@   8,0 r 162987627 3551241804 w 42706565 927557224 d 5562407 1082376972 f 700170 4371073 iot 13219148 0 th 0 0 0 pt 0 inp 0 0 652483.824
06-14 16:32:13.679  1113  1113 D io_stats: !@ Write_top(KB): soft.appmanager:low(30581) 16 vendor.samsung.:normal(1805) 12 kworker/2:4:/(15713) 8
06-14 16:32:13.679  1113  1113 D io_stats: !@ fuse-log: WORST (10078 1 0 2 0) (10660 1 0 2 0) TOTAL_LATENCY (10078 0 1 0 2) (10660 0 1 0 2) TOTAL_CNT (10078 2 1 2) (10660 2 1 2) 
06-14 16:32:14.008  1807  2630 I thermal_core: pivot(AP) : 395, skin : 385
06-14 16:32:14.008  1807  2630 I vendor.samsung.hardware.thermal-service: index = 10.600000
06-14 16:32:14.008  1807  2630 I vendor.samsung.hardware.thermal-service: 1 / 2
06-14 16:32:14.076  4088  4217 D SatelliteController: isInCarrierRoamingNbIotNtn: satellite is disabled
06-14 16:32:14.131 25776  8645 I NearbyConnections: EndpointManager send a KEEP_ALIVE frame (seqNum:2) and sleep 5000 for endpoint IVAG.
06-14 16:32:14.141 25776  8644 I NearbyConnections: EndpointManager received a KEEP_ALIVE frame (seqNum:2) with ACK from endpoint IVAG on channel WIFI_AWARE.
06-14 16:32:14.165  1770  6942 I sensors-hal: handle_sns_client_event:379, [0][31317874] accel_sample [ 0.075,  0.253,  9.860] 1076017392739321
06-14 16:32:14.195 25776  8644 I NearbyConnections: EndpointManager received a KEEP_ALIVE frame (seqNum:2) and reply a KEEP_ALIVE frame with ack from endpoint IVAG on channel WIFI_AWARE.
06-14 16:32:15.010  1807  2630 I thermal_core: pivot(AP) : 394, skin : 385
06-14 16:32:15.010  1807  2630 I vendor.samsung.hardware.thermal-service: index = 10.000000
06-14 16:32:15.010  1807  2630 I vendor.samsung.hardware.thermal-service: 2 / 2
06-14 16:32:15.054  1773  1782 D AHAL_ModulePrimary_QTI: getVendorParameters: id count: 1
06-14 16:32:15.054  1773  1782 I PAL: ResourceManager: getActiveStream_l: 6569: no active streams found for device 3 ret -2
06-14 16:32:15.054  1773  1782 D AHAL_SecModulePrimary: onGetSECGenericParameters get temperature for g_hw_speaker_amp_temp_rcv: 0
06-14 16:32:15.055  1773  9487 D AHAL_ModulePrimary_QTI: getVendorParameters: id count: 1
06-14 16:32:15.055  1773  9487 I PAL: ResourceManager: getActiveStream_l: 6569: no active streams found for device 3 ret -2
06-14 16:32:15.055  1773  9487 D AHAL_SecModulePrimary: onGetSECGenericParameters get temperature for g_hw_speaker_amp_temp_spk: 0
06-14 16:32:15.056  7228  7940 I SDHMS:x : SIOP:: AP:394 BAT:354 USB:348 CHG:385 PA:383 CP:383 WIFI:411 CF:393 BLK:0 SUBBAT:352 LRPTHM:371 SKIN:381 SKINF:383 SKINB:385 LRP:381 LRF:383 LRB:385 APT:383 APR:385 RCV:319 SPK:319 CAPR:381 CRCV:319 CSPK:327 CAMT:385 UPSPK:352 DNSPK:351 VAP02:395 VAP05:398 AMB2:303 HIGH:0 AVGCUR:-484 POWER:-1937
06-14 16:32:15.056  7228  7940 I AudioManager: setParameters keyValuePairs = g_hw_speaker_amp_temp_spk=33
06-14 16:32:15.057  1831  1933 D AudioFlinger: setParameters: filtered dev setParameters keyvalue g_hw_speaker_amp_temp_spk=33
06-14 16:32:15.057  1773  1782 D AHAL_HFP_QTI: hfp_set_parameters enter
06-14 16:32:15.058  1773  1782 D AHAL_HFP_QTI: hfp_set_parameters Exit
06-14 16:32:15.058  1773  1782 D AHAL_SecModulePrimary: processSetVendorParameters: configured g_hw_speaker_amp_temp_spk
06-14 16:32:15.058  1773  1782 D AHAL_SecModulePrimary: processSetVendorParameters: handler set on Feature:0
06-14 16:32:15.058  1773  1782 D AHAL_SecModulePrimary: onSetSECGenericParameters set temperature for g_hw_speaker_amp_temp_spk: 33
06-14 16:32:15.058  1773  1782 I PAL: API: pal_set_param: 1377: Enter: param id 3002
06-14 16:32:15.058  1773  1782 I PAL: ResourceManager: getActiveStream_l: 6569: no active streams found for device 3 ret -2
06-14 16:32:15.058  1831  1933 E ConversionHelperAidl: Function: parseAndSetVendorParameters Line: 94 Failed 
06-14 16:32:15.059  1831  1933 E ConversionHelperAidl: Function: parseAndSetVendorParameters Line: 94 Failed 
06-14 16:32:15.059  7228  7940 I AudioManager: setParameters keyValuePairs = g_hw_speaker_amp_temp_rcv=32
06-14 16:32:15.060  1831  1933 D AudioFlinger: setParameters: filtered dev setParameters keyvalue g_hw_speaker_amp_temp_rcv=32
06-14 16:32:15.060  1773  9487 D AHAL_HFP_QTI: hfp_set_parameters enter
06-14 16:32:15.060  1773  9487 D AHAL_HFP_QTI: hfp_set_parameters Exit
06-14 16:32:15.060  1773  9487 D AHAL_SecModulePrimary: processSetVendorParameters: configured g_hw_speaker_amp_temp_rcv
06-14 16:32:15.060  1773  9487 D AHAL_SecModulePrimary: processSetVendorParameters: handler set on Feature:0
06-14 16:32:15.060  1773  9487 D AHAL_SecModulePrimary: onSetSECGenericParameters set temperature for g_hw_speaker_amp_temp_rcv: 32
06-14 16:32:15.060  1773  9487 I PAL: API: pal_set_param: 1377: Enter: param id 3001
06-14 16:32:15.060  1773  9487 I PAL: ResourceManager: getActiveStream_l: 6569: no active streams found for device 3 ret -2
06-14 16:32:15.061  1831  1933 E ConversionHelperAidl: Function: parseAndSetVendorParameters Line: 94 Failed 
06-14 16:32:15.061  1831  1933 E ConversionHelperAidl: Function: parseAndSetVendorParameters Line: 94 Failed 
06-14 16:32:15.163  1770 14565 I sensors-hal: handle_sns_std_sensor_event:90, light_cct: ts = 1076018418318071 ns; value = [182, 182, 196, 222, 198, 83, 50, 44, 30432, 46, 1]
06-14 16:32:15.171  1763  5733 I vendor.qti.bluetooth@1.0-ibs_handler: ProcessIbsCmd: Received IBS_WAKE_IND: 0xFD
06-14 16:32:15.171  1763  5733 D vendor.qti.bluetooth@1.0-ibs_handler: SerialClockVote: vote for UART CLK ON
06-14 16:32:15.171  1763  5733 D vendor.qti.bluetooth@1.0-wake_lock: Acquire wakelock is acquired 
06-14 16:32:15.172  1763  5733 I vendor.qti.bluetooth@1.0-ibs_handler: ProcessIbsCmd: Writing IBS_WAKE_ACK
06-14 16:32:15.180  4736  5812 I ScanController: onScanResult to scannerId: 11- eventType=0x1b, addressType=1, address=XX:XX:XX:XX:1D:AE, primaryPhy=1, secondaryPhy=0, advertisingSid=0xff, txPower=127, rssi=-68, periodicAdvInt=0x0
06-14 16:32:15.184  4736  5812 I ScanController: onScanResult to scannerId: 11- eventType=0x1b, addressType=1, address=XX:XX:XX:XX:68:21, primaryPhy=1, secondaryPhy=0, advertisingSid=0xff, txPower=127, rssi=-68, periodicAdvInt=0x0
06-14 16:32:15.209  4736  5812 I ScanController: onScanResult to scannerId: 11- eventType=0x1b, addressType=1, address=XX:XX:XX:XX:69:A8, primaryPhy=1, secondaryPhy=0, advertisingSid=0xff, txPower=127, rssi=-60, periodicAdvInt=0x0
06-14 16:32:15.220  4736  5812 I ScanController: onScanResult to scannerId: 11- eventType=0x1, addressType=1, address=XX:XX:XX:XX:17:35, primaryPhy=1, secondaryPhy=1, advertisingSid=0x0, txPower=127, rssi=-59, periodicAdvInt=0x0
06-14 16:32:15.240  4736  5812 I ScanController: onScanResult to scannerId: 11- eventType=0x1b, addressType=1, address=XX:XX:XX:XX:44:C8, primaryPhy=1, secondaryPhy=0, advertisingSid=0xff, txPower=127, rssi=-60, periodicAdvInt=0x0
06-14 16:32:15.279  1763  5733 I vendor.qti.bluetooth@1.0-ibs_handler: ProcessIbsCmd: Received IBS_SLEEP_IND: 0xFE
06-14 16:32:15.279  1763  5733 D vendor.qti.bluetooth@1.0-ibs_handler: SerialClockVote: vote for UART CLK OFF
06-14 16:32:15.303  1763  5733 I vendor.qti.bluetooth@1.0-ibs_handler: ProcessIbsCmd: Received IBS_WAKE_IND: 0xFD
06-14 16:32:15.303  1763  5733 D vendor.qti.bluetooth@1.0-ibs_handler: SerialClockVote: vote for UART CLK ON
06-14 16:32:15.303  1763  5733 I vendor.qti.bluetooth@1.0-ibs_handler: ProcessIbsCmd: Writing IBS_WAKE_ACK
06-14 16:32:15.305  4736  5812 I ScanController: onScanResult to scannerId: 11- eventType=0x1b, addressType=1, address=XX:XX:XX:XX:1D:AE, primaryPhy=1, secondaryPhy=0, advertisingSid=0xff, txPower=127, rssi=-59, periodicAdvInt=0x0
06-14 16:32:15.317  4736  5812 I ScanController: onScanResult to scannerId: 11- eventType=0x1b, addressType=1, address=XX:XX:XX:XX:68:21, primaryPhy=1, secondaryPhy=0, advertisingSid=0xff, txPower=127, rssi=-59, periodicAdvInt=0x0
06-14 16:32:15.327  4736  5812 I ScanController: onScanResult to scannerId: 3- eventType=0x1b, addressType=1, address=XX:XX:XX:XX:0B:31, primaryPhy=1, secondaryPhy=0, advertisingSid=0xff, txPower=127, rssi=-69, periodicAdvInt=0x0
06-14 16:32:15.340  4736  5812 I ScanController: onScanResult to scannerId: 11- eventType=0x1b, addressType=1, address=XX:XX:XX:XX:69:A8, primaryPhy=1, secondaryPhy=0, advertisingSid=0xff, txPower=127, rssi=-56, periodicAdvInt=0x0
06-14 16:32:15.358  4736  5812 I ScanController: onScanResult to scannerId: 11- eventType=0x1, addressType=1, address=XX:XX:XX:XX:17:35, primaryPhy=1, secondaryPhy=1, advertisingSid=0x0, txPower=127, rssi=-62, periodicAdvInt=0x0
06-14 16:32:15.398  1763  5733 I vendor.qti.bluetooth@1.0-ibs_handler: ProcessIbsCmd: Received IBS_SLEEP_IND: 0xFE
06-14 16:32:15.398  1763  5733 D vendor.qti.bluetooth@1.0-ibs_handler: SerialClockVote: vote for UART CLK OFF
06-14 16:32:15.548  1763  5272 D vendor.qti.bluetooth@1.0-wake_lock: Release wakelock is released 
06-14 16:32:15.587  1844  4029 I VSyncReactor: Current= 120, Period= 120, Distance= 0
06-14 16:32:15.595  1844  4029 I VSyncReactor: Current= 120, Period= 120, Distance= 120
06-14 16:32:15.597  2401  4003 D WifiConnectivityMonitor.NetworkStatsAnalyzer: Backhaul result - RSSI:-74, CE:25, PE:25, TI:35, PTI:35, TW:0, PTW:0, Tx:48, Rx:44, TxS:26, RxS:28, RESULT:true, IC:0, ICT:2, WC:0, WCT:3, R:5, RC:0, IE:0, EC:0
06-14 16:32:15.613  2401  3841 E WifiStaIfaceAidlImpl: getCachedScanData failed with service-specific exception: android.os.ServiceSpecificException:  (code 4)
06-14 16:32:15.615  2401  6666 D SemWifiUsabilityStatsMonitor: onWifiUsabilityStats - seqNum 69627, isSameBssidAndFreq true
06-14 16:32:15.619  2401  3973 E SemWifiLinkQualityMonitor: Too old or invalid TMI: currentTime=1781422335619 lastDateWindow=1781422317000
06-14 16:32:15.620  2401  3973 I SemWifiLinkQualityMonitor: Link stat: 1405 / 14 / 4.50 (18) / 175 / -74.0 || 100.0 : 175.00 / 0.5 : 0.22 / G (B) || 94c098bf5180: 2.483 / 3.222 / N || N N / 0 0 / N 2.0 / N X 2 / 652485761 0 || 2026-06-14 16:31:57  / 0: 0 0 0 0 0 0 / 0: 0 0 0 0 0 0 / 0: 0 0 0 0 0 0
06-14 16:32:15.620  2401  3974 D InsDataManager: onOutageCountUpdate() - Outage Data: 0, LQ : N. Outage Triggered: false
06-14 16:32:15.620  2401  3974 D SemInsManager: {"bssid": "94c098bf5180","rssi": -74.0,"latency": 2.4830358426620105,"outage_count": 0,"lq_callback_triggered": false,"outage_log": "Link stat: 1405 / 14 / 4.50 (18) / 175 / -74.0 || 100.0 : 175.00 / 0.5 : 0.22 / G (B) || 94c098bf5180: 2.483 / 3.222 / N || N N / 0 0 / N 2.0 / N X 2 / 652485761 0 || 2026-06-14 16:31:57  / 0: 0 0 0 0 0 0 / 0: 0 0 0 0 0 0 / 0: 0 0 0 0 0 0""Magnetic Sensor Events size": "0""Pressure Sensor Events size": "0"}
06-14 16:32:15.622  2401  3991 D SGM:GameManager: identifyGamePackage. com.babcross.app, mCurrentUserId: 0, callingMethodInfo: com.samsung.android.game.SemGameManager.isGamePackage(SemGameManager.java:105)
06-14 16:32:15.622  2401  3991 D SGM:SemGameManager: isGamePackage(), pkgName=com.babcross.app, ret=false
