06-14 16:17:24.636  4736  5812 I ScanController: onScanResult to scannerId: 11- eventType=0x0, addressType=1, address=XX:XX:XX:XX:90:65, primaryPhy=1, secondaryPhy=1, advertisingSid=0x0, txPower=127, rssi=-70, periodicAdvInt=0x0
06-14 16:17:24.645  4736  5812 I ScanController: onScanResult to scannerId: 11- eventType=0x0, addressType=1, address=XX:XX:XX:XX:5B:71, primaryPhy=1, secondaryPhy=1, advertisingSid=0x2, txPower=127, rssi=-52, periodicAdvInt=0x0
06-14 16:17:24.666  4736  5812 I ScanController: onScanResult to scannerId: 11- eventType=0x1b, addressType=1, address=XX:XX:XX:XX:CF:B6, primaryPhy=1, secondaryPhy=0, advertisingSid=0xff, txPower=127, rssi=-59, periodicAdvInt=0x0
06-14 16:17:24.689  4736  5812 I ScanController: onScanResult to scannerId: 11- eventType=0x10, addressType=1, address=XX:XX:XX:XX:25:F7, primaryPhy=1, secondaryPhy=0, advertisingSid=0xff, txPower=127, rssi=-60, periodicAdvInt=0x0
06-14 16:17:24.728  1763  5733 I vendor.qti.bluetooth@1.0-ibs_handler: ProcessIbsCmd: Received IBS_SLEEP_IND: 0xFE
06-14 16:17:24.728  1763  5733 D vendor.qti.bluetooth@1.0-ibs_handler: SerialClockVote: vote for UART CLK OFF
06-14 16:17:24.761  1763  5733 I vendor.qti.bluetooth@1.0-ibs_handler: ProcessIbsCmd: Received IBS_WAKE_IND: 0xFD
06-14 16:17:24.761  1763  5733 D vendor.qti.bluetooth@1.0-ibs_handler: SerialClockVote: vote for UART CLK ON
06-14 16:17:24.761  1763  5733 I vendor.qti.bluetooth@1.0-ibs_handler: ProcessIbsCmd: Writing IBS_WAKE_ACK
06-14 16:17:24.765  4736  5812 I ScanController: onScanResult to scannerId: 11- eventType=0x10, addressType=1, address=XX:XX:XX:XX:A5:C7, primaryPhy=1, secondaryPhy=0, advertisingSid=0xff, txPower=127, rssi=-72, periodicAdvInt=0x0
06-14 16:17:24.768  2401  3028 D PowerManagerService: displayReady: false groupId=0
06-14 16:17:24.768  4736  5812 I ScanController: onScanResult to scannerId: 11- eventType=0x0, addressType=1, address=XX:XX:XX:XX:90:65, primaryPhy=1, secondaryPhy=1, advertisingSid=0x0, txPower=127, rssi=-69, periodicAdvInt=0x0
06-14 16:17:24.768  2401  3028 D DisplayPowerController[0]: animateScreenStateChange: target=ON, mIsEnabled=true
06-14 16:17:24.768  2401  3028 D DisplayPowerController[1]: animateScreenStateChange: target=OFF, mIsEnabled=false
06-14 16:17:24.768  2401  3028 D PowerManagerService: displayReady: true groupId=0
06-14 16:17:24.779  4736  5812 I ScanController: onScanResult to scannerId: 3- eventType=0x1b, addressType=1, address=XX:XX:XX:XX:05:F9, primaryPhy=1, secondaryPhy=0, advertisingSid=0xff, txPower=127, rssi=-91, periodicAdvInt=0x0
06-14 16:17:24.795  1791  2322 I SDM     : DisplayBase::CommitThread: Received idle timeout, panel: cmd, timeout: 69999 us
06-14 16:17:24.797  4736  5812 I ScanController: onScanResult to scannerId: 11- eventType=0x1b, addressType=1, address=XX:XX:XX:XX:CF:B6, primaryPhy=1, secondaryPhy=0, advertisingSid=0xff, txPower=127, rssi=-71, periodicAdvInt=0x0
06-14 16:17:24.837  1763  5733 I vendor.qti.bluetooth@1.0-ibs_handler: ProcessIbsCmd: Received IBS_SLEEP_IND: 0xFE
06-14 16:17:24.837  1763  5733 D vendor.qti.bluetooth@1.0-ibs_handler: SerialClockVote: vote for UART CLK OFF
06-14 16:17:24.873  1807  2630 I thermal_core: pivot(AP) : 389, skin : 382
06-14 16:17:24.873  1807  2630 I vendor.samsung.hardware.thermal-service: index = 6.400000
06-14 16:17:24.873  1807  2630 I vendor.samsung.hardware.thermal-service: 2 / 2
06-14 16:17:24.878  5116  5116 I HoneySpace.EdgePanel.KeyboardVisibleObserver: updateSipStatus: 0 1 0 983
06-14 16:17:24.881  5116  5116 I HoneySpace.EdgePanel.EdgeVisibilityRepository: updateStateAction: 0x200000 false true
06-14 16:17:24.881  5116  5116 I HoneySpace.EdgePanel.EdgeVisibilityRepository: updateState: 0x1
06-14 16:17:24.882  5116  5116 I HoneySpace.EdgePanel.EdgeVisibilityRepository: getComputedTrayVisible : keyguardState = 1
06-14 16:17:24.882  5116  5116 I HoneySpace.EdgePanel.EdgeVisibilityRepository: updateTrayVisible: State = 0x1, visible = true, current containerState = 0, specificMode = 0
06-14 16:17:24.882  5116  5116 I HoneySpace.EdgePanel.EdgeVisibilityRepository: Same container state 0
06-14 16:17:24.899  1763  5733 I vendor.qti.bluetooth@1.0-ibs_handler: ProcessIbsCmd: Received IBS_WAKE_IND: 0xFD
06-14 16:17:24.899  1763  5733 D vendor.qti.bluetooth@1.0-ibs_handler: SerialClockVote: vote for UART CLK ON
06-14 16:17:24.899  1763  5733 I vendor.qti.bluetooth@1.0-ibs_handler: ProcessIbsCmd: Writing IBS_WAKE_ACK
06-14 16:17:24.904  4736  5812 I ScanController: onScanResult to scannerId: 11- eventType=0x0, addressType=1, address=XX:XX:XX:XX:0B:46, primaryPhy=1, secondaryPhy=1, advertisingSid=0x1, txPower=127, rssi=-58, periodicAdvInt=0x0
06-14 16:17:24.919  1773  1773 D AHAL_ModulePrimary_QTI: getVendorParameters: id count: 1
06-14 16:17:24.919  1773  1773 I PAL: ResourceManager: getActiveStream_l: 6569: no active streams found for device 3 ret -2
06-14 16:17:24.919  1773  1773 D AHAL_SecModulePrimary: onGetSECGenericParameters get temperature for g_hw_speaker_amp_temp_rcv: 0
06-14 16:17:24.919  1773  1773 D AHAL_ModulePrimary_QTI: getVendorParameters: id count: 1
06-14 16:17:24.919  1773  1773 I PAL: ResourceManager: getActiveStream_l: 6569: no active streams found for device 3 ret -2
06-14 16:17:24.919  1773  1773 D AHAL_SecModulePrimary: onGetSECGenericParameters get temperature for g_hw_speaker_amp_temp_spk: 0
06-14 16:17:24.920  7228  7940 I SDHMS:x : SIOP:: AP:389 BAT:354 USB:349 CHG:378 PA:376 CP:376 WIFI:404 CF:387 BLK:0 SUBBAT:353 LRPTHM:367 SKIN:376 SKINF:379 SKINB:382 LRP:376 LRF:379 LRB:382 APT:379 APR:382 RCV:320 SPK:320 CAPR:376 CRCV:320 CSPK:328 CAMT:381 UPSPK:353 DNSPK:353 VAP02:391 VAP05:389 AMB2:306 HIGH:0 AVGCUR:-322 POWER:-1294
06-14 16:17:24.921  7228  7940 I AudioManager: setParameters keyValuePairs = g_hw_speaker_amp_temp_spk=33
06-14 16:17:24.922  1831  4978 D AudioFlinger: setParameters: filtered dev setParameters keyvalue g_hw_speaker_amp_temp_spk=33
06-14 16:17:24.922  1773  1773 D AHAL_HFP_QTI: hfp_set_parameters enter
06-14 16:17:24.923  1773  1773 D AHAL_HFP_QTI: hfp_set_parameters Exit
06-14 16:17:24.923  1770 14565 I sensors-hal: handle_sns_std_sensor_event:90, light_cct: ts = 1075128178318362 ns; value = [160, 160, 196, 221, 174, 81, 69, 34, 28672, 31, 1]
06-14 16:17:24.923  1773  1773 D AHAL_SecModulePrimary: processSetVendorParameters: configured g_hw_speaker_amp_temp_spk
06-14 16:17:24.923  1773  1773 D AHAL_SecModulePrimary: processSetVendorParameters: handler set on Feature:0
06-14 16:17:24.923  1773  1773 D AHAL_SecModulePrimary: onSetSECGenericParameters set temperature for g_hw_speaker_amp_temp_spk: 33
06-14 16:17:24.923  1773  1773 I PAL: API: pal_set_param: 1377: Enter: param id 3002
06-14 16:17:24.923  1773  1773 I PAL: ResourceManager: getActiveStream_l: 6569: no active streams found for device 3 ret -2
06-14 16:17:24.923  1831  4978 E ConversionHelperAidl: Function: parseAndSetVendorParameters Line: 94 Failed 
06-14 16:17:24.924  1831  4978 E ConversionHelperAidl: Function: parseAndSetVendorParameters Line: 94 Failed 
06-14 16:17:24.924  7228  7940 I AudioManager: setParameters keyValuePairs = g_hw_speaker_amp_temp_rcv=32
06-14 16:17:24.925  1831  4978 D AudioFlinger: setParameters: filtered dev setParameters keyvalue g_hw_speaker_amp_temp_rcv=32
06-14 16:17:24.925  1773  1773 D AHAL_HFP_QTI: hfp_set_parameters enter
06-14 16:17:24.925  1773  1773 D AHAL_HFP_QTI: hfp_set_parameters Exit
06-14 16:17:24.925  1773  1773 D AHAL_SecModulePrimary: processSetVendorParameters: configured g_hw_speaker_amp_temp_rcv
06-14 16:17:24.925  1773  1773 D AHAL_SecModulePrimary: processSetVendorParameters: handler set on Feature:0
06-14 16:17:24.925  1773  1773 D AHAL_SecModulePrimary: onSetSECGenericParameters set temperature for g_hw_speaker_amp_temp_rcv: 32
06-14 16:17:24.925  1773  1773 I PAL: API: pal_set_param: 1377: Enter: param id 3001
06-14 16:17:24.925  1773  1773 I PAL: ResourceManager: getActiveStream_l: 6569: no active streams found for device 3 ret -2
06-14 16:17:24.925  1831  4978 E ConversionHelperAidl: Function: parseAndSetVendorParameters Line: 94 Failed 
06-14 16:17:24.926  1831  4978 E ConversionHelperAidl: Function: parseAndSetVendorParameters Line: 94 Failed 
06-14 16:17:24.944  1763  5733 I vendor.qti.bluetooth@1.0-ibs_handler: ProcessIbsCmd: Received IBS_SLEEP_IND: 0xFE
06-14 16:17:24.944  1763  5733 D vendor.qti.bluetooth@1.0-ibs_handler: SerialClockVote: vote for UART CLK OFF
06-14 16:17:24.947  1830  1830 I SSC_DAEMON: handleSensorTestReqMsg:88, Sensor type :6, Msg type:5
06-14 16:17:24.950  2401  6683 I WindowManager: Relayout Window{38617f8 u0 InputMethod}: viewVisibility=8 req=1080x2410 ty=2011 d0
06-14 16:17:24.950  2401  6683 E WindowManager: win=Window{38617f8 u0 InputMethod} destroySurfaces: appStopped=true cleanupOnResume=false win.mWindowRemovalAllowed=false win.mRemoveOnExit=false win.mViewVisibility=8 caller=com.android.server.wm.WindowManagerService.tryStartExitingAnimation:134 com.android.server.wm.WindowManagerService.relayoutWindow:1213 com.android.server.wm.Session.relayout:27 android.view.IWindowSession$Stub.onTransact:829 com.android.server.wm.Session.onTransact:1 android.os.Binder.execTransactInternal:1457 android.os.Binder.execTransact:1401 
06-14 16:17:24.951  2401  6683 D SurfaceComposerClient: setCornerRadius ## 569c342 com.babcross.app/com.babcross.app.MainActivity#165140 cornerRadius=0.000000
06-14 16:17:24.951  2401  6683 I WindowManager: Cancelling animation restarting=true, leash=Surface(name=Surface(name=38617f8 InputMethod)/@0x6540d0d - animation-leash of insets_animation)/@0xff2821c
06-14 16:17:24.951  2401  6683 I WindowManager: Reparenting to original parent: Surface(name=WindowToken{a96f1dc type=2011 android.os.Binder@b26dab0})/@0x2d1b4c2, destroy=false, surface=Surface(name=38617f8 InputMethod)/@0x6540d0d
06-14 16:17:24.951  2401  6683 I WindowManager: Reparenting to leash, surface=Surface(name=38617f8 InputMethod)/@0x6540d0d, leashParent=Surface(name=WindowToken{a96f1dc type=2011 android.os.Binder@b26dab0})/@0x2d1b4c2
06-14 16:17:24.951  1844  1992 I SurfaceFlinger: id=165236 createSurf, flag=24004, Surface(name=38617f8 InputMethod)/@0x6540d0d - animation-leash of insets_animation#165236
06-14 16:17:24.951  2401  6683 D WindowManager: makeSurface duration=0 leash=Surface(name=Surface(name=38617f8 InputMethod)/@0x6540d0d - animation-leash of insets_animation)/@0x9304142
06-14 16:17:24.952  2401  6683 D InsetsSourceProvider: updateControlForTarget: control=InsetsSourceControl: {3 mType=ime mSurfacePosition=Point(0, 110) mInsetsHint=Insets{left=0, top=0, right=0, bottom=983}}, target=Window{569c342 u0 com.babcross.app/com.babcross.app.MainActivity}, from=com.android.server.wm.ImeInsetsSourceProvider.updateControlForTarget:17 com.android.server.wm.ImeInsetsSourceProvider.setServerVisible:68 com.android.server.wm.InsetsSourceProvider.onPostLayout:30 com.android.server.wm.ImeInsetsSourceProvider.onPostLayout:3 com.android.server.wm.InsetsStateController.onPostLayout:26 
06-14 16:17:24.952  2401  6683 I ImeTracker: system_server:c4b9b71: onRequestHide at ORIGIN_SERVER reason IME_REQUESTED_CHANGED_LISTENER fromUser false
06-14 16:17:24.952  2401  2912 V InputMethodManagerService: Client requesting input be hidden
06-14 16:17:24.952  2401  2912 V InputMethodManagerService: setWindowStateInner, windowToken=android.os.BinderProxy@c21458d, state=ImeTargetWindowState{ imeToken android.os.Binder@fac8e90 imeFocusChanged false hasEditorFocused true requestedImeVisible false imeDisplayId 0 softInputModeState STATE_UNSPECIFIED|ADJUST_RESIZE isStartInputByGainFocus false}
06-14 16:17:24.952  2401  6683 D SurfaceComposerClient: setCornerRadius ## 569c342 com.babcross.app/com.babcross.app.MainActivity#165140 cornerRadius=0.000000
06-14 16:17:24.952  2401  6683 D SurfaceControl: restrictHighRefreshRate, enabled=false
06-14 16:17:24.952  2401  2912 I ImeTracker: system_server:c4b9b71: onCancelled at PHASE_SERVER_SHOULD_HIDE
06-14 16:17:24.952  1844  1992 I SurfaceFlinger: HRR : 0
06-14 16:17:24.952  2401  2912 V InputMethodManagerService: hideCurrentInputLocked : canceled, shouldHideSoftInput=false, mInputShown=false, mImeWindowVis=0
06-14 16:17:24.953  2401  6683 D SurfaceComposerClient: setCornerRadius ## 569c342 com.babcross.app/com.babcross.app.MainActivity#165140 cornerRadius=0.000000
06-14 16:17:24.953  2401  6683 D SurfaceComposerClient: setCornerRadius ## 569c342 com.babcross.app/com.babcross.app.MainActivity#165140 cornerRadius=0.000000
06-14 16:17:24.953  4640  4640 I VRI[StatusBar]@4c6619d: handleResized, frames=ClientWindowFrames{frame=[0,0][1080,110] display=[0,0][1080,2520] parentFrame=[0,0][0,0]} displayId=0 dragResizing=false compatScale=1.0 frameChanged=false attachedFrameChanged=false configChanged=false displayChanged=false compatScaleChanged=false dragResizingChanged=false
06-14 16:17:24.953  9618  9618 I VRI[]@86f58f8: handleResized, frames=ClientWindowFrames{frame=[540,1252][540,1252] display=[0,110][1080,2394] parentFrame=[0,0][0,0]} displayId=0 dragResizing=false compatScale=1.0 frameChanged=false attachedFrameChanged=false configChanged=false displayChanged=false compatScaleChanged=false dragResizingChanged=false
06-14 16:17:24.953  4640  4640 I VRI[NavigationBar0]@25dae33: handleResized, frames=ClientWindowFrames{frame=[0,2394][1080,2520] display=[0,0][1080,2520] parentFrame=[0,0][0,0]} displayId=0 dragResizing=false compatScale=1.0 frameChanged=false attachedFrameChanged=false configChanged=false displayChanged=false compatScaleChanged=false dragResizingChanged=false
06-14 16:17:24.953  5116  5116 I VRI[CocktailBarService]@8871898: handleResized, frames=ClientWindowFrames{frame=[0,357][67,826] display=[0,0][1080,2520] parentFrame=[0,0][0,0]} displayId=0 dragResizing=false compatScale=1.0 frameChanged=false attachedFrameChanged=false configChanged=false displayChanged=false compatScaleChanged=false dragResizingChanged=false
06-14 16:17:24.954  2401  2912 I RefreshRateModeManager: Schedule to change allowedModes=baseModeId=8 allowGroupSwitching=false primary=physical: (10.0 120.0) render:  (0.0 120.0) appRequest=physical: (10.0 120.0) render:  (0.0 120.0) idleScreenRefreshRateConfig=null, mDisplayToken=android.os.BinderProxy@5968cbb
06-14 16:17:24.954  2401  2912 I RefreshRateModeManager:     -1:
06-14 16:17:24.954  2401  2912 I RefreshRateModeManager:       PRIORITY_REFRESH_RATE_MODE -> CombinedVote{ mVotes=[PhysicalVote{ RefreshRateVote{  mMinRefreshRate=10.0, mMaxRefreshRate=120.0 } }, DisableRefreshRateSwitchingVote{ mDisableRefreshRateSwitching=false }] }
06-14 16:17:24.954  2401  2912 I RefreshRateModeManager:     0:
06-14 16:17:24.954  2401  2912 I RefreshRateModeManager:       PRIORITY_USER_SETTING_PEAK_RENDER_FRAME_RATE -> RenderVote{ RefreshRateVote{  mMinRefreshRate=0.0, mMaxRefreshRate=120.0 } }
06-14 16:17:24.954  2401  2912 I RefreshRateModeManager:       PRIORITY_USER_SETTING_PEAK_REFRESH_RATE -> CombinedVote{ mVotes=[PhysicalVote{ RefreshRateVote{  mMinRefreshRate=0.0, mMaxRefreshRate=120.0 } }, DisableRefreshRateSwitchingVote{ mDisableRefreshRateSwitching=false }] }
06-14 16:17:24.954  2401  2912 I RefreshRateModeManager:       PRIORITY_USER_SETTING_MIN_RENDER_FRAME_RATE -> RenderVote{ RefreshRateVote{  mMinRefreshRate=0.0, mMaxRefreshRate=Infinity } }
06-14 16:17:24.954  2401  2912 I RefreshRateModeManager: 
06-14 16:17:24.954  2401  2912 I RefreshRateModeManager:  mModeSwitchingType: SWITCHING_TYPE_WITHIN_GROUPS mAlwaysRespectAppRequest: false
06-14 16:17:24.954  2401  2912 I RefreshRateModeManager:  Current Mode mReportedRefreshRateMode(toSurfaceFlinger)=REFRESH_RATE_MODE_SEAMLESS, mRefreshRateMode(fromSettings)=REFRESH_RATE_MODE_SEAMLESS
06-14 16:17:24.954  2401  2912 I RefreshRateModeManager:  BrightnessState mPassive=false, PassiveModeToken=false, mLfd=0, mBrightness=81, mAmbientLux=160.0, mIsWirelessCharing=false
06-14 16:17:24.954  2401  6683 I WindowManager: Relayout hash=38617f8, pid=9232, syncId=-1: mAttrs={(0,0)(fillxfill) gr=BOTTOM CENTER_VERTICAL sim={adjust=pan} ty=INPUT_METHOD fmt=TRANSPARENT wanim=0x7f1401fc preferredMinDisplayRefreshRate=60.0 receive insets ignoring z-order
06-14 16:17:24.954  2401  6683 I WindowManager:   fl=81800108
06-14 16:17:24.954  2401  6683 I WindowManager:   pfl=14000000
06-14 16:17:24.954  2401  6683 I WindowManager:   bhv=1
06-14 16:17:24.954  2401  6683 I WindowManager:   fitTypes=3
06-14 16:17:24.954  2401  6683 I WindowManager:   fitSides=7
06-14 16:17:24.954  2401  6683 I WindowManager:   fitIgnoreVis
06-14 16:17:24.954  2401  6683 I WindowManager:   frameRateBoostOnTouch=true
06-14 16:17:24.954  2401  6683 I WindowManager:   dvrrWindowFrameRateHint=true
06-14 16:17:24.954  2401  6683 I WindowManager:  dimAmount=0.18 dimDuration=150 naviIconColor=0}
06-14 16:17:24.954 18772 18772 I InsetsController: onStateChanged: host=com.babcross.app/com.babcross.app.MainActivity, from=android.view.ViewRootImpl.onInsetsStateChanged:3011, state=InsetsState: {mDisplayFrame=Rect(0, 0 - 1080, 2520), mDisplayCutout=DisplayCutout{insets=Rect(0, 110 - 0, 0) waterfall=Insets{left=0, top=0, right=0, bottom=0} boundingRect={Bounds=[Rect(0, 0 - 0, 0), Rect(510, 0 - 570, 110), Rect(0, 0 - 0, 0), Rect(0, 0 - 0, 0)]} cutoutPathParserInfo={CutoutPathParserInfo{displayWidth=1080 displayHeight=2520 physicalDisplayWidth=1080 physicalDisplayHeight=2520 density={2.625} cutoutSpec={M 0,0 H -11.42857142857143 V 41.9047619047619 H 11.42857142857143 V 0 H 0 Z @dp} rotation={0} scale={1.0} physicalPixelDisplaySizeRatio={1.0}}} sideOverrides={}}, mRoundedCorners=RoundedCorners{[RoundedCorner{position=TopLeft, radius=13, center=Point(13, 13)}, RoundedCorner{position=TopRight, radius=13, center=Point(1067, 13)}, RoundedCorner{position=BottomRight, radius=13, center=Point(1067, 2507)}, RoundedCorner{position=BottomLeft, radius=13, center=Point(13, 2507)}]}  mRoundedCornerFrame=Rect(0, 0 - 1080, 2520), mPrivacyIndicatorBounds=PrivacyIndicatorBounds {static bounds=Rect(964, 0 - 1080, 110) rotation=0}, mDisplayShape=DisplayShape{ spec=-311912193 displayWidth=1080 displayHeight=2520 physicalPixelDisplaySizeRatio=1.0 rotation=0 offsetX=0 offsetY=0 scale=1.0}, mSources= { InsetsSource: {86970004 mType=systemGestures mFrame=[0,0][0,0] mVisible=false mFlags= mSideHint=NONE mBoundingRects=null}, InsetsSource: {86970005 mType=mandatorySystemGestures mFrame=[0,0][0,0] mVisible=false mFlags= mSideHint=NONE mBoundingRects=null}, InsetsSource: {86970006 mType=tappableElement mFrame=[0,0][0,0] mVisible=false mFlags= mSideHint=NONE mBoundingRects=null}, InsetsSource: {86970024 mType=systemGestures mFrame=[0,0][0,0] mVisible=false mFlags= mSideHint=NONE mBoundingRects=null}, InsetsSource: {3 mType=ime mFrame=[0,0][0,0] mVisible=false mFlags= mSideHint=NONE mBoundingRects=null}, InsetsSource: {27 mType=displayCutout mFrame=[0,0][1080,110] mVisible=true mFlags= mSideHint=TOP mBoundingRects=null}, InsetsSource: {48740000 mType=statusBars mFrame=[0,0][1080,110] mVisible=true mFlags= mSideHint=TOP mBoundingRects=null}, InsetsSource: {48740005 mType=mandatorySystemGestures mFrame=[0,0][1080,142] mVisible=true mFlags= mSideHint=TOP mBoundingRects=null}, InsetsSource: {48740006 mType=tappableElement mFrame=[0,0][1080,110] mVisible=true mFlags= mSideHint=TOP mBoundingRects=null}, InsetsSource: {73d80001 mType=navigationBars mFrame=[0,2394][1080,2520] mVisible=true mFlags= mSideHint=BOTTOM mBoundingRects=null}, InsetsSource: {73d80004 mType=systemGestures mFrame=[0,0][0,0] mVisible=true mFlags= mSideHint=NONE mBoundingRects=null}, InsetsSource: {73d80005 mType=mandatorySystemGestures mFrame=[0,2394][1080,2520] mVisible=true mFlags= mSideHint=BOTTOM mBoundingRects=null}, InsetsSource: {73d80006 mType=tappableElement mFrame=[0,2394][1080,2520] mVisible=true mFlags= mSideHint=BOTTOM mBoundingRects=null}, InsetsSource: {73d80024 mType=systemGestures mFrame=[0,0][0,0] mVisible=true mFlags= mSideHint=NONE mBoundingRects=null} }
06-14 16:17:24.954 18772 18772 I VRI[MainActivity]@7a1989c: handleResized, frames=ClientWindowFrames{frame=[0,0][1080,2520] display=[0,0][1080,2520] parentFrame=[0,0][0,0]} displayId=0 dragResizing=false compatScale=1.0 frameChanged=false attachedFrameChanged=false configChanged=false displayChanged=false compatScaleChanged=false dragResizingChanged=false
06-14 16:17:24.954  2401  2913 D SurfaceComposerClient: setCornerRadius ## 569c342 com.babcross.app/com.babcross.app.MainActivity#165140 cornerRadius=0.000000
06-14 16:17:24.955  2401  2913 W LocalDisplayAdapter: Ignoring request for invalid base mode id 8
06-14 16:17:24.955  2401  2912 D LocalDisplayAdapter: setDesiredDisplayModeSpecsAsync(4630946872173396372) : defaultMode=0 allowGroupSwitching=false primaryRanges=physical: (10.0 120.0) render:  (0.0 120.0) appRequestRanges=physical: (10.0 120.0) render:  (0.0 120.0) idleScreenRefreshRate=null
06-14 16:17:24.955  1844  1844 I RefreshRateSelector: Display 4630946872173396372 policy changed
06-14 16:17:24.955  1844  1844 I RefreshRateSelector: Previous: {defaultModeId=0, allowGroupSwitching=false, primaryRanges={physical=[60.00 Hz, 120.00 Hz], render=[60.00 Hz, 120.00 Hz]}, appRequestRanges={physical=[60.00 Hz, 120.00 Hz], render=[60.00 Hz, 120.00 Hz]} idleScreenConfig=nullptr}
06-14 16:17:24.955  1844  1844 I RefreshRateSelector: Current:  DisplayManagerPolicy{defaultModeId=0, allowGroupSwitching=false, primaryRanges={physical=[10.00 Hz, 120.00 Hz], render=[0.00 Hz, 120.00 Hz]}, appRequestRanges={physical=[10.00 Hz, 120.00 Hz], render=[0.00 Hz, 120.00 Hz]} idleScreenConfig=nullptr}
06-14 16:17:24.955  1844  1844 I RefreshRateSelector: 11 mode changes were performed under the previous policy
06-14 16:17:24.955  1844  1844 I SurfaceFlinger: [4630946872173396372] Setting desired display mode specs: {defaultModeId=0, allowGroupSwitching=false, primaryRanges={physical=[10.00 Hz, 120.00 Hz], render=[0.00 Hz, 120.00 Hz]}, appRequestRanges={physical=[10.00 Hz, 120.00 Hz], render=[0.00 Hz, 120.00 Hz]} idleScreenConfig=nullptr}
06-14 16:17:24.955  9232  9232 I VRI[InputMethod]@5976dee: Relayout returned: old=(0,110,1080,2520) new=(0,110,1080,2520) relayoutAsync=false req=(1080,2410)8 dur=5 res=0x2 s={false 0x0} ch=true seqId=617
06-14 16:17:24.956  1844  1844 D DisplayModeController: setDesiredMode 4630946872173396372 {mode={fps=120.00 Hz, modePtr={id=0, vsyncRate=120.00 Hz, peakRefreshRate=120.00 Hz}}, emitEvent=true, force=false}
06-14 16:17:24.956  2401  6683 D WindowManager: setInsetsWindow Window{38617f8 u0 InputMethod}, contentInsets=Rect(0, 1427 - 0, 0) -> Rect(0, 1427 - 0, 0), visibleInsets=Rect(0, 1427 - 0, 0) -> Rect(0, 1427 - 0, 0), touchableRegion=SkRegion((0,1427,1080,2284)) -> SkRegion((0,1427,1080,2284)), touchableInsets 3 -> 3
06-14 16:17:24.956  2401  6683 D SurfaceComposerClient: setCornerRadius ## 569c342 com.babcross.app/com.babcross.app.MainActivity#165140 cornerRadius=0.000000
06-14 16:17:24.956  1791  2322 I SDM     : DisplayBase::CommitThread: Received idle timeout, panel: cmd, timeout: 70000 us
06-14 16:17:24.956  2401  6683 D SurfaceComposerClient: setCornerRadius ## 569c342 com.babcross.app/com.babcross.app.MainActivity#165140 cornerRadius=0.000000
06-14 16:17:24.958  1844  2358 I VSyncReactor: Current= 60, Period= 120, hwcPeriod= 60
06-14 16:17:24.965  1844  1844 I SurfaceFlinger: RequestedLayer [Surface(name=38617f8 InputMethod)/@0[...]ion-leash of insets_animation#165236] hidden!! flag  from(1) --> to(0)
06-14 16:17:24.965  1844  1844 E SurfaceFlinger: alpha changed 1.000 -> 0.000 - Surface(name=38617f8 InputMethod)/@0x6540d0d - animation-leash of insets_animation#165236
06-14 16:17:24.966  1844  1844 I SurfaceFlinger: [LayerHierarchy{RequestedLayerState{38617f8 InputMethod#178 parentId=165236} 1 children}] reparent to LayerHierarchy{RequestedLayerState{Surface(name=38617f8 InputMethod)/@0x6540d0d - animation-leash of insets_animation#165236 parentId=173} 1 children}
06-14 16:17:24.966  1844  1844 I SurfaceFlinger: [LayerHierarchy{RequestedLayerState{Surface(name=38617f8 InputMethod)/@0x6540d0d - animation-leash of insets_animation#165146} no children}] reparent to OffscreenRoot
06-14 16:17:24.966  1844  1844 I SurfaceFlinger: [LayerHierarchy{RequestedLayerState{Surface(name=38617f8 InputMethod)/@0x6540d0d - animation-leash of insets_animation#165146} no children}] RelativeParent to null
06-14 16:17:24.966  1844  1844 I SurfaceFlinger: [LayerHierarchy{RequestedLayerState{InputMethod$_9232#165152} no children}] reparent to OffscreenRoot
06-14 16:17:24.966  1844  1844 I SurfaceFlinger: [LayerHierarchy{RequestedLayerState{InputMethod$_9232#165152} no children}] RelativeParent to null
06-14 16:17:24.966  1844  1844 I SurfaceFlinger: [Surface(name=38617f8 InputMethod)/@0x6540d0d - animation-leash of insets_animation#165236] attach to parent LayerHierarchy{RequestedLayerState{WindowToken{a96f1dc type=2011 android.os.Binder@b26dab0}#173 parentId=16} 1 children}
06-14 16:17:24.966  1844  1844 I SurfaceFlinger: id=165152 Removed InputMethod$_9232#165152 (184)
06-14 16:17:24.966  1844  1844 D DisplayModeController: setDesiredMode 4630946872173396372 {mode={fps=60.00 Hz, modePtr={id=2, vsyncRate=60.00 Hz, peakRefreshRate=60.00 Hz}}, emitEvent=true, force=false}
06-14 16:17:24.968  1844  1992 I SurfaceFlinger: id=165146 Removed Surface(name=38617f8 InputMethod)/@0x6540d0d - animation-leash of insets_animation#165146 (184)
06-14 16:17:24.968  2401  3028 D PowerManagerService: displayReady: false groupId=0
06-14 16:17:24.968  2401  3028 D DisplayPowerController[0]: animateScreenStateChange: target=ON, mIsEnabled=true
06-14 16:17:24.968  2401  3028 D DisplayPowerController[1]: animateScreenStateChange: target=OFF, mIsEnabled=false
06-14 16:17:24.969  2401  3028 D PowerManagerService: displayReady: true groupId=0
06-14 16:17:24.974  1844  1992 I VSyncReactor: Current= 60, Period= 60, Distance= 60
06-14 16:17:24.982  1844  1844 I SurfaceFlinger: destroyed Surface(name=38617f8 InputMethod)/@0x6540d0d - animation-leash of insets_animation#165146 form LifecycleManager
06-14 16:17:24.983  1844  1844 I SurfaceFlinger: destroyed InputMethod$_9232#165152 form LifecycleManager
06-14 16:17:24.983  1844  1844 I SurfaceFlinger: id=165146 onLayerDestroyed from LayerHierarchyBuilder(RequestedLayerState{Surface(name=38617f8 InputMethod)/@0x6540d0d - animation-leash of insets_animation#165146 !handle})
06-14 16:17:24.983  1844  1844 I SurfaceFlinger: id=165152 onLayerDestroyed from LayerHierarchyBuilder(RequestedLayerState{InputMethod$_9232#165152 !handle})
06-14 16:17:24.983  1844  1844 I Layer   : id=165146 Destroyed Surface(name=38617f8 InputMethod)/@0x6540d0d - animation-leash of insets_animation#165146
06-14 16:17:24.983  1844  1844 I Layer   : id=165152 Destroyed InputMethod$_9232#165152
06-14 16:17:25.050  2401  6683 W ActivityManager: Unable to start service Intent { xflg=0x4 cmp=com.teamviewer.host.market/com.teamviewer.incomingsessionlib.service.MainService } U=0: not found
06-14 16:17:25.052  2401  6683 W ActivityManager: Unable to start service Intent { xflg=0x4 cmp=com.rsupport.mobile.agent/.service.AgentMainService } U=0: not found
06-14 16:17:25.052  2401  6683 W ActivityManager: Unable to start service Intent { xflg=0x4 cmp=com.rsupport.mobile.agent/.modules.push.service.RSPushService } U=0: not found
06-14 16:17:25.052  2401  6683 W ActivityManager: Unable to start service Intent { xflg=0x4 cmp=com.teamviewer.quicksupport.market/com.teamviewer.incomingsessionlib.service.MainService } U=0: not found
06-14 16:17:25.052  2401  6683 W ActivityManager: Unable to start service Intent { xflg=0x4 cmp=com.anydesk.anydeskandroid/.IncomingConnectionService } U=0: not found
06-14 16:17:25.053  2401  6683 W ActivityManager: Unable to start service Intent { xflg=0x4 cmp=net.koino.anysupportMobile/net.koino.anysupport.service.AnySupportMainService } U=0: not found
06-14 16:17:25.053  2401  6683 W ActivityManager: Unable to start service Intent { xflg=0x4 cmp=com.apowersoft.mirror/com.apowersoft.mirrorcast.service.CastScreenService } U=0: not found
06-14 16:17:25.053  2401  6683 W ActivityManager: Unable to start service Intent { xflg=0x4 cmp=com.sand.airdroid/.webrtc.SandWebRTCService_ } U=0: not found
06-14 16:17:25.053  2401  6683 W ActivityManager: Unable to start service Intent { xflg=0x4 cmp=com.sand.airdroid/.webrtc.SandWebRTCService } U=0: not found
06-14 16:17:25.053  2401  6683 W ActivityManager: Unable to start service Intent { xflg=0x4 cmp=com.sand.aircast/.webrtc.SandWebRTCService_ } U=0: not found
06-14 16:17:25.054  2401  6683 W ActivityManager: Unable to start service Intent { xflg=0x4 cmp=com.mobzapp.screenstream.trial/com.mobzapp.screenstream.service.ScreenStreamService } U=0: not found
06-14 16:17:25.054  2401  6683 W ActivityManager: Unable to start service Intent { xflg=0x4 cmp=de.im.RemoDroid/.server.utils.ServerService } U=0: not found
06-14 16:17:25.054  2401  6683 W ActivityManager: Unable to start service Intent { xflg=0x4 cmp=com.imobie.anymirror/.service.MirrorService } U=0: not found
06-14 16:17:25.054  2401  6683 W ActivityManager: Unable to start service Intent { xflg=0x4 cmp=com.webkey/.service.BackgroundService } U=0: not found
06-14 16:17:25.054  1791  2322 I SDM     : DisplayBase::CommitThread: Received idle timeout, panel: cmd, timeout: 70000 us
06-14 16:17:25.055  2401  6683 W ActivityManager: Unable to start service Intent { xflg=0x4 cmp=screen.mirroring.screenmirroring/com.example.myapplication.MirrorService } U=0: not found
06-14 16:17:25.055  2401  6683 W ActivityManager: Unable to start service Intent { xflg=0x4 cmp=com.agileapps.screenstream/.helpers.AppService } U=0: not found
06-14 16:17:25.055  2401  6683 W ActivityManager: Unable to start service Intent { xflg=0x4 cmp=com.agileapps.screenstream/.service.FgService } U=0: not found
06-14 16:17:25.056  2401  6683 W ActivityManager: Unable to start service Intent { xflg=0x4 cmp=com.screenmirrorapp/.mirroring.ScreenRecordingService } U=0: not found
06-14 16:17:25.056  2401  6683 W ActivityManager: Unable to start service Intent { xflg=0x4 cmp=com.screen.mirroring.tv.cast.remote/.browser.core.MirrorForegroundService } U=0: not found
06-14 16:17:25.056  2401  6683 W ActivityManager: Unable to start service Intent { xflg=0x4 cmp=com.logmein.rescuemobile/com.lmi.rescue.app.RescueServerImpl } U=0: not found
06-14 16:17:25.056  2401  6683 W ActivityManager: Unable to start service Intent { xflg=0x4 cmp=com.awesun.control/com.oray.sunlogin.service.MediaProjectionAndKeepAliveService } U=0: not found
06-14 16:17:25.056  2401  6683 W ActivityManager: Unable to start service Intent { xflg=0x4 cmp=com.mobile.to.web.browser.mirroring.wifi.screen.share.miracast.screenmirroring/.service.BrowserForegroundService } U=0: not found
06-14 16:17:25.057  2401  6683 W ActivityManager: Unable to start service Intent { xflg=0x4 cmp=com.midassoft.ezmobileandroid/com.midassoft.ezhelp.EzHelpRemoteService } U=0: not found
06-14 16:17:25.057  2401  6683 W ActivityManager: Unable to start service Intent { xflg=0x4 cmp=com.midassoft.ezmobilesamsung1/com.midassoft.ezhelp.EzHelpRemoteService } U=0: not found
06-14 16:17:25.057  2401  6683 W ActivityManager: Unable to start service Intent { xflg=0x4 cmp=com.sigma_rt.totalcontrol/.ap.service.DaemonService } U=0: not found
06-14 16:17:25.057  2401  6683 W ActivityManager: Unable to start service Intent { xflg=0x4 cmp=com.casttotv.screenmirroring.smarttv.castvideo/com.cast.to.smart.tv.ui.activities.function.screen_mirror.service.ForegroundService } U=0: not found
06-14 16:17:25.057  2401  6683 W ActivityManager: Unable to start service Intent { xflg=0x4 cmp=com.casttotv.screenmirroring.smarttv.castvideo/com.base.mjpeg.MjpegModuleService } U=0: not found
06-14 16:17:25.057  2401  6683 W ActivityManager: Unable to start service Intent { xflg=0x4 cmp=de.twokit.screen.mirroring.app/.util.MirroringService } U=0: not found
06-14 16:17:25.057  2401  6683 W ActivityManager: Unable to start service Intent { xflg=0x4 cmp=com.smartcast.casttotv.screenmirror.mirroringcast.chromecast/.service.ForegroundService } U=0: not found
06-14 16:17:25.057  2401  6683 W ActivityManager: Unable to start service Intent { xflg=0x4 cmp=com.nero.swiftlink.mirror/.core.MirroringService } U=0: not found
06-14 16:17:25.057  2401  6683 W ActivityManager: Unable to start service Intent { xflg=0x4 cmp=com.nero.swiftlink.mirror/.core.MirrorService } U=0: not found
06-14 16:17:25.057  2401  6683 W ActivityManager: Unable to start service Intent { xflg=0x4 cmp=com.ahranta.android.arc.asp/com.ahranta.android.arc.core.CoreService } U=0: not found
06-14 16:17:25.058  2401  6683 W ActivityManager: Unable to start service Intent { xflg=0x4 cmp=com.imobie.anymiro/.service.ScreenCastService } U=0: not found
06-14 16:17:25.058  2401  6683 W ActivityManager: Unable to start service Intent { xflg=0x4 cmp=com.sand.airsos/.webrtc.SandWebRTCService_ } U=0: not found
06-14 16:17:25.058  2401  6683 W ActivityManager: Unable to start service Intent { xflg=0x4 cmp=com.zoho.assist.agent/.service.KeepAliveService } U=0: not found
06-14 16:17:25.058  2401  6683 W ActivityManager: Unable to start service Intent { xflg=0x4 cmp=com.aomei.anyviewer/.root.sub.screenCapture.AMRecorderService } U=0: not found
06-14 16:17:25.058  2401  6683 W ActivityManager: Unable to start service Intent { xflg=0x4 cmp=com.apowersoft.letsview/com.apowersoft.mirrorcast.service.CastScreenService } U=0: not found
06-14 16:17:25.058  2401  6683 W ActivityManager: Unable to start service Intent { xflg=0x4 cmp=com.frixapps.casttotv/.browser.browsercasting.FgService } U=0: not found
06-14 16:17:25.059  2401  6683 W ActivityManager: Unable to start service Intent { xflg=0x4 cmp=com.imyfone.mirrorto/.web.AppService } U=0: not found
06-14 16:17:25.059  2401  6683 W ActivityManager: Unable to start service Intent { xflg=0x4 cmp=com.kakao.talk/.vox.ui.cecall.screenshare.CeCallScreenShareService } U=0: not found
06-14 16:17:25.059  2401  6683 W ActivityManager: Unable to start service Intent { xflg=0x4 cmp=com.islonline.isllight.mobile.android/.SessionService } U=0: not found
06-14 16:17:25.059  2401  6683 W ActivityManager: Unable to start service Intent { xflg=0x4 cmp=kr.co.helpu.host/remotecontrol.host.service.RCHostMainService } U=0: not found
06-14 16:17:25.059  2401  6683 W ActivityManager: Unable to start service Intent { xflg=0x4 cmp=com.rsupport.mobile.agent/.service.RVAForegroundService } U=0: not found
06-14 16:17:25.059  2401  6683 W ActivityManager: Unable to start service Intent { xflg=0x4 cmp=com.carriez.flutter_hbb/.FloatingWindowService } U=0: not found
06-14 16:17:25.059  2401  6683 W ActivityManager: Unable to start service Intent { xflg=0x4 cmp=com.remotepc.host/com.remotepcnew.host.host.service.CaptureService } U=0: not found
06-14 16:17:25.059  2401  6683 W ActivityManager: Unable to start service Intent { xflg=0x4 cmp=com.wisemo.host.v10/com.wisemo.host.HostService } U=0: not found
06-14 16:17:25.060  2401  6683 W ActivityManager: Unable to start service Intent { xflg=0x4 cmp=com.cisco.wx2.android/com.webex.teams.notifications.ScreenShareForegroundService } U=0: not found
06-14 16:17:25.060  2401  6683 W ActivityManager: Unable to start service Intent { xflg=0x4 cmp=com.hoptodesk.app/.MainService } U=0: not found
06-14 16:17:25.060  2401  6683 W ActivityManager: Unable to start service Intent { xflg=0x4 cmp=com.easywork.easycast/.MediaProjectionService } U=0: not found
06-14 16:17:25.060  2401  6683 W ActivityManager: Unable to start service Intent { xflg=0x4 cmp=jp.naver.line.android/com.linecorp.voip2.feature.pip.service.VoIPScreenShareService } U=0: not found
06-14 16:17:25.060  2401  6683 W ActivityManager: Unable to start service Intent { xflg=0x4 cmp=com.islonline.isllight.mobile.android/.mediaprojection.MediaProjectionCaptureService } U=0: not found
06-14 16:17:25.061  2401  6683 W ActivityManager: Unable to start service Intent { xflg=0x4 cmp=com.splashtop.sos/com.splashtop.streamer.StreamerService } U=0: not found
06-14 16:17:25.061  2401  3971 I SemWifiServiceDetector: Service det. resumed: T / T / 15593
06-14 16:17:25.072  2401 24770 D SemInputDeviceManager: setProperty: (0) CMD,GRIP_DATA,1,15,4,4,0
06-14 16:17:25.072  2401 24769 I SemInputMotionHelper: setMotionControl: ALL: 12, client=com.samsung.android.hardware.secinputdev.SemInputDeviceManager, ret=-1
06-14 16:17:25.072  2401 24769 D SemInputDeviceManager: setProperty: (100) CMD,SIP,0
06-14 16:17:25.073  2401 24770 D TspStateManager: wrote command: cmd=1,15,4,4,0, type=1
06-14 16:17:25.073  2401 24769 I SemInputCommandService: setPropertyAllTouch: SIP,0 retDefault=1 retExtra=1
06-14 16:17:25.073  2401 24769 D TspStateManager: wrote command: cmd=0, type=5
06-14 16:17:25.073  2401  3944 D SemInputDevice:TSP: SetPropertyTask: CMD,set_sip_mode,0 [06-14 16:17:25.073]
06-14 16:17:25.073  2401  3943 D SemInputDevice:TSP_SUB: SetPropertyTask: CMD,set_grip_data,1,15,4,4,0 [06-14 16:17:25.072]
06-14 16:17:25.073  1806  1823 I sysinput:aidl: onReportInformation:93, 1, cmd@set_sip_mode,0:0
06-14 16:17:25.073  2401  3944 D SysinputHAL_AIDL: setProperty(TSP(1)): CMD, set_sip_mode,0 ret=0
06-14 16:17:25.073  1806  1823 I sysinput:Touch1: operator():241, OK
06-14 16:17:25.074  1806  1822 I sysinput:aidl: onReportInformation:93, 2, cmd@set_grip_data,1,15,4,4,0:0
06-14 16:17:25.074  1806  1822 I sysinput:Touch2: operator():241, OK
06-14 16:17:25.074  9232  9232 I InputMethodService: removeImeSurface
06-14 16:17:25.074  9232  9232 I InputMethodService: cancelImeSurfaceRemoval: removeCallbacks
06-14 16:17:25.074  2401  3943 D SysinputHAL_AIDL: setProperty(TSP_SUB(2)): CMD, set_grip_data,1,15,4,4,0 ret=0
06-14 16:17:25.074  2401  3943 D SemInputDevice:TSP_SUB: SetPropertyTask: CMD,set_sip_mode,0 [06-14 16:17:25.072]
06-14 16:17:25.075  1806  1822 I sysinput:aidl: onReportInformation:93, 2, cmd@set_sip_mode,0:0
06-14 16:17:25.075  2401  3943 D SysinputHAL_AIDL: setProperty(TSP_SUB(2)): CMD, set_sip_mode,0 ret=0
06-14 16:17:25.075  1806  1822 I sysinput:Touch2: operator():241, OK
06-14 16:17:25.084  8008  8008 I MSDK    : 2,1,9,0,0,0
06-14 16:17:25.084  8008  8008 I MSDK    : 2,1,9,1,0,0
06-14 16:17:25.094  1763  5272 D vendor.qti.bluetooth@1.0-wake_lock: Release wakelock is released 
06-14 16:17:25.169  2401  3028 D PowerManagerService: displayReady: false groupId=0
06-14 16:17:25.169  2401  3028 D DisplayPowerController[0]: animateScreenStateChange: target=ON, mIsEnabled=true
06-14 16:17:25.169  2401  3028 D DisplayPowerController[1]: animateScreenStateChange: target=OFF, mIsEnabled=false
06-14 16:17:25.169  2401  3028 D PowerManagerService: displayReady: true groupId=0
06-14 16:17:25.176  1770  6942 I sensors-hal: handle_sns_client_event:379, [0][31303389] accel_sample [ 0.078,  0.253,  9.853] 1075128402676122
06-14 16:17:25.291  1113  1113 D io_stats: !@ Read_top(KB): roid.honeyboard:top(9232) 48 id.app.launcher:high(5116) 28 .gms.persistent:high(25776) 20
06-14 16:17:25.291  1113  1113 D io_stats: !@ Write_top(KB): kworker/u17:2:/(25923) 5020 soft.appmanager:low(30581) 16 kworker/2:4:/(15713) 8
06-14 16:17:25.291  1113  1113 D io_stats: !@ fuse-log: WORST (10078 1 0 2 0) (10660 1 0 2 0) TOTAL_LATENCY (10078 0 1 0 2) (10660 0 1 0 2) TOTAL_CNT (10078 2 1 2) (10660 2 1 2) 
06-14 16:17:25.365  2401  4003 D WifiConnectivityMonitor.NetworkStatsAnalyzer: Backhaul result - RSSI:-70, CE:13, PE:13, TI:23, PTI:23, TW:0, PTW:0, Tx:46, Rx:48, TxS:41, RxS:43, RESULT:true, IC:0, ICT:5, WC:0, WCT:5, R:3, RC:0, IE:0, EC:0
06-14 16:17:25.370  2401  3028 D PowerManagerService: displayReady: false groupId=0
06-14 16:17:25.370  2401  3028 D DisplayPowerController[0]: animateScreenStateChange: target=ON, mIsEnabled=true
06-14 16:17:25.370  2401  3028 D DisplayPowerController[1]: animateScreenStateChange: target=OFF, mIsEnabled=false
06-14 16:17:25.370  2401  3028 D PowerManagerService: displayReady: true groupId=0
06-14 16:17:25.426  1830  1830 I SSC_DAEMON: handleSensorTestReqMsg:88, Sensor type :6, Msg type:5
06-14 16:17:25.442  1791  2322 I SDM     : DisplayBase::CommitThread: Received idle timeout, panel: cmd, timeout: 70000 us
06-14 16:17:25.509  2401  3847 E SemWifiIntelligentConnectionManager: Scan failure: -1 / not available
06-14 16:17:25.510  2401  3847 E WifiBackgroundScanStateMachine: Failed to update schedule because WifiScanningService is not initialized
06-14 16:17:25.570  2401  3028 D PowerManagerService: displayReady: false groupId=0
06-14 16:17:25.570  2401  3028 D DisplayPowerController[0]: animateScreenStateChange: target=ON, mIsEnabled=true
06-14 16:17:25.570  2401  3028 D DisplayPowerController[1]: animateScreenStateChange: target=OFF, mIsEnabled=false
06-14 16:17:25.571  2401  3028 D PowerManagerService: displayReady: true groupId=0
06-14 16:17:25.574 12513 16133 I emlo    : (REDACTED) HDM. appOpsListener %s %s
06-14 16:17:25.575 12513 16133 I emlo    : (REDACTED) HDM. Ignoring irrelevant audio permission changes for package %s
06-14 16:17:25.576  2401  3713 D HintManagerService: Starts cleaning for 10225
06-14 16:17:25.679  2401  3841 E WifiStaIfaceAidlImpl: getCachedScanData failed with service-specific exception: android.os.ServiceSpecificException:  (code 4)
06-14 16:17:25.682  2401  6666 D SemWifiUsabilityStatsMonitor: onWifiUsabilityStats - seqNum 69332, isSameBssidAndFreq true
06-14 16:17:25.686  2401  3973 E SemWifiLinkQualityMonitor: Too old or invalid TMI: currentTime=1781421445686 lastDateWindow=1781420959000
06-14 16:17:25.687  2401  3973 I SemWifiLinkQualityMonitor: Link stat: 1515 / 135 / 2.09 (23) / 175 / -71.0 || 100.0 : 175.00 / 0.5 : 0.48 / G (B) || 94c098bf5180: 0.329 / 24.349 / N || N N / 0 0 / N 2.0 / N X 2 / 651595828 0 || 2026-06-14 16:09:19  / 0: 0 0 0 0 0 0 / 0: 0 0 0 0 0 0 / 0: 0 0 0 0 0 0
06-14 16:17:25.687  2401  3974 D InsDataManager: onOutageCountUpdate() - Outage Data: 0, LQ : N. Outage Triggered: false
06-14 16:17:25.688  2401  3974 D SemInsManager: {"bssid": "94c098bf5180","rssi": -71.0,"latency": 0.3285590062111801,"outage_count": 0,"lq_callback_triggered": false,"outage_log": "Link stat: 1515 / 135 / 2.09 (23) / 175 / -71.0 || 100.0 : 175.00 / 0.5 : 0.48 / G (B) || 94c098bf5180: 0.329 / 24.349 / N || N N / 0 0 / N 2.0 / N X 2 / 651595828 0 || 2026-06-14 16:09:19  / 0: 0 0 0 0 0 0 / 0: 0 0 0 0 0 0 / 0: 0 0 0 0 0 0""Magnetic Sensor Events size": "0""Pressure Sensor Events size": "0"}
06-14 16:17:25.752  1776 24750 I HYPER-HAL: [RequestManager.cpp]releaseLocked(): Released ID : 26342941
06-14 16:17:25.771  2401  3028 D PowerManagerService: displayReady: false groupId=0
06-14 16:17:25.771  2401  3028 D DisplayPowerController[0]: animateScreenStateChange: target=ON, mIsEnabled=true
06-14 16:17:25.771  2401  3028 D DisplayPowerController[1]: animateScreenStateChange: target=OFF, mIsEnabled=false
06-14 16:17:25.771  2401  3028 D PowerManagerService: displayReady: true groupId=0
06-14 16:17:25.884  1770 14483 I sensors-hal: handle_sns_std_sensor_event:404, [SSC_LIGHT] P: 171(171),c:316,b:81,m:37,cl:69,l:165,s:172,l0:30592,l1:640,s0:22000,s1:0,acl:1,opr:0.86,f(r):111,u(bl):100,if:111,wi:31,si:0,0(N:1)
06-14 16:17:25.922  1807  2630 I thermal_core: pivot(AP) : 389, skin : 382
06-14 16:17:25.922  1807  2630 I vendor.samsung.hardware.thermal-service: index = 6.400000
06-14 16:17:25.922  1807  2630 I vendor.samsung.hardware.thermal-service: 1 / 2
06-14 16:17:25.934  1830  1830 I SSC_DAEMON: handleSensorTestReqMsg:88, Sensor type :6, Msg type:5
06-14 16:17:25.941  1791  2322 I SDM     : DisplayBase::CommitThread: Received idle timeout, panel: cmd, timeout: 69999 us
06-14 16:17:25.971  2401  3028 D PowerManagerService: displayReady: false groupId=0
06-14 16:17:25.971  2401  3028 D DisplayPowerController[0]: animateScreenStateChange: target=ON, mIsEnabled=true
06-14 16:17:25.972  2401  3028 D DisplayPowerController[1]: animateScreenStateChange: target=OFF, mIsEnabled=false
06-14 16:17:25.972  2401  3028 D PowerManagerService: displayReady: true groupId=0
06-14 16:17:26.098 25776 18887 I NearbyConnections: EndpointManager send a KEEP_ALIVE frame (seqNum:96) and sleep 5000 for endpoint IXZC.
06-14 16:17:26.172  2401  3028 D PowerManagerService: displayReady: false groupId=0
06-14 16:17:26.172  2401  3028 D DisplayPowerController[0]: animateScreenStateChange: target=ON, mIsEnabled=true
06-14 16:17:26.172  2401  3028 D DisplayPowerController[1]: animateScreenStateChange: target=OFF, mIsEnabled=false
06-14 16:17:26.172  2401  3028 D PowerManagerService: displayReady: true groupId=0
06-14 16:17:26.277  7228  7228 I SDHMS:LOAD: type: LoadsFreqs, value: 6:0:0:1017600:1017600:1017600:865919:2745600:556800:218:222:160
06-14 16:17:26.323 25776 18886 I NearbyConnections: EndpointManager received a KEEP_ALIVE frame (seqNum:96) with ACK from endpoint IXZC on channel ENCRYPTED_WIFI_LAN.
06-14 16:17:26.368  1844  1844 D DisplayModeController: setDesiredMode 4630946872173396372 {mode={fps=24.00 Hz, modePtr={id=5, vsyncRate=24.00 Hz, peakRefreshRate=24.00 Hz}}, emitEvent=true, force=false}
06-14 16:17:26.368  1844  1844 I LayerHistory: com.babcross.app/com.babcross.app.MainActivity$_18772#165141 is infrequent
06-14 16:17:26.368  1844  1844 I SurfaceFlinger: All layers Min - choose 24.00 Hz
06-14 16:17:26.369  1844  1844 I HWComposer: [4630946872173396372] ActiveConfigToHWC, ID : 5
06-14 16:17:26.369  1791 21724 I SDM     : SDMDisplay::SetActiveConfigWithConstraints: ActiveConfig: 5
06-14 16:17:26.370  1791 21724 W SDM     : HWDeviceDRM::GetSupportedBitClkRate: Requested rate not supported: 1115000000
06-14 16:17:26.371  1791 21724 I SDM     : HWDeviceDRM::UpdateMixerAttributes: Mixer WxH 1080x2520-1 for Peripheral
06-14 16:17:26.371  1791 21724 I SDM     : DisplayBuiltIn::SetActiveConfig: setting activeConfig(5) on Display 16777302-0. error(0)
06-14 16:17:26.371  1791 21724 I SDM     : SDMDisplay::FinalizeDisplayConfig: ActiveConfig changed from config 2(2) to 5(5) for display [3]-[0]
06-14 16:17:26.372  2401  3028 D PowerManagerService: displayReady: false groupId=0
06-14 16:17:26.372  2401  3028 D DisplayPowerController[0]: animateScreenStateChange: target=ON, mIsEnabled=true
06-14 16:17:26.372  1791  2322 I SDM     : HWDeviceDRM::SetupAtomic: update ActiveConfig. pre_vrefresh : 60, current_vrefresh: 24, update_mode_: 1
06-14 16:17:26.373  2401  3028 D DisplayPowerController[1]: animateScreenStateChange: target=OFF, mIsEnabled=false
06-14 16:17:26.373  2401  3028 D PowerManagerService: displayReady: true groupId=0
06-14 16:17:26.377  1763  5733 I vendor.qti.bluetooth@1.0-ibs_handler: ProcessIbsCmd: Received IBS_WAKE_IND: 0xFD
06-14 16:17:26.377  1763  5733 D vendor.qti.bluetooth@1.0-ibs_handler: SerialClockVote: vote for UART CLK ON
06-14 16:17:26.377  1763  5733 D vendor.qti.bluetooth@1.0-wake_lock: Acquire wakelock is acquired 
06-14 16:17:26.377  1763  5733 I vendor.qti.bluetooth@1.0-ibs_handler: ProcessIbsCmd: Writing IBS_WAKE_ACK
06-14 16:17:26.383  2401  2912 D LocalDisplayAdapter: updateActiveModeLocked for d=4630946872173396372, mActiveModeId=13, mActiveSfDisplayMode=DisplayMode{id=5, width=1080, height=2520, xDpi=422.03076, yDpi=421.10526, peakRefreshRate=24.000002, vsyncRate=24.000002, appVsyncOffsetNanos=24999998, presentationDeadlineNanos=9333335, supportedHdrTypes=[4, 2, 3], group=0}
06-14 16:17:26.384  2401  2912 I DisplayDeviceRepository: Display device changed render timings: "기본으로 제공되는 화면", renderFrameRate=24.000002, presentationDeadlineNanos=9333335, appVsyncOffsetNanos=24999998, frameRateOverrides=[]
06-14 16:17:26.385  2401  2910 D WindowManager: DeferredDisplayUpdater: partially applying DisplayInfo(1080 x 2520) immediately
06-14 16:17:26.386  4736  5812 I ScanController: onScanResult to scannerId: 11- eventType=0x0, addressType=1, address=XX:XX:XX:XX:BD:CF, primaryPhy=1, secondaryPhy=1, advertisingSid=0x0, txPower=127, rssi=-61, periodicAdvInt=0x0
06-14 16:17:26.386  2401  2401 D SGM:GameManager: onDisplayChanged. displyId: 0, state: 2
06-14 16:17:26.386  1831  4978 D AudioFlinger: setParameters: filtered dev setParameters keyvalue screen_state=on
06-14 16:17:26.386  2401  2401 D AODManagerService: requestReCalToTSP IsSingleTouchMode = falserequestedReCalToTSP = false / previousDisplayState = ON
06-14 16:17:26.387  1773  9487 I PAL: API: pal_set_param: 1377: Enter: param id 8
06-14 16:17:26.387  1773  9487 I PAL: ResourceManager: setParameter: 11407: Screen State:1
06-14 16:17:26.387  1773  9487 D AHAL_Module: updateScreenState: usb: 1
06-14 16:17:26.387  1773  1773 D AHAL_Module: updateScreenState: r_submix: 1
06-14 16:17:26.387  1773  1773 D AHAL_Module: updateScreenState: bluetooth: 1
06-14 16:17:26.387  2401  3782 D SGM:FgCheckThread: onLooperPrepared(), msg: MSG_LCD_ON
06-14 16:17:26.388  2401  6216 D LiftUpHandler: [LTW] Stopped already.
06-14 16:17:26.388  2401  2910 D SurfaceComposerClient: setCornerRadius ## 569c342 com.babcross.app/com.babcross.app.MainActivity#165140 cornerRadius=0.000000
06-14 16:17:26.388  2401  3894 D AS.DesktopModeHelper: onDisplayChanged: #Id=0
06-14 16:17:26.390  9232  9232 I HBD     : DeX h DeX mode state change in non-main thread 
06-14 16:17:26.390  9232  9232 I HBD     : DeX h DeX mode state change: 3 
06-14 16:17:26.390  4640  4640 D DisplayLifecycle: updateDisplay id = 0
06-14 16:17:26.390  5116 18490 I HoneySpace.Memory-Monitor: current state = 2, didTrim = false
06-14 16:17:26.391  4640  4833 D StackScroller: onDisplayChanged for predraw skip to 2
06-14 16:17:26.391  2401  7525 D WifiDisplayAdapter: isFitToActiveDisplayLocked : false
06-14 16:17:26.391  5116  7209 I HoneySpace.RefreshRateSource: singleFrameMs 41
06-14 16:17:26.392  1844  2358 I VSyncReactor: Current= 60, Period= 24, hwcPeriod= 24
06-14 16:17:26.396  2401  2932 E Watchdog: !@Sync: 21703 heap(MB): 246 / 263 FD: 1926 [2026-06-14 16:17:26.395]
06-14 16:17:26.404  4736  5812 I ScanController: onScanResult to scannerId: 11- eventType=0x10, addressType=1, address=XX:XX:XX:XX:A5:C7, primaryPhy=1, secondaryPhy=0, advertisingSid=0xff, txPower=127, rssi=-67, periodicAdvInt=0x0
