06-14 16:35:11.824  1795  8070 I StatsHandler: [avcD_650] Stats: Pending(0) i/p-done(0) Works: Q: 3439/Done 3428|Work-Rate: Q(0.0/s Avg=15.6/s) Done(0.000/s Avg=15.576/s)| Stream: 30.00fps 310.2Kbps
06-14 16:35:11.825  1795  8070 I StatsHandler: [avcD_650] Mem-usage:  [In-1D: 30 bufs 240.000 MB] [1D-3212: 35 bufs 0.547 MB] [2D-3213: 19 bufs 15.141 MB] | Total: 255.688 MB
06-14 16:35:11.900  2401  3028 D PowerManagerService: displayReady: false groupId=0
06-14 16:35:11.900  2401  3028 D DisplayPowerController[0]: animateScreenStateChange: target=ON, mIsEnabled=true
06-14 16:35:11.900  2401  3028 D DisplayPowerController[1]: animateScreenStateChange: target=OFF, mIsEnabled=false
06-14 16:35:11.900  2401  3028 D PowerManagerService: displayReady: true groupId=0
06-14 16:35:11.997  1807  2630 I thermal_core: pivot(AP) : 391, skin : 384
06-14 16:35:11.997  1807  2630 I vendor.samsung.hardware.thermal-service: index = 6.600000
06-14 16:35:11.997  1807  2630 I vendor.samsung.hardware.thermal-service: 1 / 2
06-14 16:35:12.004  1763  5733 I vendor.qti.bluetooth@1.0-ibs_handler: ProcessIbsCmd: Received IBS_WAKE_IND: 0xFD
06-14 16:35:12.004  1763  5733 D vendor.qti.bluetooth@1.0-ibs_handler: SerialClockVote: vote for UART CLK ON
06-14 16:35:12.005  1763  5733 D vendor.qti.bluetooth@1.0-wake_lock: Acquire wakelock is acquired 
06-14 16:35:12.005  1763  5733 I vendor.qti.bluetooth@1.0-ibs_handler: ProcessIbsCmd: Writing IBS_WAKE_ACK
06-14 16:35:12.010  4736  5812 I ScanController: onScanResult to scannerId: 11- eventType=0x1b, addressType=1, address=XX:XX:XX:XX:21:1F, primaryPhy=1, secondaryPhy=0, advertisingSid=0xff, txPower=127, rssi=-52, periodicAdvInt=0x0
06-14 16:35:12.020  4736  5812 I ScanController: onScanResult to scannerId: 11- eventType=0x1b, addressType=1, address=XX:XX:XX:XX:C8:D2, primaryPhy=1, secondaryPhy=0, advertisingSid=0xff, txPower=127, rssi=-51, periodicAdvInt=0x0
06-14 16:35:12.060  1763  5733 I vendor.qti.bluetooth@1.0-ibs_handler: ProcessIbsCmd: Received IBS_SLEEP_IND: 0xFE
06-14 16:35:12.060  1763  5733 D vendor.qti.bluetooth@1.0-ibs_handler: SerialClockVote: vote for UART CLK OFF
06-14 16:35:12.085  1763  5733 I vendor.qti.bluetooth@1.0-ibs_handler: ProcessIbsCmd: Received IBS_WAKE_IND: 0xFD
06-14 16:35:12.085  1763  5733 D vendor.qti.bluetooth@1.0-ibs_handler: SerialClockVote: vote for UART CLK ON
06-14 16:35:12.085  1763  5733 I vendor.qti.bluetooth@1.0-ibs_handler: ProcessIbsCmd: Writing IBS_WAKE_ACK
06-14 16:35:12.088  4736  5812 I ScanController: onScanResult to scannerId: 11- eventType=0x1, addressType=1, address=XX:XX:XX:XX:D1:5B, primaryPhy=1, secondaryPhy=1, advertisingSid=0x0, txPower=127, rssi=-63, periodicAdvInt=0x0
06-14 16:35:12.101  2401  3028 D PowerManagerService: displayReady: false groupId=0
06-14 16:35:12.101  2401  3028 D DisplayPowerController[0]: animateScreenStateChange: target=ON, mIsEnabled=true
06-14 16:35:12.101  2401  3028 D DisplayPowerController[1]: animateScreenStateChange: target=OFF, mIsEnabled=false
06-14 16:35:12.101  2401  3028 D PowerManagerService: displayReady: true groupId=0
06-14 16:35:12.118  4736  5812 I ScanController: onScanResult to scannerId: 3- eventType=0x1b, addressType=0, address=XX:XX:XX:XX:01:95, primaryPhy=1, secondaryPhy=0, advertisingSid=0xff, txPower=127, rssi=-97, periodicAdvInt=0x0
06-14 16:35:12.135  4736  5812 I ScanController: onScanResult to scannerId: 11- eventType=0x1b, addressType=1, address=XX:XX:XX:XX:21:1F, primaryPhy=1, secondaryPhy=0, advertisingSid=0xff, txPower=127, rssi=-60, periodicAdvInt=0x0
06-14 16:35:12.147  4736  5812 I ScanController: onScanResult to scannerId: 11- eventType=0x1b, addressType=1, address=XX:XX:XX:XX:C8:D2, primaryPhy=1, secondaryPhy=0, advertisingSid=0xff, txPower=127, rssi=-60, periodicAdvInt=0x0
06-14 16:35:12.186  1763  5733 I vendor.qti.bluetooth@1.0-ibs_handler: ProcessIbsCmd: Received IBS_SLEEP_IND: 0xFE
06-14 16:35:12.186  1763  5733 D vendor.qti.bluetooth@1.0-ibs_handler: SerialClockVote: vote for UART CLK OFF
06-14 16:35:12.217  1763  5733 I vendor.qti.bluetooth@1.0-ibs_handler: ProcessIbsCmd: Received IBS_WAKE_IND: 0xFD
06-14 16:35:12.217  1763  5733 D vendor.qti.bluetooth@1.0-ibs_handler: SerialClockVote: vote for UART CLK ON
06-14 16:35:12.217  1763  5733 I vendor.qti.bluetooth@1.0-ibs_handler: ProcessIbsCmd: Writing IBS_WAKE_ACK
06-14 16:35:12.221  4736  5812 I ScanController: onScanResult to scannerId: 11- eventType=0x1, addressType=1, address=XX:XX:XX:XX:D1:5B, primaryPhy=1, secondaryPhy=1, advertisingSid=0x0, txPower=127, rssi=-63, periodicAdvInt=0x0
06-14 16:35:12.259  1763  5733 I vendor.qti.bluetooth@1.0-ibs_handler: ProcessIbsCmd: Received IBS_SLEEP_IND: 0xFE
06-14 16:35:12.260  1763  5733 D vendor.qti.bluetooth@1.0-ibs_handler: SerialClockVote: vote for UART CLK OFF
06-14 16:35:12.301  2401  3028 D PowerManagerService: displayReady: false groupId=0
06-14 16:35:12.302  2401  3028 D DisplayPowerController[0]: animateScreenStateChange: target=ON, mIsEnabled=true
06-14 16:35:12.302  2401  3028 D DisplayPowerController[1]: animateScreenStateChange: target=OFF, mIsEnabled=false
06-14 16:35:12.302  2401  3028 D PowerManagerService: displayReady: true groupId=0
06-14 16:35:12.382  1770  6942 I sensors-hal: handle_sns_client_event:379, [0][31320778] accel_sample [ 0.079,  0.254,  9.857] 1076195608651439
06-14 16:35:12.410  1763  5272 D vendor.qti.bluetooth@1.0-wake_lock: Release wakelock is released 
06-14 16:35:12.502  2401  3028 D PowerManagerService: displayReady: false groupId=0
06-14 16:35:12.502  2401  3028 D DisplayPowerController[0]: animateScreenStateChange: target=ON, mIsEnabled=true
06-14 16:35:12.502  2401  3028 D DisplayPowerController[1]: animateScreenStateChange: target=OFF, mIsEnabled=false
06-14 16:35:12.502  2401  3028 D PowerManagerService: displayReady: true groupId=0
06-14 16:35:12.702  2401  3028 D PowerManagerService: displayReady: false groupId=0
06-14 16:35:12.702  2401  3028 D DisplayPowerController[0]: animateScreenStateChange: target=ON, mIsEnabled=true
06-14 16:35:12.702  2401  3028 D DisplayPowerController[1]: animateScreenStateChange: target=OFF, mIsEnabled=false
06-14 16:35:12.702  2401  3028 D PowerManagerService: displayReady: true groupId=0
06-14 16:35:12.763  1770 14565 I sensors-hal: handle_sns_std_sensor_event:90, light_cct: ts = 1076196018323471 ns; value = [174, 174, 195, 222, 190, 83, 50, 42, 29312, 46, 1]
06-14 16:35:12.764  1770 14483 I sensors-hal: handle_sns_std_sensor_event:404, [SSC_LIGHT] P: 174(174),c:223,b:83,m:37,cl:50,l:173,s:172,l0:29312,l1:672,s0:22250,s1:250,acl:1,opr:0.86,f(r):111,u(bl):100,if:111,wi:46,si:15,0(N:1)
06-14 16:35:12.902  2401  3028 D PowerManagerService: displayReady: false groupId=0
06-14 16:35:12.902  2401  3028 D DisplayPowerController[0]: animateScreenStateChange: target=ON, mIsEnabled=true
06-14 16:35:12.902  2401  3028 D DisplayPowerController[1]: animateScreenStateChange: target=OFF, mIsEnabled=false
06-14 16:35:12.902  2401  3028 D PowerManagerService: displayReady: true groupId=0
06-14 16:35:12.999  1807  2630 I thermal_core: pivot(AP) : 390, skin : 384
06-14 16:35:12.999  1807  2630 I vendor.samsung.hardware.thermal-service: index = 6.400000
06-14 16:35:12.999  1807  2630 I vendor.samsung.hardware.thermal-service: 2 / 2
06-14 16:35:13.036  1773  1782 D AHAL_ModulePrimary_QTI: getVendorParameters: id count: 1
06-14 16:35:13.036  1773  1782 I PAL: ResourceManager: getActiveStream_l: 6569: no active streams found for device 3 ret -2
06-14 16:35:13.036  1773  1782 D AHAL_SecModulePrimary: onGetSECGenericParameters get temperature for g_hw_speaker_amp_temp_rcv: 0
06-14 16:35:13.036  1773  1782 D AHAL_ModulePrimary_QTI: getVendorParameters: id count: 1
06-14 16:35:13.037  1773  1782 I PAL: ResourceManager: getActiveStream_l: 6569: no active streams found for device 3 ret -2
06-14 16:35:13.037  1773  1782 D AHAL_SecModulePrimary: onGetSECGenericParameters get temperature for g_hw_speaker_amp_temp_spk: 0
06-14 16:35:13.038  7228  7940 I SDHMS:x : SIOP:: AP:390 BAT:356 USB:350 CHG:380 PA:379 CP:379 WIFI:408 CF:390 BLK:0 SUBBAT:354 LRPTHM:369 SKIN:378 SKINF:381 SKINB:384 LRP:378 LRF:381 LRB:384 APT:381 APR:384 RCV:321 SPK:320 CAPR:378 CRCV:320 CSPK:328 CAMT:384 UPSPK:354 DNSPK:353 VAP02:396 VAP05:393 AMB2:303 HIGH:0 AVGCUR:-344 POWER:-1377
06-14 16:35:13.039  7228  7940 I AudioManager: setParameters keyValuePairs = g_hw_speaker_amp_temp_spk=33
06-14 16:35:13.040  1831 30779 D AudioFlinger: setParameters: filtered dev setParameters keyvalue g_hw_speaker_amp_temp_spk=33
06-14 16:35:13.040  1773  1782 D AHAL_HFP_QTI: hfp_set_parameters enter
06-14 16:35:13.040  1773  1782 D AHAL_HFP_QTI: hfp_set_parameters Exit
06-14 16:35:13.040  1773  1782 D AHAL_SecModulePrimary: processSetVendorParameters: configured g_hw_speaker_amp_temp_spk
06-14 16:35:13.040  1773  1782 D AHAL_SecModulePrimary: processSetVendorParameters: handler set on Feature:0
06-14 16:35:13.040  1773  1782 D AHAL_SecModulePrimary: onSetSECGenericParameters set temperature for g_hw_speaker_amp_temp_spk: 33
06-14 16:35:13.040  1773  1782 I PAL: API: pal_set_param: 1377: Enter: param id 3002
06-14 16:35:13.040  1773  1782 I PAL: ResourceManager: getActiveStream_l: 6569: no active streams found for device 3 ret -2
06-14 16:35:13.041  1831 30779 E ConversionHelperAidl: Function: parseAndSetVendorParameters Line: 94 Failed 
06-14 16:35:13.041  1831 30779 E ConversionHelperAidl: Function: parseAndSetVendorParameters Line: 94 Failed 
06-14 16:35:13.041  7228  7940 I AudioManager: setParameters keyValuePairs = g_hw_speaker_amp_temp_rcv=32
06-14 16:35:13.042  1831 30779 D AudioFlinger: setParameters: filtered dev setParameters keyvalue g_hw_speaker_amp_temp_rcv=32
06-14 16:35:13.042  1773  1782 D AHAL_HFP_QTI: hfp_set_parameters enter
06-14 16:35:13.042  1773  1782 D AHAL_HFP_QTI: hfp_set_parameters Exit
06-14 16:35:13.042  1773  1782 D AHAL_SecModulePrimary: processSetVendorParameters: configured g_hw_speaker_amp_temp_rcv
06-14 16:35:13.042  1773  1782 D AHAL_SecModulePrimary: processSetVendorParameters: handler set on Feature:0
06-14 16:35:13.042  1773  1782 D AHAL_SecModulePrimary: onSetSECGenericParameters set temperature for g_hw_speaker_amp_temp_rcv: 32
06-14 16:35:13.042  1773  1782 I PAL: API: pal_set_param: 1377: Enter: param id 3001
06-14 16:35:13.042  1773  1782 I PAL: ResourceManager: getActiveStream_l: 6569: no active streams found for device 3 ret -2
06-14 16:35:13.043  1831 30779 E ConversionHelperAidl: Function: parseAndSetVendorParameters Line: 94 Failed 
06-14 16:35:13.043  1831 30779 E ConversionHelperAidl: Function: parseAndSetVendorParameters Line: 94 Failed 
06-14 16:35:13.044  7228  7447 I M0      : limitCPUFreq:: freq = 4089600
06-14 16:35:13.044  7228  7447 I SemDvfsHyPerManager: acquire hyper - SIOP_ARM_MAX/7228@3, type = 301993986
06-14 16:35:13.045  1776  1963 I HYPER-HAL: [RequestManager.cpp]acquire(): Acquired ID : 26147299  [7228 / 3]    HINT :      list : [CPUMaxFreq / 4089600] 
06-14 16:35:13.101  2401  3028 D PowerManagerService: displayReady: false groupId=0
06-14 16:35:13.102  2401  3028 D DisplayPowerController[0]: animateScreenStateChange: target=ON, mIsEnabled=true
06-14 16:35:13.102  2401  3028 D DisplayPowerController[1]: animateScreenStateChange: target=OFF, mIsEnabled=false
06-14 16:35:13.102  2401  3028 D PowerManagerService: displayReady: true groupId=0
06-14 16:35:13.116  2401  3909 D UsbStatsMonitor: 0 0 0 0 0 0 0 0 0 0 0 0 0 0 0 0 0 0 0 0 0 0 0 0 0 0 0 0 0 0 0 0 0 0 0 0 0 0 0 0 0 0 0 0 0 0 0 0 0 0 0 0 0 0 0 0 0 283467841540
06-14 16:35:13.276  4088  4217 D SatelliteController: isInCarrierRoamingNbIotNtn: satellite is disabled
06-14 16:35:13.301  2401  3028 D PowerManagerService: displayReady: false groupId=0
06-14 16:35:13.302  2401  3028 D DisplayPowerController[0]: animateScreenStateChange: target=ON, mIsEnabled=true
06-14 16:35:13.302  2401  3028 D DisplayPowerController[1]: animateScreenStateChange: target=OFF, mIsEnabled=false
06-14 16:35:13.302  2401  3028 D PowerManagerService: displayReady: true groupId=0
06-14 16:35:13.406  2401  3719 D ActivityManager: Received BROADCAST intent 0x145d390 Key{broadcastIntent pkg=android intent=act=com.android.server.audio.action.CHECK_MUSIC_ACTIVE xflg=0x4 flags=0x4000000 u=0} requestCode=1 sent=0 from uid 1000
06-14 16:35:13.410  2401  2948 D ActivityManager: sync unfroze 18117 com.android.settings for 10
06-14 16:35:13.411  2401  2948 D ActivityManager: sync unfroze 12334 com.samsung.android.lool for 10
06-14 16:35:13.411  2401  2948 D ActivityManager: sync unfroze 5174 com.samsung.android.scpm for 10
06-14 16:35:13.412  2401  2948 D ActivityManager: sync unfroze 12506 com.samsung.android.provider.filterprovider for 10
06-14 16:35:13.414  2401  2948 D ActivityManager: sync unfroze 12430 com.android.keychain for 10
06-14 16:35:13.415  2401  2948 D ActivityManager: sync unfroze 32522 com.samsung.android.fmm for 10
06-14 16:35:13.415  2401  2948 D ActivityManager: sync unfroze 16130 com.samsung.android.dqagent for 10
06-14 16:35:13.416  2401  2948 D ActivityManager: sync unfroze 20317 com.sec.android.CcInfo for 10
06-14 16:35:13.416  2401  2948 D ActivityManager: sync unfroze 24706 com.samsung.android.stickercenter for 10
06-14 16:35:13.417  2401  2948 D ActivityManager: sync unfroze 20519 com.samsung.android.vtcamerasettings for 10
06-14 16:35:13.417  2401  2948 D ActivityManager: sync unfroze 7261 com.samsung.android.sm.provider for 10
06-14 16:35:13.418  2401  2948 D ActivityManager: sync unfroze 19785 com.samsung.aasaservice for 10
06-14 16:35:13.418  2401  2948 I ActivityManager: Changes in 10215 19 to 19, 0 to 128
06-14 16:35:13.418  2401  2948 I ActivityManager: Changes in 5009 10 to 10, 0 to 128
06-14 16:35:13.419  2401  3623 E JobScheduler.Background: Couldn't determine stopped state for unknown package: com.facebook.appmanager
06-14 16:35:13.419  2401  3623 E JobScheduler.Background: Couldn't determine stopped state for unknown package: com.facebook.appmanager
06-14 16:35:13.419  2401  3623 E JobScheduler.Background: Couldn't determine stopped state for unknown package: com.facebook.appmanager
06-14 16:35:13.419  2401  3623 E JobScheduler.Background: Couldn't determine stopped state for unknown package: com.facebook.appmanager
06-14 16:35:13.419  2401  3623 E JobScheduler.Background: Couldn't determine stopped state for unknown package: com.facebook.appmanager
06-14 16:35:13.421  1844  1992 I VSyncReactor: Current= 120, Period= 120, Distance= 1
06-14 16:35:13.429  1844  1992 I VSyncReactor: Current= 120, Period= 120, Distance= 120
06-14 16:35:13.444  2401  3841 E WifiStaIfaceAidlImpl: getCachedScanData failed with service-specific exception: android.os.ServiceSpecificException:  (code 4)
06-14 16:35:13.445  2401  6666 D SemWifiUsabilityStatsMonitor: onWifiUsabilityStats - seqNum 69686, isSameBssidAndFreq true
06-14 16:35:13.446  2401  3973 E SemWifiLinkQualityMonitor: Too old or invalid TMI: currentTime=1781422513446 lastDateWindow=1781422456000
06-14 16:35:13.447  2401  3973 I SemWifiLinkQualityMonitor: Link stat: 1453 / 98 / 2.12 (70) / 87 / -72.0 || 100.0 : 87.00 / B (B) || 94c098bf5180: 0.416 / 19.253 / N || N N / 0 0 / N 2.0 / N X 2 / 652663591 0 || 2026-06-14 16:34:16  / 0: 0 0 0 0 0 0 / 0: 0 0 0 0 0 0 / 0: 0 0 0 0 0 0
06-14 16:35:13.447  2401  3974 D InsDataManager: onOutageCountUpdate() - Outage Data: 0, LQ : N. Outage Triggered: false
06-14 16:35:13.447  2401  3974 D SemInsManager: {"bssid": "94c098bf5180","rssi": -72.0,"latency": 0.4155301861984137,"outage_count": 0,"lq_callback_triggered": false,"outage_log": "Link stat: 1453 / 98 / 2.12 (70) / 87 / -72.0 || 100.0 : 87.00 / B (B) || 94c098bf5180: 0.416 / 19.253 / N || N N / 0 0 / N 2.0 / N X 2 / 652663591 0 || 2026-06-14 16:34:16  / 0: 0 0 0 0 0 0 / 0: 0 0 0 0 0 0 / 0: 0 0 0 0 0 0""Magnetic Sensor Events size": "0""Pressure Sensor Events size": "0"}
06-14 16:35:13.447  2401  3991 D SGM:GameManager: identifyGamePackage. com.babcross.app, mCurrentUserId: 0, callingMethodInfo: com.samsung.android.game.SemGameManager.isGamePackage(SemGameManager.java:105)
06-14 16:35:13.447  2401  3991 D SGM:SemGameManager: isGamePackage(), pkgName=com.babcross.app, ret=false
06-14 16:35:13.493  1791  2322 I SDM     : DisplayBase::CommitThread: Received idle timeout, panel: cmd, timeout: 70000 us
06-14 16:35:13.502  2401  3028 D PowerManagerService: displayReady: false groupId=0
06-14 16:35:13.502  2401  3028 D DisplayPowerController[0]: animateScreenStateChange: target=ON, mIsEnabled=true
06-14 16:35:13.503  2401  3028 D DisplayPowerController[1]: animateScreenStateChange: target=OFF, mIsEnabled=false
06-14 16:35:13.503  2401  3028 D PowerManagerService: displayReady: true groupId=0
06-14 16:35:13.703  2401  3028 D PowerManagerService: displayReady: false groupId=0
06-14 16:35:13.703  2401  3028 D DisplayPowerController[0]: animateScreenStateChange: target=ON, mIsEnabled=true
06-14 16:35:13.703  2401  3028 D DisplayPowerController[1]: animateScreenStateChange: target=OFF, mIsEnabled=false
06-14 16:35:13.704  2401  3028 D PowerManagerService: displayReady: true groupId=0
06-14 16:35:13.716  1763  5733 I vendor.qti.bluetooth@1.0-ibs_handler: ProcessIbsCmd: Received IBS_WAKE_IND: 0xFD
06-14 16:35:13.716  1763  5733 D vendor.qti.bluetooth@1.0-ibs_handler: SerialClockVote: vote for UART CLK ON
06-14 16:35:13.716  1763  5733 D vendor.qti.bluetooth@1.0-wake_lock: Acquire wakelock is acquired 
06-14 16:35:13.716  1763  5733 I vendor.qti.bluetooth@1.0-ibs_handler: ProcessIbsCmd: Writing IBS_WAKE_ACK
06-14 16:35:13.726  4736  5812 I ScanController: onScanResult to scannerId: 11- eventType=0x1b, addressType=1, address=XX:XX:XX:XX:2F:6B, primaryPhy=1, secondaryPhy=0, advertisingSid=0xff, txPower=127, rssi=-59, periodicAdvInt=0x0
06-14 16:35:13.727  4736  5812 I ScanController: onScanResult to scannerId: 11- eventType=0x1, addressType=1, address=XX:XX:XX:XX:9D:EE, primaryPhy=1, secondaryPhy=1, advertisingSid=0x0, txPower=127, rssi=-60, periodicAdvInt=0x0
06-14 16:35:13.729  4736  5812 I ScanController: onScanResult to scannerId: 4- eventType=0x1b, addressType=0, address=XX:XX:XX:XX:01:95, primaryPhy=1, secondaryPhy=0, advertisingSid=0xff, txPower=127, rssi=-88, periodicAdvInt=0x0
06-14 16:35:13.729  4736  5812 I ScanController: onScanResult to scannerId: 9- eventType=0x1b, addressType=0, address=XX:XX:XX:XX:01:95, primaryPhy=1, secondaryPhy=0, advertisingSid=0xff, txPower=127, rssi=-88, periodicAdvInt=0x0
06-14 16:35:13.730 12841 13769 I [+0900]oneconnect[1.8.45.24_01][CORE]: DataConvert.parseBleVd - deviceBle : |name:($)-6(8)|deviceType:UNKNOWN|discoverType:_BLE|services:None|connected:false[Type]6[Index]1[MNID]0AJK[SETUPID]101[TvStatusString]EXTENSION[TvStatus]32[TvService]118[TvMirrorChannel]0[TvRegisteredDB]null[TvYear]2025[TvOcfInfo]15[TvAcmStatus]0[ExTvStatus]34[ExtendedStatus]12[ModuloSn]135
06-14 16:35:13.731 12841 10469 I [+0900]oneconnect[1.8.45.24_01][CORE]: Remoteless@RemotelessBleStateRepository.collectBleStateDomains.onEach - BleStateDomains size: 1 - ($)
06-14 16:35:13.732 12841 14581 I [+0900]oneconnect[1.8.45.24_01][CORE]: Remoteless@RemotelessBleStateRepository.collectBleStateDomains.onEach - BleStateDomains size: 1 - ($)
06-14 16:35:13.734 12841 29912 I [+0900]oneconnect[1.8.45.24_01][CORE]: Remoteless@RemotelessAutoConnectionManager.autoConnectOnPacket - AutoConnection policy not fulfilled. index: 0, result: false
06-14 16:35:13.757  1113  1113 D io_stats: !@   8,0 r 163005395 3551435236 w 42714558 927800600 d 5562808 1082514348 f 700290 4371948 iot 13221036 0 th 0 0 0 pt 0 inp 0 0 652663.903
06-14 16:35:13.758  1113  1113 D io_stats: !@ Read_top(KB): sh:normal(11290) 16 kworker/4:3H:/(6639) 4
06-14 16:35:13.758  1113  1113 D io_stats: !@ Write_top(KB): kworker/u17:0:/(19373) 5552 soft.appmanager:low(30581) 16 vendor.samsung.:normal(1805) 8
06-14 16:35:13.758  1113  1113 D io_stats: !@ fuse-log: WORST (10078 1 0 2 0) (10660 1 0 2 0) TOTAL_LATENCY (10078 0 1 0 2) (10660 0 1 0 2) TOTAL_CNT (10078 2 1 2) (10660 2 1 2) 
06-14 16:35:13.767  1763  5733 I vendor.qti.bluetooth@1.0-ibs_handler: ProcessIbsCmd: Received IBS_SLEEP_IND: 0xFE
06-14 16:35:13.767  1763  5733 D vendor.qti.bluetooth@1.0-ibs_handler: SerialClockVote: vote for UART CLK OFF
06-14 16:35:13.768  1763  5733 I vendor.qti.bluetooth@1.0-ibs_handler: ProcessIbsCmd: Received IBS_WAKE_IND: 0xFD
06-14 16:35:13.768  1763  5733 D vendor.qti.bluetooth@1.0-ibs_handler: SerialClockVote: vote for UART CLK ON
06-14 16:35:13.768  1763  5733 I vendor.qti.bluetooth@1.0-ibs_handler: ProcessIbsCmd: Writing IBS_WAKE_ACK
06-14 16:35:13.770  4736  5812 I ScanController: onScanResult to scannerId: 11- eventType=0x1b, addressType=1, address=XX:XX:XX:XX:C8:D2, primaryPhy=1, secondaryPhy=0, advertisingSid=0xff, txPower=127, rssi=-58, periodicAdvInt=0x0
06-14 16:35:13.785  4736  5812 I ScanController: onScanResult to scannerId: 11- eventType=0x1b, addressType=1, address=XX:XX:XX:XX:21:1F, primaryPhy=1, secondaryPhy=0, advertisingSid=0xff, txPower=127, rssi=-58, periodicAdvInt=0x0
06-14 16:35:13.824  1763  5733 I vendor.qti.bluetooth@1.0-ibs_handler: ProcessIbsCmd: Received IBS_SLEEP_IND: 0xFE
06-14 16:35:13.824  1763  5733 D vendor.qti.bluetooth@1.0-ibs_handler: SerialClockVote: vote for UART CLK OFF
06-14 16:35:13.829  1763  5733 I vendor.qti.bluetooth@1.0-ibs_handler: ProcessIbsCmd: Received IBS_WAKE_IND: 0xFD
06-14 16:35:13.829  1763  5733 D vendor.qti.bluetooth@1.0-ibs_handler: SerialClockVote: vote for UART CLK ON
06-14 16:35:13.829  1763  5733 I vendor.qti.bluetooth@1.0-ibs_handler: ProcessIbsCmd: Writing IBS_WAKE_ACK
06-14 16:35:13.833  4736  5812 I ScanController: onScanResult to scannerId: 4- eventType=0x1b, addressType=0, address=XX:XX:XX:XX:01:95, primaryPhy=1, secondaryPhy=0, advertisingSid=0xff, txPower=127, rssi=-81, periodicAdvInt=0x0
06-14 16:35:13.833  4736  5812 I ScanController: onScanResult to scannerId: 9- eventType=0x1b, addressType=0, address=XX:XX:XX:XX:01:95, primaryPhy=1, secondaryPhy=0, advertisingSid=0xff, txPower=127, rssi=-81, periodicAdvInt=0x0
06-14 16:35:13.834  4736  5812 I ScanController: onScanResult to scannerId: 11- eventType=0x1b, addressType=1, address=XX:XX:XX:XX:C9:C8, primaryPhy=1, secondaryPhy=0, advertisingSid=0xff, txPower=127, rssi=-50, periodicAdvInt=0x0
06-14 16:35:13.834 12841 13769 I [+0900]oneconnect[1.8.45.24_01][CORE]: DataConvert.parseBleVd - deviceBle : |name:($)-6(8)|deviceType:TV|discoverType:_BLE|services:_TvSoundToMobile|connected:false[TvStatusString]POWER_ON[TvStatus]1[TvService]118[TvMirrorChannel]1[TvRegisteredDB][-98, 100, 53, -14, 115, -55][TvYear]2016[TvOcfInfo]0[TvAcmStatus]0[ExTvStatus]0[ExtendedStatus]-1[ModuloSn]-1
06-14 16:35:13.835 12841 11020 I [+0900]oneconnect[1.8.45.24_01][CORE]: Remoteless@RemotelessBleStateRepository.collectBleStateDomains.onEach - BleStateDomains size: 1 - ($)
06-14 16:35:13.835 12841 15076 I [+0900]oneconnect[1.8.45.24_01][CORE]: Remoteless@RemotelessBleStateRepository.collectBleStateDomains.onEach - BleStateDomains size: 1 - ($)
06-14 16:35:13.836 12841 29912 I [+0900]oneconnect[1.8.45.24_01][CORE]: Remoteless@RemotelessAutoConnectionManager.autoConnectOnPacket - AutoConnection policy not fulfilled. index: 0, result: false
06-14 16:35:13.856  4736  5812 I ScanController: onScanResult to scannerId: 3- eventType=0x1b, addressType=1, address=XX:XX:XX:XX:82:40, primaryPhy=1, secondaryPhy=0, advertisingSid=0xff, txPower=127, rssi=-64, periodicAdvInt=0x0
06-14 16:35:13.857  4736  5812 I ScanController: onScanResult to scannerId: 3- eventType=0x1b, addressType=1, address=XX:XX:XX:XX:0B:31, primaryPhy=1, secondaryPhy=0, advertisingSid=0xff, txPower=127, rssi=-66, periodicAdvInt=0x0
06-14 16:35:13.860  4736  5812 I ScanController: onScanResult to scannerId: 3- eventType=0x1b, addressType=0, address=XX:XX:XX:XX:01:95, primaryPhy=1, secondaryPhy=0, advertisingSid=0xff, txPower=127, rssi=-81, periodicAdvInt=0x0
06-14 16:35:13.899  1763  5733 I vendor.qti.bluetooth@1.0-ibs_handler: ProcessIbsCmd: Received IBS_SLEEP_IND: 0xFE
06-14 16:35:13.899  1763  5733 D vendor.qti.bluetooth@1.0-ibs_handler: SerialClockVote: vote for UART CLK OFF
06-14 16:35:13.904  2401  3028 D PowerManagerService: displayReady: false groupId=0
06-14 16:35:13.904  2401  3028 D DisplayPowerController[0]: animateScreenStateChange: target=ON, mIsEnabled=true
06-14 16:35:13.904  2401  3028 D DisplayPowerController[1]: animateScreenStateChange: target=OFF, mIsEnabled=false
06-14 16:35:13.904  2401  3028 D PowerManagerService: displayReady: true groupId=0
06-14 16:35:13.923  1763  5733 I vendor.qti.bluetooth@1.0-ibs_handler: ProcessIbsCmd: Received IBS_WAKE_IND: 0xFD
06-14 16:35:13.923  1763  5733 D vendor.qti.bluetooth@1.0-ibs_handler: SerialClockVote: vote for UART CLK ON
06-14 16:35:13.923  1763  5733 I vendor.qti.bluetooth@1.0-ibs_handler: ProcessIbsCmd: Writing IBS_WAKE_ACK
06-14 16:35:13.925  4736  5812 I ScanController: onScanResult to scannerId: 11- eventType=0x1, addressType=1, address=XX:XX:XX:XX:D1:5B, primaryPhy=1, secondaryPhy=1, advertisingSid=0x0, txPower=127, rssi=-59, periodicAdvInt=0x0
06-14 16:35:13.964  1763  5733 I vendor.qti.bluetooth@1.0-ibs_handler: ProcessIbsCmd: Received IBS_SLEEP_IND: 0xFE
06-14 16:35:13.964  1763  5733 D vendor.qti.bluetooth@1.0-ibs_handler: SerialClockVote: vote for UART CLK OFF
06-14 16:35:14.039  1807  2630 I thermal_core: pivot(AP) : 391, skin : 384
06-14 16:35:14.039  1807  2630 I vendor.samsung.hardware.thermal-service: index = 6.600000
06-14 16:35:14.039  1807  2630 I vendor.samsung.hardware.thermal-service: 1 / 2
06-14 16:35:14.043  1770  6900 I sensors-hal: handle_sns_std_sensor_event:127, [SSC_LIGHT] A: 174(174),c:223,b:83,m:37,cl:50,l:175,s:175,l0:29472,l1:672,s0:22250,s1:0,acl:1,opr:0.86,f(r):111,u(bl):100,if:111,wi:46,si:0,0(N:1)
06-14 16:35:14.104  2401  3028 D PowerManagerService: displayReady: false groupId=0
06-14 16:35:14.104  2401  3028 D DisplayPowerController[0]: animateScreenStateChange: target=ON, mIsEnabled=true
06-14 16:35:14.105  2401  3028 D DisplayPowerController[1]: animateScreenStateChange: target=OFF, mIsEnabled=false
06-14 16:35:14.105  2401  3028 D PowerManagerService: displayReady: true groupId=0
06-14 16:35:14.115  1763  5272 D vendor.qti.bluetooth@1.0-wake_lock: Release wakelock is released 
06-14 16:35:14.215  7228  7228 I SDHMS:LOAD: type: LoadsFreqs, value: 0:0:0:1017600:1017600:1017600:722304:2400000:556800:222:222:222
06-14 16:35:14.305  2401  3028 D PowerManagerService: displayReady: false groupId=0
06-14 16:35:14.305  2401  3028 D DisplayPowerController[0]: animateScreenStateChange: target=ON, mIsEnabled=true
06-14 16:35:14.305  2401  3028 D DisplayPowerController[1]: animateScreenStateChange: target=OFF, mIsEnabled=false
06-14 16:35:14.305  2401  3028 D PowerManagerService: displayReady: true groupId=0
06-14 16:35:14.406  1770  6942 I sensors-hal: handle_sns_client_event:379, [0][31320811] accel_sample [ 0.078,  0.255,  9.858] 1076197633829096
06-14 16:35:14.505  2401  3028 D PowerManagerService: displayReady: false groupId=0
06-14 16:35:14.505  2401  3028 D DisplayPowerController[0]: animateScreenStateChange: target=ON, mIsEnabled=true
06-14 16:35:14.505  2401  3028 D DisplayPowerController[1]: animateScreenStateChange: target=OFF, mIsEnabled=false
06-14 16:35:14.505  2401  3028 D PowerManagerService: displayReady: true groupId=0
06-14 16:35:14.626  2401  7169 W ActivityManager: Unable to start service Intent { xflg=0x4 cmp=com.teamviewer.host.market/com.teamviewer.incomingsessionlib.service.MainService } U=0: not found
06-14 16:35:14.627  2401  6683 W ActivityManager: Unable to start service Intent { xflg=0x4 cmp=com.rsupport.mobile.agent/.service.AgentMainService } U=0: not found
06-14 16:35:14.627  2401  6683 W ActivityManager: Unable to start service Intent { xflg=0x4 cmp=com.rsupport.mobile.agent/.modules.push.service.RSPushService } U=0: not found
06-14 16:35:14.627  2401  6683 W ActivityManager: Unable to start service Intent { xflg=0x4 cmp=com.teamviewer.quicksupport.market/com.teamviewer.incomingsessionlib.service.MainService } U=0: not found
06-14 16:35:14.627  2401  6683 W ActivityManager: Unable to start service Intent { xflg=0x4 cmp=com.anydesk.anydeskandroid/.IncomingConnectionService } U=0: not found
06-14 16:35:14.627  2401  7169 W ActivityManager: Unable to start service Intent { xflg=0x4 cmp=net.koino.anysupportMobile/net.koino.anysupport.service.AnySupportMainService } U=0: not found
06-14 16:35:14.627  2401  7169 W ActivityManager: Unable to start service Intent { xflg=0x4 cmp=com.apowersoft.mirror/com.apowersoft.mirrorcast.service.CastScreenService } U=0: not found
06-14 16:35:14.627  2401  7169 W ActivityManager: Unable to start service Intent { xflg=0x4 cmp=com.sand.airdroid/.webrtc.SandWebRTCService_ } U=0: not found
06-14 16:35:14.627  2401  7169 W ActivityManager: Unable to start service Intent { xflg=0x4 cmp=com.sand.airdroid/.webrtc.SandWebRTCService } U=0: not found
06-14 16:35:14.627  2401  7169 W ActivityManager: Unable to start service Intent { xflg=0x4 cmp=com.sand.aircast/.webrtc.SandWebRTCService_ } U=0: not found
06-14 16:35:14.627  2401  6683 W ActivityManager: Unable to start service Intent { xflg=0x4 cmp=com.mobzapp.screenstream.trial/com.mobzapp.screenstream.service.ScreenStreamService } U=0: not found
06-14 16:35:14.627  2401  6683 W ActivityManager: Unable to start service Intent { xflg=0x4 cmp=de.im.RemoDroid/.server.utils.ServerService } U=0: not found
06-14 16:35:14.627  2401  6683 W ActivityManager: Unable to start service Intent { xflg=0x4 cmp=com.imobie.anymirror/.service.MirrorService } U=0: not found
06-14 16:35:14.627  2401  6683 W ActivityManager: Unable to start service Intent { xflg=0x4 cmp=com.webkey/.service.BackgroundService } U=0: not found
06-14 16:35:14.627  2401  6683 W ActivityManager: Unable to start service Intent { xflg=0x4 cmp=screen.mirroring.screenmirroring/com.example.myapplication.MirrorService } U=0: not found
06-14 16:35:14.627  2401  6683 W ActivityManager: Unable to start service Intent { xflg=0x4 cmp=com.agileapps.screenstream/.helpers.AppService } U=0: not found
06-14 16:35:14.628  2401  6683 W ActivityManager: Unable to start service Intent { xflg=0x4 cmp=com.agileapps.screenstream/.service.FgService } U=0: not found
06-14 16:35:14.628  2401  6683 W ActivityManager: Unable to start service Intent { xflg=0x4 cmp=com.screenmirrorapp/.mirroring.ScreenRecordingService } U=0: not found
06-14 16:35:14.628  2401  7169 W ActivityManager: Unable to start service Intent { xflg=0x4 cmp=com.screen.mirroring.tv.cast.remote/.browser.core.MirrorForegroundService } U=0: not found
06-14 16:35:14.628  2401  7169 W ActivityManager: Unable to start service Intent { xflg=0x4 cmp=com.logmein.rescuemobile/com.lmi.rescue.app.RescueServerImpl } U=0: not found
06-14 16:35:14.628  2401  7169 W ActivityManager: Unable to start service Intent { xflg=0x4 cmp=com.awesun.control/com.oray.sunlogin.service.MediaProjectionAndKeepAliveService } U=0: not found
06-14 16:35:14.628  2401  6683 W ActivityManager: Unable to start service Intent { xflg=0x4 cmp=com.mobile.to.web.browser.mirroring.wifi.screen.share.miracast.screenmirroring/.service.BrowserForegroundService } U=0: not found
06-14 16:35:14.628  2401  6683 W ActivityManager: Unable to start service Intent { xflg=0x4 cmp=com.midassoft.ezmobileandroid/com.midassoft.ezhelp.EzHelpRemoteService } U=0: not found
06-14 16:35:14.628  2401  7169 W ActivityManager: Unable to start service Intent { xflg=0x4 cmp=com.midassoft.ezmobilesamsung1/com.midassoft.ezhelp.EzHelpRemoteService } U=0: not found
06-14 16:35:14.628  2401  7169 W ActivityManager: Unable to start service Intent { xflg=0x4 cmp=com.sigma_rt.totalcontrol/.ap.service.DaemonService } U=0: not found
06-14 16:35:14.628  2401  7169 W ActivityManager: Unable to start service Intent { xflg=0x4 cmp=com.casttotv.screenmirroring.smarttv.castvideo/com.cast.to.smart.tv.ui.activities.function.screen_mirror.service.ForegroundService } U=0: not found
06-14 16:35:14.628  2401  7169 W ActivityManager: Unable to start service Intent { xflg=0x4 cmp=com.casttotv.screenmirroring.smarttv.castvideo/com.base.mjpeg.MjpegModuleService } U=0: not found
06-14 16:35:14.628  2401  6683 W ActivityManager: Unable to start service Intent { xflg=0x4 cmp=de.twokit.screen.mirroring.app/.util.MirroringService } U=0: not found
06-14 16:35:14.628  2401  6683 W ActivityManager: Unable to start service Intent { xflg=0x4 cmp=com.smartcast.casttotv.screenmirror.mirroringcast.chromecast/.service.ForegroundService } U=0: not found
06-14 16:35:14.628  2401  7169 W ActivityManager: Unable to start service Intent { xflg=0x4 cmp=com.nero.swiftlink.mirror/.core.MirroringService } U=0: not found
06-14 16:35:14.628  2401  7169 W ActivityManager: Unable to start service Intent { xflg=0x4 cmp=com.nero.swiftlink.mirror/.core.MirrorService } U=0: not found
06-14 16:35:14.628  2401  7169 W ActivityManager: Unable to start service Intent { xflg=0x4 cmp=com.ahranta.android.arc.asp/com.ahranta.android.arc.core.CoreService } U=0: not found
06-14 16:35:14.628  2401  7169 W ActivityManager: Unable to start service Intent { xflg=0x4 cmp=com.imobie.anymiro/.service.ScreenCastService } U=0: not found
06-14 16:35:14.628  2401  7169 W ActivityManager: Unable to start service Intent { xflg=0x4 cmp=com.sand.airsos/.webrtc.SandWebRTCService_ } U=0: not found
06-14 16:35:14.629  2401  7169 W ActivityManager: Unable to start service Intent { xflg=0x4 cmp=com.zoho.assist.agent/.service.KeepAliveService } U=0: not found
06-14 16:35:14.629  2401  7169 W ActivityManager: Unable to start service Intent { xflg=0x4 cmp=com.aomei.anyviewer/.root.sub.screenCapture.AMRecorderService } U=0: not found
06-14 16:35:14.629  2401  7169 W ActivityManager: Unable to start service Intent { xflg=0x4 cmp=com.apowersoft.letsview/com.apowersoft.mirrorcast.service.CastScreenService } U=0: not found
06-14 16:35:14.629  2401  7169 W ActivityManager: Unable to start service Intent { xflg=0x4 cmp=com.frixapps.casttotv/.browser.browsercasting.FgService } U=0: not found
06-14 16:35:14.629  2401  7169 W ActivityManager: Unable to start service Intent { xflg=0x4 cmp=com.imyfone.mirrorto/.web.AppService } U=0: not found
06-14 16:35:14.629  2401  7169 W ActivityManager: Unable to start service Intent { xflg=0x4 cmp=com.kakao.talk/.vox.ui.cecall.screenshare.CeCallScreenShareService } U=0: not found
06-14 16:35:14.629  2401  7169 W ActivityManager: Unable to start service Intent { xflg=0x4 cmp=com.islonline.isllight.mobile.android/.SessionService } U=0: not found
06-14 16:35:14.629  2401  7169 W ActivityManager: Unable to start service Intent { xflg=0x4 cmp=kr.co.helpu.host/remotecontrol.host.service.RCHostMainService } U=0: not found
06-14 16:35:14.629  2401  6683 W ActivityManager: Unable to start service Intent { xflg=0x4 cmp=com.rsupport.mobile.agent/.service.RVAForegroundService } U=0: not found
06-14 16:35:14.629  2401  7169 W ActivityManager: Unable to start service Intent { xflg=0x4 cmp=com.carriez.flutter_hbb/.FloatingWindowService } U=0: not found
06-14 16:35:14.629  2401  7169 W ActivityManager: Unable to start service Intent { xflg=0x4 cmp=com.remotepc.host/com.remotepcnew.host.host.service.CaptureService } U=0: not found
06-14 16:35:14.629  2401  7169 W ActivityManager: Unable to start service Intent { xflg=0x4 cmp=com.wisemo.host.v10/com.wisemo.host.HostService } U=0: not found
06-14 16:35:14.629  2401  7169 W ActivityManager: Unable to start service Intent { xflg=0x4 cmp=com.cisco.wx2.android/com.webex.teams.notifications.ScreenShareForegroundService } U=0: not found
06-14 16:35:14.629  2401  7169 W ActivityManager: Unable to start service Intent { xflg=0x4 cmp=com.hoptodesk.app/.MainService } U=0: not found
06-14 16:35:14.629  2401  6683 W ActivityManager: Unable to start service Intent { xflg=0x4 cmp=com.easywork.easycast/.MediaProjectionService } U=0: not found
06-14 16:35:14.629  2401  6683 W ActivityManager: Unable to start service Intent { xflg=0x4 cmp=jp.naver.line.android/com.linecorp.voip2.feature.pip.service.VoIPScreenShareService } U=0: not found
06-14 16:35:14.630  2401  7169 W ActivityManager: Unable to start service Intent { xflg=0x4 cmp=com.islonline.isllight.mobile.android/.mediaprojection.MediaProjectionCaptureService } U=0: not found
06-14 16:35:14.630  2401  7169 W ActivityManager: Unable to start service Intent { xflg=0x4 cmp=com.splashtop.sos/com.splashtop.streamer.StreamerService } U=0: not found
06-14 16:35:14.651  8008  8008 I MSDK    : 2,1,9,0,0,0
06-14 16:35:14.651  8008  8008 I MSDK    : 2,1,9,1,0,0
06-14 16:35:14.705  2401  3028 D PowerManagerService: displayReady: false groupId=0
06-14 16:35:14.705  2401  3028 D DisplayPowerController[0]: animateScreenStateChange: target=ON, mIsEnabled=true
06-14 16:35:14.705  2401  3028 D DisplayPowerController[1]: animateScreenStateChange: target=OFF, mIsEnabled=false
06-14 16:35:14.706  2401  3028 D PowerManagerService: displayReady: true groupId=0
06-14 16:35:14.733  2401  4030 D NetdEventListenerService: DNS Requested by 238, 10078(com.shinhan.sbanking), SUCCESS, 0ms
06-14 16:35:14.813  2401  7217 W ParceledListSlice: Element #44 is 20412 bytes.
06-14 16:35:14.814  2401  7217 W ParceledListSlice: Element #54 is 31412 bytes.
06-14 16:35:14.831  2401  7217 W ParceledListSlice: Element #840 is 35756 bytes.
06-14 16:35:14.832  2401  7217 W ParceledListSlice: Element #857 is 17340 bytes.
06-14 16:35:14.905  2401  3028 D PowerManagerService: displayReady: false groupId=0
06-14 16:35:14.906  2401  3028 D DisplayPowerController[0]: animateScreenStateChange: target=ON, mIsEnabled=true
06-14 16:35:14.906  2401  3028 D DisplayPowerController[1]: animateScreenStateChange: target=OFF, mIsEnabled=false
06-14 16:35:14.906  2401  3028 D PowerManagerService: displayReady: true groupId=0
06-14 16:35:15.042  1807  2630 I thermal_core: pivot(AP) : 391, skin : 384
06-14 16:35:15.042  1807  2630 I vendor.samsung.hardware.thermal-service: index = 6.800000
06-14 16:35:15.042  1807  2630 I vendor.samsung.hardware.thermal-service: 2 / 2
06-14 16:35:15.083  1773  9320 D AHAL_ModulePrimary_QTI: getVendorParameters: id count: 1
06-14 16:35:15.083  1773  9320 I PAL: ResourceManager: getActiveStream_l: 6569: no active streams found for device 3 ret -2
06-14 16:35:15.083  1773  9320 D AHAL_SecModulePrimary: onGetSECGenericParameters get temperature for g_hw_speaker_amp_temp_rcv: 0
06-14 16:35:15.083  1773  1782 D AHAL_ModulePrimary_QTI: getVendorParameters: id count: 1
06-14 16:35:15.083  1773  1782 I PAL: ResourceManager: getActiveStream_l: 6569: no active streams found for device 3 ret -2
06-14 16:35:15.083  1773  1782 D AHAL_SecModulePrimary: onGetSECGenericParameters get temperature for g_hw_speaker_amp_temp_spk: 0
06-14 16:35:15.085  7228  7940 I SDHMS:x : SIOP:: AP:391 BAT:356 USB:350 CHG:380 PA:379 CP:379 WIFI:407 CF:390 BLK:0 SUBBAT:354 LRPTHM:369 SKIN:378 SKINF:381 SKINB:384 LRP:378 LRF:381 LRB:384 APT:381 APR:384 RCV:321 SPK:320 CAPR:378 CRCV:320 CSPK:328 CAMT:384 UPSPK:354 DNSPK:353 VAP02:395 VAP05:393 AMB2:303 HIGH:0 AVGCUR:-344 POWER:-1377
06-14 16:35:15.086  7228  7940 I AudioManager: setParameters keyValuePairs = g_hw_speaker_amp_temp_spk=33
06-14 16:35:15.087  1831  9281 D AudioFlinger: setParameters: filtered dev setParameters keyvalue g_hw_speaker_amp_temp_spk=33
06-14 16:35:15.088  1773  1782 D AHAL_HFP_QTI: hfp_set_parameters enter
06-14 16:35:15.088  1773  1782 D AHAL_HFP_QTI: hfp_set_parameters Exit
06-14 16:35:15.088  1773  1782 D AHAL_SecModulePrimary: processSetVendorParameters: configured g_hw_speaker_amp_temp_spk
06-14 16:35:15.088  1773  1782 D AHAL_SecModulePrimary: processSetVendorParameters: handler set on Feature:0
06-14 16:35:15.088  1773  1782 D AHAL_SecModulePrimary: onSetSECGenericParameters set temperature for g_hw_speaker_amp_temp_spk: 33
06-14 16:35:15.088  1773  1782 I PAL: API: pal_set_param: 1377: Enter: param id 3002
06-14 16:35:15.088  1773  1782 I PAL: ResourceManager: getActiveStream_l: 6569: no active streams found for device 3 ret -2
06-14 16:35:15.089  1831  9281 E ConversionHelperAidl: Function: parseAndSetVendorParameters Line: 94 Failed 
06-14 16:35:15.089  1831  9281 E ConversionHelperAidl: Function: parseAndSetVendorParameters Line: 94 Failed 
06-14 16:35:15.089  7228  7940 I AudioManager: setParameters keyValuePairs = g_hw_speaker_amp_temp_rcv=32
06-14 16:35:15.090  1831  9281 D AudioFlinger: setParameters: filtered dev setParameters keyvalue g_hw_speaker_amp_temp_rcv=32
06-14 16:35:15.090  1773  9320 D AHAL_HFP_QTI: hfp_set_parameters enter
06-14 16:35:15.090  1773  9320 D AHAL_HFP_QTI: hfp_set_parameters Exit
06-14 16:35:15.090  1773  9320 D AHAL_SecModulePrimary: processSetVendorParameters: configured g_hw_speaker_amp_temp_rcv
06-14 16:35:15.090  1773  9320 D AHAL_SecModulePrimary: processSetVendorParameters: handler set on Feature:0
06-14 16:35:15.090  1773  9320 D AHAL_SecModulePrimary: onSetSECGenericParameters set temperature for g_hw_speaker_amp_temp_rcv: 32
06-14 16:35:15.090  1773  9320 I PAL: API: pal_set_param: 1377: Enter: param id 3001
06-14 16:35:15.090  1773  9320 I PAL: ResourceManager: getActiveStream_l: 6569: no active streams found for device 3 ret -2
06-14 16:35:15.090  1831  9281 E ConversionHelperAidl: Function: parseAndSetVendorParameters Line: 94 Failed 
06-14 16:35:15.091  1831  9281 E ConversionHelperAidl: Function: parseAndSetVendorParameters Line: 94 Failed 
06-14 16:35:15.106  2401  3028 D PowerManagerService: displayReady: false groupId=0
06-14 16:35:15.106  2401  3028 D DisplayPowerController[0]: animateScreenStateChange: target=ON, mIsEnabled=true
06-14 16:35:15.106  2401  3028 D DisplayPowerController[1]: animateScreenStateChange: target=OFF, mIsEnabled=false
06-14 16:35:15.106  2401  3028 D PowerManagerService: displayReady: true groupId=0
06-14 16:35:15.306  2401  3028 D PowerManagerService: displayReady: false groupId=0
06-14 16:35:15.306  2401  3028 D DisplayPowerController[0]: animateScreenStateChange: target=ON, mIsEnabled=true
06-14 16:35:15.306  2401  3028 D DisplayPowerController[1]: animateScreenStateChange: target=OFF, mIsEnabled=false
06-14 16:35:15.307  2401  3028 D PowerManagerService: displayReady: true groupId=0
06-14 16:35:15.323  1770 14565 I sensors-hal: handle_sns_std_sensor_event:90, light_cct: ts = 1076198578318523 ns; value = [175, 175, 195, 222, 194, 83, 50, 42, 29344, 31, 1]
06-14 16:35:15.506  2401  3028 D PowerManagerService: displayReady: false groupId=0
06-14 16:35:15.506  2401  3028 D DisplayPowerController[0]: animateScreenStateChange: target=ON, mIsEnabled=true
06-14 16:35:15.507  2401  3028 D DisplayPowerController[1]: animateScreenStateChange: target=OFF, mIsEnabled=false
06-14 16:35:15.507  2401  3028 D PowerManagerService: displayReady: true groupId=0
