06-14 16:17:26.430  1830  1830 I SSC_DAEMON: handleSensorTestReqMsg:88, Sensor type :6, Msg type:5
06-14 16:17:26.436  4736  5812 I ScanController: onScanResult to scannerId: 3- eventType=0x1b, addressType=0, address=XX:XX:XX:XX:01:95, primaryPhy=1, secondaryPhy=0, advertisingSid=0xff, txPower=127, rssi=-94, periodicAdvInt=0x0
06-14 16:17:26.438  4736  5812 I ScanController: onScanResult to scannerId: 3- eventType=0x1b, addressType=1, address=XX:XX:XX:XX:05:F9, primaryPhy=1, secondaryPhy=0, advertisingSid=0xff, txPower=127, rssi=-80, periodicAdvInt=0x0
06-14 16:17:26.459  4736  5812 I ScanController: onScanResult to scannerId: 11- eventType=0x10, addressType=1, address=XX:XX:XX:XX:25:F7, primaryPhy=1, secondaryPhy=0, advertisingSid=0xff, txPower=127, rssi=-61, periodicAdvInt=0x0
06-14 16:17:26.462  1791  2322 I SDM     : DisplayBase::CommitThread: Received idle timeout, panel: cmd, timeout: 70000 us
06-14 16:17:26.475  4736  5812 I ScanController: onScanResult to scannerId: 11- eventType=0x0, addressType=1, address=XX:XX:XX:XX:0B:46, primaryPhy=1, secondaryPhy=1, advertisingSid=0x1, txPower=127, rssi=-51, periodicAdvInt=0x0
06-14 16:17:26.479  4736  5812 I ScanController: onScanResult to scannerId: 11- eventType=0x1b, addressType=1, address=XX:XX:XX:XX:ED:1E, primaryPhy=1, secondaryPhy=0, advertisingSid=0xff, txPower=127, rssi=-58, periodicAdvInt=0x0
06-14 16:17:26.509  4736  5812 I ScanController: onScanResult to scannerId: 11- eventType=0x0, addressType=1, address=XX:XX:XX:XX:BD:CF, primaryPhy=1, secondaryPhy=1, advertisingSid=0x0, txPower=127, rssi=-50, periodicAdvInt=0x0
06-14 16:17:26.515  4736  5812 I ScanController: onScanResult to scannerId: 3- eventType=0x1b, addressType=0, address=XX:XX:XX:XX:01:95, primaryPhy=1, secondaryPhy=0, advertisingSid=0xff, txPower=127, rssi=-93, periodicAdvInt=0x0
06-14 16:17:26.541  4736  5812 I ScanController: onScanResult to scannerId: 11- eventType=0x10, addressType=1, address=XX:XX:XX:XX:A5:C7, primaryPhy=1, secondaryPhy=0, advertisingSid=0xff, txPower=127, rssi=-58, periodicAdvInt=0x0
06-14 16:17:26.556  4736  5812 I ScanController: onScanResult to scannerId: 11- eventType=0x0, addressType=1, address=XX:XX:XX:XX:5B:71, primaryPhy=1, secondaryPhy=1, advertisingSid=0x2, txPower=127, rssi=-52, periodicAdvInt=0x0
06-14 16:17:26.572  2401  3028 D PowerManagerService: displayReady: false groupId=0
06-14 16:17:26.572  2401  3028 D DisplayPowerController[0]: animateScreenStateChange: target=ON, mIsEnabled=true
06-14 16:17:26.572  2401  3028 D DisplayPowerController[1]: animateScreenStateChange: target=OFF, mIsEnabled=false
06-14 16:17:26.572  2401  3028 D PowerManagerService: displayReady: true groupId=0
06-14 16:17:26.579  4736  5812 I ScanController: onScanResult to scannerId: 11- eventType=0x1b, addressType=1, address=XX:XX:XX:XX:CF:B6, primaryPhy=1, secondaryPhy=0, advertisingSid=0xff, txPower=127, rssi=-61, periodicAdvInt=0x0
06-14 16:17:26.586 25776 18886 I NearbyConnections: EndpointManager received a KEEP_ALIVE frame (seqNum:96) and reply a KEEP_ALIVE frame with ack from endpoint IXZC on channel ENCRYPTED_WIFI_LAN.
06-14 16:17:26.617  1763  5733 I vendor.qti.bluetooth@1.0-ibs_handler: ProcessIbsCmd: Received IBS_SLEEP_IND: 0xFE
06-14 16:17:26.617  1763  5733 D vendor.qti.bluetooth@1.0-ibs_handler: SerialClockVote: vote for UART CLK OFF
06-14 16:17:26.767  1763  5272 D vendor.qti.bluetooth@1.0-wake_lock: Release wakelock is released 
06-14 16:17:26.773  2401  3028 D PowerManagerService: displayReady: false groupId=0
06-14 16:17:26.773  2401  3028 D DisplayPowerController[0]: animateScreenStateChange: target=ON, mIsEnabled=true
06-14 16:17:26.774  2401  3028 D DisplayPowerController[1]: animateScreenStateChange: target=OFF, mIsEnabled=false
06-14 16:17:26.774  2401  3028 D PowerManagerService: displayReady: true groupId=0
06-14 16:17:26.924  1807  2630 I thermal_core: pivot(AP) : 388, skin : 382
06-14 16:17:26.924  1807  2630 I vendor.samsung.hardware.thermal-service: index = 6.400000
06-14 16:17:26.924  1807  2630 I vendor.samsung.hardware.thermal-service: 2 / 2
06-14 16:17:26.950  1779  1779 I SS_POWER_HINT_SESSION: SS_ADPF 9232-10225-aa90 destroy
06-14 16:17:26.950  1776  1963 I HYPER-HAL: [RequestManager.cpp]acquire(): Acquired ID : -606055902  [1779 / 53743]    HINT :      list : [TID_LOW_LATENCY / 0] [TID / 12132] [TID / 12133] [TID / 9232] [TID / 12134] 
06-14 16:17:26.951  1776  1963 I HYPER-HAL: [RequestManager.cpp]releaseLocked(): Released ID : -606055902
06-14 16:17:26.951  1776  1963 I HYPER-HAL: [RequestManager.cpp]acquire(): Acquired ID : -606000378  [1779 / 53744]    HINT :      list : [UCLAMP_MIN_BOOST / 0] [TIMEOUT / 0] [TID / 12132] [TID / 12133] [TID / 9232] [TID / 12134] 
06-14 16:17:26.951  1776  1963 I HYPER-HAL: [RequestManager.cpp]releaseLocked(): Released ID : -606000378
06-14 16:17:26.960  1791  2322 I SDM     : DisplayBase::CommitThread: Received idle timeout, panel: cmd, timeout: 70000 us
06-14 16:17:26.961  1773  1773 D AHAL_ModulePrimary_QTI: getVendorParameters: id count: 1
06-14 16:17:26.961  1773  1773 I PAL: ResourceManager: getActiveStream_l: 6569: no active streams found for device 3 ret -2
06-14 16:17:26.961  1773  1773 D AHAL_SecModulePrimary: onGetSECGenericParameters get temperature for g_hw_speaker_amp_temp_rcv: 0
06-14 16:17:26.962  1773  9487 D AHAL_ModulePrimary_QTI: getVendorParameters: id count: 1
06-14 16:17:26.962  1773  9487 I PAL: ResourceManager: getActiveStream_l: 6569: no active streams found for device 3 ret -2
06-14 16:17:26.962  1773  9487 D AHAL_SecModulePrimary: onGetSECGenericParameters get temperature for g_hw_speaker_amp_temp_spk: 0
06-14 16:17:26.963  7228  7940 I SDHMS:x : SIOP:: AP:388 BAT:354 USB:349 CHG:378 PA:377 CP:376 WIFI:405 CF:387 BLK:0 SUBBAT:353 LRPTHM:367 SKIN:376 SKINF:378 SKINB:382 LRP:376 LRF:378 LRB:382 APT:378 APR:382 RCV:320 SPK:320 CAPR:376 CRCV:320 CSPK:328 CAMT:381 UPSPK:353 DNSPK:353 VAP02:390 VAP05:389 AMB2:306 HIGH:0 AVGCUR:-320 POWER:-1286
06-14 16:17:26.964  7228  7940 I AudioManager: setParameters keyValuePairs = g_hw_speaker_amp_temp_spk=33
06-14 16:17:26.964  1831  4978 D AudioFlinger: setParameters: filtered dev setParameters keyvalue g_hw_speaker_amp_temp_spk=33
06-14 16:17:26.964  1773  9487 D AHAL_HFP_QTI: hfp_set_parameters enter
06-14 16:17:26.965  1773  9487 D AHAL_HFP_QTI: hfp_set_parameters Exit
06-14 16:17:26.965  1773  9487 D AHAL_SecModulePrimary: processSetVendorParameters: configured g_hw_speaker_amp_temp_spk
06-14 16:17:26.965  1773  9487 D AHAL_SecModulePrimary: processSetVendorParameters: handler set on Feature:0
06-14 16:17:26.965  1773  9487 D AHAL_SecModulePrimary: onSetSECGenericParameters set temperature for g_hw_speaker_amp_temp_spk: 33
06-14 16:17:26.965  1773  9487 I PAL: API: pal_set_param: 1377: Enter: param id 3002
06-14 16:17:26.965  1773  9487 I PAL: ResourceManager: getActiveStream_l: 6569: no active streams found for device 3 ret -2
06-14 16:17:26.965  1831  4978 E ConversionHelperAidl: Function: parseAndSetVendorParameters Line: 94 Failed 
06-14 16:17:26.965  1831  4978 E ConversionHelperAidl: Function: parseAndSetVendorParameters Line: 94 Failed 
06-14 16:17:26.965  7228  7940 I AudioManager: setParameters keyValuePairs = g_hw_speaker_amp_temp_rcv=32
06-14 16:17:26.966  1831  1933 D AudioFlinger: setParameters: filtered dev setParameters keyvalue g_hw_speaker_amp_temp_rcv=32
06-14 16:17:26.966  1773  1773 D AHAL_HFP_QTI: hfp_set_parameters enter
06-14 16:17:26.966  1773  1773 D AHAL_HFP_QTI: hfp_set_parameters Exit
06-14 16:17:26.966  1773  1773 D AHAL_SecModulePrimary: processSetVendorParameters: configured g_hw_speaker_amp_temp_rcv
06-14 16:17:26.966  1773  1773 D AHAL_SecModulePrimary: processSetVendorParameters: handler set on Feature:0
06-14 16:17:26.966  1773  1773 D AHAL_SecModulePrimary: onSetSECGenericParameters set temperature for g_hw_speaker_amp_temp_rcv: 32
06-14 16:17:26.966  1773  1773 I PAL: API: pal_set_param: 1377: Enter: param id 3001
06-14 16:17:26.966  1773  1773 I PAL: ResourceManager: getActiveStream_l: 6569: no active streams found for device 3 ret -2
06-14 16:17:26.966  1831  1933 E ConversionHelperAidl: Function: parseAndSetVendorParameters Line: 94 Failed 
06-14 16:17:26.966  1831  1933 E ConversionHelperAidl: Function: parseAndSetVendorParameters Line: 94 Failed 
06-14 16:17:26.970  1830  1830 I SSC_DAEMON: handleSensorTestReqMsg:88, Sensor type :6, Msg type:5
06-14 16:17:26.974  2401  3028 D PowerManagerService: displayReady: false groupId=0
06-14 16:17:26.974  2401  3028 D DisplayPowerController[0]: animateScreenStateChange: target=ON, mIsEnabled=true
06-14 16:17:26.974  2401  3028 D DisplayPowerController[1]: animateScreenStateChange: target=OFF, mIsEnabled=false
06-14 16:17:26.975  2401  3028 D PowerManagerService: displayReady: true groupId=0
06-14 16:17:27.174  2401  3028 D PowerManagerService: displayReady: false groupId=0
06-14 16:17:27.174  2401  3028 D DisplayPowerController[0]: animateScreenStateChange: target=ON, mIsEnabled=true
06-14 16:17:27.175  2401  3028 D DisplayPowerController[1]: animateScreenStateChange: target=OFF, mIsEnabled=false
06-14 16:17:27.175  2401  3028 D PowerManagerService: displayReady: true groupId=0
06-14 16:17:27.189  2401  6683 W ParceledListSlice: Element #44 is 20412 bytes.
06-14 16:17:27.190  2401  7525 W ParceledListSlice: Element #54 is 31412 bytes.
06-14 16:17:27.200  1770  6942 I sensors-hal: handle_sns_client_event:379, [0][31303422] accel_sample [ 0.076,  0.255,  9.853] 1075130427836799
06-14 16:17:27.211  2401  6683 W ParceledListSlice: Element #840 is 35756 bytes.
06-14 16:17:27.212  2401  7525 W ParceledListSlice: Element #857 is 17340 bytes.
06-14 16:17:27.375  2401  3028 D PowerManagerService: displayReady: false groupId=0
06-14 16:17:27.375  2401  3028 D DisplayPowerController[0]: animateScreenStateChange: target=ON, mIsEnabled=true
06-14 16:17:27.375  2401  3028 D DisplayPowerController[1]: animateScreenStateChange: target=OFF, mIsEnabled=false
06-14 16:17:27.375  2401  3028 D PowerManagerService: displayReady: true groupId=0
06-14 16:17:27.458  1791  2322 I SDM     : DisplayBase::CommitThread: Received idle timeout, panel: cmd, timeout: 70000 us
06-14 16:17:27.473  1830  1830 I SSC_DAEMON: handleSensorTestReqMsg:88, Sensor type :6, Msg type:5
06-14 16:17:27.483  1770 14565 I sensors-hal: handle_sns_std_sensor_event:90, light_cct: ts = 1075130738320705 ns; value = [165, 165, 196, 221, 183, 81, 69, 34, 29536, 46, 1]
06-14 16:17:27.512  2401  3847 E SemWifiIntelligentConnectionManager: Scan failure: -1 / not available
06-14 16:17:27.512  2401  3847 E WifiBackgroundScanStateMachine: Failed to update schedule because WifiScanningService is not initialized
06-14 16:17:27.576  2401  3028 D PowerManagerService: displayReady: false groupId=0
06-14 16:17:27.577  2401  3028 D DisplayPowerController[0]: animateScreenStateChange: target=ON, mIsEnabled=true
06-14 16:17:27.577  2401  3028 D DisplayPowerController[1]: animateScreenStateChange: target=OFF, mIsEnabled=false
06-14 16:17:27.577  2401  3028 D PowerManagerService: displayReady: true groupId=0
06-14 16:17:27.778  2401  3028 D PowerManagerService: displayReady: false groupId=0
06-14 16:17:27.778  2401  3028 D DisplayPowerController[0]: animateScreenStateChange: target=ON, mIsEnabled=true
06-14 16:17:27.779  2401  3028 D DisplayPowerController[1]: animateScreenStateChange: target=OFF, mIsEnabled=false
06-14 16:17:27.779  2401  3028 D PowerManagerService: displayReady: true groupId=0
06-14 16:17:27.959  1791  2322 I SDM     : DisplayBase::CommitThread: Received idle timeout, panel: cmd, timeout: 70000 us
06-14 16:17:27.965  1807  2630 I thermal_core: pivot(AP) : 388, skin : 382
06-14 16:17:27.965  1807  2630 I vendor.samsung.hardware.thermal-service: index = 6.400000
06-14 16:17:27.965  1807  2630 I vendor.samsung.hardware.thermal-service: 1 / 2
06-14 16:17:27.971  1830  1830 I SSC_DAEMON: handleSensorTestReqMsg:88, Sensor type :6, Msg type:5
06-14 16:17:27.973  1830  6316 I SSC_DAEMON: light_event_log:208, light_msg(6/5): coprW - 316
06-14 16:17:27.978  2401  3028 D PowerManagerService: displayReady: false groupId=0
06-14 16:17:27.978  2401  3028 D DisplayPowerController[0]: animateScreenStateChange: target=ON, mIsEnabled=true
06-14 16:17:27.978  2401  3028 D DisplayPowerController[1]: animateScreenStateChange: target=OFF, mIsEnabled=false
06-14 16:17:27.978  2401  3028 D PowerManagerService: displayReady: true groupId=0
06-14 16:17:28.065  2401  3971 I SemWifiServiceDetector: Service det. suspended: T / T / 15593
06-14 16:17:28.131  2439  2439 I CNSS    : /sys/wifi/max_chipset_log_size doesn't exist
06-14 16:17:28.178  2401  3028 D PowerManagerService: displayReady: false groupId=0
06-14 16:17:28.178  2401  3028 D DisplayPowerController[0]: animateScreenStateChange: target=ON, mIsEnabled=true
06-14 16:17:28.178  2401  3028 D DisplayPowerController[1]: animateScreenStateChange: target=OFF, mIsEnabled=false
06-14 16:17:28.178  2401  3028 D PowerManagerService: displayReady: true groupId=0
06-14 16:17:28.264  1763  5733 I vendor.qti.bluetooth@1.0-ibs_handler: ProcessIbsCmd: Received IBS_WAKE_IND: 0xFD
06-14 16:17:28.264  1763  5733 D vendor.qti.bluetooth@1.0-ibs_handler: SerialClockVote: vote for UART CLK ON
06-14 16:17:28.264  1763  5733 D vendor.qti.bluetooth@1.0-wake_lock: Acquire wakelock is acquired 
06-14 16:17:28.264  1763  5733 I vendor.qti.bluetooth@1.0-ibs_handler: ProcessIbsCmd: Writing IBS_WAKE_ACK
06-14 16:17:28.271  4736  5812 I ScanController: onScanResult to scannerId: 3- eventType=0x1b, addressType=1, address=XX:XX:XX:XX:5D:A1, primaryPhy=1, secondaryPhy=0, advertisingSid=0xff, txPower=127, rssi=-72, periodicAdvInt=0x0
06-14 16:17:28.284  4736  5812 I ScanController: onScanResult to scannerId: 11- eventType=0x0, addressType=1, address=XX:XX:XX:XX:BD:CF, primaryPhy=1, secondaryPhy=1, advertisingSid=0x0, txPower=127, rssi=-61, periodicAdvInt=0x0
06-14 16:17:28.293  4736  5812 I ScanController: onScanResult to scannerId: 3- eventType=0x1b, addressType=0, address=XX:XX:XX:XX:01:95, primaryPhy=1, secondaryPhy=0, advertisingSid=0xff, txPower=127, rssi=-91, periodicAdvInt=0x0
06-14 16:17:28.308  2401  4030 D NetdEventListenerService: DNS Requested by 238, 10078(com.shinhan.sbanking), SUCCESS, 0ms
06-14 16:17:28.324  4736  5812 I ScanController: onScanResult to scannerId: 11- eventType=0x0, addressType=1, address=XX:XX:XX:XX:5B:71, primaryPhy=1, secondaryPhy=1, advertisingSid=0x2, txPower=127, rssi=-58, periodicAdvInt=0x0
06-14 16:17:28.326  4736  5812 I ScanController: onScanResult to scannerId: 11- eventType=0x10, addressType=1, address=XX:XX:XX:XX:A5:C7, primaryPhy=1, secondaryPhy=0, advertisingSid=0xff, txPower=127, rssi=-58, periodicAdvInt=0x0
06-14 16:17:28.350  4736  5812 I ScanController: onScanResult to scannerId: 3- eventType=0x1b, addressType=1, address=XX:XX:XX:XX:05:F9, primaryPhy=1, secondaryPhy=0, advertisingSid=0xff, txPower=127, rssi=-69, periodicAdvInt=0x0
06-14 16:17:28.354  4736  5812 I ScanController: onScanResult to scannerId: 11- eventType=0x1b, addressType=1, address=XX:XX:XX:XX:CF:B6, primaryPhy=1, secondaryPhy=0, advertisingSid=0xff, txPower=127, rssi=-52, periodicAdvInt=0x0
06-14 16:17:28.367  4736  5812 I ScanController: onScanResult to scannerId: 11- eventType=0x10, addressType=1, address=XX:XX:XX:XX:25:F7, primaryPhy=1, secondaryPhy=0, advertisingSid=0xff, txPower=127, rssi=-52, periodicAdvInt=0x0
06-14 16:17:28.371  4736  5812 I ScanController: onScanResult to scannerId: 11- eventType=0x1b, addressType=1, address=XX:XX:XX:XX:ED:1E, primaryPhy=1, secondaryPhy=0, advertisingSid=0xff, txPower=127, rssi=-48, periodicAdvInt=0x0
06-14 16:17:28.378  2401  3028 D PowerManagerService: displayReady: false groupId=0
06-14 16:17:28.378  2401  3028 D DisplayPowerController[0]: animateScreenStateChange: target=ON, mIsEnabled=true
06-14 16:17:28.379  2401  3028 D DisplayPowerController[1]: animateScreenStateChange: target=OFF, mIsEnabled=false
06-14 16:17:28.379  2401  3028 D PowerManagerService: displayReady: true groupId=0
06-14 16:17:28.410  1763  5733 I vendor.qti.bluetooth@1.0-ibs_handler: ProcessIbsCmd: Received IBS_SLEEP_IND: 0xFE
06-14 16:17:28.410  1763  5733 D vendor.qti.bluetooth@1.0-ibs_handler: SerialClockVote: vote for UART CLK OFF
06-14 16:17:28.441  1763  5733 I vendor.qti.bluetooth@1.0-ibs_handler: ProcessIbsCmd: Received IBS_WAKE_IND: 0xFD
06-14 16:17:28.441  1763  5733 D vendor.qti.bluetooth@1.0-ibs_handler: SerialClockVote: vote for UART CLK ON
06-14 16:17:28.441  1763  5733 I vendor.qti.bluetooth@1.0-ibs_handler: ProcessIbsCmd: Writing IBS_WAKE_ACK
06-14 16:17:28.445  4736  5812 I ScanController: onScanResult to scannerId: 11- eventType=0x0, addressType=1, address=XX:XX:XX:XX:90:65, primaryPhy=1, secondaryPhy=1, advertisingSid=0x0, txPower=127, rssi=-69, periodicAdvInt=0x0
06-14 16:17:28.458  1791  2322 I SDM     : DisplayBase::CommitThread: Received idle timeout, panel: cmd, timeout: 70000 us
06-14 16:17:28.463  4736  5812 I ScanController: onScanResult to scannerId: 11- eventType=0x0, addressType=1, address=XX:XX:XX:XX:5B:71, primaryPhy=1, secondaryPhy=1, advertisingSid=0x2, txPower=127, rssi=-62, periodicAdvInt=0x0
06-14 16:17:28.464  4736  5812 I ScanController: onScanResult to scannerId: 11- eventType=0x10, addressType=1, address=XX:XX:XX:XX:A5:C7, primaryPhy=1, secondaryPhy=0, advertisingSid=0xff, txPower=127, rssi=-57, periodicAdvInt=0x0
06-14 16:17:28.474  1830  1830 I SSC_DAEMON: handleSensorTestReqMsg:88, Sensor type :6, Msg type:5
06-14 16:17:28.503  1763  5733 I vendor.qti.bluetooth@1.0-ibs_handler: ProcessIbsCmd: Received IBS_SLEEP_IND: 0xFE
06-14 16:17:28.503  1763  5733 D vendor.qti.bluetooth@1.0-ibs_handler: SerialClockVote: vote for UART CLK OFF
06-14 16:17:28.579  2401  3028 D PowerManagerService: displayReady: false groupId=0
06-14 16:17:28.579  2401  3028 D DisplayPowerController[0]: animateScreenStateChange: target=ON, mIsEnabled=true
06-14 16:17:28.579  2401  3028 D DisplayPowerController[1]: animateScreenStateChange: target=OFF, mIsEnabled=false
06-14 16:17:28.579  2401  3028 D PowerManagerService: displayReady: true groupId=0
06-14 16:17:28.654  1763  5272 D vendor.qti.bluetooth@1.0-wake_lock: Release wakelock is released 
06-14 16:17:28.695  2401  3841 E WifiStaIfaceAidlImpl: getCachedScanData failed with service-specific exception: android.os.ServiceSpecificException:  (code 4)
06-14 16:17:28.699  2401  6666 D SemWifiUsabilityStatsMonitor: onWifiUsabilityStats - seqNum 69333, isSameBssidAndFreq true
06-14 16:17:28.704  2401  3973 E SemWifiLinkQualityMonitor: Too old or invalid TMI: currentTime=1781421448704 lastDateWindow=1781420959000
06-14 16:17:28.705  2401  3974 D InsDataManager: onOutageCountUpdate() - Outage Data: 0, LQ : N. Outage Triggered: false
06-14 16:17:28.705  2401  3974 D SemInsManager: {"bssid": "94c098bf5180","rssi": -70.0,"latency": 0.0,"outage_count": 0,"lq_callback_triggered": false,"outage_log": "Unreliable statistics: -70.0 / 8 / 1401 / 21 / 1 || 94c098bf5180: 0.000 / 0.000 / @ || N N / 0 0 / N 2.0 / N X 2 / 651598844 0 || 2026-06-14 16:09:19  / 0: 0 0 0 0 0 0 / 0: 0 0 0 0 0 0 / 0: 0 0 0 0 0 0""Magnetic Sensor Events size": "0""Pressure Sensor Events size": "0"}
06-14 16:17:28.764  1770  6900 I sensors-hal: handle_sns_std_sensor_event:127, [SSC_LIGHT] A: 138(138),c:316,b:81,m:37,cl:69,l:135,s:138,l0:26592,l1:480,s0:17750,s1:0,acl:1,opr:0.86,f(r):111,u(bl):100,if:111,wi:31,si:0,0(N:1)
06-14 16:17:28.764  1770 14483 I sensors-hal: handle_sns_std_sensor_event:404, [SSC_LIGHT] P: 138(138),c:316,b:81,m:37,cl:69,l:135,s:138,l0:26592,l1:480,s0:17750,s1:0,acl:1,opr:0.86,f(r):111,u(bl):100,if:111,wi:31,si:0,0(N:1)
06-14 16:17:28.779  2401  3028 D PowerManagerService: displayReady: false groupId=0
06-14 16:17:28.779  2401  3028 D DisplayPowerController[0]: animateScreenStateChange: target=ON, mIsEnabled=true
06-14 16:17:28.779  2401  3028 D DisplayPowerController[1]: animateScreenStateChange: target=OFF, mIsEnabled=false
06-14 16:17:28.779  2401  3028 D PowerManagerService: displayReady: true groupId=0
06-14 16:17:28.872  1770  6900 I sensors-hal: handle_sns_client_event:208, auto_rotation_debug_2 mode,255,last,255, type,3,0 main,0.077,0.263,9.868 sub,-0.225,0.239,-9.863, ar,0, h_ic,1, s,3, ver,12, pedo,1,e,1,i,3
06-14 16:17:28.874  4061  4061 I wpa_supplicant: Heartbeat 92224
06-14 16:17:28.960  1791  2322 I SDM     : DisplayBase::CommitThread: Received idle timeout, panel: cmd, timeout: 70000 us
