--------- beginning of main
06-14 16:17:24.250  2401  3735 D PhoneWindowManager: interceptKeyTi keyCode=4 action=0 repeatCount=0 keyguardOn=false canceled=false
06-14 16:17:24.250  2401  3735 D PhoneWindowManagerExt: interceptKeyTi code=4 down=true repeatCount=0 displayId=-1 interactive=true
06-14 16:17:24.250  2401  3735 I InputDispatcher: Delivering key to (18772): B action: 0x0 (0), f=0x0, m=0x0, d=0, '569c342'
06-14 16:17:24.251  7228  7228 I SemDvfsHyPerManager: acquire hyper - TA_TOUCH_SHARE/7228@30, type = -999
06-14 16:17:24.251  1776  1963 I HYPER-HAL: [RequestManager.cpp]acquire(): Acquired ID : 26342941  [7228 / 30]    HINT : TA_TOUCH_SHARE    list : [TIMEOUT / 1500] 
06-14 16:17:24.251  9232  9232 I HBD     : b skip onKeyDown as physical keyboard not connected 
06-14 16:17:24.251  9232  9232 I HBD     : HoneyBoardService onKeyDown r:ca18f38a consumed:false 0 
06-14 16:17:24.252  9232  9232 I HBD     : d onUpdateEditorToolType was called with unKnown motion event. 
06-14 16:17:24.252  9232  9232 I InputMethodService: handleBack: mShowInputRequested=true, doIt=false
06-14 16:17:24.252 18772 18772 I VRI[MainActivity]@7a1989c: The input has been finished in ImeInputStage.
06-14 16:17:24.252  2401  7525 D InputDispatcher: Inject key (24746/2000): action=1, f=0x0, d=-1, time=651594397000000
06-14 16:17:24.252  2401  7525 D PhoneWindowManager: interceptKeyTq keycode=4 interactive=true keyguardActive=false policyFlags=2b000000
06-14 16:17:24.252  2401  7525 D PhoneWindowManagerExt: interceptKeyTq code=4 down=false repeatCount=0 displayId=-1 interactive=true
06-14 16:17:24.252  2401  7525 D PhoneWindowManager: interceptKeyTq interceptKeyResult=4
06-14 16:17:24.252  2401  2912 D PhoneWindowManager: handleKeyGestureEvent, type=1003 keyguardOn=false displayId=0
06-14 16:17:24.252  2401  3735 D PhoneWindowManager: interceptKeyTi keyCode=4 action=1 repeatCount=0 keyguardOn=false canceled=false
06-14 16:17:24.252  2401  3735 D PhoneWindowManagerExt: interceptKeyTi code=4 down=false repeatCount=0 displayId=-1 interactive=true
06-14 16:17:24.252  2401  3735 I InputDispatcher: Delivering key to (18772): B action: 0x1 (0), f=0x0, m=0x0, d=0, '569c342'
06-14 16:17:24.252  9232  9232 I HBD     : HoneyBoardService onKeyUp r:2765f910 consumed:false 0 
06-14 16:17:24.252  9232  9232 I InputMethodService: handleBack: mShowInputRequested=true, doIt=true
--------- beginning of system
06-14 16:17:24.253  2401  3952 D BackgroundInstallControlService: Package event received: 0
06-14 16:17:24.253  9232  9232 I ImeTracker: com.samsung.android.honeyboard:2c820d0a: onRequestHide at ORIGIN_IME reason HIDE_SOFT_INPUT_BY_BACK_KEY fromUser true
06-14 16:17:24.253 18772 18772 I VRI[MainActivity]@7a1989c: The input has been finished in ImeInputStage.
06-14 16:17:24.254 18772 18772 I InputMethodManager: handleMessage: setImeVisibility visible=false
06-14 16:17:24.254 18772 18772 D InsetsController: hide(ime(), fromIme=false)
06-14 16:17:24.254 18772 18772 W WindowOnBackDispatcher: sendCancelIfRunning: isInProgress=false callback=android.view.ImeBackAnimationController@4d26beb
06-14 16:17:24.254 18772 18772 D InsetsController: Setting requestedVisibleTypes to -9 (was -1)
06-14 16:17:24.254  2401  7169 D CoreBackPreview: Window{569c342 u0 com.babcross.app/com.babcross.app.MainActivity}: Setting back callback OnBackInvokedCallbackInfo{mCallback=android.window.IOnBackInvokedCallback$Stub$Proxy@b8b0d60, mPriority=0, mIsAnimationCallback=false, mOverrideBehavior=0}
06-14 16:17:24.254 18772 18772 I InsetsController: setRequestedVisibleTypes: visible=false, mask=ime, host=com.babcross.app/com.babcross.app.MainActivity, from=android.view.InsetsController.controlAnimationUnchecked:1599 android.view.InsetsController.applyAnimation:2401 android.view.InsetsController.applyAnimation:2328 android.view.InsetsController.hide:1535 android.view.inputmethod.InputMethodManager$H.handleMessage:1571 android.os.Handler.dispatchMessage:110 android.os.Looper.loopOnce:273 android.os.Looper.loop:363 android.app.ActivityThread.main:9939 java.lang.reflect.Method.invoke:-2 
06-14 16:17:24.254  7044  7044 I SSS:AugmentedAutofillService: AugmentedAutofillService: onConnected()
06-14 16:17:24.254 18772 18772 I InsetsController: controlAnimationUncheckedInner: Added types=ime, animType=1, host=com.babcross.app/com.babcross.app.MainActivity, from=android.view.InsetsController.controlAnimationUnchecked:1603 android.view.InsetsController.applyAnimation:2401 android.view.InsetsController.applyAnimation:2328 
06-14 16:17:24.254 18772 18772 I InputMethodManager: handleMessage: setImeVisibility visible=false
06-14 16:17:24.254 18772 18772 D InsetsController: hide(ime(), fromIme=false)
06-14 16:17:24.254 18772 18772 I ImeTracker: com.samsung.android.honeyboard:2c820d0a: onCancelled at PHASE_CLIENT_ALREADY_HIDDEN
06-14 16:17:24.260  2401  7525 I WindowManager: Relayout Window{569c342 u0 com.babcross.app/com.babcross.app.MainActivity}: viewVisibility=0 req=1080x2520 ty=1 d0
06-14 16:17:24.260 18772 18772 I BLASTBufferQueue_Java: update, w= 1080 h= 2520 mName = VRI[MainActivity]@7a1989c mNativeObject= 0xb4000074b6e4f440 sc.mNativeObject= 0xb4000074e6e18a10 format= -1 caller= android.view.ViewRootImpl.updateBlastSurfaceIfNeeded:3559 android.view.ViewRootImpl.relayoutWindow:11614 android.view.ViewRootImpl.performTraversals:4755 android.view.ViewRootImpl.doTraversal:3904 android.view.ViewRootImpl$TraversalRunnable.run:12819 android.view.Choreographer$CallbackRecord.run:1901 
06-14 16:17:24.260 18772 18772 I VRI[MainActivity]@7a1989c: Relayout returned: old=(0,0,1080,2520) new=(0,0,1080,2520) relayoutAsync=true req=(1080,2520)0 dur=0 res=0x0 s={true 0xb400007516e60a50} ch=false seqId=0
06-14 16:17:24.260  2401  7525 D SurfaceComposerClient: setCornerRadius ## 569c342 com.babcross.app/com.babcross.app.MainActivity#165140 cornerRadius=0.000000
06-14 16:17:24.260  2401  7525 D SurfaceComposerClient: setCornerRadius ## 569c342 com.babcross.app/com.babcross.app.MainActivity#165140 cornerRadius=0.000000
06-14 16:17:24.261  2401  7525 I WindowManager: Relayout hash=569c342, pid=0, syncId=-1: mAttrs={(0,0)(fillxfill) sim={adjust=resize forwardNavigation} layoutInDisplayCutoutMode=always ty=BASE_APPLICATION wanim=0x1030317
06-14 16:17:24.261  2401  7525 I WindowManager:   fl=81810100
06-14 16:17:24.261  2401  7525 I WindowManager:   pfl=100088c0
06-14 16:17:24.261  2401  7525 I WindowManager:   vsysui=2000
06-14 16:17:24.261  2401  7525 I WindowManager:   apr=218
06-14 16:17:24.261  2401  7525 I WindowManager:   bhv=1
06-14 16:17:24.261  2401  7525 I WindowManager:   fitSides=0
06-14 16:17:24.261  2401  7525 I WindowManager:   frameRateBoostOnTouch=true
06-14 16:17:24.261  2401  7525 I WindowManager:   dvrrWindowFrameRateHint=true naviIconColor=0}
06-14 16:17:24.264 18772 18772 I VRI[MainActivity]@7a1989c: registerCallbackForPendingTransactions
06-14 16:17:24.264 18772 18803 I VRI[MainActivity]@7a1989c: mWNT: t=0xb400007496ec5910 mBlastBufferQueue=0xb4000074b6e4f440 fn= 3072 HdrRenderState mRenderHdrSdrRatio=1.0 caller= android.view.ViewRootImpl$10.onFrameDraw:6487 android.view.ViewRootImpl$4.onFrameDraw:2474 android.view.ThreadedRenderer$1.onFrameDraw:718 
06-14 16:17:24.342  1830  1830 I SSC_DAEMON: handleSensorTestReqMsg:88, Sensor type :6, Msg type:5
06-14 16:17:24.367  2401  3028 D PowerManagerService: displayReady: false groupId=0
06-14 16:17:24.367  2401  3028 D DisplayPowerController[0]: animateScreenStateChange: target=ON, mIsEnabled=true
06-14 16:17:24.368  2401  3028 D DisplayPowerController[1]: animateScreenStateChange: target=OFF, mIsEnabled=false
06-14 16:17:24.368  2401  3028 D PowerManagerService: displayReady: true groupId=0
06-14 16:17:24.378  1830  1830 I SSC_DAEMON: handleSensorTestReqMsg:88, Sensor type :6, Msg type:5
06-14 16:17:24.410  1830  1830 I SSC_DAEMON: handleSensorTestReqMsg:88, Sensor type :6, Msg type:5
06-14 16:17:24.443  1830  1830 I SSC_DAEMON: handleSensorTestReqMsg:88, Sensor type :6, Msg type:5
06-14 16:17:24.462 25776 20421 I NearbyConnections: EndpointManager send a KEEP_ALIVE frame (seqNum:60) and sleep 5000 for endpoint IVAG.
06-14 16:17:24.470 25776 20420 I NearbyConnections: EndpointManager received a KEEP_ALIVE frame (seqNum:60) with ACK from endpoint IVAG on channel WIFI_AWARE.
06-14 16:17:24.476  2401  7525 V InputMethodManagerService: IME window vis: 3 active: 1 visible: 2 displayId: 0
06-14 16:17:24.476  2401  7525 D InputMethodManagerService: isImeSwitcherDisabledPackage : false
06-14 16:17:24.477  4640  4640 D NavigationBar: setImeWindowStatus displayId=0 vis=1 backDisposition=0 showImeSwitcher=false isImeVisible=false
06-14 16:17:24.477  9232  9232 I HBD     : MultiModalSwitcher onAppPrivateCommand needsToShowImeSwitcher : false 
06-14 16:17:24.477  9232  9232 I HBD     : c HoneyVoice setNavigationBarShortcut null
06-14 16:17:24.477  4640  4640 D Navbar.Store: handleEvent(0) OnNavBarIconHintChanged(iconHint=0) [Module] NavigationBar
06-14 16:17:24.477  4640  4640 D Navbar.Store: --[Band]SETUPWIZARD_PACK_SET_NAVBAR_ICON_HINT
06-14 16:17:24.477  4640  4640 D Navbar.Store: --[Band]VIS_PACK_REEVAULATE_NAVBAR
06-14 16:17:24.477  4640  4640 D Navbar.Store: ----apply(0) NavBarStoreAction$ReevaluateNavBar
06-14 16:17:24.478  1830  1830 I SSC_DAEMON: handleSensorTestReqMsg:88, Sensor type :6, Msg type:5
06-14 16:17:24.479  4640  4640 D NavBarView: disableBack=false (isBackDismissIme=false, handlingGestures=false, disabledFlagBack=false, isBottomGesture=false, isImeRenderingNavButtons=false)
06-14 16:17:24.479  4640  4640 D Navbar.Store: handleEvent(0) OnUpdateSysUiStateFlag(noArguments=true) [Module] SamsungNavigationBarView
06-14 16:17:24.479  4640  4640 D Navbar.Store: --[Band]GESTURE_PACK_UPDATE_SYSTEMUI_STATE_FLAG
06-14 16:17:24.479  4640  4640 D Navbar.Store: --[Band] (afterAction) GESTURE_PACK_UPDATE_SYSTEMUI_STATE_FLAG
06-14 16:17:24.480  5116 21634 I HoneySpace.KeyguardStateRepositoryImpl: KEYGUARD_GOING_AWAY: false
06-14 16:17:24.480  5116  5222 I HoneySpace.TaskbarEventTracker: invokeEvent() called with: event = SystemUiStateChanged(stateFlags=268566528)
06-14 16:17:24.480  5116 17135 I HoneySpace.SystemUiRepository: systemUiFlags: allow_gesture|awake
06-14 16:17:24.481  5116 18490 I HoneySpace.TaskbarControllerImpl@OneUI: update taskbar height = 126
06-14 16:17:24.481  5116  5116 I HoneySpace.TaskbarInsetController: updateViewLayout() layoutParams.height = 126,taskbarWindowView.paddingBottom = 0, windowBounds.cutout.bottom = 0
06-14 16:17:24.481  5116  5116 I HoneySpace.TaskbarVisibilityController@158832716@OneUI: updateTaskbarEvent needToHide:false stateFlags:268566528,keyguardShowing:false, quickPanelVisibilityChanged:false
06-14 16:17:24.481  2401  7169 D KNOX_MDM_SettingsProvider: isChangeAllowed() : name = task_bar_current_size
06-14 16:17:24.481  2401  7169 D KNOX_MDM_SettingsProvider: edmUri: content://com.sec.knox.provider/RestrictionPolicy3
06-14 16:17:24.481  2401  7169 D KNOX_MDM_SettingsProvider: projectionArgs: isSettingsChangesAllowed
06-14 16:17:24.481  2401  7169 D KNOX_MDM_SettingsProvider: selectionArgs: false
06-14 16:17:24.481  2401  7169 D KNOX_MDM_SettingsProvider: selectionArgs: 10166
06-14 16:17:24.481  5116  7562 I HoneySpace.TaskbarVisibilityController@158832716@OneUI: updateVisibility(0) isDock:false occlude:true needToHide:true hideFlag:false forceMinusOnePage:false launcher:false recent:false dexRecent:falseminus:false homePackage:false AppPicker:false :: state 0 -> 0
06-14 16:17:24.481  2401  7169 D SecContentProvider: query(), uri = 17 selection = isSettingsChangesAllowed
06-14 16:17:24.481  2401  7169 D SecContentProvider: called from com.sec.android.app.launcher
06-14 16:17:24.482  2401  7169 D RestrictionPolicy: isSettingsChangesAllowedAsUser, userId 0 : true
06-14 16:17:24.482  2401  7169 D KNOX_MDM_SettingsProvider: ret = 1
06-14 16:17:24.482  5116  5116 I HoneySpace.TaskbarPot@11760776@OneUI: setDockedTaskBarBackground statFlags = 268566528
06-14 16:17:24.482  5116  5116 I HoneySpace.TaskbarControllerImpl@OneUI: updateTouchRect bottom = 126, view bottom = 126, cutout = 0, touchHeight = 126, bounds  bottom = 2520, system bottom = 126, insets bottom = 126, sideWidth = 311
06-14 16:17:24.482  5116  5116 I HoneySpace.TaskbarControllerImpl@OneUI: touchRegion = SkRegion()
06-14 16:17:24.492  2401  7169 I WindowManager: Relayout Window{6ce5028 u0 TaskbarWindow}: viewVisibility=0 req=1968x126 ty=2024 d0
06-14 16:17:24.492  2401  7169 D SurfaceComposerClient: setCornerRadius ## 569c342 com.babcross.app/com.babcross.app.MainActivity#165140 cornerRadius=0.000000
06-14 16:17:24.492  4640  4640 D NavBarStateManager: NavBarStates(0) canUseNavBarBackgroundFrame: false
06-14 16:17:24.492  2401  7169 D SurfaceComposerClient: setCornerRadius ## 569c342 com.babcross.app/com.babcross.app.MainActivity#165140 cornerRadius=0.000000
06-14 16:17:24.493  4640  4640 D NavigationBarControllerImpl: setNavigationBarShortcut requestClass : com.samsung.android.honeyboard, remoteViews : null, position : 0, priority : 12
06-14 16:17:24.493  4640  4640 D RemoteViewPack: OnSetRemoteView RemoteViewShortcut(requestClass=com.samsung.android.honeyboard, remoteViews=null, position=0, priority=12)
06-14 16:17:24.493  4640  4640 D NavBarStateManager: NavBarStates(0) isGameMode: false
06-14 16:17:24.493  4640  4640 D TaskBarPack: OnSetRemoteView Bundle[{remoteViews=null, priority=12, position=0, requestClass=com.samsung.android.honeyboard}]
06-14 16:17:24.493  4640  4640 D TaskbarDelegate: handleNavigationBarEvent() TaskbarDelegate is not initialized.
06-14 16:17:24.494  2401  7169 I WindowManager: Relayout hash=6ce5028, pid=5116, syncId=-1: mAttrs={(0,0)(fillx126) gr=BOTTOM CENTER_VERTICAL sim={adjust=nothing} layoutInDisplayCutoutMode=always ty=NAVIGATION_BAR_PANEL fmt=TRANSLUCENT
06-14 16:17:24.494  2401  7169 I WindowManager:   fl=21840008
06-14 16:17:24.494  2401  7169 I WindowManager:   pfl=90001040
06-14 16:17:24.494  2401  7169 I WindowManager:   bhv=1
06-14 16:17:24.494  2401  7169 I WindowManager:   providedInsets:
06-14 16:17:24.494  2401  7169 I WindowManager:     InsetsFrameProvider: {id=#86970001, index=0, type=navigationBars, source=FRAME, flags=[], insetsSize=Insets{left=0, top=0, right=0, bottom=126}, insetsSizeOverrides=[TypedInsetsSize: {windowType=INPUT_METHOD, insetsSize=Insets{left=0, top=0, right=0, bottom=126}}]}
06-14 16:17:24.494  2401  7169 I WindowManager:     InsetsFrameProvider: {id=#86970006, index=0, type=tappableElement, source=FRAME, flags=[], insetsSize=Insets{left=0, top=0, right=0, bottom=126}, insetsSizeOverrides=[TypedInsetsSize: {windowType=INPUT_METHOD, insetsSize=Insets{left=0, top=0, right=0, bottom=126}}]}
06-14 16:17:24.494  2401  7169 I WindowManager:     InsetsFrameProvider: {id=#86970005, index=0, type=mandatorySystemGestures, source=FRAME, flags=[], insetsSize=Insets{left=0, top=0, right=0, bottom=126}}
06-14 16:17:24.494  2401  7169 I WindowManager:     InsetsFrameProvider: {id=#86970004, index=0, type=systemGestures, source=DISPLAY, flags=[], insetsSize=Insets{left=0, top=0, right=0, bottom=0}, mMinimalInsetsSizeInDisplayCutoutSafe=Insets{left=0, top=0, right=0, bottom=0}}
06-14 16:17:24.494  2401  7169 I WindowManager:     InsetsFrameProvider: {id=#86970024, index=1, type=systemGestures, source=DISPLAY, flags=[], insetsSize=Insets{left=0, top=0, right=0, bottom=0}, mMinimalInsetsSizeInDisplayCutoutSafe=Insets{left=0, top=0, right=0, bottom=0}}
06-14 16:17:24.494  2401  7169 I WindowManager:   frameRateBoostOnTouch=true
06-14 16:17:24.494  2401  7169 I WindowManager:   dvrrWindowFrameRateHint=true naviIconColor=0}
06-14 16:17:24.495  5116  5116 I BLASTBufferQueue_Java: update, w= 1968 h= 126 mName = VRI[TaskbarWindow]@79f8084 mNativeObject= 0xb4000074b74d7c60 sc.mNativeObject= 0xb4000074e6e87a10 format= -3 caller= android.view.ViewRootImpl.updateBlastSurfaceIfNeeded:3559 android.view.ViewRootImpl.relayoutWindow:11614 android.view.ViewRootImpl.performTraversals:4755 android.view.ViewRootImpl.doTraversal:3904 android.view.ViewRootImpl$TraversalRunnable.run:12819 android.view.Choreographer$CallbackRecord.run:1901 
06-14 16:17:24.495  5116  5116 I VRI[TaskbarWindow]@79f8084: Relayout returned: old=(0,2058,1968,2184) new=(0,2058,1968,2184) relayoutAsync=false req=(1968,126)0 dur=4 res=0x1 s={true 0xb4000075175651c0} ch=false seqId=193
06-14 16:17:24.495  5116  5116 I VRI[TaskbarWindow]@79f8084: Creating new active sync group VRI[TaskbarWindow]@79f8084#27
06-14 16:17:24.496  5116  7531 I VRI[TaskbarWindow]@79f8084: mWNT: t=0xb400007496ee2390 mBlastBufferQueue=0xb4000074b74d7c60 fn= 27534 HdrRenderState mRenderHdrSdrRatio=1.0 caller= android.view.ViewRootImpl$12.onFrameDraw:15352 android.view.ThreadedRenderer$1.onFrameDraw:718 <bottom of call stack> 
06-14 16:17:24.496  5116  7531 I VRI[TaskbarWindow]@79f8084: Setting up sync and frameCommitCallback
06-14 16:17:24.497  5116  7393 I VRI[TaskbarWindow]@79f8084: Received frameCommittedCallback lastAttemptedDrawFrameNum=27534 didProduceBuffer=true
06-14 16:17:24.497  2401  7169 D WindowManager: finishDrawingWindow: Window{6ce5028 u0 TaskbarWindow} mDrawState=HAS_DRAWN seqId=193
06-14 16:17:24.498  2401  2913 D SurfaceComposerClient: setCornerRadius ## 569c342 com.babcross.app/com.babcross.app.MainActivity#165140 cornerRadius=0.000000
06-14 16:17:24.498  2401  2913 D SurfaceComposerClient: setCornerRadius ## 569c342 com.babcross.app/com.babcross.app.MainActivity#165140 cornerRadius=0.000000
06-14 16:17:24.508  4640  4640 D NavBarStateManager: NavBarStates(0) canUseNavBarBackgroundFrame: false
06-14 16:17:24.510  1830  1830 I SSC_DAEMON: handleSensorTestReqMsg:88, Sensor type :6, Msg type:5
06-14 16:17:24.520 25776 20420 I NearbyConnections: EndpointManager received a KEEP_ALIVE frame (seqNum:60) and reply a KEEP_ALIVE frame with ack from endpoint IVAG on channel WIFI_AWARE.
06-14 16:17:24.537  1763  5733 I vendor.qti.bluetooth@1.0-ibs_handler: ProcessIbsCmd: Received IBS_WAKE_IND: 0xFD
06-14 16:17:24.537  1763  5733 D vendor.qti.bluetooth@1.0-ibs_handler: SerialClockVote: vote for UART CLK ON
06-14 16:17:24.538  1763  5733 D vendor.qti.bluetooth@1.0-wake_lock: Acquire wakelock is acquired 
06-14 16:17:24.538  1763  5733 I vendor.qti.bluetooth@1.0-ibs_handler: ProcessIbsCmd: Writing IBS_WAKE_ACK
06-14 16:17:24.543  1830  1830 I SSC_DAEMON: handleSensorTestReqMsg:88, Sensor type :6, Msg type:5
06-14 16:17:24.547  4736  5812 I ScanController: onScanResult to scannerId: 11- eventType=0x1b, addressType=1, address=XX:XX:XX:XX:CF:B6, primaryPhy=1, secondaryPhy=0, advertisingSid=0xff, txPower=127, rssi=-69, periodicAdvInt=0x0
06-14 16:17:24.558  4736  5812 I ScanController: onScanResult to scannerId: 11- eventType=0x1b, addressType=1, address=XX:XX:XX:XX:ED:1E, primaryPhy=1, secondaryPhy=0, advertisingSid=0xff, txPower=127, rssi=-71, periodicAdvInt=0x0
06-14 16:17:24.559 18772 18772 I InsetsController: cancelAnimation: types=ime, animType=1, host=com.babcross.app/com.babcross.app.MainActivity, from=android.view.InsetsController.notifyFinished:2001 android.view.InsetsAnimationThreadControlRunner$1.lambda$notifyFinished$0:82 android.view.InsetsAnimationThreadControlRunner$1.$r8$lambda$cDFF0h4Ncq-8EXdGszv69jrUu7c:0 
06-14 16:17:24.562  2401  7525 D InsetsSourceProvider: updateVisibility: serverVisible=true, clientVisible=false, source=InsetsSource: {3 mType=ime mFrame=[0,1537][1080,2520] mVisible=false mFlags= mSideHint=BOTTOM mBoundingRects=null}, controlTarget=Window{569c342 u0 com.babcross.app/com.babcross.app.MainActivity}, from=com.android.server.wm.ImeInsetsSourceProvider.updateVisibility:7 com.android.server.wm.InsetsSourceProvider.setClientVisible:8 com.android.server.wm.ImeInsetsSourceProvider.setClientVisible:17 com.android.server.wm.InsetsSourceProvider.updateClientVisibility:20 com.android.server.wm.ImeInsetsSourceProvider.updateClientVisibility:142 com.android.server.wm.InsetsStateController.onRequestedVisibleTypesChanged:44 com.android.server.wm.InsetsPolicy.onRequestedVisibleTypesChanged:3 com.android.server.wm.Session.updateRequestedVisibleTypes:37 android.view.IWindowSession$Stub.onTransact:1188 com.android.server.wm.Session.onTransact:1 
06-14 16:17:24.562  2401  7525 I ImeTracker: system_server:50713540: onRequestHide at ORIGIN_SERVER reason IME_REQUESTED_CHANGED_LISTENER fromUser false
06-14 16:17:24.563  2401  7525 I WindowManager: Cancelling animation restarting=true, leash=Surface(name=Surface(name=6356d65 NavigationBar0)/@0x2ba4d39 - animation-leash of insets_animation)/@0x50535a7
06-14 16:17:24.563  2401  7525 I WindowManager: Reparenting to original parent: Surface(name=WindowToken{ef4865c type=2019 android.os.BinderProxy@a7b092e})/@0xff06f7e, destroy=false, surface=Surface(name=6356d65 NavigationBar0)/@0x2ba4d39
06-14 16:17:24.563  9232  9232 I InputMethodService: scheduleImeSurfaceRemoval: canceled, mShowInputRequested=true, mWindowVisible=true, IsmWindowNull=false, IsmImeSurfaceRemoverRunnableNotNull=false
06-14 16:17:24.563  2401  7525 I WindowManager: Reparenting to leash, surface=Surface(name=6356d65 NavigationBar0)/@0x2ba4d39, leashParent=Surface(name=WindowToken{ef4865c type=2019 android.os.BinderProxy@a7b092e})/@0xff06f7e
06-14 16:17:24.564  1844  2415 I SurfaceFlinger: id=165234 createSurf, flag=24000, Surface(name=6356d65 NavigationBar0)/@0x2ba4d39 - animation-leash of insets_animation#165234
06-14 16:17:24.564  2401  7525 D WindowManager: makeSurface duration=0 leash=Surface(name=Surface(name=6356d65 NavigationBar0)/@0x2ba4d39 - animation-leash of insets_animation)/@0x6071cbf
06-14 16:17:24.564  2401  7525 D InsetsSourceProvider: updateControlForTarget: control=InsetsSourceControl: {73d80001 mType=navigationBars initiallyVisible mSurfacePosition=Point(0, 2394) mInsetsHint=Insets{left=0, top=0, right=0, bottom=126}}, target=Window{569c342 u0 com.babcross.app/com.babcross.app.MainActivity}, from=com.android.server.wm.InsetsStateController.onControlTargetChanged:83 com.android.server.wm.InsetsPolicy.updateBarControlTarget:188 com.android.server.wm.DisplayPolicy.updateSystemBarAttributes:250 com.android.server.wm.InsetsStateController.onRequestedVisibleTypesChanged:86 com.android.server.wm.InsetsPolicy.onRequestedVisibleTypesChanged:3 
06-14 16:17:24.564  2401  7525 I WindowManager: Cancelling animation restarting=true, leash=Surface(name=Surface(name=6ce5028 TaskbarWindow)/@0xce8b235 - animation-leash of insets_animation)/@0x6f38dfd
06-14 16:17:24.564  2401  7525 I WindowManager: Reparenting to original parent: Surface(name=WindowToken{40306e6 type=2024 android.os.BinderProxy@dfb773f})/@0xf5e36ca, destroy=false, surface=Surface(name=6ce5028 TaskbarWindow)/@0xce8b235
06-14 16:17:24.564  2401  7525 I WindowManager: Reparenting to leash, surface=Surface(name=6ce5028 TaskbarWindow)/@0xce8b235, leashParent=Surface(name=WindowToken{40306e6 type=2024 android.os.BinderProxy@dfb773f})/@0xf5e36ca
06-14 16:17:24.565  1844  2415 I SurfaceFlinger: id=165235 createSurf, flag=24000, Surface(name=6ce5028 TaskbarWindow)/@0xce8b235 - animation-leash of insets_animation#165235
06-14 16:17:24.565  2401  7525 D WindowManager: makeSurface duration=0 leash=Surface(name=Surface(name=6ce5028 TaskbarWindow)/@0xce8b235 - animation-leash of insets_animation)/@0x2efc6d5
06-14 16:17:24.565  2401  7525 D InsetsSourceProvider: updateControlForTarget: control=InsetsSourceControl: {86970001 mType=navigationBars initiallyVisible mSurfacePosition=Point(0, 2058) mInsetsHint=Insets{left=0, top=0, right=0, bottom=126}}, target=Window{569c342 u0 com.babcross.app/com.babcross.app.MainActivity}, from=com.android.server.wm.InsetsStateController.onControlTargetChanged:83 com.android.server.wm.InsetsPolicy.updateBarControlTarget:188 com.android.server.wm.DisplayPolicy.updateSystemBarAttributes:250 com.android.server.wm.InsetsStateController.onRequestedVisibleTypesChanged:86 com.android.server.wm.InsetsPolicy.onRequestedVisibleTypesChanged:3 
06-14 16:17:24.565  2401  7525 D WindowManager: updateSystemBarAttributes: displayId=0, focusedCanBeNavColorWin=false, win=Window{569c342 u0 com.babcross.app/com.babcross.app.MainActivity}, navColorWin=Window{569c342 u0 com.babcross.app/com.babcross.app.MainActivity}, caller=com.android.server.wm.InsetsStateController.onRequestedVisibleTypesChanged:86 com.android.server.wm.InsetsPolicy.onRequestedVisibleTypesChanged:3 com.android.server.wm.Session.updateRequestedVisibleTypes:37 
06-14 16:17:24.566  2401  7525 D WindowManager: updateSystemBarAttributes, bhv=1, apr=536, statusBarAprRegions=[AppearanceRegion{LIGHT_STATUS_BARS bounds=[0,0][1080,2520]}], requestedVisibilities=-9
06-14 16:17:24.566  1844  1844 I SurfaceFlinger: RequestedLayer [Surface(name=38617f8 InputMethod)/@0[...]ion-leash of insets_animation#165146] hidden!! flag  from(0) --> to(1)
06-14 16:17:24.566  1844  1844 I SurfaceFlinger: [Surface(name=6356d65 NavigationBar0)/@0x2ba4d39 - animation-leash of insets_animation#165234] attach to parent LayerHierarchy{RequestedLayerState{WindowToken{ef4865c type=2019 android.os.BinderProxy@a7b092e}#102 parentId=35} 2 children}
06-14 16:17:24.566  1844  1844 I SurfaceFlinger: [Surface(name=6ce5028 TaskbarWindow)/@0xce8b235 - animation-leash of insets_animation#165235] attach to parent LayerHierarchy{RequestedLayerState{WindowToken{40306e6 type=2024 android.os.BinderProxy@dfb773f}#5929 parentId=35 z=1} 2 children}
06-14 16:17:24.566  4640  4640 D NavigationBar: onSystemBarAttributesChanged() -  displayId:0, appearance:536, packageName: com.babcross.app (APPEARANCE_LIGHT_STATUS_BARS APPEARANCE_LIGHT_NAVIGATION_BARS ), navbarColorManagedByIme:false
06-14 16:17:24.567  4640  4640 D SamsungLightBarControlHelper: updateNavigationBar (BLACK button) isLightOpaque:false, hasLightNavigationBarFlag:true, packageName:com.babcross.app, DirectReplying:false, NavBarColorMangedByIme:false, ForceDarkForScrim:false, ForceLightForScrim:false, QsCustomizing:false, QsExpanded:false
06-14 16:17:24.567  2401  2913 D SurfaceComposerClient: setCornerRadius ## 569c342 com.babcross.app/com.babcross.app.MainActivity#165140 cornerRadius=0.000000
06-14 16:17:24.567  2401  3028 D PowerManagerService: displayReady: false groupId=0
06-14 16:17:24.567  2401  3028 D DisplayPowerController[0]: animateScreenStateChange: target=ON, mIsEnabled=true
06-14 16:17:24.567  2401  3028 D DisplayPowerController[1]: animateScreenStateChange: target=OFF, mIsEnabled=false
06-14 16:17:24.567  2401  2913 D SurfaceComposerClient: setCornerRadius ## 569c342 com.babcross.app/com.babcross.app.MainActivity#165140 cornerRadius=0.000000
06-14 16:17:24.567  2401  3028 D PowerManagerService: displayReady: true groupId=0
06-14 16:17:24.569  2401  2912 V InputMethodManagerService: Client requesting input be hidden
06-14 16:17:24.569  2401  2912 V InputMethodManagerService: setWindowStateInner, windowToken=android.os.BinderProxy@c21458d, state=ImeTargetWindowState{ imeToken android.os.Binder@c6abeea imeFocusChanged false hasEditorFocused true requestedImeVisible false imeDisplayId 0 softInputModeState STATE_UNSPECIFIED|ADJUST_RESIZE isStartInputByGainFocus false}
06-14 16:17:24.569  2401  2912 V InputMethodManagerService: Calling com.android.server.inputmethod.IInputMethodInvoker@27674a5.hideSoftInput(0, android.os.BinderProxy@c21458d, null) for reason: HIDE_SOFT_INPUT
06-14 16:17:24.569  1844  1844 D SurfaceFlinger: Display 4630946872173396372 HWC layers:
06-14 16:17:24.569  1844  1844 D SurfaceFlinger:        DEVICE |           80625126080515 | 00002102 | RGBA_8888    |    0.0    0.0 1080.0 2520.0 |    0    0 1080 2520 | com.babcross.app/com.babcross.app.MainActivity$_18772#165141 (3073)
06-14 16:17:24.569  1844  1844 D SurfaceFlinger:        DEVICE |           41308995452972 | 00002100 | RGBA_8888    |    0.0    0.0    1.0    1.0 |  540 1252  541 1253 | $_9618#144666 (128)
06-14 16:17:24.569  1844  1844 D SurfaceFlinger:        DEVICE |           19928648720755 | 00002100 | RGBA_8888    |    0.0    0.0 1080.0  110.0 |    0    0 1080  110 | StatusBar$_4640#116 (455077)
06-14 16:17:24.569  1844  1844 D SurfaceFlinger:        DEVICE |           21973052702198 | 00002100 | RGBA_8888    |    0.0    0.0   67.0  469.0 |    0  357   67  826 | com.sec.android.app.launcher/com.sam[...].app.CocktailBarService$_5116#165085 (39)
06-14 16:17:24.569  1844  1844 D SurfaceFlinger:        DEVICE |           19928648720771 | 00002100 | RGBA_8888    |    0.0    0.0 1080.0  126.0 |    0 2394 1080 2520 | NavigationBar0$_4640#112 (266942)
06-14 16:17:24.569  1844  1844 D SurfaceFlinger: 
06-14 16:17:24.569  5116  5116 I VRI[CocktailBarService]@8871898: handleResized, frames=ClientWindowFrames{frame=[0,357][67,826] display=[0,0][1080,2520] parentFrame=[0,0][0,0]} displayId=0 dragResizing=false compatScale=1.0 frameChanged=false attachedFrameChanged=false configChanged=false displayChanged=false compatScaleChanged=false dragResizingChanged=false
06-14 16:17:24.570  9618  9618 I VRI[]@86f58f8: handleResized, frames=ClientWindowFrames{frame=[540,1252][540,1252] display=[0,110][1080,2394] parentFrame=[0,0][0,0]} displayId=0 dragResizing=false compatScale=1.0 frameChanged=false attachedFrameChanged=false configChanged=false displayChanged=false compatScaleChanged=false dragResizingChanged=false
06-14 16:17:24.570  2401  2912 I ActivityManager: Changes in 10225 5 to 7, 255 to 128
06-14 16:17:24.570  9232  9232 I InputMethod: hideSoftInput(): flags=0
06-14 16:17:24.570 18772 18772 I InsetsController: onStateChanged: host=com.babcross.app/com.babcross.app.MainActivity, from=android.view.ViewRootImpl.onInsetsStateChanged:3011, state=InsetsState: {mDisplayFrame=Rect(0, 0 - 1080, 2520), mDisplayCutout=DisplayCutout{insets=Rect(0, 110 - 0, 0) waterfall=Insets{left=0, top=0, right=0, bottom=0} boundingRect={Bounds=[Rect(0, 0 - 0, 0), Rect(510, 0 - 570, 110), Rect(0, 0 - 0, 0), Rect(0, 0 - 0, 0)]} cutoutPathParserInfo={CutoutPathParserInfo{displayWidth=1080 displayHeight=2520 physicalDisplayWidth=1080 physicalDisplayHeight=2520 density={2.625} cutoutSpec={M 0,0 H -11.42857142857143 V 41.9047619047619 H 11.42857142857143 V 0 H 0 Z @dp} rotation={0} scale={1.0} physicalPixelDisplaySizeRatio={1.0}}} sideOverrides={}}, mRoundedCorners=RoundedCorners{[RoundedCorner{position=TopLeft, radius=13, center=Point(13, 13)}, RoundedCorner{position=TopRight, radius=13, center=Point(1067, 13)}, RoundedCorner{position=BottomRight, radius=13, center=Point(1067, 2507)}, RoundedCorner{position=BottomLeft, radius=13, center=Point(13, 2507)}]}  mRoundedCornerFrame=Rect(0, 0 - 1080, 2520), mPrivacyIndicatorBounds=PrivacyIndicatorBounds {static bounds=Rect(964, 0 - 1080, 110) rotation=0}, mDisplayShape=DisplayShape{ spec=-311912193 displayWidth=1080 displayHeight=2520 physicalPixelDisplaySizeRatio=1.0 rotation=0 offsetX=0 offsetY=0 scale=1.0}, mSources= { InsetsSource: {86970004 mType=systemGestures mFrame=[0,0][0,0] mVisible=false mFlags= mSideHint=NONE mBoundingRects=null}, InsetsSource: {86970005 mType=mandatorySystemGestures mFrame=[0,0][0,0] mVisible=false mFlags= mSideHint=NONE mBoundingRects=null}, InsetsSource: {86970006 mType=tappableElement mFrame=[0,0][0,0] mVisible=false mFlags= mSideHint=NONE mBoundingRects=null}, InsetsSource: {86970024 mType=systemGestures mFrame=[0,0][0,0] mVisible=false mFlags= mSideHint=NONE mBoundingRects=null}, InsetsSource: {3 mType=ime mFrame=[0,1537][1080,2520] mVisible=false mFlags= mSideHint=BOTTOM mBoundingRects=null}, InsetsSource: {27 mType=displayCutout mFrame=[0,0][1080,110] mVisible=true mFlags= mSideHint=TOP mBoundingRects=null}, InsetsSource: {48740000 mType=statusBars mFrame=[0,0][1080,110] mVisible=true mFlags= mSideHint=TOP mBoundingRects=null}, InsetsSource: {48740005 mType=mandatorySystemGestures mFrame=[0,0][1080,142] mVisible=true mFlags= mSideHint=TOP mBoundingRects=null}, InsetsSource: {48740006 mType=tappableElement mFrame=[0,0][1080,110] mVisible=true mFlags= mSideHint=TOP mBoundingRects=null}, InsetsSource: {73d80001 mType=navigationBars mFrame=[0,2394][1080,2520] mVisible=true mFlags= mSideHint=BOTTOM mBoundingRects=null}, InsetsSource: {73d80004 mType=systemGestures mFrame=[0,0][0,0] mVisible=true mFlags= mSideHint=NONE mBoundingRects=null}, InsetsSource: {73d80005 mType=mandatorySystemGestures mFrame=[0,2394][1080,2520] mVisible=true mFlags= mSideHint=BOTTOM mBoundingRects=null}, InsetsSource: {73d80006 mType=tappableElement mFrame=[0,2394][1080,2520] mVisible=true mFlags= mSideHint=BOTTOM mBoundingRects=null}, InsetsSource: {73d80024 mType=systemGestures mFrame=[0,0][0,0] mVisible=true mFlags= mSideHint=NONE mBoundingRects=null} }
06-14 16:17:24.570 18772 18772 I VRI[MainActivity]@7a1989c: handleResized, frames=ClientWindowFrames{frame=[0,0][1080,2520] display=[0,0][1080,2520] parentFrame=[0,0][0,0]} displayId=0 dragResizing=false compatScale=1.0 frameChanged=false attachedFrameChanged=false configChanged=false displayChanged=false compatScaleChanged=false dragResizingChanged=false
06-14 16:17:24.570  9232  9232 I HBD     : HoneyBoardService onFinishInputView finishingInput= false
06-14 16:17:24.571  2401  7942 V InputMethodManagerService: IME window vis: 0 active: 0 visible: 0 displayId: 0
06-14 16:17:24.571  2401  7942 D InputMethodManagerService: isImeSwitcherDisabledPackage : false
06-14 16:17:24.571  2401  7942 I InputMethodManagerService: setImeWindowStatus: vis=0, backDisposition=0
06-14 16:17:24.571  9232  9232 I HBD     : a [UpdatePolicy] [post] a: 3 cl: 4521984 kit: [0/0] vt: 0 ir: 1 
06-14 16:17:24.571  4640  4733 D WindowManagerShell: onKeepClearAreasChanged: restricted={}, unrestricted={}
06-14 16:17:24.571  9232  9232 I HBD     : e processFinishInputView 
06-14 16:17:24.571  9232  9232 I HBD     : b stopRunningTimers 
06-14 16:17:24.572  9232  9232 I HBD     : i init 
06-14 16:17:24.572  9232  9232 I HBD     : b [PF_EN] saveUserData() 0 
06-14 16:17:24.572  9232  9232 I HBD     : F EBD reset pbc:0 pdc:0 
06-14 16:17:24.572  9232 30710 I HBD     : w [SKE_LM] saveDynamicModel,  false ,  false
06-14 16:17:24.572  9232  9232 I HBD     : t historic wpmWordCount:2 wpmSessionTime:163140 wpmPauseTime:24459 wpm:0 
06-14 16:17:24.572  9232  9232 I HBD     : t historic(rounded) wpmWordCount:2 wpmSessionTime:163140 wpmPauseTime:24459 wpm:0 
06-14 16:17:24.572  2447  6902 I CameraService: onUidStateChanged: uid=10225, procState is changed. (5 -> 7)
06-14 16:17:24.572  9232 24757 I HBD     : a [HBIC] requestCursorUpdates 0 
06-14 16:17:24.572  9232  9232 I HBD     : e unbindCurrentHoneyBoard : text_board 
06-14 16:17:24.572  9232  9232 I HBD     : b onUnbind 
06-14 16:17:24.572  9232  9232 I HBD     : e expression state[false], searchState[0] 
06-14 16:17:24.573  9232  9232 I HBD     : a clear BaseLanguageRepo 
06-14 16:17:24.573  9232  9232 I HBD     : MultiModalSwitcher onFinishInputView 
06-14 16:17:24.573  9232 24757 I HBD     : b requestCursorUpdates(0),  1
06-14 16:17:24.573  9232  9232 I HBD     : HoneyBoardService [PF_CL][onFinishInputView]  3 ms 
06-14 16:17:24.573  9232  9232 I HBD     : d showInputView requested current = true, applyNow = false 
06-14 16:17:24.573  2401  2909 D HintManagerService: Sent cleanup message for uid 10225
06-14 16:17:24.573  9232  9232 I HBD     : HoneyBoardService onWindowHidden 
06-14 16:17:24.573  9232  9232 I HBD     : HoneyBoardService [PF_CL][onWindowHidden]  0 ms 
06-14 16:17:24.575  9232  9232 I InputMethodService: scheduleImeSurfaceRemoval: removeImeSurface is posted.
06-14 16:17:24.575  9232  9232 I ImeTracker: system_server:50713540: onHidden
06-14 16:17:24.575  9232  9232 I HBD     : MultiModalSwitcher onAppPrivateCommand needsToShowImeSwitcher : false 
06-14 16:17:24.575  4640  4640 I VRI[StatusBar]@4c6619d: handleResized, frames=ClientWindowFrames{frame=[0,0][1080,110] display=[0,0][1080,2520] parentFrame=[0,0][0,0]} displayId=0 dragResizing=false compatScale=1.0 frameChanged=false attachedFrameChanged=false configChanged=false displayChanged=false compatScaleChanged=false dragResizingChanged=false
06-14 16:17:24.575  4640  4640 I VRI[NavigationBar0]@25dae33: handleResized, frames=ClientWindowFrames{frame=[0,2394][1080,2520] display=[0,0][1080,2520] parentFrame=[0,0][0,0]} displayId=0 dragResizing=false compatScale=1.0 frameChanged=false attachedFrameChanged=false configChanged=false displayChanged=false compatScaleChanged=false dragResizingChanged=false
06-14 16:17:24.575  4640  4640 D NavigationBar: setImeWindowStatus displayId=0 vis=0 backDisposition=0 showImeSwitcher=false isImeVisible=false
06-14 16:17:24.575  2447  6902 W IPCThreadState: Sending oneway calls to frozen process.
06-14 16:17:24.575  2447  6902 W IPCThreadState: Sending oneway calls to frozen process.
06-14 16:17:24.576  1776  1963 I HYPER-HAL: [RequestManager.cpp]acquire(): Acquired ID : -606055902  [1779 / 53743]    HINT :      list : [TID_LOW_LATENCY / 0] [TID / 12132] [TID / 12133] [TID / 9232] [TID / 12134] 
06-14 16:17:24.577  1776  1963 I HYPER-HAL: [RequestManager.cpp]releaseLocked(): Released ID : -606055902
06-14 16:17:24.577  1776  1963 I HYPER-HAL: [RequestManager.cpp]acquire(): Acquired ID : -606000378  [1779 / 53744]    HINT :      list : [UCLAMP_MIN_BOOST / 0] [TIMEOUT / 50] [TID / 12132] [TID / 12133] [TID / 9232] [TID / 12134] 
06-14 16:17:24.577  1776  1963 I HYPER-HAL: [RequestManager.cpp]acquire(): Acquired ID : 737566248  [1779 / 36627]    HINT :      list : [TID_LOW_LATENCY / 0] [TID / 12132] [TID / 12133] [TID / 9232] [TID / 12134] 
06-14 16:17:24.577  1776  1963 I HYPER-HAL: [RequestManager.cpp]releaseLocked(): Released ID : 737566248
06-14 16:17:24.577  1776  1963 I HYPER-HAL: [RequestManager.cpp]acquire(): Acquired ID : 737604656  [1779 / 36628]    HINT :      list : [UCLAMP_MIN_BOOST / 0] [TIMEOUT / 50] [TID / 12132] [TID / 12133] [TID / 9232] [TID / 12134] 
06-14 16:17:24.578  1830  1830 I SSC_DAEMON: handleSensorTestReqMsg:88, Sensor type :6, Msg type:5
06-14 16:17:24.591  2401  7942 I WindowManager: Relayout Window{38617f8 u0 InputMethod}: viewVisibility=0 req=1080x2410 ty=2011 d0
06-14 16:17:24.591  2401  7942 D SurfaceComposerClient: setCornerRadius ## 569c342 com.babcross.app/com.babcross.app.MainActivity#165140 cornerRadius=0.000000
06-14 16:17:24.591  2401  7942 D SurfaceComposerClient: setCornerRadius ## 569c342 com.babcross.app/com.babcross.app.MainActivity#165140 cornerRadius=0.000000
06-14 16:17:24.592  2401  2913 D SurfaceComposerClient: setCornerRadius ## 569c342 com.babcross.app/com.babcross.app.MainActivity#165140 cornerRadius=0.000000
06-14 16:17:24.592  2401  7942 I WindowManager: Relayout hash=38617f8, pid=9232, syncId=-1: mAttrs={(0,0)(fillxfill) gr=BOTTOM CENTER_VERTICAL sim={adjust=pan} ty=INPUT_METHOD fmt=TRANSPARENT wanim=0x7f1401fc preferredMinDisplayRefreshRate=60.0 receive insets ignoring z-order
06-14 16:17:24.592  2401  7942 I WindowManager:   fl=81800108
06-14 16:17:24.592  2401  7942 I WindowManager:   pfl=14000000
06-14 16:17:24.592  2401  7942 I WindowManager:   bhv=1
06-14 16:17:24.592  2401  7942 I WindowManager:   fitTypes=3
06-14 16:17:24.592  2401  7942 I WindowManager:   fitSides=7
06-14 16:17:24.592  2401  7942 I WindowManager:   fitIgnoreVis
06-14 16:17:24.592  2401  7942 I WindowManager:   frameRateBoostOnTouch=true
06-14 16:17:24.592  2401  7942 I WindowManager:   dvrrWindowFrameRateHint=true
06-14 16:17:24.592  2401  7942 I WindowManager:  dimAmount=0.18 dimDuration=150 naviIconColor=0}
06-14 16:17:24.592  2401  2913 D SurfaceComposerClient: setCornerRadius ## 569c342 com.babcross.app/com.babcross.app.MainActivity#165140 cornerRadius=0.000000
06-14 16:17:24.592  9232  9232 I BLASTBufferQueue_Java: update, w= 1080 h= 2410 mName = VRI[InputMethod]@5976dee mNativeObject= 0xb4000074b6e7e730 sc.mNativeObject= 0xb4000074e6ebe9d0 format= -2 caller= android.view.ViewRootImpl.updateBlastSurfaceIfNeeded:3559 android.view.ViewRootImpl.relayoutWindow:11614 android.view.ViewRootImpl.performTraversals:4755 android.view.ViewRootImpl.doTraversal:3904 android.view.ViewRootImpl$TraversalRunnable.run:12819 android.view.Choreographer$CallbackRecord.run:1901 
06-14 16:17:24.592  9232  9232 I VRI[InputMethod]@5976dee: Relayout returned: old=(0,110,1080,2520) new=(0,110,1080,2520) relayoutAsync=false req=(1080,2410)0 dur=1 res=0x1 s={true 0xb400007516ea50b0} ch=false seqId=617
06-14 16:17:24.593  9232  9232 I VRI[InputMethod]@5976dee: Creating new active sync group VRI[InputMethod]@5976dee#75
06-14 16:17:24.593  2401  7942 D WindowManager: setInsetsWindow Window{38617f8 u0 InputMethod}, contentInsets=Rect(0, 1427 - 0, 0) -> Rect(0, 1427 - 0, 0), visibleInsets=Rect(0, 1427 - 0, 0) -> Rect(0, 1427 - 0, 0), touchableRegion=SkRegion((0,1427,1080,2284)) -> SkRegion((0,1427,1080,2284)), touchableInsets 3 -> 3
06-14 16:17:24.593  2401  7942 D SurfaceComposerClient: setCornerRadius ## 569c342 com.babcross.app/com.babcross.app.MainActivity#165140 cornerRadius=0.000000
06-14 16:17:24.593  2401  7942 D SurfaceComposerClient: setCornerRadius ## 569c342 com.babcross.app/com.babcross.app.MainActivity#165140 cornerRadius=0.000000
06-14 16:17:24.594  9232 12132 I VRI[InputMethod]@5976dee: mWNT: t=0xb400007496fc2710 mBlastBufferQueue=0xb4000074b6e7e730 fn= 9 HdrRenderState mRenderHdrSdrRatio=1.0 caller= android.view.ViewRootImpl$12.onFrameDraw:15352 android.view.ThreadedRenderer$1.onFrameDraw:718 <bottom of call stack> 
06-14 16:17:24.594  9232 12132 I VRI[InputMethod]@5976dee: Setting up sync and frameCommitCallback
06-14 16:17:24.595  9232 12134 I VRI[InputMethod]@5976dee: Received frameCommittedCallback lastAttemptedDrawFrameNum=9 didProduceBuffer=true
06-14 16:17:24.595  2401  7942 D WindowManager: finishDrawingWindow: Window{38617f8 u0 InputMethod} mDrawState=HAS_DRAWN seqId=617
06-14 16:17:24.596  2401  2913 D SurfaceComposerClient: setCornerRadius ## 569c342 com.babcross.app/com.babcross.app.MainActivity#165140 cornerRadius=0.000000
06-14 16:17:24.596  2401  2913 D SurfaceComposerClient: setCornerRadius ## 569c342 com.babcross.app/com.babcross.app.MainActivity#165140 cornerRadius=0.000000
06-14 16:17:24.596  1763  5733 I vendor.qti.bluetooth@1.0-ibs_handler: ProcessIbsCmd: Received IBS_SLEEP_IND: 0xFE
06-14 16:17:24.596  1763  5733 D vendor.qti.bluetooth@1.0-ibs_handler: SerialClockVote: vote for UART CLK OFF
06-14 16:17:24.597  9232  9232 I HBD     : HoneyBoardService onTrimMemory 20
06-14 16:17:24.598  9232  9232 I HBD     : CandidateExpandButtonViewModel Init expand button state by global layout listener 
06-14 16:17:24.599  1844  1844 I SurfaceFlinger: [LayerHierarchy{RequestedLayerState{6356d65 NavigationBar0#103 parentId=165234} 1 children}] reparent to LayerHierarchy{RequestedLayerState{Surface(name=6356d65 NavigationBar0)/@0x2ba4d39 - animation-leash of insets_animation#165234 parentId=102} 1 children}
06-14 16:17:24.599  1844  1844 I SurfaceFlinger: [LayerHierarchy{RequestedLayerState{6ce5028 TaskbarWindow#5930 parentId=165235} 1 children}] reparent to LayerHierarchy{RequestedLayerState{Surface(name=6ce5028 TaskbarWindow)/@0xce8b235 - animation-leash of insets_animation#165235 parentId=5929} 1 children}
06-14 16:17:24.599  1844  1844 I SurfaceFlinger: [LayerHierarchy{RequestedLayerState{Surface(name=6ce5028 TaskbarWindow)/@0xce8b235 - animation-leash of insets_animation#165154} no children}] reparent to OffscreenRoot
06-14 16:17:24.599  1844  1844 I SurfaceFlinger: [LayerHierarchy{RequestedLayerState{Surface(name=6ce5028 TaskbarWindow)/@0xce8b235 - animation-leash of insets_animation#165154} no children}] RelativeParent to null
06-14 16:17:24.599  1844  1844 I SurfaceFlinger: [LayerHierarchy{RequestedLayerState{Surface(name=6356d65 NavigationBar0)/@0x2ba4d39 - animation-leash of insets_animation#165153} no children}] reparent to OffscreenRoot
06-14 16:17:24.599  1844  1844 I SurfaceFlinger: [LayerHierarchy{RequestedLayerState{Surface(name=6356d65 NavigationBar0)/@0x2ba4d39 - animation-leash of insets_animation#165153} no children}] RelativeParent to null
06-14 16:17:24.599  1844  2415 I SurfaceFlinger: id=165154 Removed Surface(name=6ce5028 TaskbarWindow)/@0xce8b235 - animation-leash of insets_animation#165154 (185)
06-14 16:17:24.599  2401  2913 I ImeTracker: system_server:a299079: onRequestShow at ORIGIN_SERVER reason CONTROLS_CHANGED fromUser false
06-14 16:17:24.600  2401  2912 I InsetsController: onStateChanged: host=PermanentControlTarget, from=com.android.server.wm.InsetsPolicy$ControlTarget.run:18, state=InsetsState: {mDisplayFrame=Rect(0, 0 - 1080, 2520), mDisplayCutout=DisplayCutout{insets=Rect(0, 110 - 0, 0) waterfall=Insets{left=0, top=0, right=0, bottom=0} boundingRect={Bounds=[Rect(0, 0 - 0, 0), Rect(510, 0 - 570, 110), Rect(0, 0 - 0, 0), Rect(0, 0 - 0, 0)]} cutoutPathParserInfo={CutoutPathParserInfo{displayWidth=1080 displayHeight=2520 physicalDisplayWidth=1080 physicalDisplayHeight=2520 density={2.625} cutoutSpec={M 0,0 H -11.42857142857143 V 41.9047619047619 H 11.42857142857143 V 0 H 0 Z @dp} rotation={0} scale={1.0} physicalPixelDisplaySizeRatio={1.0}}} sideOverrides={}}, mRoundedCorners=RoundedCorners{[RoundedCorner{position=TopLeft, radius=13, center=Point(13, 13)}, RoundedCorner{position=TopRight, radius=13, center=Point(1067, 13)}, RoundedCorner{position=BottomRight, radius=13, center=Point(1067, 2507)}, RoundedCorner{position=BottomLeft, radius=13, center=Point(13, 2507)}]}  mRoundedCornerFrame=Rect(0, 0 - 0, 0), mPrivacyIndicatorBounds=PrivacyIndicatorBounds {static bounds=Rect(964, 0 - 1080, 110) rotation=0}, mDisplayShape=DisplayShape{ spec=-311912193 displayWidth=1080 displayHeight=2520 physicalPixelDisplaySizeRatio=1.0 rotation=0 offsetX=0 offsetY=0 scale=1.0}, mSources= { InsetsSource: {86970001 mType=navigationBars mFrame=[0,0][0,0] mVisible=false mFlags= mSideHint=NONE mBoundingRects=null}, InsetsSource: {86970004 mType=systemGestures mFrame=[0,0][0,0] mVisible=false mFlags= mSideHint=NONE mBoundingRects=null}, InsetsSource: {86970005 mType=mandatorySystemGestures mFrame=[0,0][0,0] mVisible=false mFlags= mSideHint=NONE mBoundingRects=null}, InsetsSource: {86970006 mType=tappableElement mFrame=[0,0][0,0] mVisible=false mFlags= mSideHint=NONE mBoundingRects=null}, InsetsSource: {86970024 mType=systemGestures mFrame=[0,0][0,0] mVisible=false mFlags= mSideHint=NONE mBoundingRects=null}, InsetsSource: {3 mType=ime mFrame=[0,1537][1080,2520] mVisible=false mFlags= mSideHint=BOTTOM mBoundingRects=null}, InsetsSource: {27 mType=displayCutout mFrame=[0,0][1080,110] mVisible=true mFlags= mSideHint=TOP mBoundingRects=null}, InsetsSource: {48740000 mType=statusBars mFrame=[0,0][1080,110] mVisible=true mFlags= mSideHint=TOP mBoundingRects=null}, InsetsSource: {48740005 mType=mandatorySystemGestures mFrame=[0,0][1080,142] mVisible=true mFlags= mSideHint=TOP mBoundingRects=null}, InsetsSource: {48740006 mType=tappableElement mFrame=[0,0][1080,110] mVisible=true mFlags= mSideHint=TOP mBoundingRects=null}, InsetsSource: {73d80001 mType=navigationBars mFrame=[0,2394][1080,2520] mVisible=true mFlags= mSideHint=BOTTOM mBoundingRects=null}, InsetsSource: {73d80004 mType=systemGestures mFrame=[0,0][0,0] mVisible=true mFlags= mSideHint=NONE mBoundingRects=null}, InsetsSource: {73d80005 mType=mandatorySystemGestures mFrame=[0,2394][1080,2520] mVisible=true mFlags= mSideHint=BOTTOM mBoundingRects=null}, InsetsSource: {73d80006 mType=tappableElement mFrame=[0,2394][1080,2520] mVisible=true mFlags= mSideHint=BOTTOM mBoundingRects=null}, InsetsSource: {73d80024 mType=systemGestures mFrame=[0,0][0,0] mVisible=true mFlags= mSideHint=NONE mBoundingRects=null} }
06-14 16:17:24.600  1844  2415 I SurfaceFlinger: id=165153 Removed Surface(name=6356d65 NavigationBar0)/@0x2ba4d39 - animation-leash of insets_animation#165153 (185)
06-14 16:17:24.601 18772 18772 I InsetsSourceConsumer: applyRequestedVisibilityToControl: visible=true, type=navigationBars, host=com.babcross.app/com.babcross.app.MainActivity
06-14 16:17:24.601 18772 18772 I ImeTracker: system_server:a299079: onCancelled at PHASE_CLIENT_ON_CONTROLS_CHANGED
06-14 16:17:24.615  1844  1844 I SurfaceFlinger: destroyed Surface(name=6ce5028 TaskbarWindow)/@0xce8b235 - animation-leash of insets_animation#165154 form LifecycleManager
06-14 16:17:24.615  1844  1844 I SurfaceFlinger: destroyed Surface(name=6356d65 NavigationBar0)/@0x2ba4d39 - animation-leash of insets_animation#165153 form LifecycleManager
06-14 16:17:24.615  1844  1844 I SurfaceFlinger: id=165154 onLayerDestroyed from LayerHierarchyBuilder(RequestedLayerState{Surface(name=6ce5028 TaskbarWindow)/@0xce8b235 - animation-leash of insets_animation#165154 !handle})
06-14 16:17:24.615  1844  1844 I SurfaceFlinger: id=165153 onLayerDestroyed from LayerHierarchyBuilder(RequestedLayerState{Surface(name=6356d65 NavigationBar0)/@0x2ba4d39 - animation-leash of insets_animation#165153 !handle})
06-14 16:17:24.616  1844  1844 I Layer   : id=165154 Destroyed Surface(name=6ce5028 TaskbarWindow)/@0xce8b235 - animation-leash of insets_animation#165154
06-14 16:17:24.616  1844  1844 I Layer   : id=165153 Destroyed Surface(name=6356d65 NavigationBar0)/@0x2ba4d39 - animation-leash of insets_animation#165153
06-14 16:17:24.627  1776 24758 I HYPER-HAL: [RequestManager.cpp]releaseLocked(): Released ID : -606000378
06-14 16:17:24.627  1776 24760 I HYPER-HAL: [RequestManager.cpp]releaseLocked(): Released ID : 737604656
06-14 16:17:24.629  1763  5733 I vendor.qti.bluetooth@1.0-ibs_handler: ProcessIbsCmd: Received IBS_WAKE_IND: 0xFD
06-14 16:17:24.629  1763  5733 D vendor.qti.bluetooth@1.0-ibs_handler: SerialClockVote: vote for UART CLK ON
06-14 16:17:24.629  1763  5733 I vendor.qti.bluetooth@1.0-ibs_handler: ProcessIbsCmd: Writing IBS_WAKE_ACK
06-14 16:17:24.630  1830  1830 I SSC_DAEMON: handleSensorTestReqMsg:88, Sensor type :6, Msg type:5
06-14 16:17:24.631  4736  5812 I ScanController: onScanResult to scannerId: 11- eventType=0x10, addressType=1, address=XX:XX:XX:XX:A5:C7, primaryPhy=1, secondaryPhy=0, advertisingSid=0xff, txPower=127, rssi=-72, periodicAdvInt=0x0
