--------- beginning of main
06-14 16:26:06.683  7228  7940 I AudioManager: setParameters keyValuePairs = g_hw_speaker_amp_temp_rcv=32
06-14 16:26:06.684  1831 29426 D AudioFlinger: setParameters: filtered dev setParameters keyvalue g_hw_speaker_amp_temp_rcv=32
06-14 16:26:06.684  1773  9487 D AHAL_HFP_QTI: hfp_set_parameters enter
06-14 16:26:06.684  1773  9487 D AHAL_HFP_QTI: hfp_set_parameters Exit
06-14 16:26:06.684  1773  9487 D AHAL_SecModulePrimary: processSetVendorParameters: configured g_hw_speaker_amp_temp_rcv
06-14 16:26:06.684  1773  9487 D AHAL_SecModulePrimary: processSetVendorParameters: handler set on Feature:0
06-14 16:26:06.684  1773  9487 D AHAL_SecModulePrimary: onSetSECGenericParameters set temperature for g_hw_speaker_amp_temp_rcv: 32
06-14 16:26:06.684  1773  9487 I PAL: API: pal_set_param: 1377: Enter: param id 3001
06-14 16:26:06.684  1773  9487 I PAL: ResourceManager: getActiveStream_l: 6569: no active streams found for device 3 ret -2
06-14 16:26:06.685  1831 29426 E ConversionHelperAidl: Function: parseAndSetVendorParameters Line: 94 Failed 
06-14 16:26:06.685  1831 29426 E ConversionHelperAidl: Function: parseAndSetVendorParameters Line: 94 Failed 
06-14 16:26:06.766  5911  5911 I adbd    : New TLS connection [fd=36]
06-14 16:26:06.767  5911  1953 I adbd    : host-36: connection terminated: read failed
06-14 16:26:06.908  1791  2322 I SDM     : DisplayBase::CommitThread: Received idle timeout, panel: cmd, timeout: 70000 us
06-14 16:26:06.929  2401  4030 D NetdEventListenerService: DNS Requested by 238, 10078(com.shinhan.sbanking), SUCCESS, 0ms
06-14 16:26:07.003  1770  6900 I sensors-hal: handle_sns_std_sensor_event:127, [SSC_LIGHT] A: 212(212),c:316,b:83,m:37,cl:74,l:209,s:213,l0:37120,l1:832,s0:27250,s1:0,acl:1,opr:0.60,f(r):111,u(bl):100,if:111,wi:46,si:0,0(N:1)
06-14 16:26:07.202  1763  5733 I vendor.qti.bluetooth@1.0-ibs_handler: ProcessIbsCmd: Received IBS_WAKE_IND: 0xFD
06-14 16:26:07.202  1763  5733 D vendor.qti.bluetooth@1.0-ibs_handler: SerialClockVote: vote for UART CLK ON
06-14 16:26:07.202  1763  5733 D vendor.qti.bluetooth@1.0-wake_lock: Acquire wakelock is acquired 
06-14 16:26:07.202  1763  5733 I vendor.qti.bluetooth@1.0-ibs_handler: ProcessIbsCmd: Writing IBS_WAKE_ACK
06-14 16:26:07.212  4736  5812 I ScanController: onScanResult to scannerId: 3- eventType=0x1b, addressType=0, address=XX:XX:XX:XX:01:95, primaryPhy=1, secondaryPhy=0, advertisingSid=0xff, txPower=127, rssi=-86, periodicAdvInt=0x0
06-14 16:26:07.240  4736  5812 I ScanController: onScanResult to scannerId: 11- eventType=0x10, addressType=1, address=XX:XX:XX:XX:48:3B, primaryPhy=1, secondaryPhy=0, advertisingSid=0xff, txPower=127, rssi=-71, periodicAdvInt=0x0
06-14 16:26:07.243  4736  5812 I ScanController: onScanResult to scannerId: 11- eventType=0x0, addressType=1, address=XX:XX:XX:XX:AF:A8, primaryPhy=1, secondaryPhy=1, advertisingSid=0x0, txPower=127, rssi=-59, periodicAdvInt=0x0
06-14 16:26:07.259  4736  5812 I ScanController: onScanResult to scannerId: 11- eventType=0x0, addressType=1, address=XX:XX:XX:XX:C6:09, primaryPhy=1, secondaryPhy=1, advertisingSid=0x2, txPower=127, rssi=-59, periodicAdvInt=0x0
06-14 16:26:07.297  4736  5812 I ScanController: onScanResult to scannerId: 4- eventType=0x1b, addressType=0, address=XX:XX:XX:XX:01:95, primaryPhy=1, secondaryPhy=0, advertisingSid=0xff, txPower=127, rssi=-94, periodicAdvInt=0x0
06-14 16:26:07.298  4736  5812 I ScanController: onScanResult to scannerId: 9- eventType=0x1b, addressType=0, address=XX:XX:XX:XX:01:95, primaryPhy=1, secondaryPhy=0, advertisingSid=0xff, txPower=127, rssi=-94, periodicAdvInt=0x0
06-14 16:26:07.300  4736  5812 I ScanController: onScanResult to scannerId: 11- eventType=0x10, addressType=1, address=XX:XX:XX:XX:E5:AC, primaryPhy=1, secondaryPhy=0, advertisingSid=0xff, txPower=127, rssi=-65, periodicAdvInt=0x0
06-14 16:26:07.300 12841 13769 I [+0900]oneconnect[1.8.45.24_01][CORE]: DataConvert.parseBleVd - deviceBle : |name:($)-6(8)|deviceType:UNKNOWN|discoverType:_BLE|services:None|connected:false[Type]6[Index]1[MNID]0AJK[SETUPID]101[TvStatusString]EXTENSION[TvStatus]32[TvService]118[TvMirrorChannel]0[TvRegisteredDB]null[TvYear]2025[TvOcfInfo]15[TvAcmStatus]0[ExTvStatus]34[ExtendedStatus]12[ModuloSn]135
06-14 16:26:07.301 12841 15076 I [+0900]oneconnect[1.8.45.24_01][CORE]: Remoteless@RemotelessBleStateRepository.collectBleStateDomains.onEach - BleStateDomains size: 1 - ($)
06-14 16:26:07.301 12841 11020 I [+0900]oneconnect[1.8.45.24_01][CORE]: Remoteless@RemotelessBleStateRepository.collectBleStateDomains.onEach - BleStateDomains size: 1 - ($)
06-14 16:26:07.304 12841 15759 I [+0900]oneconnect[1.8.45.24_01][CORE]: Remoteless@RemotelessAutoConnectionManager.autoConnectOnPacket - AutoConnection policy not fulfilled. index: 0, result: false
06-14 16:26:07.339  1763  5733 I vendor.qti.bluetooth@1.0-ibs_handler: ProcessIbsCmd: Received IBS_SLEEP_IND: 0xFE
06-14 16:26:07.339  1763  5733 D vendor.qti.bluetooth@1.0-ibs_handler: SerialClockVote: vote for UART CLK OFF
06-14 16:26:07.369  1763  5733 I vendor.qti.bluetooth@1.0-ibs_handler: ProcessIbsCmd: Received IBS_WAKE_IND: 0xFD
06-14 16:26:07.369  1763  5733 D vendor.qti.bluetooth@1.0-ibs_handler: SerialClockVote: vote for UART CLK ON
06-14 16:26:07.369  1763  5733 I vendor.qti.bluetooth@1.0-ibs_handler: ProcessIbsCmd: Writing IBS_WAKE_ACK
06-14 16:26:07.373  4736  5812 I ScanController: onScanResult to scannerId: 11- eventType=0x10, addressType=1, address=XX:XX:XX:XX:48:3B, primaryPhy=1, secondaryPhy=0, advertisingSid=0xff, txPower=127, rssi=-62, periodicAdvInt=0x0
06-14 16:26:07.383  4736  5812 I ScanController: onScanResult to scannerId: 3- eventType=0x1b, addressType=1, address=XX:XX:XX:XX:75:95, primaryPhy=1, secondaryPhy=0, advertisingSid=0xff, txPower=127, rssi=-76, periodicAdvInt=0x0
06-14 16:26:07.385  4736  5812 I ScanController: onScanResult to scannerId: 11- eventType=0x1b, addressType=1, address=XX:XX:XX:XX:0E:09, primaryPhy=1, secondaryPhy=0, advertisingSid=0xff, txPower=127, rssi=-62, periodicAdvInt=0x0
06-14 16:26:07.392  4736  5812 I ScanController: onScanResult to scannerId: 11- eventType=0x0, addressType=1, address=XX:XX:XX:XX:C6:09, primaryPhy=1, secondaryPhy=1, advertisingSid=0x2, txPower=127, rssi=-49, periodicAdvInt=0x0
06-14 16:26:07.398  4736  5812 I ScanController: onScanResult to scannerId: 3- eventType=0x1b, addressType=0, address=XX:XX:XX:XX:01:95, primaryPhy=1, secondaryPhy=0, advertisingSid=0xff, txPower=127, rssi=-86, periodicAdvInt=0x0
06-14 16:26:07.407  1791  2322 I SDM     : DisplayBase::CommitThread: Received idle timeout, panel: cmd, timeout: 70000 us
06-14 16:26:07.410  4736  5812 I ScanController: onScanResult to scannerId: 4- eventType=0x1b, addressType=0, address=XX:XX:XX:XX:01:95, primaryPhy=1, secondaryPhy=0, advertisingSid=0xff, txPower=127, rssi=-86, periodicAdvInt=0x0
06-14 16:26:07.410  4736  5812 I ScanController: onScanResult to scannerId: 9- eventType=0x1b, addressType=0, address=XX:XX:XX:XX:01:95, primaryPhy=1, secondaryPhy=0, advertisingSid=0xff, txPower=127, rssi=-86, periodicAdvInt=0x0
06-14 16:26:07.411 12841 13769 I [+0900]oneconnect[1.8.45.24_01][CORE]: DataConvert.parseBleVd - deviceBle : |name:($)-6(8)|deviceType:TV|discoverType:_BLE|services:_TvSoundToMobile|connected:false[TvStatusString]POWER_ON[TvStatus]1[TvService]118[TvMirrorChannel]1[TvRegisteredDB][-98, 100, 53, -14, 115, -55][TvYear]2016[TvOcfInfo]0[TvAcmStatus]0[ExTvStatus]0[ExtendedStatus]-1[ModuloSn]-1
06-14 16:26:07.412 12841 22832 I [+0900]oneconnect[1.8.45.24_01][CORE]: Remoteless@RemotelessBleStateRepository.collectBleStateDomains.onEach - BleStateDomains size: 1 - ($)
06-14 16:26:07.413 12841 15077 I [+0900]oneconnect[1.8.45.24_01][CORE]: Remoteless@RemotelessBleStateRepository.collectBleStateDomains.onEach - BleStateDomains size: 1 - ($)
06-14 16:26:07.415 12841 14581 I [+0900]oneconnect[1.8.45.24_01][CORE]: Remoteless@RemotelessAutoConnectionManager.autoConnectOnPacket - AutoConnection policy not fulfilled. index: 0, result: false
06-14 16:26:07.449  1763  5733 I vendor.qti.bluetooth@1.0-ibs_handler: ProcessIbsCmd: Received IBS_SLEEP_IND: 0xFE
06-14 16:26:07.449  1763  5733 D vendor.qti.bluetooth@1.0-ibs_handler: SerialClockVote: vote for UART CLK OFF
06-14 16:26:07.483  1770 14565 I sensors-hal: handle_sns_std_sensor_event:90, light_cct: ts = 1075650738321645 ns; value = [212, 212, 139, 154, 235, 83, 74, 52, 37088, 46, 1]
06-14 16:26:07.512  1763  5733 I vendor.qti.bluetooth@1.0-ibs_handler: ProcessIbsCmd: Received IBS_WAKE_IND: 0xFD
06-14 16:26:07.512  1763  5733 D vendor.qti.bluetooth@1.0-ibs_handler: SerialClockVote: vote for UART CLK ON
06-14 16:26:07.512  1763  5733 I vendor.qti.bluetooth@1.0-ibs_handler: ProcessIbsCmd: Writing IBS_WAKE_ACK
06-14 16:26:07.517  4736  5812 I ScanController: onScanResult to scannerId: 11- eventType=0x0, addressType=1, address=XX:XX:XX:XX:1E:1A, primaryPhy=1, secondaryPhy=1, advertisingSid=0x1, txPower=127, rssi=-69, periodicAdvInt=0x0
06-14 16:26:07.557  1763  5733 I vendor.qti.bluetooth@1.0-ibs_handler: ProcessIbsCmd: Received IBS_SLEEP_IND: 0xFE
06-14 16:26:07.557  1763  5733 D vendor.qti.bluetooth@1.0-ibs_handler: SerialClockVote: vote for UART CLK OFF
06-14 16:26:07.616  1770  6942 I sensors-hal: handle_sns_client_event:379, [0][31311901] accel_sample [ 0.076,  0.253,  9.856] 1075650842735031
06-14 16:26:07.680  1807  2630 I thermal_core: pivot(AP) : 383, skin : 377
06-14 16:26:07.680  1807  2630 I vendor.samsung.hardware.thermal-service: index = 5.600000
06-14 16:26:07.680  1807  2630 I vendor.samsung.hardware.thermal-service: 1 / 2
06-14 16:26:07.707  1763  5272 D vendor.qti.bluetooth@1.0-wake_lock: Release wakelock is released 
06-14 16:26:07.716  2401  3971 I SemWifiServiceDetector: Service det. resumed: T / T / 15593
06-14 16:26:07.768  2401  3841 E WifiStaIfaceAidlImpl: getCachedScanData failed with service-specific exception: android.os.ServiceSpecificException:  (code 4)
06-14 16:26:07.771  2401  6666 D SemWifiUsabilityStatsMonitor: onWifiUsabilityStats - seqNum 69505, isSameBssidAndFreq true
06-14 16:26:07.774  2401  3973 E SemWifiLinkQualityMonitor: Too old or invalid TMI: currentTime=1781421967774 lastDateWindow=1781421581000
06-14 16:26:07.774  2401  3973 I SemWifiLinkQualityMonitor: Link stat: 1413 / 18 / 1.09 (12) / 234 / -71.0 || 100.0 : 234.00 / 0.5 : 0.92 / 0.55 : 0.01 / B (G) || 94c098bf5180: 0.107 / 74.685 / N || N N / 0 0 / N 2.0 / N X 2 / 652117917 0 || 2026-06-14 16:19:41  / 0: 0 0 0 0 0 0 / 0: 0 0 0 0 0 0 / 0: 0 0 0 0 0 0
06-14 16:26:07.775  2401  3974 D InsDataManager: onOutageCountUpdate() - Outage Data: 0, LQ : N. Outage Triggered: false
06-14 16:26:07.775  2401  3974 D SemInsManager: {"bssid": "94c098bf5180","rssi": -71.0,"latency": 0.1071170664460987,"outage_count": 0,"lq_callback_triggered": false,"outage_log": "Link stat: 1413 / 18 / 1.09 (12) / 234 / -71.0 || 100.0 : 234.00 / 0.5 : 0.92 / 0.55 : 0.01 / B (G) || 94c098bf5180: 0.107 / 74.685 / N || N N / 0 0 / N 2.0 / N X 2 / 652117917 0 || 2026-06-14 16:19:41  / 0: 0 0 0 0 0 0 / 0: 0 0 0 0 0 0 / 0: 0 0 0 0 0 0""Magnetic Sensor Events size": "0""Pressure Sensor Events size": "0"}
--------- beginning of system
06-14 16:26:07.777  2401  3991 D SGM:GameManager: identifyGamePackage. com.babcross.app, mCurrentUserId: 0, callingMethodInfo: com.samsung.android.game.SemGameManager.isGamePackage(SemGameManager.java:105)
06-14 16:26:07.777  2401  3991 D SGM:SemGameManager: isGamePackage(), pkgName=com.babcross.app, ret=false
06-14 16:26:07.841  1805  1872 E BatteryDump: !@new_battery_dump : 4021,-271,100,100,67,352,348,372,352,0,376,372,351,Discharging,NO_CHARGING,None,Good,NONE,0,Normal,0,0,10500,0x40000000,0x10000,0x0,0,0,321,v0004,0,0/0-0-0-0,0000,0000,00000000,4021,4022,0,-125,-146,0,215,0,664,980,0,
06-14 16:26:07.842  1807  1807 I seh_thermal_service: getTemperaturesWithType SehTemperatureType: 3
06-14 16:26:07.842  1805  1805 I sehhealth-service: updateLrpSysfs: write: 377
06-14 16:26:07.908  1791  2322 I SDM     : DisplayBase::CommitThread: Received idle timeout, panel: cmd, timeout: 69999 us
06-14 16:26:08.022  2439  2439 I CNSS    : /sys/wifi/max_chipset_log_size doesn't exist
06-14 16:26:08.093  2401  7525 W ParceledListSlice: Element #44 is 20412 bytes.
06-14 16:26:08.094  2401  7525 W ParceledListSlice: Element #54 is 31412 bytes.
06-14 16:26:08.117  2401  7525 W ParceledListSlice: Element #840 is 35756 bytes.
06-14 16:26:08.117  2401  7518 W ParceledListSlice: Element #857 is 17340 bytes.
06-14 16:26:08.408  1791  2322 I SDM     : DisplayBase::CommitThread: Received idle timeout, panel: cmd, timeout: 70000 us
06-14 16:26:08.423  1770  6900 I sensors-hal: handle_sns_client_event:208, auto_rotation_debug_2 mode,255,last,255, type,3,0 main,0.086,0.263,9.858 sub,-0.215,0.211,-9.844, ar,0, h_ic,1, s,3, ver,12, pedo,1,e,1,i,3
06-14 16:26:08.645 25776 32544 I NearbyConnections: EndpointManager send a KEEP_ALIVE frame (seqNum:14) and sleep 5000 for endpoint IVAG.
06-14 16:26:08.682  1807  2630 I thermal_core: pivot(AP) : 383, skin : 377
06-14 16:26:08.682  1807  2630 I vendor.samsung.hardware.thermal-service: index = 5.800000
06-14 16:26:08.682  1807  2630 I vendor.samsung.hardware.thermal-service: 2 / 2
06-14 16:26:08.690 25776 32543 I NearbyConnections: EndpointManager received a KEEP_ALIVE frame (seqNum:14) with ACK from endpoint IVAG on channel WIFI_AWARE.
06-14 16:26:08.721  1773  1773 D AHAL_ModulePrimary_QTI: getVendorParameters: id count: 1
06-14 16:26:08.721  1773  1773 I PAL: ResourceManager: getActiveStream_l: 6569: no active streams found for device 3 ret -2
06-14 16:26:08.721  1773  1773 D AHAL_SecModulePrimary: onGetSECGenericParameters get temperature for g_hw_speaker_amp_temp_rcv: 0
06-14 16:26:08.722  1773  9487 D AHAL_ModulePrimary_QTI: getVendorParameters: id count: 1
06-14 16:26:08.722  1773  9487 I PAL: ResourceManager: getActiveStream_l: 6569: no active streams found for device 3 ret -2
06-14 16:26:08.722  1773  9487 D AHAL_SecModulePrimary: onGetSECGenericParameters get temperature for g_hw_speaker_amp_temp_spk: 0
06-14 16:26:08.723  7228  7940 I SDHMS:x : SIOP:: AP:383 BAT:352 USB:348 CHG:372 PA:372 CP:371 WIFI:398 CF:382 BLK:0 SUBBAT:350 LRPTHM:363 SKIN:371 SKINF:373 SKINB:377 LRP:371 LRF:373 LRB:377 APT:373 APR:377 RCV:320 SPK:319 CAPR:371 CRCV:318 CSPK:325 CAMT:376 UPSPK:351 DNSPK:351 VAP02:380 VAP05:382 AMB2:313 HIGH:0 AVGCUR:-325 POWER:-1308
06-14 16:26:08.724  7228  7940 I AudioManager: setParameters keyValuePairs = g_hw_speaker_amp_temp_spk=33
06-14 16:26:08.725  1831 29426 D AudioFlinger: setParameters: filtered dev setParameters keyvalue g_hw_speaker_amp_temp_spk=33
06-14 16:26:08.726  1773  9487 D AHAL_HFP_QTI: hfp_set_parameters enter
06-14 16:26:08.726  1773  9487 D AHAL_HFP_QTI: hfp_set_parameters Exit
06-14 16:26:08.726  1773  9487 D AHAL_SecModulePrimary: processSetVendorParameters: configured g_hw_speaker_amp_temp_spk
06-14 16:26:08.726  1773  9487 D AHAL_SecModulePrimary: processSetVendorParameters: handler set on Feature:0
06-14 16:26:08.726  1773  9487 D AHAL_SecModulePrimary: onSetSECGenericParameters set temperature for g_hw_speaker_amp_temp_spk: 33
06-14 16:26:08.726  1773  9487 I PAL: API: pal_set_param: 1377: Enter: param id 3002
06-14 16:26:08.726  1773  9487 I PAL: ResourceManager: getActiveStream_l: 6569: no active streams found for device 3 ret -2
06-14 16:26:08.727  1831 29426 E ConversionHelperAidl: Function: parseAndSetVendorParameters Line: 94 Failed 
06-14 16:26:08.727  1831 29426 E ConversionHelperAidl: Function: parseAndSetVendorParameters Line: 94 Failed 
06-14 16:26:08.727  7228  7940 I AudioManager: setParameters keyValuePairs = g_hw_speaker_amp_temp_rcv=32
06-14 16:26:08.727  1831 29426 D AudioFlinger: setParameters: filtered dev setParameters keyvalue g_hw_speaker_amp_temp_rcv=32
06-14 16:26:08.728  1773  1773 D AHAL_HFP_QTI: hfp_set_parameters enter
06-14 16:26:08.728  1773  1773 D AHAL_HFP_QTI: hfp_set_parameters Exit
06-14 16:26:08.728  1773  1773 D AHAL_SecModulePrimary: processSetVendorParameters: configured g_hw_speaker_amp_temp_rcv
06-14 16:26:08.728  1773  1773 D AHAL_SecModulePrimary: processSetVendorParameters: handler set on Feature:0
06-14 16:26:08.728  1773  1773 D AHAL_SecModulePrimary: onSetSECGenericParameters set temperature for g_hw_speaker_amp_temp_rcv: 32
06-14 16:26:08.728  1773  1773 I PAL: API: pal_set_param: 1377: Enter: param id 3001
06-14 16:26:08.728  1773  1773 I PAL: ResourceManager: getActiveStream_l: 6569: no active streams found for device 3 ret -2
06-14 16:26:08.728  1831 29426 E ConversionHelperAidl: Function: parseAndSetVendorParameters Line: 94 Failed 
06-14 16:26:08.728  1831 29426 E ConversionHelperAidl: Function: parseAndSetVendorParameters Line: 94 Failed 
06-14 16:26:08.747 25776 32543 I NearbyConnections: EndpointManager received a KEEP_ALIVE frame (seqNum:14) and reply a KEEP_ALIVE frame with ack from endpoint IVAG on channel WIFI_AWARE.
06-14 16:26:08.764  1770 14483 I sensors-hal: handle_sns_std_sensor_event:404, [SSC_LIGHT] P: 212(212),c:316,b:83,m:37,cl:74,l:210,s:213,l0:37152,l1:832,s0:27500,s1:250,acl:1,opr:0.60,f(r):111,u(bl):100,if:111,wi:62,si:15,0(N:1)
06-14 16:26:08.907  1791  2322 I SDM     : DisplayBase::CommitThread: Received idle timeout, panel: cmd, timeout: 70000 us
06-14 16:26:08.945  4061  4061 I wpa_supplicant: Heartbeat 92276
06-14 16:26:09.152  1763  5733 I vendor.qti.bluetooth@1.0-ibs_handler: ProcessIbsCmd: Received IBS_WAKE_IND: 0xFD
06-14 16:26:09.152  1763  5733 D vendor.qti.bluetooth@1.0-ibs_handler: SerialClockVote: vote for UART CLK ON
06-14 16:26:09.152  1763  5733 D vendor.qti.bluetooth@1.0-wake_lock: Acquire wakelock is acquired 
06-14 16:26:09.152  1763  5733 I vendor.qti.bluetooth@1.0-ibs_handler: ProcessIbsCmd: Writing IBS_WAKE_ACK
06-14 16:26:09.164  4736  5812 I ScanController: onScanResult to scannerId: 11- eventType=0x1b, addressType=1, address=XX:XX:XX:XX:0E:09, primaryPhy=1, secondaryPhy=0, advertisingSid=0xff, txPower=127, rssi=-67, periodicAdvInt=0x0
06-14 16:26:09.199  4736  5812 I ScanController: onScanResult to scannerId: 11- eventType=0x10, addressType=1, address=XX:XX:XX:XX:E5:AC, primaryPhy=1, secondaryPhy=0, advertisingSid=0xff, txPower=127, rssi=-60, periodicAdvInt=0x0
06-14 16:26:09.217  4736  5812 I ScanController: onScanResult to scannerId: 11- eventType=0x0, addressType=1, address=XX:XX:XX:XX:8D:91, primaryPhy=1, secondaryPhy=1, advertisingSid=0x0, txPower=127, rssi=-62, periodicAdvInt=0x0
06-14 16:26:09.256  1763  5733 I vendor.qti.bluetooth@1.0-ibs_handler: ProcessIbsCmd: Received IBS_SLEEP_IND: 0xFE
06-14 16:26:09.256  1763  5733 D vendor.qti.bluetooth@1.0-ibs_handler: SerialClockVote: vote for UART CLK OFF
06-14 16:26:09.271  1763  5733 I vendor.qti.bluetooth@1.0-ibs_handler: ProcessIbsCmd: Received IBS_WAKE_IND: 0xFD
06-14 16:26:09.271  1763  5733 D vendor.qti.bluetooth@1.0-ibs_handler: SerialClockVote: vote for UART CLK ON
06-14 16:26:09.271  1763  5733 I vendor.qti.bluetooth@1.0-ibs_handler: ProcessIbsCmd: Writing IBS_WAKE_ACK
06-14 16:26:09.274  4736  5812 I ScanController: onScanResult to scannerId: 11- eventType=0x10, addressType=1, address=XX:XX:XX:XX:48:3B, primaryPhy=1, secondaryPhy=0, advertisingSid=0xff, txPower=127, rssi=-58, periodicAdvInt=0x0
06-14 16:26:09.282  4736  5812 I ScanController: onScanResult to scannerId: 11- eventType=0x0, addressType=1, address=XX:XX:XX:XX:AF:A8, primaryPhy=1, secondaryPhy=1, advertisingSid=0x0, txPower=127, rssi=-51, periodicAdvInt=0x0
06-14 16:26:09.292  4736  5812 I ScanController: onScanResult to scannerId: 11- eventType=0x1b, addressType=1, address=XX:XX:XX:XX:0E:09, primaryPhy=1, secondaryPhy=0, advertisingSid=0xff, txPower=127, rssi=-68, periodicAdvInt=0x0
06-14 16:26:09.325  4736  5812 I ScanController: onScanResult to scannerId: 3- eventType=0x1b, addressType=1, address=XX:XX:XX:XX:75:95, primaryPhy=1, secondaryPhy=0, advertisingSid=0xff, txPower=127, rssi=-68, periodicAdvInt=0x0
06-14 16:26:09.327  4736  5812 I ScanController: onScanResult to scannerId: 11- eventType=0x0, addressType=1, address=XX:XX:XX:XX:C6:09, primaryPhy=1, secondaryPhy=1, advertisingSid=0x2, txPower=127, rssi=-51, periodicAdvInt=0x0
06-14 16:26:09.367  1763  5733 I vendor.qti.bluetooth@1.0-ibs_handler: ProcessIbsCmd: Received IBS_SLEEP_IND: 0xFE
06-14 16:26:09.367  1763  5733 D vendor.qti.bluetooth@1.0-ibs_handler: SerialClockVote: vote for UART CLK OFF
06-14 16:26:09.408  1791  2322 I SDM     : DisplayBase::CommitThread: Received idle timeout, panel: cmd, timeout: 70000 us
06-14 16:26:09.517  1763  5272 D vendor.qti.bluetooth@1.0-wake_lock: Release wakelock is released 
06-14 16:26:09.522  1113  1113 D io_stats: !@ Read_top(KB): vendor.samsung.:normal(1805) 56 rControlService:low(16374) 28
06-14 16:26:09.522  1113  1113 D io_stats: !@ Write_top(KB): vendor.samsung.:normal(1805) 8
06-14 16:26:09.522  1113  1113 D io_stats: !@ fuse-log: WORST (10078 1 0 2 0) (10660 1 0 2 0) TOTAL_LATENCY (10078 0 1 0 2) (10660 0 1 0 2) TOTAL_CNT (10078 2 1 2) (10660 2 1 2) 
06-14 16:26:09.605  2401  7525 W ActivityManager: Unable to start service Intent { xflg=0x4 cmp=com.teamviewer.host.market/com.teamviewer.incomingsessionlib.service.MainService } U=0: not found
06-14 16:26:09.606  2401  7525 W ActivityManager: Unable to start service Intent { xflg=0x4 cmp=com.rsupport.mobile.agent/.service.AgentMainService } U=0: not found
06-14 16:26:09.606  2401  7518 W ActivityManager: Unable to start service Intent { xflg=0x4 cmp=com.rsupport.mobile.agent/.modules.push.service.RSPushService } U=0: not found
06-14 16:26:09.606  2401  7518 W ActivityManager: Unable to start service Intent { xflg=0x4 cmp=com.teamviewer.quicksupport.market/com.teamviewer.incomingsessionlib.service.MainService } U=0: not found
06-14 16:26:09.606  2401  7525 W ActivityManager: Unable to start service Intent { xflg=0x4 cmp=com.anydesk.anydeskandroid/.IncomingConnectionService } U=0: not found
06-14 16:26:09.607  2401  7525 W ActivityManager: Unable to start service Intent { xflg=0x4 cmp=net.koino.anysupportMobile/net.koino.anysupport.service.AnySupportMainService } U=0: not found
06-14 16:26:09.607  2401  7518 W ActivityManager: Unable to start service Intent { xflg=0x4 cmp=com.apowersoft.mirror/com.apowersoft.mirrorcast.service.CastScreenService } U=0: not found
06-14 16:26:09.607  2401  7518 W ActivityManager: Unable to start service Intent { xflg=0x4 cmp=com.sand.airdroid/.webrtc.SandWebRTCService_ } U=0: not found
06-14 16:26:09.607  2401  7525 W ActivityManager: Unable to start service Intent { xflg=0x4 cmp=com.sand.airdroid/.webrtc.SandWebRTCService } U=0: not found
06-14 16:26:09.607  2401  7525 W ActivityManager: Unable to start service Intent { xflg=0x4 cmp=com.sand.aircast/.webrtc.SandWebRTCService_ } U=0: not found
06-14 16:26:09.608  2401  7525 W ActivityManager: Unable to start service Intent { xflg=0x4 cmp=com.mobzapp.screenstream.trial/com.mobzapp.screenstream.service.ScreenStreamService } U=0: not found
06-14 16:26:09.608  2401  7525 W ActivityManager: Unable to start service Intent { xflg=0x4 cmp=de.im.RemoDroid/.server.utils.ServerService } U=0: not found
06-14 16:26:09.608  2401  7525 W ActivityManager: Unable to start service Intent { xflg=0x4 cmp=com.imobie.anymirror/.service.MirrorService } U=0: not found
06-14 16:26:09.608  2401  7518 W ActivityManager: Unable to start service Intent { xflg=0x4 cmp=com.webkey/.service.BackgroundService } U=0: not found
06-14 16:26:09.608  2401  7518 W ActivityManager: Unable to start service Intent { xflg=0x4 cmp=screen.mirroring.screenmirroring/com.example.myapplication.MirrorService } U=0: not found
06-14 16:26:09.608  2401  7525 W ActivityManager: Unable to start service Intent { xflg=0x4 cmp=com.agileapps.screenstream/.helpers.AppService } U=0: not found
06-14 16:26:09.609  2401  7525 W ActivityManager: Unable to start service Intent { xflg=0x4 cmp=com.agileapps.screenstream/.service.FgService } U=0: not found
06-14 16:26:09.609  2401  7525 W ActivityManager: Unable to start service Intent { xflg=0x4 cmp=com.screenmirrorapp/.mirroring.ScreenRecordingService } U=0: not found
06-14 16:26:09.609  2401  7525 W ActivityManager: Unable to start service Intent { xflg=0x4 cmp=com.screen.mirroring.tv.cast.remote/.browser.core.MirrorForegroundService } U=0: not found
06-14 16:26:09.609  2401  7518 W ActivityManager: Unable to start service Intent { xflg=0x4 cmp=com.logmein.rescuemobile/com.lmi.rescue.app.RescueServerImpl } U=0: not found
06-14 16:26:09.609  2401  7518 W ActivityManager: Unable to start service Intent { xflg=0x4 cmp=com.awesun.control/com.oray.sunlogin.service.MediaProjectionAndKeepAliveService } U=0: not found
06-14 16:26:09.609  2401  7518 W ActivityManager: Unable to start service Intent { xflg=0x4 cmp=com.mobile.to.web.browser.mirroring.wifi.screen.share.miracast.screenmirroring/.service.BrowserForegroundService } U=0: not found
06-14 16:26:09.609  2401  7518 W ActivityManager: Unable to start service Intent { xflg=0x4 cmp=com.midassoft.ezmobileandroid/com.midassoft.ezhelp.EzHelpRemoteService } U=0: not found
06-14 16:26:09.610  2401  7525 W ActivityManager: Unable to start service Intent { xflg=0x4 cmp=com.midassoft.ezmobilesamsung1/com.midassoft.ezhelp.EzHelpRemoteService } U=0: not found
06-14 16:26:09.610  2401  7525 W ActivityManager: Unable to start service Intent { xflg=0x4 cmp=com.sigma_rt.totalcontrol/.ap.service.DaemonService } U=0: not found
06-14 16:26:09.610  2401  7518 W ActivityManager: Unable to start service Intent { xflg=0x4 cmp=com.casttotv.screenmirroring.smarttv.castvideo/com.cast.to.smart.tv.ui.activities.function.screen_mirror.service.ForegroundService } U=0: not found
06-14 16:26:09.610  2401  7518 W ActivityManager: Unable to start service Intent { xflg=0x4 cmp=com.casttotv.screenmirroring.smarttv.castvideo/com.base.mjpeg.MjpegModuleService } U=0: not found
06-14 16:26:09.610  2401  7518 W ActivityManager: Unable to start service Intent { xflg=0x4 cmp=de.twokit.screen.mirroring.app/.util.MirroringService } U=0: not found
06-14 16:26:09.610  2401  7518 W ActivityManager: Unable to start service Intent { xflg=0x4 cmp=com.smartcast.casttotv.screenmirror.mirroringcast.chromecast/.service.ForegroundService } U=0: not found
06-14 16:26:09.610  2401  7518 W ActivityManager: Unable to start service Intent { xflg=0x4 cmp=com.nero.swiftlink.mirror/.core.MirroringService } U=0: not found
06-14 16:26:09.611  2401  7525 W ActivityManager: Unable to start service Intent { xflg=0x4 cmp=com.nero.swiftlink.mirror/.core.MirrorService } U=0: not found
06-14 16:26:09.611  2401  7525 W ActivityManager: Unable to start service Intent { xflg=0x4 cmp=com.ahranta.android.arc.asp/com.ahranta.android.arc.core.CoreService } U=0: not found
06-14 16:26:09.611  2401  7525 W ActivityManager: Unable to start service Intent { xflg=0x4 cmp=com.imobie.anymiro/.service.ScreenCastService } U=0: not found
06-14 16:26:09.611  2401  7525 W ActivityManager: Unable to start service Intent { xflg=0x4 cmp=com.sand.airsos/.webrtc.SandWebRTCService_ } U=0: not found
06-14 16:26:09.611  2401  7525 W ActivityManager: Unable to start service Intent { xflg=0x4 cmp=com.zoho.assist.agent/.service.KeepAliveService } U=0: not found
06-14 16:26:09.611  2401  7525 W ActivityManager: Unable to start service Intent { xflg=0x4 cmp=com.aomei.anyviewer/.root.sub.screenCapture.AMRecorderService } U=0: not found
06-14 16:26:09.611  2401  7518 W ActivityManager: Unable to start service Intent { xflg=0x4 cmp=com.apowersoft.letsview/com.apowersoft.mirrorcast.service.CastScreenService } U=0: not found
06-14 16:26:09.612  2401  7518 W ActivityManager: Unable to start service Intent { xflg=0x4 cmp=com.frixapps.casttotv/.browser.browsercasting.FgService } U=0: not found
06-14 16:26:09.612  2401  7525 W ActivityManager: Unable to start service Intent { xflg=0x4 cmp=com.imyfone.mirrorto/.web.AppService } U=0: not found
06-14 16:26:09.612  2401  7525 W ActivityManager: Unable to start service Intent { xflg=0x4 cmp=com.kakao.talk/.vox.ui.cecall.screenshare.CeCallScreenShareService } U=0: not found
06-14 16:26:09.612  2401  7518 W ActivityManager: Unable to start service Intent { xflg=0x4 cmp=com.islonline.isllight.mobile.android/.SessionService } U=0: not found
06-14 16:26:09.612  2401  7518 W ActivityManager: Unable to start service Intent { xflg=0x4 cmp=kr.co.helpu.host/remotecontrol.host.service.RCHostMainService } U=0: not found
06-14 16:26:09.612  2401  7518 W ActivityManager: Unable to start service Intent { xflg=0x4 cmp=com.rsupport.mobile.agent/.service.RVAForegroundService } U=0: not found
06-14 16:26:09.613  2401  7518 W ActivityManager: Unable to start service Intent { xflg=0x4 cmp=com.carriez.flutter_hbb/.FloatingWindowService } U=0: not found
06-14 16:26:09.613  2401  7518 W ActivityManager: Unable to start service Intent { xflg=0x4 cmp=com.remotepc.host/com.remotepcnew.host.host.service.CaptureService } U=0: not found
06-14 16:26:09.613  2401  7518 W ActivityManager: Unable to start service Intent { xflg=0x4 cmp=com.wisemo.host.v10/com.wisemo.host.HostService } U=0: not found
06-14 16:26:09.613  2401  7518 W ActivityManager: Unable to start service Intent { xflg=0x4 cmp=com.cisco.wx2.android/com.webex.teams.notifications.ScreenShareForegroundService } U=0: not found
06-14 16:26:09.613  2401  7525 W ActivityManager: Unable to start service Intent { xflg=0x4 cmp=com.hoptodesk.app/.MainService } U=0: not found
06-14 16:26:09.614  2401  7525 W ActivityManager: Unable to start service Intent { xflg=0x4 cmp=com.easywork.easycast/.MediaProjectionService } U=0: not found
06-14 16:26:09.614  2401  7518 W ActivityManager: Unable to start service Intent { xflg=0x4 cmp=jp.naver.line.android/com.linecorp.voip2.feature.pip.service.VoIPScreenShareService } U=0: not found
06-14 16:26:09.614  2401  7518 W ActivityManager: Unable to start service Intent { xflg=0x4 cmp=com.islonline.isllight.mobile.android/.mediaprojection.MediaProjectionCaptureService } U=0: not found
06-14 16:26:09.614  2401  7525 W ActivityManager: Unable to start service Intent { xflg=0x4 cmp=com.splashtop.sos/com.splashtop.streamer.StreamerService } U=0: not found
06-14 16:26:09.640  1770  6942 I sensors-hal: handle_sns_client_event:379, [0][31311934] accel_sample [ 0.075,  0.254,  9.852] 1075652867860552
06-14 16:26:09.642  8008  8008 I MSDK    : 2,1,9,0,0,0
06-14 16:26:09.642  8008  8008 I MSDK    : 2,1,9,1,0,0
06-14 16:26:09.724  1807  2630 I thermal_core: pivot(AP) : 382, skin : 377
06-14 16:26:09.724  1807  2630 I vendor.samsung.hardware.thermal-service: index = 5.800000
06-14 16:26:09.724  1807  2630 I vendor.samsung.hardware.thermal-service: 1 / 2
06-14 16:26:09.925  1791  2322 I SDM     : DisplayBase::CommitThread: Received idle timeout, panel: cmd, timeout: 70000 us
06-14 16:26:09.942  2401  3971 I SemWifiServiceDetector: NSD results: [0, 1, 2, 0, 0, 1, 2, 1, 0] Traff. type 1 Thr 0
06-14 16:26:10.043  1770 14565 I sensors-hal: handle_sns_std_sensor_event:90, light_cct: ts = 1075653298322166 ns; value = [210, 210, 139, 154, 228, 83, 74, 52, 37120, 46, 1]
06-14 16:26:10.195  7228  7228 I SDHMS:LOAD: type: LoadsFreqs, value: 2:0:0:1017600:1017600:1017600:788351:3532800:556800:218:222:160
06-14 16:26:10.209  2401  2962 D BatteryExternalStatsWorker: update stats : procstate-change (10)
06-14 16:26:10.210  2401  2962 D BatteryExternalStatsWorker: Fetch WiFi data
06-14 16:26:10.210  2401  2962 D BatteryExternalStatsWorker: Update Rail Energy data
06-14 16:26:10.218  2401  3841 E WifiStaIfaceAidlImpl: getCachedScanData failed with service-specific exception: android.os.ServiceSpecificException:  (code 4)
06-14 16:26:10.218  2401  2962 D BatteryExternalStatsWorker: mStats lock released
06-14 16:26:10.232  2401  2962 D BatteryExternalStatsWorker: Update wifi state
06-14 16:26:10.232  2401  2962 D BatteryExternalStatsWorker: done updateExternalStatsLocked
06-14 16:26:10.234  1763  1803 D vendor.qti.bluetooth@1.0-ibs_handler: SerialClockVote: vote for UART CLK ON
06-14 16:26:10.235  1763  1803 D vendor.qti.bluetooth@1.0-wake_lock: Acquire wakelock is acquired 
06-14 16:26:10.235  1763  1803 I vendor.qti.bluetooth@1.0-ibs_handler: DeviceWakeUp: Writing IBS_WAKE_IND
06-14 16:26:10.240  1763  5733 I vendor.qti.bluetooth@1.0-ibs_handler: ProcessIbsCmd: Received IBS_WAKE_ACK: 0xFC
06-14 16:26:10.240  1763  5733 I vendor.qti.bluetooth@1.0-ibs_handler: ProcessIbsCmd: Signal wack_cond_
06-14 16:26:10.240  1763  1803 D vendor.qti.bluetooth@1.0-ibs_handler: DeviceWakeUp: Unblocked from waiting for FC, pthread_cond_timedwait ret = 0
06-14 16:26:10.241  1763  5733 I vendor.qti.bluetooth@1.0-ibs_handler: ProcessIbsCmd: Received IBS_WAKE_IND: 0xFD
06-14 16:26:10.241  1763  5733 I vendor.qti.bluetooth@1.0-ibs_handler: ProcessIbsCmd: Writing IBS_WAKE_ACK
06-14 16:26:10.288  1763  5733 I vendor.qti.bluetooth@1.0-ibs_handler: ProcessIbsCmd: Received IBS_SLEEP_IND: 0xFE
06-14 16:26:10.427  1791  2322 I SDM     : DisplayBase::CommitThread: Received idle timeout, panel: cmd, timeout: 70000 us
06-14 16:26:10.444  2401  3971 I SemWifiServiceDetector: NSD results: [0, 1, 2, 0, 0, 0, 2, 1, 0] Traff. type 1 Thr 0
06-14 16:26:10.490  1763  5741 I vendor.qti.bluetooth@1.0-ibs_handler: DeviceSleep: TX Awake, Sending SLEEP_IND
06-14 16:26:10.491  1763  5741 D vendor.qti.bluetooth@1.0-ibs_handler: SerialClockVote: vote for UART CLK OFF
06-14 16:26:10.641  1763  5272 D vendor.qti.bluetooth@1.0-wake_lock: Release wakelock is released 
06-14 16:26:10.719  2401  3971 I SemWifiServiceDetector: Service det. suspended: T / T / 15593
06-14 16:26:10.726  1807  2630 I thermal_core: pivot(AP) : 382, skin : 377
06-14 16:26:10.726  1807  2630 I vendor.samsung.hardware.thermal-service: index = 5.600000
06-14 16:26:10.726  1807  2630 I vendor.samsung.hardware.thermal-service: 2 / 2
06-14 16:26:10.768  1773  9487 D AHAL_ModulePrimary_QTI: getVendorParameters: id count: 1
06-14 16:26:10.769  1773  9487 I PAL: ResourceManager: getActiveStream_l: 6569: no active streams found for device 3 ret -2
06-14 16:26:10.769  1773  9487 D AHAL_SecModulePrimary: onGetSECGenericParameters get temperature for g_hw_speaker_amp_temp_rcv: 0
06-14 16:26:10.769  1773  1773 D AHAL_ModulePrimary_QTI: getVendorParameters: id count: 1
06-14 16:26:10.769  1773  1773 I PAL: ResourceManager: getActiveStream_l: 6569: no active streams found for device 3 ret -2
06-14 16:26:10.769  1773  1773 D AHAL_SecModulePrimary: onGetSECGenericParameters get temperature for g_hw_speaker_amp_temp_spk: 0
06-14 16:26:10.770  7228  7940 I SDHMS:x : SIOP:: AP:382 BAT:352 USB:348 CHG:372 PA:371 CP:371 WIFI:398 CF:382 BLK:0 SUBBAT:350 LRPTHM:363 SKIN:371 SKINF:373 SKINB:377 LRP:371 LRF:373 LRB:377 APT:373 APR:377 RCV:320 SPK:319 CAPR:371 CRCV:318 CSPK:325 CAMT:376 UPSPK:351 DNSPK:351 VAP02:380 VAP05:382 AMB2:313 HIGH:0 AVGCUR:-325 POWER:-1308
06-14 16:26:10.770  7228  7940 I AudioManager: setParameters keyValuePairs = g_hw_speaker_amp_temp_spk=33
06-14 16:26:10.771  1831 29426 D AudioFlinger: setParameters: filtered dev setParameters keyvalue g_hw_speaker_amp_temp_spk=33
06-14 16:26:10.771  1773  1773 D AHAL_HFP_QTI: hfp_set_parameters enter
06-14 16:26:10.771  1773  1773 D AHAL_HFP_QTI: hfp_set_parameters Exit
06-14 16:26:10.772  1773  1773 D AHAL_SecModulePrimary: processSetVendorParameters: configured g_hw_speaker_amp_temp_spk
06-14 16:26:10.772  1773  1773 D AHAL_SecModulePrimary: processSetVendorParameters: handler set on Feature:0
06-14 16:26:10.772  1773  1773 D AHAL_SecModulePrimary: onSetSECGenericParameters set temperature for g_hw_speaker_amp_temp_spk: 33
06-14 16:26:10.772  1773  1773 I PAL: API: pal_set_param: 1377: Enter: param id 3002
06-14 16:26:10.772  1773  1773 I PAL: ResourceManager: getActiveStream_l: 6569: no active streams found for device 3 ret -2
06-14 16:26:10.772  1831 29426 E ConversionHelperAidl: Function: parseAndSetVendorParameters Line: 94 Failed 
06-14 16:26:10.772  1831 29426 E ConversionHelperAidl: Function: parseAndSetVendorParameters Line: 94 Failed 
06-14 16:26:10.773  7228  7940 I AudioManager: setParameters keyValuePairs = g_hw_speaker_amp_temp_rcv=32
06-14 16:26:10.773  1831 29426 D AudioFlinger: setParameters: filtered dev setParameters keyvalue g_hw_speaker_amp_temp_rcv=32
06-14 16:26:10.773  1773  9487 D AHAL_HFP_QTI: hfp_set_parameters enter
06-14 16:26:10.773  1773  9487 D AHAL_HFP_QTI: hfp_set_parameters Exit
06-14 16:26:10.774  1773  9487 D AHAL_SecModulePrimary: processSetVendorParameters: configured g_hw_speaker_amp_temp_rcv
06-14 16:26:10.774  1773  9487 D AHAL_SecModulePrimary: processSetVendorParameters: handler set on Feature:0
06-14 16:26:10.774  1773  9487 D AHAL_SecModulePrimary: onSetSECGenericParameters set temperature for g_hw_speaker_amp_temp_rcv: 32
06-14 16:26:10.774  1773  9487 I PAL: API: pal_set_param: 1377: Enter: param id 3001
06-14 16:26:10.774  1773  9487 I PAL: ResourceManager: getActiveStream_l: 6569: no active streams found for device 3 ret -2
06-14 16:26:10.774  1831 29426 E ConversionHelperAidl: Function: parseAndSetVendorParameters Line: 94 Failed 
06-14 16:26:10.774  1831 29426 E ConversionHelperAidl: Function: parseAndSetVendorParameters Line: 94 Failed 
06-14 16:26:10.779  2401  3841 E WifiStaIfaceAidlImpl: getCachedScanData failed with service-specific exception: android.os.ServiceSpecificException:  (code 4)
06-14 16:26:10.783  2401  6666 D SemWifiUsabilityStatsMonitor: onWifiUsabilityStats - seqNum 69506, isSameBssidAndFreq true
06-14 16:26:10.785  2401  3973 E SemWifiLinkQualityMonitor: Too old or invalid TMI: currentTime=1781421970785 lastDateWindow=1781421581000
06-14 16:26:10.786  2401  3974 D InsDataManager: onOutageCountUpdate() - Outage Data: 0, LQ : N. Outage Triggered: false
06-14 16:26:10.786  2401  3974 D SemInsManager: {"bssid": "94c098bf5180","rssi": -70.0,"latency": 0.0,"outage_count": 0,"lq_callback_triggered": false,"outage_log": "Unreliable statistics: -70.0 / 5 / 1507 / 70 / 0 || 94c098bf5180: 0.000 / 0.000 / @ || N N / 0 0 / N 2.0 / N X 2 / 652120928 0 || 2026-06-14 16:19:41  / 0: 0 0 0 0 0 0 / 0: 0 0 0 0 0 0 / 0: 0 0 0 0 0 0""Magnetic Sensor Events size": "0""Pressure Sensor Events size": "0"}
06-14 16:26:10.787  2401  3991 D SGM:GameManager: identifyGamePackage. com.babcross.app, mCurrentUserId: 0, callingMethodInfo: com.samsung.android.game.SemGameManager.isGamePackage(SemGameManager.java:105)
06-14 16:26:10.788  2401  3991 D SGM:SemGameManager: isGamePackage(), pkgName=com.babcross.app, ret=false
06-14 16:26:10.788  2401  3991 W ContextImpl: Calling a method in the system process without a qualified user: android.app.ContextImpl.bindService:2167 com.samsung.android.server.wifi.SemWifiIntelligentConnectionManager.iwh_predict_action:8 com.samsung.android.server.wifi.SemWifiIntelligentConnectionManager.-$$Nest$miwh_predict_action:1 com.samsung.android.server.wifi.SemWifiIntelligentConnectionManager$IntelligentConnectionManagerHandler.handleMessage:763 android.os.Handler.dispatchMessage:110 
06-14 16:26:10.789  2401  3952 D BackgroundInstallControlService: Package event received: 0
06-14 16:26:10.809  1666  1666 D Zygote  : Forked child process 2018
06-14 16:26:10.810  2401  2949 I ActivityManager: Start proc 2018:com.samsung.android.wifi.intelligence:iwhInfService/1000 for service {com.samsung.android.wifi.intelligence/com.samsung.android.wifi.intelligence.iwh.IwhInfService}
06-14 16:26:10.810  2401  2949 I ActivityManager: ProcessObserver broadcast disabled
06-14 16:26:10.828  2018  2018 I e:iwhInfService: Using CollectorTypeCMC GC.
06-14 16:26:10.850  2401  3952 D BackgroundInstallControlService: Package event received: 0
06-14 16:26:10.852  2018  2030 I org.tensorflow.lite.h: Loaded native library: tensorflowlite_jni
06-14 16:26:10.852  2018  2030 I org.tensorflow.lite.h: Didn't load native library: tensorflowlite_jni_gms_client
06-14 16:26:10.853  2018  2030 I tflite  : Initialized TensorFlow Lite runtime.
06-14 16:26:10.886  2018  2030 I tflite  : Created TensorFlow Lite delegate for select TF ops.
06-14 16:26:10.887  2018  2030 I tflite  : TfLiteFlexDelegate delegate: 0 nodes delegated out of 20 nodes with 0 partitions.
06-14 16:26:10.887  2018  2030 I tflite  : Replacing 12 node(s) with delegate (TfLiteFlexDelegate) node, yielding 3 partitions.
06-14 16:26:10.897  2018  2030 I tflite  : Replacing 2 node(s) with delegate (TfLiteFlexDelegate) node, yielding 2 partitions.
06-14 16:26:10.897  2018  2030 I tflite  : Replacing 6 node(s) with delegate (TfLiteFlexDelegate) node, yielding 7 partitions.
06-14 16:26:10.897  2018  2030 I tflite  : Replacing 2 node(s) with delegate (TfLiteFlexDelegate) node, yielding 5 partitions.
06-14 16:26:10.898  2018  2030 W libc    : Access denied finding property "ro.mediatek.platform"
06-14 16:26:10.901  2018  2030 I tflite  : Created TensorFlow Lite XNNPACK delegate for CPU.
06-14 16:26:10.906  2018  2030 I IwhInfService: IWH model: U3osrJbDff / 0 /  T  | 179 / 7 / 2
06-14 16:26:10.909  2401  3991 W ContextImpl: Calling a method in the system process without a qualified user: android.app.ContextImpl.stopService:2080 com.samsung.android.server.wifi.SemWifiIntelligentConnectionManager$IntelligentConnectionManagerHandler.handleMessage:261 android.os.Handler.dispatchMessage:110 android.os.Looper.loopOnce:273 android.os.Looper.loop:363 
06-14 16:26:10.909  2401  3991 I Process : Sending signal. PID: 2018 SIG: 9
06-14 16:26:10.909  2401  3991 I SemWifiIntelligentConnectionManager: HQ: U3osrJbDff / 98:bf / 5180 / -70 / 234 / 221 | 91 / 1005 / 50 / NR / F / F / T / 3 / 42 | 0 / 0 (-75.0) ---> S / S / 0
06-14 16:26:10.923  1666  1666 I Zygote  : Process 2018 exited due to signal 9 (Killed)
06-14 16:26:10.923  2401  7518 I ActivityManager: Process com.samsung.android.wifi.intelligence:iwhInfService (pid 2018) has died: cch+5 CEM (809,1746)
06-14 16:26:10.923  2401  2950 I libprocessgroup: Removed cgroup /sys/fs/cgroup/system/uid_1000/pid_2018
06-14 16:26:10.924  1791  2322 I SDM     : DisplayBase::CommitThread: Received idle timeout, panel: cmd, timeout: 70000 us
06-14 16:26:10.925  2401  2910 W IPCThreadState: Sending oneway calls to frozen process.
06-14 16:26:10.926  1763  5733 I vendor.qti.bluetooth@1.0-ibs_handler: ProcessIbsCmd: Received IBS_WAKE_IND: 0xFD
06-14 16:26:10.926  1763  5733 D vendor.qti.bluetooth@1.0-ibs_handler: SerialClockVote: vote for UART CLK ON
06-14 16:26:10.926  1763  5733 D vendor.qti.bluetooth@1.0-wake_lock: Acquire wakelock is acquired 
06-14 16:26:10.926  1763  5733 I vendor.qti.bluetooth@1.0-ibs_handler: ProcessIbsCmd: Writing IBS_WAKE_ACK
06-14 16:26:10.935  4736  5812 I ScanController: onScanResult to scannerId: 11- eventType=0x10, addressType=1, address=XX:XX:XX:XX:48:3B, primaryPhy=1, secondaryPhy=0, advertisingSid=0xff, txPower=127, rssi=-57, periodicAdvInt=0x0
06-14 16:26:10.935  4736  5812 I ScanController: onScanResult to scannerId: 11- eventType=0x0, addressType=1, address=XX:XX:XX:XX:AF:A8, primaryPhy=1, secondaryPhy=1, advertisingSid=0x0, txPower=127, rssi=-59, periodicAdvInt=0x0
06-14 16:26:10.935  4736  5812 I ScanController: onScanResult to scannerId: 11- eventType=0x1b, addressType=1, address=XX:XX:XX:XX:0E:09, primaryPhy=1, secondaryPhy=0, advertisingSid=0xff, txPower=127, rssi=-57, periodicAdvInt=0x0
06-14 16:26:10.964  4736  5812 I ScanController: onScanResult to scannerId: 4- eventType=0x1b, addressType=0, address=XX:XX:XX:XX:01:95, primaryPhy=1, secondaryPhy=0, advertisingSid=0xff, txPower=127, rssi=-91, periodicAdvInt=0x0
06-14 16:26:10.964  4736  5812 I ScanController: onScanResult to scannerId: 9- eventType=0x1b, addressType=0, address=XX:XX:XX:XX:01:95, primaryPhy=1, secondaryPhy=0, advertisingSid=0xff, txPower=127, rssi=-91, periodicAdvInt=0x0
06-14 16:26:10.965 12841 13769 I [+0900]oneconnect[1.8.45.24_01][CORE]: DataConvert.parseBleVd - deviceBle : |name:($)-6(8)|deviceType:UNKNOWN|discoverType:_BLE|services:None|connected:false[Type]6[Index]1[MNID]0AJK[SETUPID]101[TvStatusString]EXTENSION[TvStatus]32[TvService]118[TvMirrorChannel]0[TvRegisteredDB]null[TvYear]2025[TvOcfInfo]15[TvAcmStatus]0[ExTvStatus]34[ExtendedStatus]12[ModuloSn]135
06-14 16:26:10.968 12841 15077 I [+0900]oneconnect[1.8.45.24_01][CORE]: Remoteless@RemotelessAutoConnectionManager.autoConnectOnPacket - AutoConnection policy not fulfilled. index: 0, result: false
06-14 16:26:11.003  1763  5733 I vendor.qti.bluetooth@1.0-ibs_handler: ProcessIbsCmd: Received IBS_SLEEP_IND: 0xFE
06-14 16:26:11.003  1763  5733 D vendor.qti.bluetooth@1.0-ibs_handler: SerialClockVote: vote for UART CLK OFF
06-14 16:26:11.007  1763  5733 I vendor.qti.bluetooth@1.0-ibs_handler: ProcessIbsCmd: Received IBS_WAKE_IND: 0xFD
06-14 16:26:11.007  1763  5733 D vendor.qti.bluetooth@1.0-ibs_handler: SerialClockVote: vote for UART CLK ON
06-14 16:26:11.007  1763  5733 I vendor.qti.bluetooth@1.0-ibs_handler: ProcessIbsCmd: Writing IBS_WAKE_ACK
06-14 16:26:11.010  4736  5812 I ScanController: onScanResult to scannerId: 3- eventType=0x1b, addressType=1, address=XX:XX:XX:XX:75:95, primaryPhy=1, secondaryPhy=0, advertisingSid=0xff, txPower=127, rssi=-77, periodicAdvInt=0x0
06-14 16:26:11.011  4736  5812 I ScanController: onScanResult to scannerId: 11- eventType=0x10, addressType=1, address=XX:XX:XX:XX:E5:AC, primaryPhy=1, secondaryPhy=0, advertisingSid=0xff, txPower=127, rssi=-59, periodicAdvInt=0x0
06-14 16:26:11.016  4736  5812 I ScanController: onScanResult to scannerId: 3- eventType=0x1b, addressType=0, address=XX:XX:XX:XX:01:95, primaryPhy=1, secondaryPhy=0, advertisingSid=0xff, txPower=127, rssi=-91, periodicAdvInt=0x0
06-14 16:26:11.054  4736  5812 I ScanController: onScanResult to scannerId: 11- eventType=0x0, addressType=1, address=XX:XX:XX:XX:8D:91, primaryPhy=1, secondaryPhy=1, advertisingSid=0x0, txPower=127, rssi=-61, periodicAdvInt=0x0
06-14 16:26:11.062  4736  5812 I ScanController: onScanResult to scannerId: 11- eventType=0x0, addressType=1, address=XX:XX:XX:XX:AF:A8, primaryPhy=1, secondaryPhy=1, advertisingSid=0x0, txPower=127, rssi=-50, periodicAdvInt=0x0
06-14 16:26:11.069  4736  5812 I ScanController: onScanResult to scannerId: 11- eventType=0x1b, addressType=1, address=XX:XX:XX:XX:0E:09, primaryPhy=1, secondaryPhy=0, advertisingSid=0xff, txPower=127, rssi=-48, periodicAdvInt=0x0
06-14 16:26:11.087  2401  4030 D NetdEventListenerService: DNS Requested by 238, 10078(com.shinhan.sbanking), SUCCESS, 0ms
06-14 16:26:11.109  1763  5733 I vendor.qti.bluetooth@1.0-ibs_handler: ProcessIbsCmd: Received IBS_SLEEP_IND: 0xFE
06-14 16:26:11.109  1763  5733 D vendor.qti.bluetooth@1.0-ibs_handler: SerialClockVote: vote for UART CLK OFF
06-14 16:26:11.154  2401  3884 D DisplayAiqeAidl: connectToProxy: start
06-14 16:26:11.154  2401  3884 D DisplayAiqeAidl: getCoprValue : 
06-14 16:26:11.154  2401  3884 D DisplayAiqeAidl: arr[0] - 0 
06-14 16:26:11.154  2401  3884 D DisplayAiqeAidl: arr[1] - 0 
06-14 16:26:11.154  2401  3884 D DisplayAiqeAidl: arr[2] - 786444 
06-14 16:26:11.154  2401  3884 D DisplayAiqeAidl: arr[3] - 786444 
06-14 16:26:11.154  2401  3884 D DisplayAiqeAidl: arr[4] - 0 
06-14 16:26:11.155  2401  3884 D DisplayAiqeAidl: arr[5] - 0 
06-14 16:26:11.155  2401  3884 D DisplayAiqeAidl: arr[6] - 0 
06-14 16:26:11.155  2401  3884 D DisplayAiqeAidl: arr[7] - 0 
06-14 16:26:11.155  2401  3884 D DisplayAiqeAidl: arr[8] - 0 
06-14 16:26:11.155  2401  3884 D DisplayAiqeAidl: arr[9] - 0 
06-14 16:26:11.155  2401  3884 D DisplayAiqeManagerService: getCoprValue: 12
06-14 16:26:11.155  2401  3884 D DisplayAiqeManager: getCoprValue : 12
06-14 16:26:11.155  2401  3884 V EyeComfortSolutionService: count : 190 , bopr_value : 12.0, platform_value : 83.0 , app_weighting : 1.0 , cal_value : 0.098889194 , sum_value : 16.25594 , BOPR_MAX_VALUE : 21000
06-14 16:26:11.184  1763  5733 I vendor.qti.bluetooth@1.0-ibs_handler: ProcessIbsCmd: Received IBS_WAKE_IND: 0xFD
06-14 16:26:11.184  1763  5733 D vendor.qti.bluetooth@1.0-ibs_handler: SerialClockVote: vote for UART CLK ON
06-14 16:26:11.184  1763  5733 I vendor.qti.bluetooth@1.0-ibs_handler: ProcessIbsCmd: Writing IBS_WAKE_ACK
06-14 16:26:11.191  4736  5812 I ScanController: onScanResult to scannerId: 11- eventType=0x0, addressType=1, address=XX:XX:XX:XX:8D:91, primaryPhy=1, secondaryPhy=1, advertisingSid=0x0, txPower=127, rssi=-71, periodicAdvInt=0x0
06-14 16:26:11.231  1763  5733 I vendor.qti.bluetooth@1.0-ibs_handler: ProcessIbsCmd: Received IBS_SLEEP_IND: 0xFE
06-14 16:26:11.231  1763  5733 D vendor.qti.bluetooth@1.0-ibs_handler: SerialClockVote: vote for UART CLK OFF
06-14 16:26:11.381  1763  5272 D vendor.qti.bluetooth@1.0-wake_lock: Release wakelock is released 
06-14 16:26:11.428  1791  2322 I SDM     : DisplayBase::CommitThread: Received idle timeout, panel: cmd, timeout: 70000 us
06-14 16:26:11.460 25776 28266 I NearbyConnections: EndpointManager send a KEEP_ALIVE frame (seqNum:8) and sleep 5000 for endpoint O0O6.
06-14 16:26:11.488 25776   723 I NearbyConnections: EndpointManager received a KEEP_ALIVE frame (seqNum:8) with ACK from endpoint O0O6 on channel ENCRYPTED_WIFI_LAN.
06-14 16:26:11.498 25776   723 I NearbyConnections: EndpointManager received a KEEP_ALIVE frame (seqNum:8) and reply a KEEP_ALIVE frame with ack from endpoint O0O6 on channel ENCRYPTED_WIFI_LAN.
06-14 16:26:11.523  1113  1113 D io_stats: !@   8,0 r 162929098 3550321024 w 42698616 927180248 d 5561666 1081937716 f 700056 4370649 iot 13215072 0 th 0 0 0 pt 0 inp 0 0 652121.668
06-14 16:26:11.666  1770  6942 I sensors-hal: handle_sns_client_event:379, [0][31311967] accel_sample [ 0.073,  0.254,  9.857] 1075654892986281
06-14 16:26:11.771  1807  2630 I thermal_core: pivot(AP) : 383, skin : 377
06-14 16:26:11.771  1807  2630 I vendor.samsung.hardware.thermal-service: index = 5.600000
06-14 16:26:11.771  1807  2630 I vendor.samsung.hardware.thermal-service: 1 / 2
06-14 16:26:11.803  1770  6900 I sensors-hal: handle_sns_std_sensor_event:127, [SSC_LIGHT] A: 210(210),c:316,b:83,m:37,cl:74,l:209,s:207,l0:37056,l1:832,s0:27250,s1:500,acl:1,opr:0.60,f(r):111,u(bl):100,if:111,wi:46,si:31,0(N:1)
