06-14 14:59:47.745 24327  8859 D ConnectivityManager: StackLog: [android.net.ConnectivityManager.sendRequestForNetwork(ConnectivityManager.java:4671)] [android.net.ConnectivityManager.sendRequestForNetwork(ConnectivityManager.java:4838)] [android.net.ConnectivityManager.registerNetworkCallback(ConnectivityManager.java:5220)] [android.net.ConnectivityManager.registerNetworkCallback(ConnectivityManager.java:5190)] [drfg.a(:com.google.android.gms@262031035@26.20.31 (260400-919905943):34)] [ljy.a(:com.google.android.gms@262031035@26.20.31 (260400-919905943):19)] [drfs.j(:com.google.android.gms@262031035@26.20.31 (260400-919905943):19)] [drfs.O(:com.google.android.gms@262031035@26.20.31 (260400-919905943):20)] [drfs.K(:com.google.android.gms@262031035@26.20.31 (260400-919905943):7)] [drfs.I(:com.google.android.gms@262031035@26.20.31 (260400-919905943):23)] [drfk.run(:com.google.android.gms@262031035@26.20.31 (260400-919905943):9)] [bkqh.c(:com.google.android.gms@262031035@26.20.31 (260400-919905943):50)] [bkqh.run(:com.google.android.gms@262031035@26.20.31 (260400-919905943):66)] [java.util.concurrent.ThreadPoolExecutor.runWorker(ThreadPoolExecutor.java:1145)] [java.util.concurrent.ThreadPoolExecutor$Worker.run(ThreadPoolExecutor.java:644)] [bkvz.run(:com.google.android.gms@262031035@26.20.31 (260400-919905943):8)] [java.lang.Thread.run(Thread.java:1012)]
06-14 14:59:47.746  2024  2024 D WifiInteractor: get wifiIconGroup ePDGConnected : false
06-14 14:59:47.746  2024  2024 D WifiInteractor: get wifiIconGroup ePDGConnected : false
06-14 14:59:47.747  1385  3150 I [MCFSDK_android_1.2.27006]_4_McfCasterImpl: isNetworkEnabled - type : 1 ret : true
06-14 14:59:47.747  1385  3150 D WifiProfileShare.McfCast: -ME--- mIsNetworkEnabled :true
06-14 14:59:47.747  1385  3150 D WifiProfileShare.McfCast: -ME--- updatePasswordDate pwdData size:5
06-14 14:59:47.749  1385  1825 D ConnectivityService: Rematched networks [computed 0ms] [applied 1ms] [issued 0]
06-14 14:59:47.749  1385  1825 D ConnectivityService: NetworkReassignment : no changes
06-14 14:59:47.749 24327  8859 D ConnectivityManager: StackLog: [android.net.ConnectivityManager.unregisterNetworkCallback(ConnectivityManager.java:5470)] [drfs.j(:com.google.android.gms@262031035@26.20.31 (260400-919905943):43)] [drfs.O(:com.google.android.gms@262031035@26.20.31 (260400-919905943):20)] [drfs.K(:com.google.android.gms@262031035@26.20.31 (260400-919905943):7)] [drfs.I(:com.google.android.gms@262031035@26.20.31 (260400-919905943):23)] [drfk.run(:com.google.android.gms@262031035@26.20.31 (260400-919905943):9)] [bkqh.c(:com.google.android.gms@262031035@26.20.31 (260400-919905943):50)] [bkqh.run(:com.google.android.gms@262031035@26.20.31 (260400-919905943):66)] [java.util.concurrent.ThreadPoolExecutor.runWorker(ThreadPoolExecutor.java:1145)] [java.util.concurrent.ThreadPoolExecutor$Worker.run(ThreadPoolExecutor.java:644)] [bkvz.run(:com.google.android.gms@262031035@26.20.31 (260400-919905943):8)] [java.lang.Thread.run(Thread.java:1012)]
06-14 14:59:47.750 24327  8859 I NearbyMediums: Wifi changed new SSID: "ORBI57-home"
06-14 14:59:47.750 24327  8859 I NearbyMediums: WifiLanConnectivityInfo is not changed, skip notify.
06-14 14:59:47.753 24327 24354 I NullBinder: NullBinder for android.net.action.RECOMMEND_NETWORKS triggering remote TransactionTooLargeException due to Service without Chimera impl, calling uid: 1000, calling pid: 0
06-14 14:59:47.753 24327 24354 W .gms.persistent: Large reply transaction of 1056768 bytes, interface descriptor , code 1
06-14 14:59:47.756  2024  2164 D Tile.WifiTile: handleUpdateState isTransient=false transientEnabling =false cb.isTransient=false state.state = 2 mStateBeforeClick.value =false enabled =true
06-14 14:59:47.962 24327  6153 I NearbyConnections: EndpointManager send a KEEP_ALIVE frame (seqNum:109) and sleep 5000 for endpoint PGYO.
06-14 14:59:47.977 24327  5929 I NearbyConnections: EndpointManager received a KEEP_ALIVE frame (seqNum:109) and reply a KEEP_ALIVE frame with ack from endpoint PGYO on channel ENCRYPTED_WIFI_LAN.
06-14 14:59:47.988 24327  5929 I NearbyConnections: EndpointManager received a KEEP_ALIVE frame (seqNum:109) with ACK from endpoint PGYO on channel ENCRYPTED_WIFI_LAN.
06-14 14:59:48.250 24327  8859 I NearbySharing: Network state changed: NetworkState(isRestricted=false, isOnline=true, isCongested=false, isMetered=false, isWifiConnected=true)
06-14 14:59:48.788  2264  2647 I BtGatt.ScanHelper: onScanResult to scannerId: 5- eventType=0x0, addressType=1, address=XX:XX:XX:XX:77:C5, primaryPhy=1, secondaryPhy=1, advertisingSid=0x2, txPower=127, rssi=-35, periodicAdvInt=0x0
06-14 14:59:48.812  2264  2647 I BtGatt.ScanHelper: onScanResult to scannerId: 6- eventType=0x1b, addressType=0, address=XX:XX:XX:XX:01:95, primaryPhy=1, secondaryPhy=0, advertisingSid=0xff, txPower=127, rssi=-81, periodicAdvInt=0x0
06-14 14:59:48.852  2264  2647 I BtGatt.ScanHelper: onScanResult to scannerId: 5- eventType=0x0, addressType=1, address=XX:XX:XX:XX:39:DE, primaryPhy=1, secondaryPhy=1, advertisingSid=0x0, txPower=127, rssi=-36, periodicAdvInt=0x0
06-14 14:59:48.880  2264  2647 I BtGatt.ScanHelper: onScanResult to scannerId: 5- eventType=0x10, addressType=1, address=XX:XX:XX:XX:9D:4B, primaryPhy=1, secondaryPhy=0, advertisingSid=0xff, txPower=127, rssi=-43, periodicAdvInt=0x0
06-14 14:59:48.890  2264  2647 I BtGatt.ScanHelper: onScanResult to scannerId: 2- eventType=0x1b, addressType=0, address=XX:XX:XX:XX:01:95, primaryPhy=1, secondaryPhy=0, advertisingSid=0xff, txPower=127, rssi=-79, periodicAdvInt=0x0
06-14 14:59:48.891  2264  2647 I BtGatt.ScanHelper: onScanResult to scannerId: 9- eventType=0x1b, addressType=0, address=XX:XX:XX:XX:01:95, primaryPhy=1, secondaryPhy=0, advertisingSid=0xff, txPower=127, rssi=-79, periodicAdvInt=0x0
06-14 14:59:48.892  9239  9590 I [+0900]oneconnect[1.8.45.24_01][CORE]: DataConvert.parseBleVd - deviceBle : |name:($)-6(8)|deviceType:UNKNOWN|discoverType:_BLE|services:None|connected:false[Type]6[Index]1[MNID]0AJK[SETUPID]101[TvStatusString]EXTENSION[TvStatus]32[TvService]118[TvMirrorChannel]0[TvRegisteredDB]null[TvYear]2025[TvOcfInfo]15[TvAcmStatus]0[ExTvStatus]34[ExtendedStatus]12[ModuloSn]135
06-14 14:59:48.900  9239 22208 I [+0900]oneconnect[1.8.45.24_01][CORE]: Remoteless@RemotelessAutoConnectionManager.autoConnectOnPacket - AutoConnection policy not fulfilled. index: 0, result: false
06-14 14:59:48.924  2264  2647 I BtGatt.ScanHelper: onScanResult to scannerId: 5- eventType=0x0, addressType=1, address=XX:XX:XX:XX:77:C5, primaryPhy=1, secondaryPhy=1, advertisingSid=0x2, txPower=127, rssi=-37, periodicAdvInt=0x0
06-14 14:59:48.958  2264  2647 I BtGatt.ScanHelper: onScanResult to scannerId: 5- eventType=0x1b, addressType=1, address=XX:XX:XX:XX:AB:F8, primaryPhy=1, secondaryPhy=0, advertisingSid=0xff, txPower=127, rssi=-43, periodicAdvInt=0x0
06-14 14:59:48.988  2264  2647 I BtGatt.ScanHelper: onScanResult to scannerId: 5- eventType=0x0, addressType=1, address=XX:XX:XX:XX:39:DE, primaryPhy=1, secondaryPhy=1, advertisingSid=0x0, txPower=127, rssi=-36, periodicAdvInt=0x0
06-14 14:59:50.246  2264  2647 I BtGatt.ScanHelper: onScanResult to scannerId: 5- eventType=0x10, addressType=1, address=XX:XX:XX:XX:9D:4B, primaryPhy=1, secondaryPhy=0, advertisingSid=0xff, txPower=127, rssi=-38, periodicAdvInt=0x0
06-14 14:59:50.287  2264  2647 I BtGatt.ScanHelper: onScanResult to scannerId: 5- eventType=0x0, addressType=1, address=XX:XX:XX:XX:77:C5, primaryPhy=1, secondaryPhy=1, advertisingSid=0x2, txPower=127, rssi=-36, periodicAdvInt=0x0
06-14 14:59:50.314  2264  2647 I BtGatt.ScanHelper: onScanResult to scannerId: 6- eventType=0x1b, addressType=0, address=XX:XX:XX:XX:01:95, primaryPhy=1, secondaryPhy=0, advertisingSid=0xff, txPower=127, rssi=-81, periodicAdvInt=0x0
06-14 14:59:50.383  2264  2647 I BtGatt.ScanHelper: onScanResult to scannerId: 5- eventType=0x10, addressType=1, address=XX:XX:XX:XX:9D:4B, primaryPhy=1, secondaryPhy=0, advertisingSid=0xff, txPower=127, rssi=-37, periodicAdvInt=0x0
06-14 14:59:50.389  2264  2647 I BtGatt.ScanHelper: onScanResult to scannerId: 5- eventType=0x10, addressType=1, address=XX:XX:XX:XX:B7:7A, primaryPhy=1, secondaryPhy=0, advertisingSid=0xff, txPower=127, rssi=-68, periodicAdvInt=0x0
06-14 14:59:50.413  2264  2647 I BtGatt.ScanHelper: onScanResult to scannerId: 2- eventType=0x1b, addressType=0, address=XX:XX:XX:XX:01:95, primaryPhy=1, secondaryPhy=0, advertisingSid=0xff, txPower=127, rssi=-79, periodicAdvInt=0x0
06-14 14:59:50.414  2264  2647 I BtGatt.ScanHelper: onScanResult to scannerId: 9- eventType=0x1b, addressType=0, address=XX:XX:XX:XX:01:95, primaryPhy=1, secondaryPhy=0, advertisingSid=0xff, txPower=127, rssi=-79, periodicAdvInt=0x0
06-14 14:59:50.415  9239  9590 I [+0900]oneconnect[1.8.45.24_01][CORE]: DataConvert.parseBleVd - deviceBle : |name:($)-6(8)|deviceType:UNKNOWN|discoverType:_BLE|services:None|connected:false[Type]6[Index]1[MNID]0AJK[SETUPID]101[TvStatusString]EXTENSION[TvStatus]32[TvService]118[TvMirrorChannel]0[TvRegisteredDB]null[TvYear]2025[TvOcfInfo]15[TvAcmStatus]0[ExTvStatus]34[ExtendedStatus]12[ModuloSn]135
06-14 14:59:50.419  9239 31004 I [+0900]oneconnect[1.8.45.24_01][CORE]: Remoteless@RemotelessAutoConnectionManager.autoConnectOnPacket - AutoConnection policy not fulfilled. index: 0, result: false
06-14 14:59:50.430  1385  3124 D FreecessController: com.microsoft.launcher(10346) is important[11]
06-14 14:59:50.430  2264  2647 I BtGatt.ScanHelper: onScanResult to scannerId: 5- eventType=0x0, addressType=1, address=XX:XX:XX:XX:77:C5, primaryPhy=1, secondaryPhy=1, advertisingSid=0x2, txPower=127, rssi=-37, periodicAdvInt=0x0
06-14 14:59:50.582  1075  1236 I EDEN    : [Exynos][EDEN][v1.6.23][SERVICE] processAliveMointorMain:253: Try to check pid=(1020)...
06-14 14:59:50.779  1385  3376 D SemWifiUsabilityStatsMonitor: onWifiUsabilityStats - seqNum 14952, isSameBssidAndFreq true
06-14 14:59:51.082  3090  3090 I ContentFeedManager: initSyncRunnable called
06-14 14:59:51.082  3090  3090 I WearableDeviceFactory: getConnectedDeviceIdByType()::deviceType = Gear, size = 0
06-14 14:59:51.082  3090  3090 I ContentFeedManager: getmDeviceId: device id: null
06-14 14:59:51.082  3090  3090 I WearableDeviceFactory: getConnectedDeviceIdByType()::deviceType = Gear, size = 0
06-14 14:59:51.082  3090  3090 I ContentFeedManager: getmDeviceId: device id: null
06-14 14:59:51.082  3090  3090 I ContentFeedManager: initSyncManagersAndSyncIfRequired: deviceid null
06-14 14:59:51.082  3090  3090 I ContentFeedManager: initSyncRunnable initialized
06-14 14:59:51.333  2070  2070 I wpa_supplicant: Heartbeat 6844
06-14 14:59:51.792  2264  2647 I BtGatt.ScanHelper: onScanResult to scannerId: 5- eventType=0x0, addressType=1, address=XX:XX:XX:XX:77:C5, primaryPhy=1, secondaryPhy=1, advertisingSid=0x2, txPower=127, rssi=-39, periodicAdvInt=0x0
06-14 14:59:51.818  2264  2647 I BtGatt.ScanHelper: onScanResult to scannerId: 6- eventType=0x1b, addressType=1, address=XX:XX:XX:XX:5F:25, primaryPhy=1, secondaryPhy=0, advertisingSid=0xff, txPower=127, rssi=-74, periodicAdvInt=0x0
06-14 14:59:51.889  2264  2647 I BtGatt.ScanHelper: onScanResult to scannerId: 5- eventType=0x10, addressType=1, address=XX:XX:XX:XX:9D:4B, primaryPhy=1, secondaryPhy=0, advertisingSid=0xff, txPower=127, rssi=-36, periodicAdvInt=0x0
06-14 14:59:52.259  3181  3181 I adbd    : New TLS connection [fd=30]
06-14 14:59:52.259  3181  8888 I adbd    : host-30: read thread spawning
06-14 14:59:52.259  3181  8889 I adbd    : host-30: write thread spawning
06-14 14:59:52.259  3181  8888 I adbd    : host-30: read failed: Success
06-14 14:59:52.259  3181  8888 I adbd    : host-30: connection terminated: read failed
06-14 14:59:52.259  3181  3181 I adbd    : host-30: already offline
06-14 14:59:52.259  3181  3181 I adbd    : destroying transport host-30
06-14 14:59:52.259  3181  3181 I adbd    : BlockingConnectionAdapter(host-30): stopping
06-14 14:59:52.260  3181  3181 I adbd    : BlockingConnectionAdapter(host-30): stopped
06-14 14:59:52.261  3181  3181 I adbd    : BlockingConnectionAdapter(host-30): destructing
06-14 14:59:52.261  3181  3181 I adbd    : BlockingConnectionAdapter(host-30): already stopped
06-14 14:59:52.836 24327  5929 I NearbyConnections: EndpointManager received a KEEP_ALIVE frame (seqNum:110) and reply a KEEP_ALIVE frame with ack from endpoint PGYO on channel ENCRYPTED_WIFI_LAN.
06-14 14:59:52.966 24327  6153 I NearbyConnections: EndpointManager send a KEEP_ALIVE frame (seqNum:110) and sleep 5000 for endpoint PGYO.
06-14 14:59:53.007 24327  5929 I NearbyConnections: EndpointManager received a KEEP_ALIVE frame (seqNum:110) with ACK from endpoint PGYO on channel ENCRYPTED_WIFI_LAN.
06-14 14:59:53.193  2264  2647 I BtGatt.ScanHelper: onScanResult to scannerId: 5- eventType=0x1b, addressType=1, address=XX:XX:XX:XX:AB:F8, primaryPhy=1, secondaryPhy=0, advertisingSid=0xff, txPower=127, rssi=-42, periodicAdvInt=0x0
06-14 14:59:53.195  2264  2647 I BtGatt.ScanHelper: onScanResult to scannerId: 6- eventType=0x1b, addressType=1, address=XX:XX:XX:XX:5F:25, primaryPhy=1, secondaryPhy=0, advertisingSid=0xff, txPower=127, rssi=-69, periodicAdvInt=0x0
06-14 14:59:53.228  2264  2647 I BtGatt.ScanHelper: onScanResult to scannerId: 5- eventType=0x0, addressType=1, address=XX:XX:XX:XX:39:DE, primaryPhy=1, secondaryPhy=1, advertisingSid=0x0, txPower=127, rssi=-37, periodicAdvInt=0x0
06-14 14:59:53.285  2264  2647 I BtGatt.ScanHelper: onScanResult to scannerId: 5- eventType=0x0, addressType=1, address=XX:XX:XX:XX:77:C5, primaryPhy=1, secondaryPhy=1, advertisingSid=0x2, txPower=127, rssi=-36, periodicAdvInt=0x0
06-14 14:59:53.310  2264  2647 I BtGatt.ScanHelper: onScanResult to scannerId: 6- eventType=0x1b, addressType=0, address=XX:XX:XX:XX:01:95, primaryPhy=1, secondaryPhy=0, advertisingSid=0xff, txPower=127, rssi=-79, periodicAdvInt=0x0
06-14 14:59:53.313  2264  2647 I BtGatt.ScanHelper: onScanResult to scannerId: 6- eventType=0x1b, addressType=1, address=XX:XX:XX:XX:63:43, primaryPhy=1, secondaryPhy=0, advertisingSid=0xff, txPower=127, rssi=-61, periodicAdvInt=0x0
06-14 14:59:53.339  2264  2647 I BtGatt.ScanHelper: onScanResult to scannerId: 5- eventType=0x1b, addressType=1, address=XX:XX:XX:XX:AB:F8, primaryPhy=1, secondaryPhy=0, advertisingSid=0xff, txPower=127, rssi=-42, periodicAdvInt=0x0
06-14 14:59:53.869  1385  1825 D ConnectivityService: notifyType CALLBACK_CAP_CHANGED for [106 WIFI]
06-14 14:59:53.869  1385  3376 D SemWifiUsabilityStatsMonitor: onWifiUsabilityStats - seqNum 14953, isSameBssidAndFreq true
06-14 14:59:53.870  1385  1910 I SemWifiLinkQualityMonitor: Link stat: 825 / 207 / 2.45 (27) / 115 / -62.0 || 100.0 : 115.00 / 0.5 : 0.41 / B (B) || 94c098be5745: 0.427 / 18.714 /  / N || N N / 0 / Y 2.0 / Y 0 / 71008263 0
06-14 14:59:53.876  2024  2311 D WifiPickerTracker: updateWifiEntries capabilities
06-14 14:59:53.885  2024  2311 D WifiPickerTracker: update AutoHotspot Entries() : bleAccessPoints -> 0
06-14 14:59:53.885  2024  2311 D WifiPickerTracker: handleNetworkCapabilitiesChanged
06-14 14:59:53.886 24327  8859 D ConnectivityManager: StackLog: [android.net.ConnectivityManager.sendRequestForNetwork(ConnectivityManager.java:4671)] [android.net.ConnectivityManager.sendRequestForNetwork(ConnectivityManager.java:4838)] [android.net.ConnectivityManager.registerNetworkCallback(ConnectivityManager.java:5220)] [android.net.ConnectivityManager.registerNetworkCallback(ConnectivityManager.java:5190)] [drfg.a(:com.google.android.gms@262031035@26.20.31 (260400-919905943):34)] [ljy.a(:com.google.android.gms@262031035@26.20.31 (260400-919905943):19)] [drfs.j(:com.google.android.gms@262031035@26.20.31 (260400-919905943):19)] [drfs.O(:com.google.android.gms@262031035@26.20.31 (260400-919905943):20)] [drfs.K(:com.google.android.gms@262031035@26.20.31 (260400-919905943):7)] [drfs.I(:com.google.android.gms@262031035@26.20.31 (260400-919905943):23)] [drfk.run(:com.google.android.gms@262031035@26.20.31 (260400-919905943):9)] [bkqh.c(:com.google.android.gms@262031035@26.20.31 (260400-919905943):50)] [bkqh.run(:com.google.android.gms@262031035@26.20.31 (260400-919905943):66)] [java.util.concurrent.ThreadPoolExecutor.runWorker(ThreadPoolExecutor.java:1145)] [java.util.concurrent.ThreadPoolExecutor$Worker.run(ThreadPoolExecutor.java:644)] [bkvz.run(:com.google.android.gms@262031035@26.20.31 (260400-919905943):8)] [java.lang.Thread.run(Thread.java:1012)]
06-14 14:59:53.887  2024  2024 D WifiInteractor: get wifiIconGroup ePDGConnected : false
06-14 14:59:53.887  1385  1864 D SemWifiApNsd:Client: lpInterface:wlan0
06-14 14:59:53.887  2024  2024 D WifiInteractor: get wifiIconGroup ePDGConnected : false
06-14 14:59:53.887  1385  1864 D SemWifiSwitchForIndividualAppsService: stopTCPMonitoring : already stopped
06-14 14:59:53.888  1385  1864 I WifiConnectivityMonitor.NCC: sNetworkCallback(oCC) FULL : 106(valid: true/captive: false)
06-14 14:59:53.888  1385  1825 D ConnectivityService: Rematched networks [computed 0ms] [applied 1ms] [issued 0]
06-14 14:59:53.888  1385  1825 D ConnectivityService: NetworkReassignment : no changes
06-14 14:59:53.888  1385  1864 I WifiConnectivityMonitor.NCC: [ Transports: WIFI Capabilities: NOT_METERED&INTERNET&NOT_RESTRICTED&TRUSTED&NOT_VPN&VALIDATED&NOT_ROAMING&FOREGROUND&NOT_CONGESTED&NOT_SUSPENDED&NOT_VCN_MANAGED&NOT_BANDWIDTH_CONSTRAINED LinkUpBandwidth>=33578Kbps LinkDnBandwidth>=39997Kbps TransportInfo: <SSID: <unknown ssid>, BSSID: 02:00:00:**:**:00, MAC: 02:00:00:**:**:00, IP: /192.***.*.50, Security type: 2, Supplicant state: COMPLETED, Wi-Fi standard: 11n, RSSI: -62, Link speed: 115Mbps, Tx Link speed: 115Mbps, Max Supported Tx Link speed: 144Mbps, Rx Link speed: 144Mbps, Max Supported Rx Link speed: 144Mbps, Frequency: 2472MHz, Net ID: -1, Metered hint: false, score: 60, isUsable: true, CarrierMerged: false, SubscriptionId: -1, IsPrimary: 1, Trusted: true, Restricted: false, Ephemeral: false, OEM paid: false, OEM private: false, OSU AP: false, FQDN: <none>, Provider friendly name: <none>, Requesting package name: <none><none>MLO Information: , Is TID-To-Link negotiation supported by the AP: false, AP MLD Address: <none>, AP MLO Link Id: <none>, AP MLO Affiliated links: <none>, Vendor Data: <none>> SignalStrength: -62 AdminUids: [1000] SSID: "ORBI57-home" UnderlyingNetworks: Null]
06-14 14:59:53.888  1385  1934 D WifiConnectivityMonitor: HANDLE_ON_CAPABILITIES_CHANGED
06-14 14:59:53.888 24327 24356 I NullBinder: NullBinder for android.net.action.RECOMMEND_NETWORKS triggering remote TransactionTooLargeException due to Service without Chimera impl, calling uid: 1000, calling pid: 0
06-14 14:59:53.888 24327 24356 W .gms.persistent: Large reply transaction of 1056768 bytes, interface descriptor , code 1
06-14 14:59:53.888  1385  1934 I WifiConnectivityMonitor: determineMode : MODE_NON_SWITCHABLE_BY_POOR_NETWORK_DETECTION_DISABLED
06-14 14:59:53.889  1385  1934 D OpenNetworkQos[4.00]: updateBssidNoInternet: mBssidNoInternet = false
06-14 14:59:53.889  1385  1934 D OpenNetworkQos[4.00]: getOpenNetworkQosNoInternetStatus: false
06-14 14:59:53.889  1385  1934 D OpenNetworkQos[4.00]: getOpenNetworkQosScores: 0 30 26 
06-14 14:59:53.889  1385  1864 D SemWifiApTrafficPriority: onCapabilitiesChanged Wifi:wlan0,mGapiValue:39.997Uplink: 33.578
06-14 14:59:53.889  1385  1934 D KNOX_MDM_SettingsProvider: isChangeAllowed() : name = wifi_wcm_qos_sharing_score_summary
06-14 14:59:53.889  1385  1934 I WifiProfileShare: network QoS data was changed (internet), updateQoSData networkType: true, qosData: false
06-14 14:59:53.889  1385  3150 V WifiProfileShare.Caster: update wips network, size: 0
06-14 14:59:53.889  1385  3150 D WifiProfileShare: nearby scanning settings run
06-14 14:59:53.889  1385  3150 D WifiProfileShare: network score provider settings enabled
06-14 14:59:53.889  1385  3150 D OpenNetworkQos[4.00]: getOpenNetworkQosScores: 0 30 26 
06-14 14:59:53.889  1385  3150 D OpenNetworkQos[4.00]: getOpenNetworkQosNoInternetStatus: false
06-14 14:59:53.889  1385  3150 I WifiProfileShare.Caster: current network type: 0, score: [0, 30, 26]
06-14 14:59:53.890  1385  3150 V WifiProfileShare.Cache: update network score 78:d2:94:**:**:be
06-14 14:59:53.890  1385  3150 D WifiProfileShare.ScanMatcher: getMcfDataList size:5
06-14 14:59:53.890  1385  3150 I WifiProfileShare.Caster: qos data was updated , before:type:QOS, pBssid:12:0c:c6, qosData:18 after:type:QOS, pBssid:12:0c:c6, qosData:18
06-14 14:59:53.890 24327  8859 D ConnectivityManager: StackLog: [android.net.ConnectivityManager.unregisterNetworkCallback(ConnectivityManager.java:5470)] [drfs.j(:com.google.android.gms@262031035@26.20.31 (260400-919905943):43)] [drfs.O(:com.google.android.gms@262031035@26.20.31 (260400-919905943):20)] [drfs.K(:com.google.android.gms@262031035@26.20.31 (260400-919905943):7)] [drfs.I(:com.google.android.gms@262031035@26.20.31 (260400-919905943):23)] [drfk.run(:com.google.android.gms@262031035@26.20.31 (260400-919905943):9)] [bkqh.c(:com.google.android.gms@262031035@26.20.31 (260400-919905943):50)] [bkqh.run(:com.google.android.gms@262031035@26.20.31 (260400-919905943):66)] [java.util.concurrent.ThreadPoolExecutor.runWorker(ThreadPoolExecutor.java:1145)] [java.util.concurrent.ThreadPoolExecutor$Worker.run(ThreadPoolExecutor.java:644)] [bkvz.run(:com.google.android.gms@262031035@26.20.31 (260400-919905943):8)] [java.lang.Thread.run(Thread.java:1012)]
06-14 14:59:53.890  1385  3150 I [MCFSDK_android_1.2.27006]_4_McfCasterImpl: isNetworkEnabled - type : 1 ret : true
06-14 14:59:53.890  1385  3150 D WifiProfileShare.McfCast: -ME--- mIsNetworkEnabled :true
06-14 14:59:53.890  1385  3150 D WifiProfileShare.McfCast: updateQoSData ignored, same contents
06-14 14:59:53.890  1385  3150 D WifiProfileShare.MCF: success update QosData !
06-14 14:59:53.891  1385  3150 I [MCFSDK_android_1.2.27006]_4_McfCasterImpl: isNetworkEnabled - type : 1 ret : true
06-14 14:59:53.891  1385  3150 D WifiProfileShare.McfCast: -ME--- mIsNetworkEnabled :true
06-14 14:59:53.891  1385  3150 D WifiProfileShare.McfCast: -ME--- updatePasswordDate pwdData size:5
06-14 14:59:53.891 24327  8859 I NearbyMediums: Wifi changed new SSID: "ORBI57-home"
06-14 14:59:53.891 24327  8859 I NearbyMediums: WifiLanConnectivityInfo is not changed, skip notify.
06-14 14:59:53.891  2024  2164 D Tile.WifiTile: handleUpdateState isTransient=false transientEnabling =false cb.isTransient=false state.state = 2 mStateBeforeClick.value =false enabled =true
06-14 14:59:54.260  4455  4455 I SDHMS:LOAD: type: LoadsFreqs, value: 0:77:70:533000:533000:533000:1399839:2392000:624000:157:312:130
06-14 14:59:54.311   677   677 D io_stats: !@   8,0 r 7383027 154831596 w 1391834 19557204 d 400062 96943120 f 0 0 iot 2867712 0 th 0 0 0 pt 0 inp 0 0 71008.705
06-14 14:59:54.389 24327  8859 I NearbySharing: Network state changed: NetworkState(isRestricted=false, isOnline=true, isCongested=false, isMetered=false, isWifiConnected=true)
06-14 14:59:54.646  2264  2647 I BtGatt.ScanHelper: onScanResult to scannerId: 5- eventType=0x0, addressType=1, address=XX:XX:XX:XX:77:C5, primaryPhy=1, secondaryPhy=1, advertisingSid=0x2, txPower=127, rssi=-36, periodicAdvInt=0x0
06-14 14:59:54.675  1385  1909 I SemWifiServiceDetector: Service det. resumed: T / T / 25535
06-14 14:59:54.686  2264  2647 I BtGatt.ScanHelper: onScanResult to scannerId: 6- eventType=0x1b, addressType=0, address=XX:XX:XX:XX:01:95, primaryPhy=1, secondaryPhy=0, advertisingSid=0xff, txPower=127, rssi=-80, periodicAdvInt=0x0
06-14 14:59:54.692  2264  2647 I BtGatt.ScanHelper: onScanResult to scannerId: 6- eventType=0x1b, addressType=1, address=XX:XX:XX:XX:63:43, primaryPhy=1, secondaryPhy=0, advertisingSid=0xff, txPower=127, rssi=-56, periodicAdvInt=0x0
06-14 14:59:54.701  2264  2647 I BtGatt.ScanHelper: onScanResult to scannerId: 5- eventType=0x1b, addressType=1, address=XX:XX:XX:XX:AB:F8, primaryPhy=1, secondaryPhy=0, advertisingSid=0xff, txPower=127, rssi=-38, periodicAdvInt=0x0
06-14 14:59:54.722  2264  2647 I BtGatt.ScanHelper: onScanResult to scannerId: 5- eventType=0x0, addressType=1, address=XX:XX:XX:XX:39:DE, primaryPhy=1, secondaryPhy=1, advertisingSid=0x0, txPower=127, rssi=-35, periodicAdvInt=0x0
06-14 14:59:54.761  2264  2647 I BtGatt.ScanHelper: onScanResult to scannerId: 5- eventType=0x10, addressType=1, address=XX:XX:XX:XX:9D:4B, primaryPhy=1, secondaryPhy=0, advertisingSid=0xff, txPower=127, rssi=-37, periodicAdvInt=0x0
06-14 14:59:54.776  2264  2647 I BtGatt.ScanHelper: onScanResult to scannerId: 5- eventType=0x0, addressType=1, address=XX:XX:XX:XX:77:C5, primaryPhy=1, secondaryPhy=1, advertisingSid=0x2, txPower=127, rssi=-35, periodicAdvInt=0x0
