06-14 16:31:50.213  1385  4402 E ArtService: 	at android.app.usage.IStorageStatsManager$Stub.onTransact(IStorageStatsManager.java:265)
06-14 16:31:50.213  1385  4402 E ArtService: 	at android.os.Binder.execTransactInternal(Binder.java:1536)
06-14 16:31:50.213  1385  4402 E ArtService: 	at android.os.Binder.execTransact(Binder.java:1480)
06-14 16:31:50.219 31115 31115 W Finsky  : [2] STU: Failed to get storage stats for package 'com.google.android.os.statsd' (1601: Error getting stats: android.content.pm.PackageManager.NameNotFoundException)
06-14 16:31:50.220  7439  7441 I artd    : Dex parent of /data/app/~~Soiy0ARfHmbgU-VtLHpjrQ==/com.DPMOBESA-R-MCI_nNYPZQcDuSra7Raw==/base.apk is not writable: Permission denied
06-14 16:31:50.220  7439  7441 I artd    : GetBestInfo checking odex in dalvik-cache (/data/dalvik-cache/arm64/data@app@~~Soiy0ARfHmbgU-VtLHpjrQ==@com.DPMOBESA-R-MCI_nNYPZQcDuSra7Raw==@base.apk@classes.dex)
06-14 16:31:50.220  7439  7441 I artd    : Loading /data/dalvik-cache/arm64/data@app@~~Soiy0ARfHmbgU-VtLHpjrQ==@com.DPMOBESA-R-MCI_nNYPZQcDuSra7Raw==@base.apk@classes.dex with executable: 0
06-14 16:31:50.220  7439  7441 I artd    : OatFileAssistant test for existing oat file /data/dalvik-cache/arm64/data@app@~~Soiy0ARfHmbgU-VtLHpjrQ==@com.DPMOBESA-R-MCI_nNYPZQcDuSra7Raw==@base.apk@classes.dex: File /data/dalvik-cache/arm64/data@app@~~Soiy0ARfHmbgU-VtLHpjrQ==@com.DPMOBESA-R-MCI_nNYPZQcDuSra7Raw==@base.apk@classes.vdex does not exist.
06-14 16:31:50.220  7439  7441 I artd    : GetBestInfo checking odex next to the dex file (/data/app/~~Soiy0ARfHmbgU-VtLHpjrQ==/com.DPMOBESA-R-MCI_nNYPZQcDuSra7Raw==/oat/arm64/base.odex)
06-14 16:31:50.220  7439  7441 I artd    : Loading /data/app/~~Soiy0ARfHmbgU-VtLHpjrQ==/com.DPMOBESA-R-MCI_nNYPZQcDuSra7Raw==/oat/arm64/base.odex with executable: 0
06-14 16:31:50.220  7439  7441 I artd    : Successfully loaded /data/app/~~Soiy0ARfHmbgU-VtLHpjrQ==/com.DPMOBESA-R-MCI_nNYPZQcDuSra7Raw==/oat/arm64/base.odex with executable: 0
06-14 16:31:50.220  7439  7441 I artd    : /data/app/~~Soiy0ARfHmbgU-VtLHpjrQ==/com.DPMOBESA-R-MCI_nNYPZQcDuSra7Raw==/oat/arm64/base.odex is kOatUpToDate with filter speed-profile
06-14 16:31:50.232  7439  7441 I artd    : Dex parent of /data/app/~~5K7r5_5X-kTqlyOIGw_ejQ==/kr.co.samsungcard.mpocket-L4TGhyky4BRJNrWE7R5XVQ==/base.apk is not writable: Permission denied
06-14 16:31:50.232  7439  7441 I artd    : GetBestInfo checking odex in dalvik-cache (/data/dalvik-cache/arm64/data@app@~~5K7r5_5X-kTqlyOIGw_ejQ==@kr.co.samsungcard.mpocket-L4TGhyky4BRJNrWE7R5XVQ==@base.apk@classes.dex)
06-14 16:31:50.232  7439  7441 I artd    : Loading /data/dalvik-cache/arm64/data@app@~~5K7r5_5X-kTqlyOIGw_ejQ==@kr.co.samsungcard.mpocket-L4TGhyky4BRJNrWE7R5XVQ==@base.apk@classes.dex with executable: 0
06-14 16:31:50.232  7439  7441 I artd    : OatFileAssistant test for existing oat file /data/dalvik-cache/arm64/data@app@~~5K7r5_5X-kTqlyOIGw_ejQ==@kr.co.samsungcard.mpocket-L4TGhyky4BRJNrWE7R5XVQ==@base.apk@classes.dex: File /data/dalvik-cache/arm64/data@app@~~5K7r5_5X-kTqlyOIGw_ejQ==@kr.co.samsungcard.mpocket-L4TGhyky4BRJNrWE7R5XVQ==@base.apk@classes.vdex does not exist.
06-14 16:31:50.232  7439  7441 I artd    : GetBestInfo checking odex next to the dex file (/data/app/~~5K7r5_5X-kTqlyOIGw_ejQ==/kr.co.samsungcard.mpocket-L4TGhyky4BRJNrWE7R5XVQ==/oat/arm64/base.odex)
06-14 16:31:50.232  7439  7441 I artd    : Loading /data/app/~~5K7r5_5X-kTqlyOIGw_ejQ==/kr.co.samsungcard.mpocket-L4TGhyky4BRJNrWE7R5XVQ==/oat/arm64/base.odex with executable: 0
06-14 16:31:50.233  7439  7441 I artd    : Successfully loaded /data/app/~~5K7r5_5X-kTqlyOIGw_ejQ==/kr.co.samsungcard.mpocket-L4TGhyky4BRJNrWE7R5XVQ==/oat/arm64/base.odex with executable: 0
06-14 16:31:50.233  7439  7441 I artd    : /data/app/~~5K7r5_5X-kTqlyOIGw_ejQ==/kr.co.samsungcard.mpocket-L4TGhyky4BRJNrWE7R5XVQ==/oat/arm64/base.odex is kOatUpToDate with filter speed-profile
06-14 16:31:50.241  7439  7441 I artd    : Dex parent of /data/app/~~AS3a6SMOvI8IgFIbb6I1Dw==/com.samsung.android.goodlock-EpjF0qpiCEK2s0IKTe8GYg==/base.apk is not writable: Permission denied
06-14 16:31:50.241  7439  7441 I artd    : GetBestInfo checking odex in dalvik-cache (/data/dalvik-cache/arm64/data@app@~~AS3a6SMOvI8IgFIbb6I1Dw==@com.samsung.android.goodlock-EpjF0qpiCEK2s0IKTe8GYg==@base.apk@classes.dex)
06-14 16:31:50.241  7439  7441 I artd    : Loading /data/dalvik-cache/arm64/data@app@~~AS3a6SMOvI8IgFIbb6I1Dw==@com.samsung.android.goodlock-EpjF0qpiCEK2s0IKTe8GYg==@base.apk@classes.dex with executable: 0
06-14 16:31:50.241  7439  7441 I artd    : OatFileAssistant test for existing oat file /data/dalvik-cache/arm64/data@app@~~AS3a6SMOvI8IgFIbb6I1Dw==@com.samsung.android.goodlock-EpjF0qpiCEK2s0IKTe8GYg==@base.apk@classes.dex: File /data/dalvik-cache/arm64/data@app@~~AS3a6SMOvI8IgFIbb6I1Dw==@com.samsung.android.goodlock-EpjF0qpiCEK2s0IKTe8GYg==@base.apk@classes.vdex does not exist.
06-14 16:31:50.241  7439  7441 I artd    : GetBestInfo checking odex next to the dex file (/data/app/~~AS3a6SMOvI8IgFIbb6I1Dw==/com.samsung.android.goodlock-EpjF0qpiCEK2s0IKTe8GYg==/oat/arm64/base.odex)
06-14 16:31:50.241  7439  7441 I artd    : Loading /data/app/~~AS3a6SMOvI8IgFIbb6I1Dw==/com.samsung.android.goodlock-EpjF0qpiCEK2s0IKTe8GYg==/oat/arm64/base.odex with executable: 0
06-14 16:31:50.242  7439  7441 I artd    : Successfully loaded /data/app/~~AS3a6SMOvI8IgFIbb6I1Dw==/com.samsung.android.goodlock-EpjF0qpiCEK2s0IKTe8GYg==/oat/arm64/base.odex with executable: 0
06-14 16:31:50.242  7439  7441 I artd    : /data/app/~~AS3a6SMOvI8IgFIbb6I1Dw==/com.samsung.android.goodlock-EpjF0qpiCEK2s0IKTe8GYg==/oat/arm64/base.odex is kOatUpToDate with filter speed-profile
06-14 16:31:50.244  7439  7441 I artd    : Dex parent of /data/app/~~YL_c4QlKqclStTN9lYu5eA==/com.lguplus.tsmproxy-OYR87pWNT4ln4aXsAujnUQ==/base.apk is not writable: Permission denied
06-14 16:31:50.244  7439  7441 I artd    : GetBestInfo checking odex in dalvik-cache (/data/dalvik-cache/arm64/data@app@~~YL_c4QlKqclStTN9lYu5eA==@com.lguplus.tsmproxy-OYR87pWNT4ln4aXsAujnUQ==@base.apk@classes.dex)
06-14 16:31:50.244  7439  7441 I artd    : Loading /data/dalvik-cache/arm64/data@app@~~YL_c4QlKqclStTN9lYu5eA==@com.lguplus.tsmproxy-OYR87pWNT4ln4aXsAujnUQ==@base.apk@classes.dex with executable: 0
06-14 16:31:50.244  7439  7441 I artd    : OatFileAssistant test for existing oat file /data/dalvik-cache/arm64/data@app@~~YL_c4QlKqclStTN9lYu5eA==@com.lguplus.tsmproxy-OYR87pWNT4ln4aXsAujnUQ==@base.apk@classes.dex: File /data/dalvik-cache/arm64/data@app@~~YL_c4QlKqclStTN9lYu5eA==@com.lguplus.tsmproxy-OYR87pWNT4ln4aXsAujnUQ==@base.apk@classes.vdex does not exist.
06-14 16:31:50.244  7439  7441 I artd    : GetBestInfo checking odex next to the dex file (/data/app/~~YL_c4QlKqclStTN9lYu5eA==/com.lguplus.tsmproxy-OYR87pWNT4ln4aXsAujnUQ==/oat/arm64/base.odex)
06-14 16:31:50.244  7439  7441 I artd    : Loading /data/app/~~YL_c4QlKqclStTN9lYu5eA==/com.lguplus.tsmproxy-OYR87pWNT4ln4aXsAujnUQ==/oat/arm64/base.odex with executable: 0
06-14 16:31:50.245  7439  7441 I artd    : Successfully loaded /data/app/~~YL_c4QlKqclStTN9lYu5eA==/com.lguplus.tsmproxy-OYR87pWNT4ln4aXsAujnUQ==/oat/arm64/base.odex with executable: 0
06-14 16:31:50.245  7439  7441 I artd    : /data/app/~~YL_c4QlKqclStTN9lYu5eA==/com.lguplus.tsmproxy-OYR87pWNT4ln4aXsAujnUQ==/oat/arm64/base.odex is kOatUpToDate with filter speed-profile
06-14 16:31:50.251 31115 31115 W Finsky  : [2] STU: Failed to get storage stats for package 'com.samsung.android.authfw.ta' (1601: Error getting stats: android.content.pm.PackageManager.NameNotFoundException)
06-14 16:31:50.258  7439  7441 I artd    : Dex parent of /data/app/~~eukZ1iveXQrHghC8IcFQtA==/com.dubox.drive-rX50ue4z1ZyA9jAfDDg38Q==/base.apk is not writable: Permission denied
06-14 16:31:50.258  7439  7441 I artd    : GetBestInfo checking odex in dalvik-cache (/data/dalvik-cache/arm64/data@app@~~eukZ1iveXQrHghC8IcFQtA==@com.dubox.drive-rX50ue4z1ZyA9jAfDDg38Q==@base.apk@classes.dex)
06-14 16:31:50.258  7439  7441 I artd    : Loading /data/dalvik-cache/arm64/data@app@~~eukZ1iveXQrHghC8IcFQtA==@com.dubox.drive-rX50ue4z1ZyA9jAfDDg38Q==@base.apk@classes.dex with executable: 0
06-14 16:31:50.258  7439  7441 I artd    : OatFileAssistant test for existing oat file /data/dalvik-cache/arm64/data@app@~~eukZ1iveXQrHghC8IcFQtA==@com.dubox.drive-rX50ue4z1ZyA9jAfDDg38Q==@base.apk@classes.dex: File /data/dalvik-cache/arm64/data@app@~~eukZ1iveXQrHghC8IcFQtA==@com.dubox.drive-rX50ue4z1ZyA9jAfDDg38Q==@base.apk@classes.vdex does not exist.
06-14 16:31:50.258  7439  7441 I artd    : GetBestInfo checking odex next to the dex file (/data/app/~~eukZ1iveXQrHghC8IcFQtA==/com.dubox.drive-rX50ue4z1ZyA9jAfDDg38Q==/oat/arm64/base.odex)
06-14 16:31:50.258  7439  7441 I artd    : Loading /data/app/~~eukZ1iveXQrHghC8IcFQtA==/com.dubox.drive-rX50ue4z1ZyA9jAfDDg38Q==/oat/arm64/base.odex with executable: 0
06-14 16:31:50.259  7439  7441 I artd    : Successfully loaded /data/app/~~eukZ1iveXQrHghC8IcFQtA==/com.dubox.drive-rX50ue4z1ZyA9jAfDDg38Q==/oat/arm64/base.odex with executable: 0
06-14 16:31:50.261  7439  7441 I artd    : /data/app/~~eukZ1iveXQrHghC8IcFQtA==/com.dubox.drive-rX50ue4z1ZyA9jAfDDg38Q==/oat/arm64/base.odex is kOatUpToDate with filter speed-profile
06-14 16:31:50.263  7439  7441 I artd    : Dex parent of /data/app/~~eukZ1iveXQrHghC8IcFQtA==/com.dubox.drive-rX50ue4z1ZyA9jAfDDg38Q==/split_lib_dynamic_sdk_kakao.apk is not writable: Permission denied
06-14 16:31:50.263  7439  7441 I artd    : GetBestInfo checking odex in dalvik-cache (/data/dalvik-cache/arm64/data@app@~~eukZ1iveXQrHghC8IcFQtA==@com.dubox.drive-rX50ue4z1ZyA9jAfDDg38Q==@split_lib_dynamic_sdk_kakao.apk@classes.dex)
06-14 16:31:50.263  7439  7441 I artd    : Loading /data/dalvik-cache/arm64/data@app@~~eukZ1iveXQrHghC8IcFQtA==@com.dubox.drive-rX50ue4z1ZyA9jAfDDg38Q==@split_lib_dynamic_sdk_kakao.apk@classes.dex with executable: 0
06-14 16:31:50.263  7439  7441 I artd    : OatFileAssistant test for existing oat file /data/dalvik-cache/arm64/data@app@~~eukZ1iveXQrHghC8IcFQtA==@com.dubox.drive-rX50ue4z1ZyA9jAfDDg38Q==@split_lib_dynamic_sdk_kakao.apk@classes.dex: File /data/dalvik-cache/arm64/data@app@~~eukZ1iveXQrHghC8IcFQtA==@com.dubox.drive-rX50ue4z1ZyA9jAfDDg38Q==@split_lib_dynamic_sdk_kakao.apk@classes.vdex does not exist.
06-14 16:31:50.263  7439  7441 I artd    : GetBestInfo checking odex next to the dex file (/data/app/~~eukZ1iveXQrHghC8IcFQtA==/com.dubox.drive-rX50ue4z1ZyA9jAfDDg38Q==/oat/arm64/split_lib_dynamic_sdk_kakao.odex)
06-14 16:31:50.263  7439  7441 I artd    : Loading /data/app/~~eukZ1iveXQrHghC8IcFQtA==/com.dubox.drive-rX50ue4z1ZyA9jAfDDg38Q==/oat/arm64/split_lib_dynamic_sdk_kakao.odex with executable: 0
06-14 16:31:50.263  7439  7441 I artd    : OatFileAssistant test for existing oat file /data/app/~~eukZ1iveXQrHghC8IcFQtA==/com.dubox.drive-rX50ue4z1ZyA9jAfDDg38Q==/oat/arm64/split_lib_dynamic_sdk_kakao.odex: Failed to open oat filename for reading: No such file or directory
06-14 16:31:50.263  7439  7441 I artd    : GetBestInfo checking vdex in dalvik-cache (/data/dalvik-cache/arm64/data@app@~~eukZ1iveXQrHghC8IcFQtA==@com.dubox.drive-rX50ue4z1ZyA9jAfDDg38Q==@split_lib_dynamic_sdk_kakao.apk@classes.vdex)
06-14 16:31:50.263  7439  7441 I artd    : unable to open vdex file /data/dalvik-cache/arm64/data@app@~~eukZ1iveXQrHghC8IcFQtA==@com.dubox.drive-rX50ue4z1ZyA9jAfDDg38Q==@split_lib_dynamic_sdk_kakao.apk@classes.vdex: File /data/dalvik-cache/arm64/data@app@~~eukZ1iveXQrHghC8IcFQtA==@com.dubox.drive-rX50ue4z1ZyA9jAfDDg38Q==@split_lib_dynamic_sdk_kakao.apk@classes.vdex does not exist.
06-14 16:31:50.263  7439  7441 I artd    : OatFileAssistant test for existing oat file /data/dalvik-cache/arm64/data@app@~~eukZ1iveXQrHghC8IcFQtA==@com.dubox.drive-rX50ue4z1ZyA9jAfDDg38Q==@split_lib_dynamic_sdk_kakao.apk@classes.vdex: File /data/dalvik-cache/arm64/data@app@~~eukZ1iveXQrHghC8IcFQtA==@com.dubox.drive-rX50ue4z1ZyA9jAfDDg38Q==@split_lib_dynamic_sdk_kakao.apk@classes.vdex does not exist.
06-14 16:31:50.263  7439  7441 I artd    : GetBestInfo checking vdex next to the dex file (/data/app/~~eukZ1iveXQrHghC8IcFQtA==/com.dubox.drive-rX50ue4z1ZyA9jAfDDg38Q==/oat/arm64/split_lib_dynamic_sdk_kakao.vdex)
06-14 16:31:50.264  7439  7441 I artd    : Successfully loaded /data/app/~~eukZ1iveXQrHghC8IcFQtA==/com.dubox.drive-rX50ue4z1ZyA9jAfDDg38Q==/oat/arm64/split_lib_dynamic_sdk_kakao.vdex with executable: 0
06-14 16:31:50.264  7439  7441 I artd    : Image checksum test skipped for vdex file /data/app/~~eukZ1iveXQrHghC8IcFQtA==/com.dubox.drive-rX50ue4z1ZyA9jAfDDg38Q==/oat/arm64/split_lib_dynamic_sdk_kakao.vdex
06-14 16:31:50.264  7439  7441 I artd    : /data/app/~~eukZ1iveXQrHghC8IcFQtA==/com.dubox.drive-rX50ue4z1ZyA9jAfDDg38Q==/oat/arm64/split_lib_dynamic_sdk_kakao.vdex is kOatUpToDate with filter verify
06-14 16:31:50.278 31115 31115 W Finsky  : [2] STU: Failed to get storage stats for package 'com.samsung.android.wifi.broadcom' (1601: Error getting stats: android.content.pm.PackageManager.NameNotFoundException)
06-14 16:31:50.279  7439  7441 I artd    : Dex parent of /data/app/~~0KpsKO6aYN_BSotZTcthog==/com.samsung.android.easysetup-kMGbCtSi9JcgWhAkpeMbZg==/base.apk is not writable: Permission denied
06-14 16:31:50.279  7439  7441 I artd    : GetBestInfo checking odex in dalvik-cache (/data/dalvik-cache/arm64/data@app@~~0KpsKO6aYN_BSotZTcthog==@com.samsung.android.easysetup-kMGbCtSi9JcgWhAkpeMbZg==@base.apk@classes.dex)
06-14 16:31:50.279  7439  7441 I artd    : Loading /data/dalvik-cache/arm64/data@app@~~0KpsKO6aYN_BSotZTcthog==@com.samsung.android.easysetup-kMGbCtSi9JcgWhAkpeMbZg==@base.apk@classes.dex with executable: 0
06-14 16:31:50.279  7439  7441 I artd    : OatFileAssistant test for existing oat file /data/dalvik-cache/arm64/data@app@~~0KpsKO6aYN_BSotZTcthog==@com.samsung.android.easysetup-kMGbCtSi9JcgWhAkpeMbZg==@base.apk@classes.dex: File /data/dalvik-cache/arm64/data@app@~~0KpsKO6aYN_BSotZTcthog==@com.samsung.android.easysetup-kMGbCtSi9JcgWhAkpeMbZg==@base.apk@classes.vdex does not exist.
06-14 16:31:50.279  7439  7441 I artd    : GetBestInfo checking odex next to the dex file (/data/app/~~0KpsKO6aYN_BSotZTcthog==/com.samsung.android.easysetup-kMGbCtSi9JcgWhAkpeMbZg==/oat/arm64/base.odex)
06-14 16:31:50.279  7439  7441 I artd    : Loading /data/app/~~0KpsKO6aYN_BSotZTcthog==/com.samsung.android.easysetup-kMGbCtSi9JcgWhAkpeMbZg==/oat/arm64/base.odex with executable: 0
06-14 16:31:50.279  7439  7441 I artd    : Successfully loaded /data/app/~~0KpsKO6aYN_BSotZTcthog==/com.samsung.android.easysetup-kMGbCtSi9JcgWhAkpeMbZg==/oat/arm64/base.odex with executable: 0
06-14 16:31:50.279  7439  7441 I artd    : /data/app/~~0KpsKO6aYN_BSotZTcthog==/com.samsung.android.easysetup-kMGbCtSi9JcgWhAkpeMbZg==/oat/arm64/base.odex is kOatUpToDate with filter speed-profile
06-14 16:31:50.282  7439  7441 I artd    : Dex parent of /data/app/~~iKwe6bvdJFDrmJ49EBs-BA==/com.skt.skaf.OA00018282-s5YD-PyuLnWXUbxVbUDZYg==/base.apk is not writable: Permission denied
06-14 16:31:50.282  7439  7441 I artd    : GetBestInfo checking odex in dalvik-cache (/data/dalvik-cache/arm64/data@app@~~iKwe6bvdJFDrmJ49EBs-BA==@com.skt.skaf.OA00018282-s5YD-PyuLnWXUbxVbUDZYg==@base.apk@classes.dex)
06-14 16:31:50.282  7439  7441 I artd    : Loading /data/dalvik-cache/arm64/data@app@~~iKwe6bvdJFDrmJ49EBs-BA==@com.skt.skaf.OA00018282-s5YD-PyuLnWXUbxVbUDZYg==@base.apk@classes.dex with executable: 0
06-14 16:31:50.282  7439  7441 I artd    : OatFileAssistant test for existing oat file /data/dalvik-cache/arm64/data@app@~~iKwe6bvdJFDrmJ49EBs-BA==@com.skt.skaf.OA00018282-s5YD-PyuLnWXUbxVbUDZYg==@base.apk@classes.dex: File /data/dalvik-cache/arm64/data@app@~~iKwe6bvdJFDrmJ49EBs-BA==@com.skt.skaf.OA00018282-s5YD-PyuLnWXUbxVbUDZYg==@base.apk@classes.vdex does not exist.
06-14 16:31:50.282  7439  7441 I artd    : GetBestInfo checking odex next to the dex file (/data/app/~~iKwe6bvdJFDrmJ49EBs-BA==/com.skt.skaf.OA00018282-s5YD-PyuLnWXUbxVbUDZYg==/oat/arm64/base.odex)
06-14 16:31:50.282  7439  7441 I artd    : Loading /data/app/~~iKwe6bvdJFDrmJ49EBs-BA==/com.skt.skaf.OA00018282-s5YD-PyuLnWXUbxVbUDZYg==/oat/arm64/base.odex with executable: 0
06-14 16:31:50.283  7439  7441 I artd    : Successfully loaded /data/app/~~iKwe6bvdJFDrmJ49EBs-BA==/com.skt.skaf.OA00018282-s5YD-PyuLnWXUbxVbUDZYg==/oat/arm64/base.odex with executable: 0
06-14 16:31:50.283  7439  7441 I artd    : /data/app/~~iKwe6bvdJFDrmJ49EBs-BA==/com.skt.skaf.OA00018282-s5YD-PyuLnWXUbxVbUDZYg==/oat/arm64/base.odex is kOatUpToDate with filter speed-profile
06-14 16:31:50.286  7439  7441 I artd    : Dex parent of /data/app/~~OHZZGP7WFb_RkUwmDads8g==/net.daum.android.dictionary-QF_lieVATatK_lZNRThe7Q==/base.apk is not writable: Permission denied
06-14 16:31:50.286  7439  7441 I artd    : GetBestInfo checking odex in dalvik-cache (/data/dalvik-cache/arm64/data@app@~~OHZZGP7WFb_RkUwmDads8g==@net.daum.android.dictionary-QF_lieVATatK_lZNRThe7Q==@base.apk@classes.dex)
06-14 16:31:50.286  7439  7441 I artd    : Loading /data/dalvik-cache/arm64/data@app@~~OHZZGP7WFb_RkUwmDads8g==@net.daum.android.dictionary-QF_lieVATatK_lZNRThe7Q==@base.apk@classes.dex with executable: 0
06-14 16:31:50.286  7439  7441 I artd    : OatFileAssistant test for existing oat file /data/dalvik-cache/arm64/data@app@~~OHZZGP7WFb_RkUwmDads8g==@net.daum.android.dictionary-QF_lieVATatK_lZNRThe7Q==@base.apk@classes.dex: File /data/dalvik-cache/arm64/data@app@~~OHZZGP7WFb_RkUwmDads8g==@net.daum.android.dictionary-QF_lieVATatK_lZNRThe7Q==@base.apk@classes.vdex does not exist.
06-14 16:31:50.286  7439  7441 I artd    : GetBestInfo checking odex next to the dex file (/data/app/~~OHZZGP7WFb_RkUwmDads8g==/net.daum.android.dictionary-QF_lieVATatK_lZNRThe7Q==/oat/arm64/base.odex)
06-14 16:31:50.286  7439  7441 I artd    : Loading /data/app/~~OHZZGP7WFb_RkUwmDads8g==/net.daum.android.dictionary-QF_lieVATatK_lZNRThe7Q==/oat/arm64/base.odex with executable: 0
06-14 16:31:50.286  7439  7441 I artd    : OatFileAssistant test for existing oat file /data/app/~~OHZZGP7WFb_RkUwmDads8g==/net.daum.android.dictionary-QF_lieVATatK_lZNRThe7Q==/oat/arm64/base.odex: Failed to open oat filename for reading: No such file or directory
06-14 16:31:50.286  7439  7441 I artd    : GetBestInfo checking vdex in dalvik-cache (/data/dalvik-cache/arm64/data@app@~~OHZZGP7WFb_RkUwmDads8g==@net.daum.android.dictionary-QF_lieVATatK_lZNRThe7Q==@base.apk@classes.vdex)
06-14 16:31:50.286  7439  7441 I artd    : unable to open vdex file /data/dalvik-cache/arm64/data@app@~~OHZZGP7WFb_RkUwmDads8g==@net.daum.android.dictionary-QF_lieVATatK_lZNRThe7Q==@base.apk@classes.vdex: File /data/dalvik-cache/arm64/data@app@~~OHZZGP7WFb_RkUwmDads8g==@net.daum.android.dictionary-QF_lieVATatK_lZNRThe7Q==@base.apk@classes.vdex does not exist.
06-14 16:31:50.286  7439  7441 I artd    : OatFileAssistant test for existing oat file /data/dalvik-cache/arm64/data@app@~~OHZZGP7WFb_RkUwmDads8g==@net.daum.android.dictionary-QF_lieVATatK_lZNRThe7Q==@base.apk@classes.vdex: File /data/dalvik-cache/arm64/data@app@~~OHZZGP7WFb_RkUwmDads8g==@net.daum.android.dictionary-QF_lieVATatK_lZNRThe7Q==@base.apk@classes.vdex does not exist.
06-14 16:31:50.286  7439  7441 I artd    : GetBestInfo checking vdex next to the dex file (/data/app/~~OHZZGP7WFb_RkUwmDads8g==/net.daum.android.dictionary-QF_lieVATatK_lZNRThe7Q==/oat/arm64/base.vdex)
06-14 16:31:50.286  7439  7441 I artd    : Successfully loaded /data/app/~~OHZZGP7WFb_RkUwmDads8g==/net.daum.android.dictionary-QF_lieVATatK_lZNRThe7Q==/oat/arm64/base.vdex with executable: 0
06-14 16:31:50.287  7439  7441 I artd    : Image checksum test skipped for vdex file /data/app/~~OHZZGP7WFb_RkUwmDads8g==/net.daum.android.dictionary-QF_lieVATatK_lZNRThe7Q==/oat/arm64/base.vdex
06-14 16:31:50.287  7439  7441 I artd    : /data/app/~~OHZZGP7WFb_RkUwmDads8g==/net.daum.android.dictionary-QF_lieVATatK_lZNRThe7Q==/oat/arm64/base.vdex is kOatUpToDate with filter verify
06-14 16:31:50.308 31115 31115 W Finsky  : [2] STU: Failed to get storage stats for package 'com.android.rkpd' (1601: Error getting stats: android.content.pm.PackageManager.NameNotFoundException)
06-14 16:31:50.314  7439  7441 I artd    : Dex parent of /data/app/~~y4E13m7_4J7KtQ-sOVtZ8w==/com.samsung.android.privateshare-IT1RzMlYtce2kl69Rg9N8Q==/base.apk is not writable: Permission denied
06-14 16:31:50.314  7439  7441 I artd    : GetBestInfo checking odex in dalvik-cache (/data/dalvik-cache/arm64/data@app@~~y4E13m7_4J7KtQ-sOVtZ8w==@com.samsung.android.privateshare-IT1RzMlYtce2kl69Rg9N8Q==@base.apk@classes.dex)
06-14 16:31:50.314  7439  7441 I artd    : Loading /data/dalvik-cache/arm64/data@app@~~y4E13m7_4J7KtQ-sOVtZ8w==@com.samsung.android.privateshare-IT1RzMlYtce2kl69Rg9N8Q==@base.apk@classes.dex with executable: 0
06-14 16:31:50.314  7439  7441 I artd    : OatFileAssistant test for existing oat file /data/dalvik-cache/arm64/data@app@~~y4E13m7_4J7KtQ-sOVtZ8w==@com.samsung.android.privateshare-IT1RzMlYtce2kl69Rg9N8Q==@base.apk@classes.dex: File /data/dalvik-cache/arm64/data@app@~~y4E13m7_4J7KtQ-sOVtZ8w==@com.samsung.android.privateshare-IT1RzMlYtce2kl69Rg9N8Q==@base.apk@classes.vdex does not exist.
06-14 16:31:50.314  7439  7441 I artd    : GetBestInfo checking odex next to the dex file (/data/app/~~y4E13m7_4J7KtQ-sOVtZ8w==/com.samsung.android.privateshare-IT1RzMlYtce2kl69Rg9N8Q==/oat/arm64/base.odex)
06-14 16:31:50.314  7439  7441 I artd    : Loading /data/app/~~y4E13m7_4J7KtQ-sOVtZ8w==/com.samsung.android.privateshare-IT1RzMlYtce2kl69Rg9N8Q==/oat/arm64/base.odex with executable: 0
06-14 16:31:50.314  7439  7441 I artd    : OatFileAssistant test for existing oat file /data/app/~~y4E13m7_4J7KtQ-sOVtZ8w==/com.samsung.android.privateshare-IT1RzMlYtce2kl69Rg9N8Q==/oat/arm64/base.odex: Failed to open oat filename for reading: No such file or directory
06-14 16:31:50.314  7439  7441 I artd    : GetBestInfo checking vdex in dalvik-cache (/data/dalvik-cache/arm64/data@app@~~y4E13m7_4J7KtQ-sOVtZ8w==@com.samsung.android.privateshare-IT1RzMlYtce2kl69Rg9N8Q==@base.apk@classes.vdex)
06-14 16:31:50.314  7439  7441 I artd    : unable to open vdex file /data/dalvik-cache/arm64/data@app@~~y4E13m7_4J7KtQ-sOVtZ8w==@com.samsung.android.privateshare-IT1RzMlYtce2kl69Rg9N8Q==@base.apk@classes.vdex: File /data/dalvik-cache/arm64/data@app@~~y4E13m7_4J7KtQ-sOVtZ8w==@com.samsung.android.privateshare-IT1RzMlYtce2kl69Rg9N8Q==@base.apk@classes.vdex does not exist.
06-14 16:31:50.314  7439  7441 I artd    : OatFileAssistant test for existing oat file /data/dalvik-cache/arm64/data@app@~~y4E13m7_4J7KtQ-sOVtZ8w==@com.samsung.android.privateshare-IT1RzMlYtce2kl69Rg9N8Q==@base.apk@classes.vdex: File /data/dalvik-cache/arm64/data@app@~~y4E13m7_4J7KtQ-sOVtZ8w==@com.samsung.android.privateshare-IT1RzMlYtce2kl69Rg9N8Q==@base.apk@classes.vdex does not exist.
06-14 16:31:50.314  7439  7441 I artd    : GetBestInfo checking vdex next to the dex file (/data/app/~~y4E13m7_4J7KtQ-sOVtZ8w==/com.samsung.android.privateshare-IT1RzMlYtce2kl69Rg9N8Q==/oat/arm64/base.vdex)
06-14 16:31:50.315  7439  7441 I artd    : Successfully loaded /data/app/~~y4E13m7_4J7KtQ-sOVtZ8w==/com.samsung.android.privateshare-IT1RzMlYtce2kl69Rg9N8Q==/oat/arm64/base.vdex with executable: 0
06-14 16:31:50.315  7439  7441 I artd    : Image checksum test skipped for vdex file /data/app/~~y4E13m7_4J7KtQ-sOVtZ8w==/com.samsung.android.privateshare-IT1RzMlYtce2kl69Rg9N8Q==/oat/arm64/base.vdex
06-14 16:31:50.315  7439  7441 I artd    : /data/app/~~y4E13m7_4J7KtQ-sOVtZ8w==/com.samsung.android.privateshare-IT1RzMlYtce2kl69Rg9N8Q==/oat/arm64/base.vdex is kOatUpToDate with filter verify
06-14 16:31:50.330  7439  7441 I artd    : Dex parent of /data/app/~~BT6yyo5Pl7WDxxWTm_eagQ==/com.samsung.android.coldwalletservice-j7htJ5k5c3sqBGWUSVPqGg==/base.apk is not writable: Permission denied
06-14 16:31:50.330  7439  7441 I artd    : GetBestInfo checking odex in dalvik-cache (/data/dalvik-cache/arm64/data@app@~~BT6yyo5Pl7WDxxWTm_eagQ==@com.samsung.android.coldwalletservice-j7htJ5k5c3sqBGWUSVPqGg==@base.apk@classes.dex)
06-14 16:31:50.330  7439  7441 I artd    : Loading /data/dalvik-cache/arm64/data@app@~~BT6yyo5Pl7WDxxWTm_eagQ==@com.samsung.android.coldwalletservice-j7htJ5k5c3sqBGWUSVPqGg==@base.apk@classes.dex with executable: 0
06-14 16:31:50.330  7439  7441 I artd    : OatFileAssistant test for existing oat file /data/dalvik-cache/arm64/data@app@~~BT6yyo5Pl7WDxxWTm_eagQ==@com.samsung.android.coldwalletservice-j7htJ5k5c3sqBGWUSVPqGg==@base.apk@classes.dex: File /data/dalvik-cache/arm64/data@app@~~BT6yyo5Pl7WDxxWTm_eagQ==@com.samsung.android.coldwalletservice-j7htJ5k5c3sqBGWUSVPqGg==@base.apk@classes.vdex does not exist.
06-14 16:31:50.330  7439  7441 I artd    : GetBestInfo checking odex next to the dex file (/data/app/~~BT6yyo5Pl7WDxxWTm_eagQ==/com.samsung.android.coldwalletservice-j7htJ5k5c3sqBGWUSVPqGg==/oat/arm64/base.odex)
06-14 16:31:50.330  7439  7441 I artd    : Loading /data/app/~~BT6yyo5Pl7WDxxWTm_eagQ==/com.samsung.android.coldwalletservice-j7htJ5k5c3sqBGWUSVPqGg==/oat/arm64/base.odex with executable: 0
06-14 16:31:50.330  7439  7441 I artd    : OatFileAssistant test for existing oat file /data/app/~~BT6yyo5Pl7WDxxWTm_eagQ==/com.samsung.android.coldwalletservice-j7htJ5k5c3sqBGWUSVPqGg==/oat/arm64/base.odex: Failed to open oat filename for reading: No such file or directory
06-14 16:31:50.330  7439  7441 I artd    : GetBestInfo checking vdex in dalvik-cache (/data/dalvik-cache/arm64/data@app@~~BT6yyo5Pl7WDxxWTm_eagQ==@com.samsung.android.coldwalletservice-j7htJ5k5c3sqBGWUSVPqGg==@base.apk@classes.vdex)
06-14 16:31:50.330  7439  7441 I artd    : unable to open vdex file /data/dalvik-cache/arm64/data@app@~~BT6yyo5Pl7WDxxWTm_eagQ==@com.samsung.android.coldwalletservice-j7htJ5k5c3sqBGWUSVPqGg==@base.apk@classes.vdex: File /data/dalvik-cache/arm64/data@app@~~BT6yyo5Pl7WDxxWTm_eagQ==@com.samsung.android.coldwalletservice-j7htJ5k5c3sqBGWUSVPqGg==@base.apk@classes.vdex does not exist.
06-14 16:31:50.330  7439  7441 I artd    : OatFileAssistant test for existing oat file /data/dalvik-cache/arm64/data@app@~~BT6yyo5Pl7WDxxWTm_eagQ==@com.samsung.android.coldwalletservice-j7htJ5k5c3sqBGWUSVPqGg==@base.apk@classes.vdex: File /data/dalvik-cache/arm64/data@app@~~BT6yyo5Pl7WDxxWTm_eagQ==@com.samsung.android.coldwalletservice-j7htJ5k5c3sqBGWUSVPqGg==@base.apk@classes.vdex does not exist.
06-14 16:31:50.330  7439  7441 I artd    : GetBestInfo checking vdex next to the dex file (/data/app/~~BT6yyo5Pl7WDxxWTm_eagQ==/com.samsung.android.coldwalletservice-j7htJ5k5c3sqBGWUSVPqGg==/oat/arm64/base.vdex)
06-14 16:31:50.330  7439  7441 I artd    : Successfully loaded /data/app/~~BT6yyo5Pl7WDxxWTm_eagQ==/com.samsung.android.coldwalletservice-j7htJ5k5c3sqBGWUSVPqGg==/oat/arm64/base.vdex with executable: 0
06-14 16:31:50.330  7439  7441 I artd    : Image checksum test skipped for vdex file /data/app/~~BT6yyo5Pl7WDxxWTm_eagQ==/com.samsung.android.coldwalletservice-j7htJ5k5c3sqBGWUSVPqGg==/oat/arm64/base.vdex
06-14 16:31:50.330  7439  7441 I artd    : /data/app/~~BT6yyo5Pl7WDxxWTm_eagQ==/com.samsung.android.coldwalletservice-j7htJ5k5c3sqBGWUSVPqGg==/oat/arm64/base.vdex is kOatUpToDate with filter verify
06-14 16:31:50.346 31115 31115 W Finsky  : [2] STU: Failed to get storage stats for package 'com.google.android.scheduling' (1601: Error getting stats: android.content.pm.PackageManager.NameNotFoundException)
06-14 16:31:50.348  7439  7441 I artd    : Dex parent of /data/app/~~DehN__d2RTxyN-jJib1Mqg==/com.skt.skaf.A000Z00040-b4oaX2SmH9K1gk7g_odLmQ==/base.apk is not writable: Permission denied
06-14 16:31:50.348  7439  7441 I artd    : GetBestInfo checking odex in dalvik-cache (/data/dalvik-cache/arm64/data@app@~~DehN__d2RTxyN-jJib1Mqg==@com.skt.skaf.A000Z00040-b4oaX2SmH9K1gk7g_odLmQ==@base.apk@classes.dex)
06-14 16:31:50.348  7439  7441 I artd    : Loading /data/dalvik-cache/arm64/data@app@~~DehN__d2RTxyN-jJib1Mqg==@com.skt.skaf.A000Z00040-b4oaX2SmH9K1gk7g_odLmQ==@base.apk@classes.dex with executable: 0
06-14 16:31:50.348  7439  7441 I artd    : OatFileAssistant test for existing oat file /data/dalvik-cache/arm64/data@app@~~DehN__d2RTxyN-jJib1Mqg==@com.skt.skaf.A000Z00040-b4oaX2SmH9K1gk7g_odLmQ==@base.apk@classes.dex: File /data/dalvik-cache/arm64/data@app@~~DehN__d2RTxyN-jJib1Mqg==@com.skt.skaf.A000Z00040-b4oaX2SmH9K1gk7g_odLmQ==@base.apk@classes.vdex does not exist.
06-14 16:31:50.348  7439  7441 I artd    : GetBestInfo checking odex next to the dex file (/data/app/~~DehN__d2RTxyN-jJib1Mqg==/com.skt.skaf.A000Z00040-b4oaX2SmH9K1gk7g_odLmQ==/oat/arm64/base.odex)
06-14 16:31:50.348  7439  7441 I artd    : Loading /data/app/~~DehN__d2RTxyN-jJib1Mqg==/com.skt.skaf.A000Z00040-b4oaX2SmH9K1gk7g_odLmQ==/oat/arm64/base.odex with executable: 0
06-14 16:31:50.348  7439  7441 I artd    : OatFileAssistant test for existing oat file /data/app/~~DehN__d2RTxyN-jJib1Mqg==/com.skt.skaf.A000Z00040-b4oaX2SmH9K1gk7g_odLmQ==/oat/arm64/base.odex: Failed to open oat filename for reading: No such file or directory
06-14 16:31:50.348  7439  7441 I artd    : GetBestInfo checking vdex in dalvik-cache (/data/dalvik-cache/arm64/data@app@~~DehN__d2RTxyN-jJib1Mqg==@com.skt.skaf.A000Z00040-b4oaX2SmH9K1gk7g_odLmQ==@base.apk@classes.vdex)
06-14 16:31:50.348  7439  7441 I artd    : unable to open vdex file /data/dalvik-cache/arm64/data@app@~~DehN__d2RTxyN-jJib1Mqg==@com.skt.skaf.A000Z00040-b4oaX2SmH9K1gk7g_odLmQ==@base.apk@classes.vdex: File /data/dalvik-cache/arm64/data@app@~~DehN__d2RTxyN-jJib1Mqg==@com.skt.skaf.A000Z00040-b4oaX2SmH9K1gk7g_odLmQ==@base.apk@classes.vdex does not exist.
06-14 16:31:50.348  7439  7441 I artd    : OatFileAssistant test for existing oat file /data/dalvik-cache/arm64/data@app@~~DehN__d2RTxyN-jJib1Mqg==@com.skt.skaf.A000Z00040-b4oaX2SmH9K1gk7g_odLmQ==@base.apk@classes.vdex: File /data/dalvik-cache/arm64/data@app@~~DehN__d2RTxyN-jJib1Mqg==@com.skt.skaf.A000Z00040-b4oaX2SmH9K1gk7g_odLmQ==@base.apk@classes.vdex does not exist.
06-14 16:31:50.348  7439  7441 I artd    : GetBestInfo checking vdex next to the dex file (/data/app/~~DehN__d2RTxyN-jJib1Mqg==/com.skt.skaf.A000Z00040-b4oaX2SmH9K1gk7g_odLmQ==/oat/arm64/base.vdex)
06-14 16:31:50.348  7439  7441 I artd    : Successfully loaded /data/app/~~DehN__d2RTxyN-jJib1Mqg==/com.skt.skaf.A000Z00040-b4oaX2SmH9K1gk7g_odLmQ==/oat/arm64/base.vdex with executable: 0
06-14 16:31:50.350  7439  7441 I artd    : Image checksum test skipped for vdex file /data/app/~~DehN__d2RTxyN-jJib1Mqg==/com.skt.skaf.A000Z00040-b4oaX2SmH9K1gk7g_odLmQ==/oat/arm64/base.vdex
06-14 16:31:50.350  7439  7441 I artd    : /data/app/~~DehN__d2RTxyN-jJib1Mqg==/com.skt.skaf.A000Z00040-b4oaX2SmH9K1gk7g_odLmQ==/oat/arm64/base.vdex is kOatUpToDate with filter verify
06-14 16:31:50.366  7439  7441 I artd    : Dex parent of /data/app/~~yG5NmY8WiXfvREBRGk_mTQ==/com.google.android.gm-_TOSnKaQ1OO9rQgmGKzPzw==/base.apk is not writable: Permission denied
06-14 16:31:50.366  7439  7441 I artd    : GetBestInfo checking odex in dalvik-cache (/data/dalvik-cache/arm64/data@app@~~yG5NmY8WiXfvREBRGk_mTQ==@com.google.android.gm-_TOSnKaQ1OO9rQgmGKzPzw==@base.apk@classes.dex)
06-14 16:31:50.366  7439  7441 I artd    : Loading /data/dalvik-cache/arm64/data@app@~~yG5NmY8WiXfvREBRGk_mTQ==@com.google.android.gm-_TOSnKaQ1OO9rQgmGKzPzw==@base.apk@classes.dex with executable: 0
06-14 16:31:50.366  7439  7441 I artd    : OatFileAssistant test for existing oat file /data/dalvik-cache/arm64/data@app@~~yG5NmY8WiXfvREBRGk_mTQ==@com.google.android.gm-_TOSnKaQ1OO9rQgmGKzPzw==@base.apk@classes.dex: File /data/dalvik-cache/arm64/data@app@~~yG5NmY8WiXfvREBRGk_mTQ==@com.google.android.gm-_TOSnKaQ1OO9rQgmGKzPzw==@base.apk@classes.vdex does not exist.
06-14 16:31:50.366  7439  7441 I artd    : GetBestInfo checking odex next to the dex file (/data/app/~~yG5NmY8WiXfvREBRGk_mTQ==/com.google.android.gm-_TOSnKaQ1OO9rQgmGKzPzw==/oat/arm64/base.odex)
06-14 16:31:50.366  7439  7441 I artd    : Loading /data/app/~~yG5NmY8WiXfvREBRGk_mTQ==/com.google.android.gm-_TOSnKaQ1OO9rQgmGKzPzw==/oat/arm64/base.odex with executable: 0
06-14 16:31:50.368  7439  7441 I artd    : Successfully loaded /data/app/~~yG5NmY8WiXfvREBRGk_mTQ==/com.google.android.gm-_TOSnKaQ1OO9rQgmGKzPzw==/oat/arm64/base.odex with executable: 0
06-14 16:31:50.368  7439  7441 I artd    : /data/app/~~yG5NmY8WiXfvREBRGk_mTQ==/com.google.android.gm-_TOSnKaQ1OO9rQgmGKzPzw==/oat/arm64/base.odex is kOatUpToDate with filter speed-profile
06-14 16:31:50.371  7439  7441 I artd    : Dex parent of /data/app/~~GNY21P8vfh5a9rPHz75fuQ==/com.kakao.talk-sfWHrtxLAUHkornM8X103Q==/base.apk is not writable: Permission denied
06-14 16:31:50.371  7439  7441 I artd    : GetBestInfo checking odex in dalvik-cache (/data/dalvik-cache/arm64/data@app@~~GNY21P8vfh5a9rPHz75fuQ==@com.kakao.talk-sfWHrtxLAUHkornM8X103Q==@base.apk@classes.dex)
06-14 16:31:50.371  7439  7441 I artd    : Loading /data/dalvik-cache/arm64/data@app@~~GNY21P8vfh5a9rPHz75fuQ==@com.kakao.talk-sfWHrtxLAUHkornM8X103Q==@base.apk@classes.dex with executable: 0
06-14 16:31:50.371  7439  7441 I artd    : OatFileAssistant test for existing oat file /data/dalvik-cache/arm64/data@app@~~GNY21P8vfh5a9rPHz75fuQ==@com.kakao.talk-sfWHrtxLAUHkornM8X103Q==@base.apk@classes.dex: File /data/dalvik-cache/arm64/data@app@~~GNY21P8vfh5a9rPHz75fuQ==@com.kakao.talk-sfWHrtxLAUHkornM8X103Q==@base.apk@classes.vdex does not exist.
06-14 16:31:50.371  7439  7441 I artd    : GetBestInfo checking odex next to the dex file (/data/app/~~GNY21P8vfh5a9rPHz75fuQ==/com.kakao.talk-sfWHrtxLAUHkornM8X103Q==/oat/arm64/base.odex)
06-14 16:31:50.371  7439  7441 I artd    : Loading /data/app/~~GNY21P8vfh5a9rPHz75fuQ==/com.kakao.talk-sfWHrtxLAUHkornM8X103Q==/oat/arm64/base.odex with executable: 0
06-14 16:31:50.375  7439  7441 I artd    : Successfully loaded /data/app/~~GNY21P8vfh5a9rPHz75fuQ==/com.kakao.talk-sfWHrtxLAUHkornM8X103Q==/oat/arm64/base.odex with executable: 0
06-14 16:31:50.376  7439  7441 I artd    : /data/app/~~GNY21P8vfh5a9rPHz75fuQ==/com.kakao.talk-sfWHrtxLAUHkornM8X103Q==/oat/arm64/base.odex is kOatUpToDate with filter speed-profile
06-14 16:31:50.380 31115 31115 W Finsky  : [2] STU: Failed to get storage stats for package 'com.samsung.android.lifeguard' (1601: Error getting stats: android.content.pm.PackageManager.NameNotFoundException)
06-14 16:31:50.389  7439  7441 I artd    : Dex parent of /data/app/~~VnjC45rb08vCD-jWcTN_Tg==/com.localmemeboard-nKsamfzFhBJyk2SG6lGYzQ==/base.apk is not writable: Permission denied
06-14 16:31:50.389  7439  7441 I artd    : GetBestInfo checking odex in dalvik-cache (/data/dalvik-cache/arm64/data@app@~~VnjC45rb08vCD-jWcTN_Tg==@com.localmemeboard-nKsamfzFhBJyk2SG6lGYzQ==@base.apk@classes.dex)
06-14 16:31:50.389  7439  7441 I artd    : Loading /data/dalvik-cache/arm64/data@app@~~VnjC45rb08vCD-jWcTN_Tg==@com.localmemeboard-nKsamfzFhBJyk2SG6lGYzQ==@base.apk@classes.dex with executable: 0
06-14 16:31:50.389  7439  7441 I artd    : OatFileAssistant test for existing oat file /data/dalvik-cache/arm64/data@app@~~VnjC45rb08vCD-jWcTN_Tg==@com.localmemeboard-nKsamfzFhBJyk2SG6lGYzQ==@base.apk@classes.dex: File /data/dalvik-cache/arm64/data@app@~~VnjC45rb08vCD-jWcTN_Tg==@com.localmemeboard-nKsamfzFhBJyk2SG6lGYzQ==@base.apk@classes.vdex does not exist.
06-14 16:31:50.389  7439  7441 I artd    : GetBestInfo checking odex next to the dex file (/data/app/~~VnjC45rb08vCD-jWcTN_Tg==/com.localmemeboard-nKsamfzFhBJyk2SG6lGYzQ==/oat/arm64/base.odex)
06-14 16:31:50.389  7439  7441 I artd    : Loading /data/app/~~VnjC45rb08vCD-jWcTN_Tg==/com.localmemeboard-nKsamfzFhBJyk2SG6lGYzQ==/oat/arm64/base.odex with executable: 0
06-14 16:31:50.390  7439  7441 I artd    : Successfully loaded /data/app/~~VnjC45rb08vCD-jWcTN_Tg==/com.localmemeboard-nKsamfzFhBJyk2SG6lGYzQ==/oat/arm64/base.odex with executable: 0
06-14 16:31:50.390  7439  7441 I artd    : /data/app/~~VnjC45rb08vCD-jWcTN_Tg==/com.localmemeboard-nKsamfzFhBJyk2SG6lGYzQ==/oat/arm64/base.odex is kOatUpToDate with filter verify
06-14 16:31:50.419 31115 31115 I Finsky  : [2] App states replicator found 91 unowned apps
06-14 16:31:50.432  8417  8423 W System  : A resource failed to call AbstractCursor.close. 
06-14 16:31:50.432  8417  8423 W System  : A resource failed to call AbstractCursor.close. 
06-14 16:31:50.432  8417  8423 W System  : A resource failed to call AbstractCursor.close. 
06-14 16:31:50.433  8417  8423 W System  : A resource failed to call AbstractCursor.close. 
06-14 16:31:50.515  1385  1909 I SemWifiServiceDetector: Service det. suspended: T / T / 25535
06-14 16:31:50.518 24327 24503 E AuthPII : [RequestTokenManager] getToken() -> BAD_AUTHENTICATION. App: com.android.vending, Service: oauth2:https://www.googleapis.com/auth/googleplay
06-14 16:31:50.518 24327 24503 E AuthPII : bjjk: Long live credential not available.
06-14 16:31:50.518 24327 24503 E AuthPII : 	at aicq.a(:com.google.android.gms@262031035@26.20.31 (260400-919905943):1347)
06-14 16:31:50.518 24327 24503 E AuthPII : 	at aicx.b(:com.google.android.gms@262031035@26.20.31 (260400-919905943):26)
06-14 16:31:50.518 24327 24503 E AuthPII : 	at aicv.a(:com.google.android.gms@262031035@26.20.31 (260400-919905943):745)
06-14 16:31:50.518 24327 24503 E AuthPII : 	at aicu.b(:com.google.android.gms@262031035@26.20.31 (260400-919905943):151)
06-14 16:31:50.518 24327 24503 E AuthPII : 	at abab.d(:com.google.android.gms@262031035@26.20.31 (260400-919905943):800)
06-14 16:31:50.518 24327 24503 E AuthPII : 	at ahwh.getAuthToken(:com.google.android.gms@262031035@26.20.31 (260400-919905943):411)
06-14 16:31:50.518 24327 24503 E AuthPII : 	at android.accounts.AbstractAccountAuthenticator$Transport.getAuthToken(AbstractAccountAuthenticator.java:248)
06-14 16:31:50.518 24327 24503 E AuthPII : 	at android.accounts.IAccountAuthenticator$Stub.onTransact(IAccountAuthenticator.java:250)
06-14 16:31:50.518 24327 24503 E AuthPII : 	at android.os.Binder.transact(Binder.java:1381)
06-14 16:31:50.518 24327 24503 E AuthPII : 	at cqtp.onTransact(:com.google.android.gms@262031035@26.20.31 (260400-919905943):12)
06-14 16:31:50.518 24327 24503 E AuthPII : 	at android.os.Binder.transact(Binder.java:1381)
06-14 16:31:50.518 24327 24503 E AuthPII : 	at ccio.onTransact(:com.google.android.gms@262031035@26.20.31 (260400-919905943):169)
06-14 16:31:50.518 24327 24503 E AuthPII : 	at android.os.Binder.execTransactInternal(Binder.java:1541)
06-14 16:31:50.518 24327 24503 E AuthPII : 	at android.os.Binder.execTransact(Binder.java:1480)
06-14 16:31:50.518 24327 24503 E AuthPII : Message is Long live credential not available.
06-14 16:31:50.518 24327 24503 E AuthPII : bjjk: Long live credential not available.
06-14 16:31:50.518 24327 24503 E AuthPII : 	at aicq.a(:com.google.android.gms@262031035@26.20.31 (260400-919905943):1347)
06-14 16:31:50.518 24327 24503 E AuthPII : 	at aicx.b(:com.google.android.gms@262031035@26.20.31 (260400-919905943):26)
06-14 16:31:50.518 24327 24503 E AuthPII : 	at aicv.a(:com.google.android.gms@262031035@26.20.31 (260400-919905943):745)
06-14 16:31:50.518 24327 24503 E AuthPII : 	at aicu.b(:com.google.android.gms@262031035@26.20.31 (260400-919905943):151)
06-14 16:31:50.518 24327 24503 E AuthPII : 	at abab.d(:com.google.android.gms@262031035@26.20.31 (260400-919905943):800)
06-14 16:31:50.518 24327 24503 E AuthPII : 	at ahwh.getAuthToken(:com.google.android.gms@262031035@26.20.31 (260400-919905943):411)
06-14 16:31:50.518 24327 24503 E AuthPII : 	at android.accounts.AbstractAccountAuthenticator$Transport.getAuthToken(AbstractAccountAuthenticator.java:248)
06-14 16:31:50.518 24327 24503 E AuthPII : 	at android.accounts.IAccountAuthenticator$Stub.onTransact(IAccountAuthenticator.java:250)
06-14 16:31:50.518 24327 24503 E AuthPII : 	at android.os.Binder.transact(Binder.java:1381)
06-14 16:31:50.518 24327 24503 E AuthPII : 	at cqtp.onTransact(:com.google.android.gms@262031035@26.20.31 (260400-919905943):12)
06-14 16:31:50.518 24327 24503 E AuthPII : 	at android.os.Binder.transact(Binder.java:1381)
06-14 16:31:50.518 24327 24503 E AuthPII : 	at ccio.onTransact(:com.google.android.gms@262031035@26.20.31 (260400-919905943):169)
06-14 16:31:50.518 24327 24503 E AuthPII : 	at android.os.Binder.execTransactInternal(Binder.java:1541)
06-14 16:31:50.518 24327 24503 E AuthPII : 	at android.os.Binder.execTransact(Binder.java:1480)
06-14 16:31:50.532 24327 24503 I Auth    : (REDACTED) [GetToken] GetToken failed for app=%s with userRecoverable status: %s 
06-14 16:31:50.532 24327 24503 W Auth    : [ChimeraGetToken] exception while trying to fetch auth tokens for app=com.google.android.gms, scope=oauth2:https://www.googleapis.com/auth/googleplay [CONTEXT service_id=153 ]
06-14 16:31:50.532 24327 24503 W Auth    : aicp: GetToken failed with status code and recovery intent: BadAuthentication
06-14 16:31:50.532 24327 24503 W Auth    : 	at aicu.b(:com.google.android.gms@262031035@26.20.31 (260400-919905943):352)
06-14 16:31:50.532 24327 24503 W Auth    : 	at abab.d(:com.google.android.gms@262031035@26.20.31 (260400-919905943):800)
06-14 16:31:50.532 24327 24503 W Auth    : 	at ahwh.getAuthToken(:com.google.android.gms@262031035@26.20.31 (260400-919905943):411)
06-14 16:31:50.532 24327 24503 W Auth    : 	at android.accounts.AbstractAccountAuthenticator$Transport.getAuthToken(AbstractAccountAuthenticator.java:248)
06-14 16:31:50.532 24327 24503 W Auth    : 	at android.accounts.IAccountAuthenticator$Stub.onTransact(IAccountAuthenticator.java:250)
06-14 16:31:50.532 24327 24503 W Auth    : 	at android.os.Binder.transact(Binder.java:1381)
06-14 16:31:50.532 24327 24503 W Auth    : 	at cqtp.onTransact(:com.google.android.gms@262031035@26.20.31 (260400-919905943):12)
06-14 16:31:50.532 24327 24503 W Auth    : 	at android.os.Binder.transact(Binder.java:1381)
06-14 16:31:50.532 24327 24503 W Auth    : 	at ccio.onTransact(:com.google.android.gms@262031035@26.20.31 (260400-919905943):169)
06-14 16:31:50.532 24327 24503 W Auth    : 	at android.os.Binder.execTransactInternal(Binder.java:1541)
06-14 16:31:50.532 24327 24503 W Auth    : 	at android.os.Binder.execTransact(Binder.java:1480)
06-14 16:31:50.532 24327 24503 W GLSActivity: [GmsAccountAuthenticatorImpl] error status while fetching token:BadAuthentication
06-14 16:31:50.540 31115  7729 I Finsky  : [378] Completed 1 account content syncs with 0 successful.
06-14 16:31:50.541 31115 31115 I Finsky  : [2] [ContentSync] Installation state replication failed, parameters=Id: 12-1, CT: 1781422282812, Constraints: [{ L: 20000, D: 86400000, C: CHARGING_NONE, I: IDLE_NONE, N: NET_ANY, B: BATTERY_ANY }].
06-14 16:31:50.541 31115 31115 I Finsky  : [2] [ContentSync] Scheduling replication attempt 1.
06-14 16:31:50.541 31115 31115 I Finsky  : [2] SCH: jobFinished: 12-1. TimeElapsed: 7691ms.
06-14 16:31:50.542 31115 31115 I Finsky  : [2] WM::SCH: Logging work end for 12-1
06-14 16:31:50.547 31115  7512 I Finsky  : [373] SCH: Attempting to reschedule job: Id: 12-1, Constraints: [{ L: 40000, D: 86400000, C: CHARGING_NONE, I: IDLE_NONE, N: NET_ANY, B: BATTERY_ANY }]
06-14 16:31:50.563 31115 31152 I Finsky  : [296] SCH: Scheduling phonesky job Id: 1-1337, CT: 1781387356798, Constraints: [{ L: 42808440, D: 86008440, C: CHARGING_NONE, I: IDLE_NONE, N: NET_ANY, B: BATTERY_ANY }]
06-14 16:31:50.563 31115 31152 I Finsky  : [296] SCH: Scheduling phonesky job Id: 34-7616, CT: 1781084592104, Constraints: [{ L: 604800000, D: 2486811330, C: CHARGING_NONE, I: IDLE_NONE, N: NET_ANY, B: BATTERY_ANY }]
06-14 16:31:50.563 31115 31152 I Finsky  : [296] SCH: Scheduling phonesky job Id: 34-7623, CT: 1781084592105, Constraints: [{ L: 604800000, D: 2566071535, C: CHARGING_NONE, I: IDLE_NONE, N: NET_ANY, B: BATTERY_ANY }]
06-14 16:31:50.564 31115 31152 I Finsky  : [296] SCH: Scheduling phonesky job Id: 34-7627, CT: 1781143551767, Constraints: [{ L: 604800000, D: 2591996385, C: CHARGING_NONE, I: IDLE_NONE, N: NET_ANY, B: BATTERY_ANY }]
06-14 16:31:50.564 31115 31152 I Finsky  : [296] SCH: Scheduling phonesky job Id: 34-7633, CT: 1781222824909, Constraints: [{ L: 604800000, D: 2591998834, C: CHARGING_NONE, I: IDLE_NONE, N: NET_ANY, B: BATTERY_ANY }]
06-14 16:31:50.564 31115 31152 I Finsky  : [296] SCH: Scheduling phonesky job Id: 34-7638, CT: 1781387357257, Constraints: [{ L: 604800000, D: 2534600291, C: CHARGING_NONE, I: IDLE_NONE, N: NET_ANY, B: BATTERY_ANY }]
06-14 16:31:50.564 31115 31152 I Finsky  : [296] SCH: Scheduling phonesky job Id: 34-7641, CT: 1781409246631, Constraints: [{ L: 79199712, D: 1375199712, C: CHARGING_NONE, I: IDLE_NONE, N: NET_ANY, B: BATTERY_ANY }]
06-14 16:31:50.564 31115 31152 I Finsky  : [296] SCH: Scheduling phonesky job Id: 34-7642, CT: 1781409246804, Constraints: [{ L: 604800000, D: 2591999892, C: CHARGING_NONE, I: IDLE_NONE, N: NET_ANY, B: BATTERY_ANY }]
06-14 16:31:50.567 31115 31153 I Finsky  : [297] SCH: Scheduling 1 system job(s)
06-14 16:31:50.568 31115 31153 I Finsky  : [297] SCH: Scheduling system job Id: 9558, L: 7854670, D: 51054670, C: false, I: false, N: 1
--------- beginning of system
06-14 16:31:50.571   694  8462 I keystore2: system/security/keystore2/watchdog/src/lib.rs:319 - Watchdog thread idle -> terminating. Have a great day.
06-14 16:31:50.576 31115  7728 I Finsky  : [377] SCH: job service finished with id 9549.
06-14 16:31:50.581  1385  3376 D SemWifiUsabilityStatsMonitor: onWifiUsabilityStats - seqNum 16480, isSameBssidAndFreq true
06-14 16:31:50.586 31115 31115 I Finsky  : [2] Memory trim requested to level 40
06-14 16:31:50.586 31115 31115 I Finsky  : [2] Flushing in-memory image cache
06-14 16:31:50.620  2264  2647 I BtGatt.ScanHelper: onScanResult to scannerId: 12- eventType=0x1b, addressType=1, address=XX:XX:XX:XX:69:A8, primaryPhy=1, secondaryPhy=0, advertisingSid=0xff, txPower=127, rssi=-40, periodicAdvInt=0x0
06-14 16:31:50.636  2264  2647 I BtGatt.ScanHelper: onScanResult to scannerId: 12- eventType=0x1, addressType=1, address=XX:XX:XX:XX:17:35, primaryPhy=1, secondaryPhy=1, advertisingSid=0x0, txPower=127, rssi=-39, periodicAdvInt=0x0
06-14 16:31:50.645  2264  2647 I BtGatt.ScanHelper: onScanResult to scannerId: 12- eventType=0x10, addressType=1, address=XX:XX:XX:XX:93:14, primaryPhy=1, secondaryPhy=0, advertisingSid=0xff, txPower=127, rssi=-52, periodicAdvInt=0x0
06-14 16:31:50.649 31115 31145 I Finsky  : [289] WM::SCH: Logging work initialize for 12-1
06-14 16:31:50.653 31115 31152 I Finsky  : [296] SCH: Scheduling phonesky job Id: 12-1, CT: 1781422310547, Constraints: [{ L: 40000, D: 86400000, C: CHARGING_NONE, I: IDLE_NONE, N: NET_ANY, B: BATTERY_ANY }]
06-14 16:31:50.658 31115 31153 I Finsky  : [297] SCH: Scheduling 1 system job(s)
06-14 16:31:50.658 31115 31153 I Finsky  : [297] SCH: Scheduling system job Id: 9558, L: 39889, D: 51054580, C: false, I: false, N: 1
06-14 16:31:50.716  2264  2647 I BtGatt.ScanHelper: onScanResult to scannerId: 12- eventType=0x1b, addressType=1, address=XX:XX:XX:XX:44:C8, primaryPhy=1, secondaryPhy=0, advertisingSid=0xff, txPower=127, rssi=-40, periodicAdvInt=0x0
06-14 16:31:50.721  2264  2647 I BtGatt.ScanHelper: onScanResult to scannerId: 4- eventType=0x1b, addressType=1, address=XX:XX:XX:XX:0B:31, primaryPhy=1, secondaryPhy=0, advertisingSid=0xff, txPower=127, rssi=-58, periodicAdvInt=0x0
06-14 16:31:50.775  2264  2647 I BtGatt.ScanHelper: onScanResult to scannerId: 12- eventType=0x1, addressType=1, address=XX:XX:XX:XX:17:35, primaryPhy=1, secondaryPhy=1, advertisingSid=0x0, txPower=127, rssi=-17, periodicAdvInt=0x0
06-14 16:31:51.218  1385  3124 I NSLocationMonitor: getGPSUsingApps() called
06-14 16:31:51.220  3123  3140 I NSLocationManager_FLP: getGPSUsingApps, No change
06-14 16:31:51.237  1385  3124 D FreecessController: com.google.android.adservices.api(state: Initial -> Frozen, Reason: Bg-refreeze)
06-14 16:31:51.237  1385  3124 D FreecessController: com.google.android.adservices.api is not MARs target, skip to freeze
06-14 16:31:51.284  1075  1236 I EDEN    : [Exynos][EDEN][v1.6.23][SERVICE] processAliveMointorMain:253: Try to check pid=(1020)...
06-14 16:31:51.744  1385  1825 D InetDiagMessage: Destroyed 0 sockets, proto=IPPROTO_TCP, family=AF_INET, states=14
06-14 16:31:51.746  1385  1825 D InetDiagMessage: Destroyed 0 sockets, proto=IPPROTO_TCP, family=AF_INET6, states=14
06-14 16:31:51.746  1385  1825 D InetDiagMessage: Destroyed live tcp sockets for uids={10213} in 5ms
06-14 16:31:51.748  1385  1825 D InetDiagMessage: Destroyed 0 sockets, proto=IPPROTO_TCP, family=AF_INET, states=14
06-14 16:31:51.750  1385  1825 D InetDiagMessage: Destroyed 0 sockets, proto=IPPROTO_TCP, family=AF_INET6, states=14
06-14 16:31:51.750  1385  1825 D InetDiagMessage: Destroyed live tcp sockets for uids={20213} in 3ms
06-14 16:31:51.836  1096  1171 I VSyncReactor: Current= 60, Period= 60, hwcPeriod= 60
06-14 16:31:51.852  1096  1096 I SurfaceFlinger: SFWD update time=76137760904887
06-14 16:31:51.855   677   677 D io_stats: !@   8,0 r 7838872 166623508 w 1476564 20427732 d 423329 97617004 f 0 0 iot 3048920 0 th 0 0 0 pt 0 inp 0 0 76137.764
06-14 16:31:51.855   677   677 D io_stats: !@ Read_top(KB): binder:1284_2(1284) 50916 hbox:interactor(27327) 536 binder:7439_2(7439) 440
06-14 16:31:51.855   677   677 D io_stats: !@ Write_top(KB): roid.oneconnect(8417) 180 android.vending(31115) 112 kworker/u16:14(5219) 80
06-14 16:31:51.856  1096  1096 I LayerHistory: com.babcross.app/com.babcross.app.MainActivity$_7727#5624 Max (can't resolve refresh rate)
06-14 16:31:51.856  1096  1096 I SurfaceFlinger: scored - choose 120.00 Hz
06-14 16:31:51.858  1096  1096 I HWComposer: [4633128672291735937] ActiveConfigToHWC, ID : 0
06-14 16:31:51.858   986  1172 I display : Set Affinity config for fps(120) : 0, cpuIDs : 255
06-14 16:31:51.858   986  1172 I display : Set Affinity CPU ID : 0
06-14 16:31:51.858   986  1172 I display : Set Affinity CPU ID : 1
06-14 16:31:51.858   986  1172 I display : Set Affinity CPU ID : 2
06-14 16:31:51.858   986  1172 I display : Set Affinity CPU ID : 3
06-14 16:31:51.858   986  1172 I display : Set Affinity CPU ID : 4
