06-14 16:12:19.287 24327 24482 I NearbyConnections: Client 256776511 is sending payload -8057678524139516031 of type BYTES to endpoints [IVAG].
06-14 16:12:19.288 24327   726 I Nearby  : (REDACTED) Successfully shutdown executor %s.
06-14 16:12:19.288 24327   726 I Nearby  : (REDACTED) Successfully shutdown executor %s.
06-14 16:12:19.288 24327   726 I NearbyMediums: Create a BlockingPayloadChunkQueue with size 10.
06-14 16:12:19.288 24327  1621 I NearbyConnections: ClientProxy(com.babcross.app) reporting onPayloadTransferUpdate(IVAG, -6498374805225163494, SUCCESS, 100%) processed(payloadListener:non-null isClientAlive:true)
06-14 16:12:19.288 24327  1621 I NearbyConnections: [AutoResume] numSuccessfulAutoResume = 0, numFailedAutoResume = 0.
06-14 16:12:19.289 24327   719 I NearbyConnections: [AutoResumeManager] clearPendingPayloadInfo for payloadId = -6498374805225163494, remaining number of payloadIds = 0.
06-14 16:12:19.289 24327 24482 I NearbyConnections: Client 256776511 is sending payload -6503030948701203224 of type BYTES to endpoints [IVAG].
06-14 16:12:19.290 24327   726 I Nearby  : (REDACTED) Successfully shutdown executor %s.
06-14 16:12:19.290 24327   726 I Nearby  : (REDACTED) Successfully shutdown executor %s.
06-14 16:12:19.291 24327   719 I NearbyConnections: ClientProxy(com.babcross.app) reporting onPayloadTransferUpdate(IVAG, -5003869879862589995, SUCCESS, 100%) processed(payloadListener:non-null isClientAlive:true)
06-14 16:12:19.291 24327   719 I NearbyConnections: [AutoResume] numSuccessfulAutoResume = 0, numFailedAutoResume = 0.
06-14 16:12:19.291 24327   726 I NearbyMediums: Create a BlockingPayloadChunkQueue with size 10.
06-14 16:12:19.291 24327  1621 I NearbyConnections: [AutoResumeManager] clearPendingPayloadInfo for payloadId = -5003869879862589995, remaining number of payloadIds = 0.
06-14 16:12:19.292 24327 24482 I NearbyConnections: Client 256776511 is sending payload -8565495574709418918 of type BYTES to endpoints [IVAG].
06-14 16:12:19.293 24327   726 I Nearby  : (REDACTED) Successfully shutdown executor %s.
06-14 16:12:19.293 24327   726 I Nearby  : (REDACTED) Successfully shutdown executor %s.
06-14 16:12:19.293 24327  2187 I NearbyConnections: ClientProxy(com.babcross.app) reporting onPayloadTransferUpdate(IVAG, -8642470879912394955, SUCCESS, 100%) processed(payloadListener:non-null isClientAlive:true)
06-14 16:12:19.293 24327  2187 I NearbyConnections: [AutoResume] numSuccessfulAutoResume = 0, numFailedAutoResume = 0.
06-14 16:12:19.293 24327   726 I NearbyMediums: Create a BlockingPayloadChunkQueue with size 10.
06-14 16:12:19.293 24327  1621 I NearbyConnections: [AutoResumeManager] clearPendingPayloadInfo for payloadId = -8642470879912394955, remaining number of payloadIds = 0.
06-14 16:12:19.294 24327 24482 I NearbyConnections: Client 256776511 is sending payload -4977384884597195306 of type BYTES to endpoints [IVAG].
06-14 16:12:19.295 24327   726 I Nearby  : (REDACTED) Successfully shutdown executor %s.
06-14 16:12:19.295 24327   726 I Nearby  : (REDACTED) Successfully shutdown executor %s.
06-14 16:12:19.295 24327  2187 I NearbyConnections: ClientProxy(com.babcross.app) reporting onPayloadTransferUpdate(IVAG, -8295162813622600166, SUCCESS, 100%) processed(payloadListener:non-null isClientAlive:true)
06-14 16:12:19.295 24327  2187 I NearbyConnections: [AutoResume] numSuccessfulAutoResume = 0, numFailedAutoResume = 0.
06-14 16:12:19.295 24327   726 I NearbyMediums: Create a BlockingPayloadChunkQueue with size 10.
06-14 16:12:19.295 24327   719 I NearbyConnections: [AutoResumeManager] clearPendingPayloadInfo for payloadId = -8295162813622600166, remaining number of payloadIds = 0.
06-14 16:12:19.296 24327 24482 I NearbyConnections: Client 256776511 is sending payload -6513975727215104329 of type BYTES to endpoints [IVAG].
06-14 16:12:19.296 24327   726 I Nearby  : (REDACTED) Successfully shutdown executor %s.
06-14 16:12:19.296 24327   726 I Nearby  : (REDACTED) Successfully shutdown executor %s.
06-14 16:12:19.297 24327   726 I NearbyMediums: Create a BlockingPayloadChunkQueue with size 10.
06-14 16:12:19.297 24327  1621 I NearbyConnections: ClientProxy(com.babcross.app) reporting onPayloadTransferUpdate(IVAG, -8057678524139516031, SUCCESS, 100%) processed(payloadListener:non-null isClientAlive:true)
06-14 16:12:19.297 24327  1621 I NearbyConnections: [AutoResume] numSuccessfulAutoResume = 0, numFailedAutoResume = 0.
06-14 16:12:19.297 24327  1621 I NearbyConnections: ClientProxy(com.babcross.app) reporting onPayloadReceived(IVAG, -6863981007618584675), with result: DETAIL_SUCCESS
06-14 16:12:19.297 24327   719 I NearbyConnections: [AutoResumeManager] clearPendingPayloadInfo for payloadId = -8057678524139516031, remaining number of payloadIds = 0.
06-14 16:12:19.298 24327 28036 I Nearby  : (REDACTED) Successfully shutdown executor %s.
06-14 16:12:19.298 24327   719 I NearbyConnections: ClientProxy(com.babcross.app) reporting onPayloadTransferUpdate(IVAG, -6863981007618584675, SUCCESS, 100%) processed(payloadListener:non-null isClientAlive:true)
06-14 16:12:19.298 24327  1621 I NearbyConnections: [AutoResumeManager] clearPendingPayloadInfo for payloadId = -6863981007618584675, remaining number of payloadIds = 0.
06-14 16:12:19.299 24327   719 I NearbyConnections: [AutoResume] numSuccessfulAutoResume = 0, numFailedAutoResume = 0.
06-14 16:12:19.299 24327   726 I Nearby  : (REDACTED) Successfully shutdown executor %s.
06-14 16:12:19.299 24327   726 I Nearby  : (REDACTED) Successfully shutdown executor %s.
06-14 16:12:19.300 24327   719 I NearbyConnections: ClientProxy(com.babcross.app) reporting onPayloadTransferUpdate(IVAG, -6503030948701203224, SUCCESS, 100%) processed(payloadListener:non-null isClientAlive:true)
06-14 16:12:19.300 24327   719 I NearbyConnections: [AutoResume] numSuccessfulAutoResume = 0, numFailedAutoResume = 0.
06-14 16:12:19.300 24327 24482 I NearbyConnections: Client 256776511 is sending payload -8920107338781043288 of type BYTES to endpoints [IVAG].
06-14 16:12:19.300 24327  1621 I NearbyConnections: [AutoResumeManager] clearPendingPayloadInfo for payloadId = -6503030948701203224, remaining number of payloadIds = 0.
06-14 16:12:19.300 24327   726 I NearbyMediums: Create a BlockingPayloadChunkQueue with size 10.
06-14 16:12:19.301 24327   726 I Nearby  : (REDACTED) Successfully shutdown executor %s.
06-14 16:12:19.301 24327   726 I Nearby  : (REDACTED) Successfully shutdown executor %s.
06-14 16:12:19.301 24327  2187 I NearbyConnections: ClientProxy(com.babcross.app) reporting onPayloadTransferUpdate(IVAG, -8565495574709418918, SUCCESS, 100%) processed(payloadListener:non-null isClientAlive:true)
06-14 16:12:19.301 24327  2187 I NearbyConnections: [AutoResume] numSuccessfulAutoResume = 0, numFailedAutoResume = 0.
06-14 16:12:19.301 24327   726 I NearbyMediums: Create a BlockingPayloadChunkQueue with size 10.
06-14 16:12:19.301 24327  1621 I NearbyConnections: [AutoResumeManager] clearPendingPayloadInfo for payloadId = -8565495574709418918, remaining number of payloadIds = 0.
06-14 16:12:19.302 24327   726 I Nearby  : (REDACTED) Successfully shutdown executor %s.
06-14 16:12:19.302 24327   726 I Nearby  : (REDACTED) Successfully shutdown executor %s.
06-14 16:12:19.302 24327   719 I NearbyConnections: ClientProxy(com.babcross.app) reporting onPayloadTransferUpdate(IVAG, -4977384884597195306, SUCCESS, 100%) processed(payloadListener:non-null isClientAlive:true)
06-14 16:12:19.302 24327   719 I NearbyConnections: [AutoResume] numSuccessfulAutoResume = 0, numFailedAutoResume = 0.
06-14 16:12:19.302 24327   726 I NearbyMediums: Create a BlockingPayloadChunkQueue with size 10.
06-14 16:12:19.302 24327  2187 I NearbyConnections: [AutoResumeManager] clearPendingPayloadInfo for payloadId = -4977384884597195306, remaining number of payloadIds = 0.
06-14 16:12:19.303 24327 28036 I Nearby  : (REDACTED) Successfully shutdown executor %s.
06-14 16:12:19.304 24327 28036 I Nearby  : (REDACTED) Successfully shutdown executor %s.
06-14 16:12:19.304 24327  1621 I NearbyConnections: ClientProxy(com.babcross.app) reporting onPayloadReceived(IVAG, -8089924710130565917), with result: DETAIL_SUCCESS
06-14 16:12:19.304 24327  1621 I NearbyConnections: ClientProxy(com.babcross.app) reporting onPayloadTransferUpdate(IVAG, -8089924710130565917, SUCCESS, 100%) processed(payloadListener:non-null isClientAlive:true)
06-14 16:12:19.305 24327  1621 I NearbyConnections: [AutoResume] numSuccessfulAutoResume = 0, numFailedAutoResume = 0.
06-14 16:12:19.305 24327  1621 I NearbyConnections: ClientProxy(com.babcross.app) reporting onPayloadReceived(IVAG, -5292462900254450235), with result: DETAIL_SUCCESS
06-14 16:12:19.305 24327  1621 I NearbyConnections: ClientProxy(com.babcross.app) reporting onPayloadTransferUpdate(IVAG, -5292462900254450235, SUCCESS, 100%) processed(payloadListener:non-null isClientAlive:true)
06-14 16:12:19.305 24327  1621 I NearbyConnections: [AutoResume] numSuccessfulAutoResume = 0, numFailedAutoResume = 0.
06-14 16:12:19.305 24327  2187 I NearbyConnections: [AutoResumeManager] clearPendingPayloadInfo for payloadId = -8089924710130565917, remaining number of payloadIds = 0.
06-14 16:12:19.305 24327  2187 I NearbyConnections: [AutoResumeManager] clearPendingPayloadInfo for payloadId = -5292462900254450235, remaining number of payloadIds = 0.
06-14 16:12:19.306 24327   726 I Nearby  : (REDACTED) Successfully shutdown executor %s.
06-14 16:12:19.306 24327   726 I Nearby  : (REDACTED) Successfully shutdown executor %s.
06-14 16:12:19.306 24327   726 I NearbyMediums: Create a BlockingPayloadChunkQueue with size 10.
06-14 16:12:19.306 24327  1621 I NearbyConnections: ClientProxy(com.babcross.app) reporting onPayloadTransferUpdate(IVAG, -6513975727215104329, SUCCESS, 100%) processed(payloadListener:non-null isClientAlive:true)
06-14 16:12:19.306 24327  1621 I NearbyConnections: [AutoResume] numSuccessfulAutoResume = 0, numFailedAutoResume = 0.
06-14 16:12:19.306 24327  2187 I NearbyConnections: [AutoResumeManager] clearPendingPayloadInfo for payloadId = -6513975727215104329, remaining number of payloadIds = 0.
06-14 16:12:19.307 24327   726 I Nearby  : (REDACTED) Successfully shutdown executor %s.
06-14 16:12:19.307 24327   726 I Nearby  : (REDACTED) Successfully shutdown executor %s.
06-14 16:12:19.307 24327  2187 I NearbyConnections: ClientProxy(com.babcross.app) reporting onPayloadTransferUpdate(IVAG, -8920107338781043288, SUCCESS, 100%) processed(payloadListener:non-null isClientAlive:true)
06-14 16:12:19.307 24327  2187 I NearbyConnections: [AutoResume] numSuccessfulAutoResume = 0, numFailedAutoResume = 0.
06-14 16:12:19.307 24327   726 I NearbyConnections: [AutoResumeManager] clearPendingPayloadInfo for payloadId = -8920107338781043288, remaining number of payloadIds = 0.
06-14 16:12:19.311 24327  2187 I NearbyConnections: ClientProxy(com.babcross.app) reporting onPayloadReceived(IVAG, -4867140043994185806), with result: DETAIL_SUCCESS
06-14 16:12:19.312 24327 28036 I Nearby  : (REDACTED) Successfully shutdown executor %s.
06-14 16:12:19.312 24327  2187 I NearbyConnections: ClientProxy(com.babcross.app) reporting onPayloadTransferUpdate(IVAG, -4867140043994185806, SUCCESS, 100%) processed(payloadListener:non-null isClientAlive:true)
06-14 16:12:19.312 24327  2187 I NearbyConnections: [AutoResume] numSuccessfulAutoResume = 0, numFailedAutoResume = 0.
06-14 16:12:19.312 24327   726 I NearbyConnections: [AutoResumeManager] clearPendingPayloadInfo for payloadId = -4867140043994185806, remaining number of payloadIds = 0.
06-14 16:12:19.313 24327 28036 I Nearby  : (REDACTED) Successfully shutdown executor %s.
06-14 16:12:19.313 24327 28036 I Nearby  : (REDACTED) Successfully shutdown executor %s.
06-14 16:12:19.314 24327 28036 I Nearby  : (REDACTED) Successfully shutdown executor %s.
06-14 16:12:19.314 24327 28036 I Nearby  : (REDACTED) Successfully shutdown executor %s.
06-14 16:12:19.315 24327 28036 I Nearby  : (REDACTED) Successfully shutdown executor %s.
06-14 16:12:19.315 24327 28036 I Nearby  : (REDACTED) Successfully shutdown executor %s.
06-14 16:12:19.315 24327 28036 I Nearby  : (REDACTED) Successfully shutdown executor %s.
06-14 16:12:19.316 24327   726 I NearbyConnections: ClientProxy(com.babcross.app) reporting onPayloadReceived(IVAG, -7475106414336072324), with result: DETAIL_SUCCESS
06-14 16:12:19.316 24327   726 I NearbyConnections: ClientProxy(com.babcross.app) reporting onPayloadTransferUpdate(IVAG, -7475106414336072324, SUCCESS, 100%) processed(payloadListener:non-null isClientAlive:true)
06-14 16:12:19.316 24327   726 I NearbyConnections: [AutoResume] numSuccessfulAutoResume = 0, numFailedAutoResume = 0.
06-14 16:12:19.316 24327  2187 I NearbyConnections: [AutoResumeManager] clearPendingPayloadInfo for payloadId = -7475106414336072324, remaining number of payloadIds = 0.
06-14 16:12:19.316 24327   726 I NearbyConnections: ClientProxy(com.babcross.app) reporting onPayloadReceived(IVAG, -8502977899815242525), with result: DETAIL_SUCCESS
06-14 16:12:19.316 24327   726 I NearbyConnections: ClientProxy(com.babcross.app) reporting onPayloadTransferUpdate(IVAG, -8502977899815242525, SUCCESS, 100%) processed(payloadListener:non-null isClientAlive:true)
06-14 16:12:19.316 24327   726 I NearbyConnections: [AutoResume] numSuccessfulAutoResume = 0, numFailedAutoResume = 0.
06-14 16:12:19.316 24327  2187 I NearbyConnections: [AutoResumeManager] clearPendingPayloadInfo for payloadId = -8502977899815242525, remaining number of payloadIds = 0.
06-14 16:12:19.316 24327   726 I NearbyConnections: ClientProxy(com.babcross.app) reporting onPayloadReceived(IVAG, -6778355266257766757), with result: DETAIL_SUCCESS
06-14 16:12:19.317 24327   726 I NearbyConnections: ClientProxy(com.babcross.app) reporting onPayloadTransferUpdate(IVAG, -6778355266257766757, SUCCESS, 100%) processed(payloadListener:non-null isClientAlive:true)
06-14 16:12:19.317 24327   726 I NearbyConnections: [AutoResume] numSuccessfulAutoResume = 0, numFailedAutoResume = 0.
06-14 16:12:19.317 24327  2187 I NearbyConnections: [AutoResumeManager] clearPendingPayloadInfo for payloadId = -6778355266257766757, remaining number of payloadIds = 0.
06-14 16:12:19.317 24327   726 I NearbyConnections: ClientProxy(com.babcross.app) reporting onPayloadReceived(IVAG, -4801769745289933724), with result: DETAIL_SUCCESS
06-14 16:12:19.318 24327   726 I NearbyConnections: ClientProxy(com.babcross.app) reporting onPayloadTransferUpdate(IVAG, -4801769745289933724, SUCCESS, 100%) processed(payloadListener:non-null isClientAlive:true)
06-14 16:12:19.318 24327   726 I NearbyConnections: [AutoResume] numSuccessfulAutoResume = 0, numFailedAutoResume = 0.
06-14 16:12:19.318 24327   726 I NearbyConnections: ClientProxy(com.babcross.app) reporting onPayloadReceived(IVAG, -8724286562098361606), with result: DETAIL_SUCCESS
06-14 16:12:19.318 24327   726 I NearbyConnections: ClientProxy(com.babcross.app) reporting onPayloadTransferUpdate(IVAG, -8724286562098361606, SUCCESS, 100%) processed(payloadListener:non-null isClientAlive:true)
06-14 16:12:19.318 24327   726 I NearbyConnections: [AutoResume] numSuccessfulAutoResume = 0, numFailedAutoResume = 0.
06-14 16:12:19.318 24327   726 I NearbyConnections: ClientProxy(com.babcross.app) reporting onPayloadReceived(IVAG, -6616474195197913233), with result: DETAIL_SUCCESS
06-14 16:12:19.318 24327   726 I NearbyConnections: ClientProxy(com.babcross.app) reporting onPayloadTransferUpdate(IVAG, -6616474195197913233, SUCCESS, 100%) processed(payloadListener:non-null isClientAlive:true)
06-14 16:12:19.318 24327   726 I NearbyConnections: [AutoResume] numSuccessfulAutoResume = 0, numFailedAutoResume = 0.
06-14 16:12:19.318 24327   726 I NearbyConnections: ClientProxy(com.babcross.app) reporting onPayloadReceived(IVAG, -7094417604786013564), with result: DETAIL_SUCCESS
06-14 16:12:19.318 24327   726 I NearbyConnections: ClientProxy(com.babcross.app) reporting onPayloadTransferUpdate(IVAG, -7094417604786013564, SUCCESS, 100%) processed(payloadListener:non-null isClientAlive:true)
06-14 16:12:19.319 24327   726 I NearbyConnections: [AutoResume] numSuccessfulAutoResume = 0, numFailedAutoResume = 0.
06-14 16:12:19.319 24327  2187 I NearbyConnections: [AutoResumeManager] clearPendingPayloadInfo for payloadId = -4801769745289933724, remaining number of payloadIds = 0.
06-14 16:12:19.319 24327  2187 I NearbyConnections: [AutoResumeManager] clearPendingPayloadInfo for payloadId = -8724286562098361606, remaining number of payloadIds = 0.
06-14 16:12:19.319 24327  2187 I NearbyConnections: [AutoResumeManager] clearPendingPayloadInfo for payloadId = -6616474195197913233, remaining number of payloadIds = 0.
06-14 16:12:19.319 24327  2187 I NearbyConnections: [AutoResumeManager] clearPendingPayloadInfo for payloadId = -7094417604786013564, remaining number of payloadIds = 0.
06-14 16:12:19.325  1385  4404 D InputMethodManagerService: onClientRemoved
06-14 16:12:19.325  1385  1506 I libprocessgroup: Removed cgroup /sys/fs/cgroup/uid_1000/pid_30507
06-14 16:12:19.325   960   960 I Zygote  : Process 30507 exited due to signal 9 (Killed)
06-14 16:12:19.331  1385  1488 W ActivityManager: setHasOverlayUi called on unknown pid: 30507
06-14 16:12:19.355  1385  1399 I system_server: Background young concurrent copying GC freed 29MB AllocSpace bytes, 291(5932KB) LOS objects, 18% free, 155MB/191MB, paused 1.560ms,257us total 111.364ms
06-14 16:12:19.360 24327  2187 I NearbyConnections: ClientProxy(com.babcross.app) reporting onPayloadReceived(IVAG, -5456991981553905670), with result: DETAIL_SUCCESS
06-14 16:12:19.361 24327 28036 I Nearby  : (REDACTED) Successfully shutdown executor %s.
06-14 16:12:19.361 24327  2187 I NearbyConnections: ClientProxy(com.babcross.app) reporting onPayloadTransferUpdate(IVAG, -5456991981553905670, SUCCESS, 100%) processed(payloadListener:non-null isClientAlive:true)
06-14 16:12:19.361 24327   726 I NearbyConnections: [AutoResumeManager] clearPendingPayloadInfo for payloadId = -5456991981553905670, remaining number of payloadIds = 0.
06-14 16:12:19.361 24327  2187 I NearbyConnections: [AutoResume] numSuccessfulAutoResume = 0, numFailedAutoResume = 0.
06-14 16:12:19.546  1385  3124 D FreecessController: com.microsoft.launcher(10346) is important[11]
06-14 16:12:19.603  2264  2647 I BtGatt.ScanHelper: onScanResult to scannerId: 10- eventType=0x1b, addressType=1, address=XX:XX:XX:XX:D2:17, primaryPhy=1, secondaryPhy=0, advertisingSid=0xff, txPower=127, rssi=-39, periodicAdvInt=0x0
06-14 16:12:19.604  2264  2647 I BtGatt.ScanHelper: onScanResult to scannerId: 10- eventType=0x1b, addressType=1, address=XX:XX:XX:XX:A1:A7, primaryPhy=1, secondaryPhy=0, advertisingSid=0xff, txPower=127, rssi=-39, periodicAdvInt=0x0
06-14 16:12:19.664 24327   715 I NearbyConnections: EndpointManager received a KEEP_ALIVE frame (seqNum:35) and reply a KEEP_ALIVE frame with ack from endpoint V39F on channel ENCRYPTED_WIFI_LAN.
06-14 16:12:19.665  2264  2647 I BtGatt.ScanHelper: onScanResult to scannerId: 10- eventType=0x10, addressType=1, address=XX:XX:XX:XX:D2:DC, primaryPhy=1, secondaryPhy=0, advertisingSid=0xff, txPower=127, rssi=-77, periodicAdvInt=0x0
06-14 16:12:19.680  2264  2647 I BtGatt.ScanHelper: onScanResult to scannerId: 10- eventType=0x1, addressType=1, address=XX:XX:XX:XX:92:A6, primaryPhy=1, secondaryPhy=1, advertisingSid=0x1, txPower=127, rssi=-48, periodicAdvInt=0x0
06-14 16:12:19.713  2264  2647 I BtGatt.ScanHelper: onScanResult to scannerId: 10- eventType=0x1b, addressType=1, address=XX:XX:XX:XX:D2:17, primaryPhy=1, secondaryPhy=0, advertisingSid=0xff, txPower=127, rssi=-39, periodicAdvInt=0x0
06-14 16:12:19.716  2264  2647 I BtGatt.ScanHelper: onScanResult to scannerId: 10- eventType=0x1, addressType=1, address=XX:XX:XX:XX:46:91, primaryPhy=1, secondaryPhy=1, advertisingSid=0x0, txPower=127, rssi=-37, periodicAdvInt=0x0
06-14 16:12:19.729  2264  2647 I BtGatt.ScanHelper: onScanResult to scannerId: 10- eventType=0x1b, addressType=1, address=XX:XX:XX:XX:6A:0B, primaryPhy=1, secondaryPhy=0, advertisingSid=0xff, txPower=127, rssi=-55, periodicAdvInt=0x0
06-14 16:12:19.745 24327   716 I NearbyConnections: EndpointManager send a KEEP_ALIVE frame (seqNum:35) and sleep 5000 for endpoint V39F.
06-14 16:12:19.814 24327   715 I NearbyConnections: EndpointManager received a KEEP_ALIVE frame (seqNum:35) with ACK from endpoint V39F on channel ENCRYPTED_WIFI_LAN.
06-14 16:12:20.258 24327 24327 D BoundBrokerSvc: onUnbind: Intent { act=com.google.android.gms.libs.gmscorelogger.service.START dat=chimera-action:/... cmp=com.google.android.gms/.chimera.PersistentDirectBootAwareApiService }
