--------- beginning of main
06-14 16:34:53.438  1096  1096 I SurfaceFlinger: scored - choose 120.00 Hz
06-14 16:34:53.440  1096  1096 I HWComposer: [4633128672291735937] ActiveConfigToHWC, ID : 0
06-14 16:34:53.440   986  1172 I display : Set Affinity config for fps(120) : 0, cpuIDs : 255
06-14 16:34:53.441   986  1172 I display : Set Affinity CPU ID : 0
06-14 16:34:53.441   986  1172 I display : Set Affinity CPU ID : 1
06-14 16:34:53.441   986  1172 I display : Set Affinity CPU ID : 2
06-14 16:34:53.441   986  1172 I display : Set Affinity CPU ID : 3
06-14 16:34:53.441   986  1172 I display : Set Affinity CPU ID : 4
06-14 16:34:53.441   986  1172 I display : Set Affinity CPU ID : 5
06-14 16:34:53.441   986  1172 I display : Set Affinity CPU ID : 6
06-14 16:34:53.441   986  1172 I display : Set Affinity CPU ID : 7
06-14 16:34:53.441   986  1172 I display : Set affinity HWC : 986
06-14 16:34:53.441   986  1172 I display : CPU set : Cluster(0), min_clock(0)
06-14 16:34:53.442   986  1172 I display : CPU set : Cluster(1), min_clock(0)
06-14 16:34:53.442   986  1172 I display : CPU set : Cluster(2), min_clock(0)
06-14 16:34:53.449   986  1053 I display : doDisplayConfigPostProcess needSetActiveConfig is true - mDesiredConfig: 0
06-14 16:34:53.450   986  1053 I display : setActiveConfig(config=0)
06-14 16:34:53.450   986  1053 I display : next config(0): width=1080 height=2400 period=8333333 Xdpi=391885 Ydpi=393290 groupId=0
06-14 16:34:53.450   986  1053 I display : Current VRR MODE is 3
06-14 16:34:53.450  1096  1171 I VSyncReactor: Current= 60, Period= 120, hwcPeriod= 60
--------- beginning of system
06-14 16:34:53.458  1385  1488 D LocalDisplayAdapter: updateActiveModeLocked for d=4633128672291735937, mActiveModeId=1, mActiveSfDisplayMode=DisplayMode{id=0, width=1080, height=2400, xDpi=391.885, yDpi=393.29, peakRefreshRate=120.00001, vsyncRate=120.00001, appVsyncOffsetNanos=0, presentationDeadlineNanos=9333333, supportedHdrTypes=[2, 3, 4], group=0}
06-14 16:34:53.459  1385  1488 I DisplayDeviceRepository: Display device changed render timings: "기본으로 제공되는 화면", renderFrameRate=120.00001, presentationDeadlineNanos=9333333, appVsyncOffsetNanos=0
06-14 16:34:53.463  1385  1574 D BrightnessThermalClamper: Thermal status observer already started
06-14 16:34:53.464  1385  1385 D SGM:GameManager: onDisplayChanged. displyId: 0, state: 2
06-14 16:34:53.465  1385  1780 D SGM:FgCheckThread: onLooperPrepared(), msg: MSG_LCD_ON
06-14 16:34:53.466  1385  1385 D MotionRecognitionService: [DisplayListener] getRefreshRate 120.00001
06-14 16:34:53.466  1086  5051 D AudioFlinger: setParameters: filtered dev setParameters keyvalue screen_state=on
06-14 16:34:53.466  1096  1171 I VSyncReactor: Current= 60, Period= 120, hwcPeriod= 120
06-14 16:34:53.466  1385  3231 D LiftUpHandler: [LTW] Stopped already.
06-14 16:34:53.466  1385  1385 D AODManagerService: requestReCalToTSP IsSingleTouchMode = falserequestedReCalToTSP = false / previousDisplayState = ON
06-14 16:34:53.467   973   973 D audio_hw_primary: device-adev_set_parameters: enter
06-14 16:34:53.467   973   973 I audio_hw_primary: device-adev_set_parameters: Screen State = on)
06-14 16:34:53.467   973   973 I audio_hw_proxy2: proxy-proxy_set_parameters: set Screen-state 1
06-14 16:34:53.467   973   973 D audio_hw_primary: device-adev_set_parameters: param (screen_state=on)
06-14 16:34:53.467   973   973 I audio_hw_primary_odm: odm_adev_set_parameters: enter with key(screen_state=on)
06-14 16:34:53.467   973   973 V audio_hw_primary: device-adev_set_parameters: exit (screen_state=on)
06-14 16:34:53.468  1385  1799 D MotionRecognitionService: Inject RefreshRate: 120
06-14 16:34:53.468   973   973 I Audio_a2dpsink_hw: adev_set_parameters: kevpairs=[screen_state=on]
06-14 16:34:53.468  1385  1799 D SensorService: setSContextDataLocked ints length 3 , byte length 8
06-14 16:34:53.468  1385  1799 D SensorService: setSContextDataLocked 100048c1
06-14 16:34:53.469  1002  1002 D Sensors : c1 48 00 10 78 00 00 00  
06-14 16:34:53.469  1002  1002 E Sensors : inject_scontext_data: New ssp_data_injection_fd(44)
06-14 16:34:53.470  4363  4363 I VRI[InputMethod]@a7ae199: onDisplayChanged oldDisplayState=2 newDisplayState=2
06-14 16:34:53.470  2542  2542 I VRI[RecentsTransitionOverlay]@725b4cf: onDisplayChanged oldDisplayState=2 newDisplayState=2
06-14 16:34:53.471  2542  2542 I VRI[CocktailBarService]@956d8b0: onDisplayChanged oldDisplayState=2 newDisplayState=2
06-14 16:34:53.471  2542  2542 I VRI[RecentsActivity]@2460c6b: onDisplayChanged oldDisplayState=2 newDisplayState=2
06-14 16:34:53.471  2542  2617 I HoneySpace.RefreshRateSource: singleFrameMs 8
06-14 16:34:53.473  1002  1002 D Sensors : SContext Data Injection return 8
06-14 16:34:53.474  8465  8465 I VRI[HintService]@1966702: onDisplayChanged oldDisplayState=2 newDisplayState=2
06-14 16:34:53.474  1385  1488 D RefreshRateModeManager: updateDefaultDisplayToken: android.os.BinderProxy@20ffa45, isChanged: false
06-14 16:34:53.475  9487  9487 I VRI[MainActivity]@6b0ac1e: onDisplayChanged oldDisplayState=2 newDisplayState=2
06-14 16:34:53.474 29165 29165 I VRI[SettingsHomepageActivity]@7940030: onDisplayChanged oldDisplayState=2 newDisplayState=2
06-14 16:34:53.475 29165 29165 I VRI[SubSettings]@3068284: onDisplayChanged oldDisplayState=2 newDisplayState=2
06-14 16:34:53.475  1385  4407 D WifiDisplayAdapter: isFitToActiveDisplayLocked : false
06-14 16:34:53.474  2024  2073 I VRI[ShellDropTarget]@6480554: onDisplayChanged oldDisplayState=2 newDisplayState=2
06-14 16:34:53.476  2024  2024 D DisplayLifecycle: updateDisplay id = 0
06-14 16:34:53.476  2024  2024 I VRI[LockscreenShortcutBlur]@43e4b39: onDisplayChanged oldDisplayState=2 newDisplayState=2
06-14 16:34:53.476  2024  2024 I VRI[NavigationBar0]@18aa930: onDisplayChanged oldDisplayState=2 newDisplayState=2
06-14 16:34:53.476  2024  2024 I VRI[NotificationShade]@ab1f331: onDisplayChanged oldDisplayState=2 newDisplayState=2
06-14 16:34:53.476  2024  2024 I VRI[StatusBar]@f6672fa: onDisplayChanged oldDisplayState=2 newDisplayState=2
06-14 16:34:53.476  2024  2164 D StackScroller: onDisplayChanged for predraw skip to 2
06-14 16:34:53.477  2024  2024 I VRI[KeyguardBiometricToastView]@17015fb: onDisplayChanged oldDisplayState=2 newDisplayState=2
06-14 16:34:53.477  2024  2024 I VRI[Bouncer]@ef2d4f0: onDisplayChanged oldDisplayState=2 newDisplayState=2
06-14 16:34:53.740  1385  8491 I AfterimageCompensationService: AfcThread mLuminance : 113 , AfpcPeriodCount : 1697 , rotation : 0 , AOD : false
06-14 16:34:53.747  1096  1123 D RenderEngine: [SEC_SF_EFFECTS] drawLayersInternal,1313, Rendering layer  at index 0
06-14 16:34:53.748  1096  1123 D RenderEngine: [SEC_SF_EFFECTS] drawLayersInternal,1313, Rendering layer com.babcross.app/com.babcross.app.MainActivity$_9487#5646 at index 1
06-14 16:34:53.749  1096  1123 D RenderEngine: [SEC_SF_EFFECTS] drawLayersInternal,1313, Rendering layer StatusBar$_2024#94 at index 2
06-14 16:34:53.750  1096  1123 D RenderEngine: [SEC_SF_EFFECTS] drawLayersInternal,1313, Rendering layer com.sec.android.app.launcher/com.samsung.app.honeyspace.edge.edgepanel.app.CocktailBarService$_2542#5605 at index 3
06-14 16:34:53.751  1096  1123 D RenderEngine: [SEC_SF_EFFECTS] drawLayersInternal,1313, Rendering layer NavigationBar0$_2024#90 at index 4
06-14 16:34:53.764  1385  8491 D system_server: mAFPC_Read - w = 1080, h = 2400, s = 8, f = 4, s_size = 10444800, luminance = 113, count = 1697, captureOrientation = 0
06-14 16:34:54.007   677   677 D io_stats: !@   8,0 r 7858181 166939996 w 1479829 20479808 d 424573 97680916 f 0 0 iot 3058684 0 th 0 0 0 pt 0 inp 0 0 76319.915
06-14 16:34:54.090  1096  1096 I LayerHistory: com.babcross.app/com.babcross.app.MainActivity$_9487#5646 Max (can't resolve refresh rate)
06-14 16:34:54.090  1096  1096 I SurfaceFlinger: Idle - choose 60.00 Hz
06-14 16:34:54.092  1096  1096 I HWComposer: [4633128672291735937] ActiveConfigToHWC, ID : 2
06-14 16:34:54.093   986  1172 I display : Set Affinity config for fps(60) : 2, cpuIDs : 255
06-14 16:34:54.093   986  1172 I display : Set Affinity CPU ID : 0
06-14 16:34:54.093   986  1172 I display : Set Affinity CPU ID : 1
06-14 16:34:54.093   986  1172 I display : Set Affinity CPU ID : 2
06-14 16:34:54.093   986  1172 I display : Set Affinity CPU ID : 3
06-14 16:34:54.093   986  1172 I display : Set Affinity CPU ID : 4
06-14 16:34:54.093   986  1172 I display : Set Affinity CPU ID : 5
06-14 16:34:54.093   986  1172 I display : Set Affinity CPU ID : 6
06-14 16:34:54.093   986  1172 I display : Set Affinity CPU ID : 7
06-14 16:34:54.093   986  1172 I display : Set affinity HWC : 986
06-14 16:34:54.094   986  1172 I display : CPU set : Cluster(0), min_clock(0)
06-14 16:34:54.094   986  1172 I display : CPU set : Cluster(1), min_clock(0)
06-14 16:34:54.094   986  1172 I display : CPU set : Cluster(2), min_clock(0)
06-14 16:34:54.095  1096  1171 I VSyncReactor: Current= 120, Period= 60, hwcPeriod= 120
06-14 16:34:54.099   986  1053 I display : doDisplayConfigPostProcess needSetActiveConfig is true - mDesiredConfig: 2
06-14 16:34:54.099   986  1053 I display : setActiveConfig(config=2)
06-14 16:34:54.099   986  1053 I display : next config(2): width=1080 height=2400 period=16666666 Xdpi=391885 Ydpi=393290 groupId=0
06-14 16:34:54.099   986  1053 I display : Current VRR MODE is 3
06-14 16:34:54.100  1096  1171 I VSyncReactor: Current= 120, Period= 60, hwcPeriod= 120
06-14 16:34:54.107   986  1053 I display : config 8333333, desired 16666666
06-14 16:34:54.107  1096  1171 I VSyncReactor: Current= 120, Period= 60, hwcPeriod= 120
06-14 16:34:54.117  1096  1171 I VSyncReactor: Current= 120, Period= 60, hwcPeriod= 60
06-14 16:34:54.154  2264  2647 I BtGatt.ScanHelper: onScanResult to scannerId: 12- eventType=0x1, addressType=1, address=XX:XX:XX:XX:42:E3, primaryPhy=1, secondaryPhy=1, advertisingSid=0x1, txPower=127, rssi=-46, periodicAdvInt=0x0
06-14 16:34:54.169  2264  2647 I BtGatt.ScanHelper: onScanResult to scannerId: 12- eventType=0x1b, addressType=1, address=XX:XX:XX:XX:9E:F9, primaryPhy=1, secondaryPhy=0, advertisingSid=0xff, txPower=127, rssi=-44, periodicAdvInt=0x0
06-14 16:34:54.195  2264  2647 I BtGatt.ScanHelper: onScanResult to scannerId: 12- eventType=0x1b, addressType=1, address=XX:XX:XX:XX:21:1F, primaryPhy=1, secondaryPhy=0, advertisingSid=0xff, txPower=127, rssi=-40, periodicAdvInt=0x0
06-14 16:34:54.239  2264  2647 I BtGatt.ScanHelper: onScanResult to scannerId: 4- eventType=0x1b, addressType=0, address=XX:XX:XX:XX:01:95, primaryPhy=1, secondaryPhy=0, advertisingSid=0xff, txPower=127, rssi=-77, periodicAdvInt=0x0
06-14 16:34:54.250  2264  2647 I BtGatt.ScanHelper: onScanResult to scannerId: 4- eventType=0x1b, addressType=1, address=XX:XX:XX:XX:0B:31, primaryPhy=1, secondaryPhy=0, advertisingSid=0xff, txPower=127, rssi=-56, periodicAdvInt=0x0
06-14 16:34:54.271  2264  2647 I BtGatt.ScanHelper: onScanResult to scannerId: 12- eventType=0x1b, addressType=1, address=XX:XX:XX:XX:C8:D2, primaryPhy=1, secondaryPhy=0, advertisingSid=0xff, txPower=127, rssi=-38, periodicAdvInt=0x0
06-14 16:34:54.295  2264  2647 I BtGatt.ScanHelper: onScanResult to scannerId: 12- eventType=0x1, addressType=1, address=XX:XX:XX:XX:42:E3, primaryPhy=1, secondaryPhy=1, advertisingSid=0x1, txPower=127, rssi=-46, periodicAdvInt=0x0
06-14 16:34:54.310  2264  2647 I BtGatt.ScanHelper: onScanResult to scannerId: 12- eventType=0x1b, addressType=1, address=XX:XX:XX:XX:9E:F9, primaryPhy=1, secondaryPhy=0, advertisingSid=0xff, txPower=127, rssi=-44, periodicAdvInt=0x0
06-14 16:34:54.332  2264  2647 I BtGatt.ScanHelper: onScanResult to scannerId: 12- eventType=0x1b, addressType=1, address=XX:XX:XX:XX:6B:B3, primaryPhy=1, secondaryPhy=0, advertisingSid=0xff, txPower=127, rssi=-44, periodicAdvInt=0x0
06-14 16:34:54.557  1385  3124 D FreecessController: com.microsoft.launcher(10346) is important[11]
06-14 16:34:54.828  1385  3124 D MARs:ActiveTrafficFilter: filter : com.google.android.adservices.api(0)
06-14 16:34:54.828  1385  3124 D FreecessController: com.google.android.adservices.api(10148) is important[8]
06-14 16:34:55.193  1385  1747 D ActivityManager: Received BROADCAST intent 0x80229c3 Key{broadcastIntent pkg=com.google.android.gms/com.google.android.gms.scheduler intent=act=com.google.android.gms.gcm.ACTION_CHECK_QUEUE pkg=com.google.android.gms cmp=com.google.android.gms/.gcm.nts.SchedulerInternalReceiver flags=0x2000000 u=0} requestCode=0 sent=0 from uid 1000
06-14 16:34:55.258 24327  6300 I NetworkScheduler.Stats: (REDACTED) Task %s/%s started execution. cause:%s exec_start_elapsed_seconds: %s
06-14 16:34:55.264 24327  9840 I NetworkScheduler.Stats: (REDACTED) Task %s/%s finished executing. cause:%s result: %s elapsed_millis: %s uptime_millis: %s exec_start_elapsed_seconds: %s
06-14 16:34:55.313  4455  4455 I SDHMS:LOAD: type: LoadsFreqs, value: 0:0:0:533000:533000:533000:591239:1664000:533000:5:130:0
06-14 16:34:55.432  1385  1740 D ActivityManager: freezing 20071 com.samsung.cmh
06-14 16:34:55.436  1385  1740 D ActivityManager: freezing 22186 com.samsung.android.rubin.app
06-14 16:34:55.438  1385  1740 D ActivityManager: freezing 29165 com.android.settings
06-14 16:34:55.440  1385  1740 D ActivityManager: freezing 5721 com.sec.android.CcInfo
06-14 16:34:55.442  1385  1740 D ActivityManager: freezing 8138 com.samsung.android.dqagent
06-14 16:34:55.443  1385  1740 D ActivityManager: freezing 7475 com.samsung.android.provider.filterprovider
06-14 16:34:55.444  1385  1740 D ActivityManager: freezing 9174 com.android.keychain
06-14 16:34:55.445  1385  1740 D ActivityManager: freezing 9003 com.samsung.android.lool
06-14 16:34:55.445  1385  1740 D ActivityManager: freezing 8219 com.samsung.android.stickercenter
06-14 16:34:55.446  1385  1740 D ActivityManager: freezing 23741 com.samsung.android.fmm
06-14 16:34:55.451  1385  1825 D InetDiagMessage: Destroyed 0 sockets, proto=IPPROTO_TCP, family=AF_INET, states=14
06-14 16:34:55.452  1385  1825 D InetDiagMessage: Destroyed 0 sockets, proto=IPPROTO_TCP, family=AF_INET6, states=14
06-14 16:34:55.452  1385  1825 D InetDiagMessage: Destroyed live tcp sockets for uids={5004} in 3ms
06-14 16:34:55.453  1385  1825 D InetDiagMessage: Destroyed 0 sockets, proto=IPPROTO_TCP, family=AF_INET, states=14
06-14 16:34:55.454  1385  1825 D InetDiagMessage: Destroyed 0 sockets, proto=IPPROTO_TCP, family=AF_INET6, states=14
06-14 16:34:55.454  1385  1825 D InetDiagMessage: Destroyed live tcp sockets for uids={5010} in 3ms
06-14 16:34:55.460  9179  9240 I Finsky:background: [297] Stats for Executor: bgExecutor vzk@971d405[Running, pool size = 4, active threads = 0, queued tasks = 0, completed tasks = 18]
06-14 16:34:55.476  9179  9240 I Finsky:background: [297] Stats for Executor: LightweightExecutor vzk@4eefc5a[Running, pool size = 4, active threads = 0, queued tasks = 0, completed tasks = 9]
06-14 16:34:55.486 24327  9641 I NearbyConnections: EndpointManager send a KEEP_ALIVE frame (seqNum:6) and sleep 5000 for endpoint IVAG.
06-14 16:34:55.523 24327  9639 I NearbyConnections: EndpointManager received a KEEP_ALIVE frame (seqNum:6) with ACK from endpoint IVAG on channel ENCRYPTED_WIFI_LAN.
06-14 16:34:55.576 24327  9634 I NearbyConnections: EndpointManager send a KEEP_ALIVE frame (seqNum:6) and sleep 5000 for endpoint X0AF.
06-14 16:34:55.577 24327  9533 I NearbyConnections: EndpointManager received a KEEP_ALIVE frame (seqNum:6) and reply a KEEP_ALIVE frame with ack from endpoint X0AF on channel ENCRYPTED_WIFI_LAN.
06-14 16:34:55.605 24327  9533 I NearbyConnections: EndpointManager received a KEEP_ALIVE frame (seqNum:6) with ACK from endpoint X0AF on channel ENCRYPTED_WIFI_LAN.
06-14 16:34:55.621  2264  2647 I BtGatt.ScanHelper: onScanResult to scannerId: 4- eventType=0x1b, addressType=1, address=XX:XX:XX:XX:0B:31, primaryPhy=1, secondaryPhy=0, advertisingSid=0xff, txPower=127, rssi=-58, periodicAdvInt=0x0
06-14 16:34:55.643  3181  3181 I adbd    : New TLS connection [fd=21]
06-14 16:34:55.644  3181  9841 I adbd    : host-21: read thread spawning
06-14 16:34:55.644  3181  9842 I adbd    : host-21: write thread spawning
06-14 16:34:55.644  3181  9841 I adbd    : host-21: read failed: Success
06-14 16:34:55.644  3181  9841 I adbd    : host-21: connection terminated: read failed
06-14 16:34:55.646  3181  3181 I adbd    : host-21: already offline
06-14 16:34:55.646  3181  3181 I adbd    : destroying transport host-21
06-14 16:34:55.646  3181  3181 I adbd    : BlockingConnectionAdapter(host-21): stopping
06-14 16:34:55.646  3181  3181 I adbd    : BlockingConnectionAdapter(host-21): stopped
06-14 16:34:55.646  3181  3181 I adbd    : BlockingConnectionAdapter(host-21): destructing
06-14 16:34:55.647  3181  3181 I adbd    : BlockingConnectionAdapter(host-21): already stopped
06-14 16:34:55.657  9179  9240 I Finsky:background: [297] Stats for Executor: BlockingExecutor vzk@2410e8b[Running, pool size = 2, active threads = 0, queued tasks = 0, completed tasks = 5]
06-14 16:34:55.657  2264  2647 I BtGatt.ScanHelper: onScanResult to scannerId: 12- eventType=0x1, addressType=1, address=XX:XX:XX:XX:42:E3, primaryPhy=1, secondaryPhy=1, advertisingSid=0x1, txPower=127, rssi=-46, periodicAdvInt=0x0
06-14 16:34:55.673  2264  2647 I BtGatt.ScanHelper: onScanResult to scannerId: 12- eventType=0x1b, addressType=1, address=XX:XX:XX:XX:9E:F9, primaryPhy=1, secondaryPhy=0, advertisingSid=0xff, txPower=127, rssi=-51, periodicAdvInt=0x0
06-14 16:34:55.681  2264  2647 I BtGatt.ScanHelper: onScanResult to scannerId: 12- eventType=0x1b, addressType=1, address=XX:XX:XX:XX:6B:B3, primaryPhy=1, secondaryPhy=0, advertisingSid=0xff, txPower=127, rssi=-51, periodicAdvInt=0x0
06-14 16:34:55.694  2264  2647 I BtGatt.ScanHelper: onScanResult to scannerId: 12- eventType=0x1b, addressType=1, address=XX:XX:XX:XX:21:1F, primaryPhy=1, secondaryPhy=0, advertisingSid=0xff, txPower=127, rssi=-40, periodicAdvInt=0x0
06-14 16:34:55.796  2264  2647 I BtGatt.ScanHelper: onScanResult to scannerId: 12- eventType=0x1, addressType=1, address=XX:XX:XX:XX:42:E3, primaryPhy=1, secondaryPhy=1, advertisingSid=0x1, txPower=127, rssi=-46, periodicAdvInt=0x0
06-14 16:34:55.803  2264  2647 I BtGatt.ScanHelper: onScanResult to scannerId: 12- eventType=0x1b, addressType=1, address=XX:XX:XX:XX:9E:F9, primaryPhy=1, secondaryPhy=0, advertisingSid=0xff, txPower=127, rssi=-51, periodicAdvInt=0x0
06-14 16:34:55.814  1385  1825 D InetDiagMessage: Destroyed 0 sockets, proto=IPPROTO_TCP, family=AF_INET, states=14
06-14 16:34:55.815  1385  1825 D InetDiagMessage: Destroyed 0 sockets, proto=IPPROTO_TCP, family=AF_INET6, states=14
06-14 16:34:55.815  1385  1825 D InetDiagMessage: Destroyed live tcp sockets for uids={10213} in 4ms
06-14 16:34:55.815  2264  2647 I BtGatt.ScanHelper: onScanResult to scannerId: 4- eventType=0x1b, addressType=0, address=XX:XX:XX:XX:01:95, primaryPhy=1, secondaryPhy=0, advertisingSid=0xff, txPower=127, rssi=-84, periodicAdvInt=0x0
06-14 16:34:55.817  1385  1825 D InetDiagMessage: Destroyed 0 sockets, proto=IPPROTO_TCP, family=AF_INET, states=14
06-14 16:34:55.817  2264  2647 I BtGatt.ScanHelper: onScanResult to scannerId: 12- eventType=0x1b, addressType=1, address=XX:XX:XX:XX:6B:B3, primaryPhy=1, secondaryPhy=0, advertisingSid=0xff, txPower=127, rssi=-51, periodicAdvInt=0x0
06-14 16:34:55.818  1385  1825 D InetDiagMessage: Destroyed 0 sockets, proto=IPPROTO_TCP, family=AF_INET6, states=14
06-14 16:34:55.818  1385  1825 D InetDiagMessage: Destroyed live tcp sockets for uids={20213} in 2ms
06-14 16:34:55.821  2264  2647 I BtGatt.ScanHelper: onScanResult to scannerId: 12- eventType=0x1b, addressType=1, address=XX:XX:XX:XX:21:1F, primaryPhy=1, secondaryPhy=0, advertisingSid=0xff, txPower=127, rssi=-40, periodicAdvInt=0x0
06-14 16:34:55.863 24327  9639 I NearbyConnections: EndpointManager received a KEEP_ALIVE frame (seqNum:6) and reply a KEEP_ALIVE frame with ack from endpoint IVAG on channel ENCRYPTED_WIFI_LAN.
06-14 16:34:55.889  2264  2647 I BtGatt.ScanHelper: onScanResult to scannerId: 12- eventType=0x1, addressType=1, address=XX:XX:XX:XX:9D:EE, primaryPhy=1, secondaryPhy=1, advertisingSid=0x0, txPower=127, rssi=-15, periodicAdvInt=0x0
06-14 16:34:56.008   677   677 D io_stats: !@   8,0 r 7858185 166940016 w 1479838 20479852 d 424573 97680916 f 0 0 iot 3058712 0 th 0 0 0 pt 0 inp 0 0 76321.917
06-14 16:34:56.009   677   677 D io_stats: !@ Read_top(KB): .gms.persistent(24327) 20
06-14 16:34:56.009   677   677 D io_stats: !@ Write_top(KB): kworker/u16:14(5219) 28 .gms.persistent(24327) 12 apters.calendar(7730) 4
06-14 16:34:56.370  1075  1236 I EDEN    : [Exynos][EDEN][v1.6.23][SERVICE] processAliveMointorMain:253: Try to check pid=(1020)...
06-14 16:34:56.400  1385  3376 D SemWifiUsabilityStatsMonitor: onWifiUsabilityStats - seqNum 16540, isSameBssidAndFreq true
06-14 16:34:56.719  3090  3090 I ContentFeedManager: initSyncRunnable called
06-14 16:34:56.720  3090  3090 I WearableDeviceFactory: getConnectedDeviceIdByType()::deviceType = Gear, size = 0
06-14 16:34:56.720  3090  3090 I ContentFeedManager: getmDeviceId: device id: null
06-14 16:34:56.720  3090  3090 I WearableDeviceFactory: getConnectedDeviceIdByType()::deviceType = Gear, size = 0
06-14 16:34:56.720  3090  3090 I ContentFeedManager: getmDeviceId: device id: null
06-14 16:34:56.720  3090  3090 I ContentFeedManager: initSyncManagersAndSyncIfRequired: deviceid null
06-14 16:34:56.720  3090  3090 I ContentFeedManager: initSyncRunnable initialized
06-14 16:34:57.099  2264  2647 I BtGatt.ScanHelper: onScanResult to scannerId: 4- eventType=0x1b, addressType=0, address=XX:XX:XX:XX:01:95, primaryPhy=1, secondaryPhy=0, advertisingSid=0xff, txPower=127, rssi=-83, periodicAdvInt=0x0
06-14 16:34:57.107  2264  2647 I BtGatt.ScanHelper: onScanResult to scannerId: 12- eventType=0x1b, addressType=1, address=XX:XX:XX:XX:C8:D2, primaryPhy=1, secondaryPhy=0, advertisingSid=0xff, txPower=127, rssi=-38, periodicAdvInt=0x0
06-14 16:34:57.180  2264  2647 I BtGatt.ScanHelper: onScanResult to scannerId: 12- eventType=0x1b, addressType=1, address=XX:XX:XX:XX:6B:B3, primaryPhy=1, secondaryPhy=0, advertisingSid=0xff, txPower=127, rssi=-48, periodicAdvInt=0x0
06-14 16:34:57.197  2264  2647 I BtGatt.ScanHelper: onScanResult to scannerId: 4- eventType=0x1b, addressType=0, address=XX:XX:XX:XX:01:95, primaryPhy=1, secondaryPhy=0, advertisingSid=0xff, txPower=127, rssi=-83, periodicAdvInt=0x0
06-14 16:34:57.229  2264  2647 I BtGatt.ScanHelper: onScanResult to scannerId: 12- eventType=0x1, addressType=1, address=XX:XX:XX:XX:9D:EE, primaryPhy=1, secondaryPhy=1, advertisingSid=0x0, txPower=127, rssi=-38, periodicAdvInt=0x0
06-14 16:34:57.248  2264  2647 I BtGatt.ScanHelper: onScanResult to scannerId: 12- eventType=0x1b, addressType=1, address=XX:XX:XX:XX:C8:D2, primaryPhy=1, secondaryPhy=0, advertisingSid=0xff, txPower=127, rssi=-38, periodicAdvInt=0x0
06-14 16:34:57.660  2070  2070 I wpa_supplicant: Heartbeat 7367
06-14 16:34:58.374  4455  5301 I SDHMS:x : SIOP:: AP:352 BAT:348 USB:350 CHG:356 PA:356 CP:354 WIFI:356 CF:351 BLK:0 SUBBAT:0 SKIN:347 SKINF:341 SKINB:342 LRP:342 LRP2:347 LRF:341 LRB:342 LRF2:347 LRB2:345 AP2:347 CHG2:346 MEM2:347 WIFI2:346 RCV2:344 SPK2:342 FCAM:350 UPSPK:352 DNSPK:350 AVGCUR:-269 POWER:-1097
06-14 16:34:58.429  1385  3124 D FreecessController: com.microsoft.teams(10613) is important[18]
06-14 16:34:58.556  2264  2647 I BtGatt.ScanHelper: onScanResult to scannerId: 12- eventType=0x1b, addressType=1, address=XX:XX:XX:XX:21:1F, primaryPhy=1, secondaryPhy=0, advertisingSid=0xff, txPower=127, rssi=-38, periodicAdvInt=0x0
06-14 16:34:58.566  2264  2647 I BtGatt.ScanHelper: onScanResult to scannerId: 1- eventType=0x1b, addressType=0, address=XX:XX:XX:XX:01:95, primaryPhy=1, secondaryPhy=0, advertisingSid=0xff, txPower=127, rssi=-78, periodicAdvInt=0x0
06-14 16:34:58.566  2264  2647 I BtGatt.ScanHelper: onScanResult to scannerId: 6- eventType=0x1b, addressType=0, address=XX:XX:XX:XX:01:95, primaryPhy=1, secondaryPhy=0, advertisingSid=0xff, txPower=127, rssi=-78, periodicAdvInt=0x0
06-14 16:34:58.567  2264  2647 I BtGatt.ScanHelper: onScanResult to scannerId: 12- eventType=0x1b, addressType=1, address=XX:XX:XX:XX:6B:B3, primaryPhy=1, secondaryPhy=0, advertisingSid=0xff, txPower=127, rssi=-43, periodicAdvInt=0x0
06-14 16:34:58.568  9239  9590 I [+0900]oneconnect[1.8.45.24_01][CORE]: DataConvert.parseBleVd - deviceBle : |name:($)-6(8)|deviceType:UNKNOWN|discoverType:_BLE|services:None|connected:false[Type]6[Index]1[MNID]0AJK[SETUPID]101[TvStatusString]EXTENSION[TvStatus]32[TvService]118[TvMirrorChannel]0[TvRegisteredDB]null[TvYear]2025[TvOcfInfo]15[TvAcmStatus]0[ExTvStatus]34[ExtendedStatus]12[ModuloSn]135
06-14 16:34:58.572  2264  2647 I BtGatt.ScanHelper: onScanResult to scannerId: 12- eventType=0x1, addressType=1, address=XX:XX:XX:XX:42:E3, primaryPhy=1, secondaryPhy=1, advertisingSid=0x1, txPower=127, rssi=-46, periodicAdvInt=0x0
06-14 16:34:58.578  9239 22209 I [+0900]oneconnect[1.8.45.24_01][CORE]: Remoteless@RemotelessAutoConnectionManager.autoConnectOnPacket - AutoConnection policy not fulfilled. index: 0, result: false
06-14 16:34:58.600  2264  2647 I BtGatt.ScanHelper: onScanResult to scannerId: 1- eventType=0x1b, addressType=0, address=XX:XX:XX:XX:01:95, primaryPhy=1, secondaryPhy=0, advertisingSid=0xff, txPower=127, rssi=-78, periodicAdvInt=0x0
06-14 16:34:58.600  2264  2647 I BtGatt.ScanHelper: onScanResult to scannerId: 6- eventType=0x1b, addressType=0, address=XX:XX:XX:XX:01:95, primaryPhy=1, secondaryPhy=0, advertisingSid=0xff, txPower=127, rssi=-78, periodicAdvInt=0x0
06-14 16:34:58.607  9239  9590 I [+0900]oneconnect[1.8.45.24_01][CORE]: DataConvert.parseBleVd - deviceBle : |name:($)-6(8)|deviceType:TV|discoverType:_BLE|services:_TvSoundToMobile|connected:false[TvStatusString]POWER_ON[TvStatus]1[TvService]118[TvMirrorChannel]1[TvRegisteredDB][-98, 100, 53, -14, 115, -55][TvYear]2016[TvOcfInfo]0[TvAcmStatus]0[ExTvStatus]0[ExtendedStatus]-1[ModuloSn]-1
06-14 16:34:58.607  2264  2647 I BtGatt.ScanHelper: onScanResult to scannerId: 12- eventType=0x1b, addressType=1, address=XX:XX:XX:XX:C8:D2, primaryPhy=1, secondaryPhy=0, advertisingSid=0xff, txPower=127, rssi=-38, periodicAdvInt=0x0
06-14 16:34:58.640  2264  2647 I BtGatt.ScanHelper: onScanResult to scannerId: 12- eventType=0x1, addressType=1, address=XX:XX:XX:XX:9D:EE, primaryPhy=1, secondaryPhy=1, advertisingSid=0x0, txPower=127, rssi=-39, periodicAdvInt=0x0
06-14 16:34:58.660  2264  2647 I BtGatt.ScanHelper: onScanResult to scannerId: 4- eventType=0x1b, addressType=1, address=XX:XX:XX:XX:0B:31, primaryPhy=1, secondaryPhy=0, advertisingSid=0xff, txPower=127, rssi=-56, periodicAdvInt=0x0
06-14 16:34:58.664  2264  2647 I BtGatt.ScanHelper: onScanResult to scannerId: 12- eventType=0x1b, addressType=1, address=XX:XX:XX:XX:9E:F9, primaryPhy=1, secondaryPhy=0, advertisingSid=0xff, txPower=127, rssi=-44, periodicAdvInt=0x0
06-14 16:34:58.672  2264  2647 I BtGatt.ScanHelper: onScanResult to scannerId: 4- eventType=0x1b, addressType=0, address=XX:XX:XX:XX:01:95, primaryPhy=1, secondaryPhy=0, advertisingSid=0xff, txPower=127, rssi=-77, periodicAdvInt=0x0
06-14 16:34:58.707  2264  2647 I BtGatt.ScanHelper: onScanResult to scannerId: 12- eventType=0x1b, addressType=1, address=XX:XX:XX:XX:6B:B3, primaryPhy=1, secondaryPhy=0, advertisingSid=0xff, txPower=127, rssi=-44, periodicAdvInt=0x0
06-14 16:34:58.709  2264  2647 I BtGatt.ScanHelper: onScanResult to scannerId: 12- eventType=0x1, addressType=1, address=XX:XX:XX:XX:42:E3, primaryPhy=1, secondaryPhy=1, advertisingSid=0x1, txPower=127, rssi=-46, periodicAdvInt=0x0
06-14 16:34:58.737  2264  2647 I BtGatt.ScanHelper: onScanResult to scannerId: 12- eventType=0x1b, addressType=1, address=XX:XX:XX:XX:C8:D2, primaryPhy=1, secondaryPhy=0, advertisingSid=0xff, txPower=127, rssi=-38, periodicAdvInt=0x0
06-14 16:34:59.032  2856  4562 V CpEventLog(u0): cp_state: [                 contacts = {contacts=393, raw_contacts=400, data=1676, account={secphone(1)=221, google(2)=0, sim(3)=0, agg(4)=0, google(5)=0, google(6)=0, com.samsung.android.email(7)=0, samsung(8)=41, mobileservice(9)=0, com.nhn.android.naveraccount(10)=0, google(12)=0, com.one.onestore.android(13)=0, google(18)=0, google(26)=0, google(35)=0, google(39)=137, duo(40)=1}, trash=0, trash_acc={}, trash_sync=0, database=contacts2.db} ]
06-14 16:34:59.032  2856  4562 V CpEventLog(u0): cp_state: [               aggregated = {[1,1]=1, [1,39]=5, [1,40]=1, [1]=213, [39]=132, [8]=41} ]
06-14 16:34:59.032  2856  4562 V CpEventLog(u0): cp_state: [                  request = {ALL(0)={avg=7, cnt=98, dur=725, ops={query=98}}, msg(9441)={avg=7, cnt=98, dur=725, ops={query=98}}} ]
06-14 16:34:59.032  2856  4562 V CpEventLog(u0): cp_state: [                    calls = {types={[200]=280, [300]=219, [500]=6, [1000]=1994}, database=calllog.db} ]
06-14 16:34:59.032  2856  4562 V CpEventLog(u0): cp_state: [                  profile = {contacts=0, raw_contacts=0, data=0, account={secphone(1)=0, google(2)=0, sim(3)=0, agg(4)=0, google(5)=0, google(6)=0, com.samsung.android.email(7)=0, samsung(8)=0, mobileservice(9)=0, com.nhn.android.naveraccount(10)=0, google(12)=0, com.one.onestore.android(13)=0, google(18)=0, google(26)=0, google(35)=0, google(39)=0, duo(40)=0}, trash=0, trash_acc={}, trash_sync=0, database=profile.db} ]
06-14 16:34:59.032  2856  4562 V CpEventLog(u0): cp_state: [               sa_profile = {contacts=1, raw_contacts=1, data=5, account={secphone(1)=1, google(2)=0, sim(3)=0, agg(4)=0, google(5)=0, google(6)=0, com.samsung.android.email(7)=0, samsung(8)=0, mobileservice(9)=0, com.nhn.android.naveraccount(10)=0, google(12)=0, com.one.onestore.android(13)=0, google(18)=0, google(26)=0, google(35)=0, google(39)=0, duo(40)=0}, trash=0, trash_acc={}, trash_sync=0, database=profile_sa.db} ]
06-14 16:34:59.032  2856  4562 V CpEventLog(u0): cp_state: [                      etc = {binders=0, country_iso=KR, version=15.4.39, db_version=1901, csc=LGT/LGT, sec_enabled=false, is_roaming=false} ]
06-14 16:34:59.032  2856  4562 V CpEventLog(u0): cp_state: ------------------------------------------------------------------------------
06-14 16:34:59.522  1385  3376 D SemWifiUsabilityStatsMonitor: onWifiUsabilityStats - seqNum 16541, isSameBssidAndFreq true
06-14 16:34:59.523  1385  1910 I SemWifiLinkQualityMonitor: Link stat: 677 / 116 / 3.33 (10) / 130 / -61.0 || 100.0 : 130.00 / 0.5 : 0.30 / G (B) || 94c098be5745: 0.793 / 10.090 /  / N || N N / 0 / Y 2.0 / Y 0 / 76325431 0
06-14 16:34:59.559  1385  3124 D FreecessController: com.microsoft.launcher(10346) is important[11]
06-14 16:34:59.837  1385  3124 D FreecessController: com.google.android.adservices.api(state: Initial -> Frozen, Reason: Bg-refreeze)
06-14 16:34:59.837  1385  3124 D FreecessController: com.google.android.adservices.api is not MARs target, skip to freeze
06-14 16:34:59.936  1385  1909 I SemWifiServiceDetector: Service det. suspended: T / T / 25535
06-14 16:35:00.008  1385  1385 I EyeComfortSolutionService: action  :  android.intent.action.TIME_TICK
06-14 16:35:00.010  2024  2024 D FaceWidgetPagesController: onTimeChanged()
06-14 16:35:00.011   677   677 D io_stats: !@   8,0 r 7858186 166940020 w 1479838 20479852 d 424573 97680916 f 0 0 iot 3058720 0 th 0 0 0 pt 0 inp 0 0 76325.919
06-14 16:35:00.011   677   677 D io_stats: !@ Read_top(KB): d.process.acore(2856) 4
06-14 16:35:00.012  2024  2590 I DateTimeView: updateAll - getTimeFormat
06-14 16:35:00.016  2024  2590 D QSClockBellTower: onReceive(android.intent.action.TIME_TICK) mTimeZoneString:Asia/Seoul
06-14 16:35:00.023  2264  2647 I BtGatt.ScanHelper: onScanResult to scannerId: 12- eventType=0x1b, addressType=1, address=XX:XX:XX:XX:9E:F9, primaryPhy=1, secondaryPhy=0, advertisingSid=0xff, txPower=127, rssi=-51, periodicAdvInt=0x0
06-14 16:35:00.023  2024  2024 D QSClockBellTower: He is ready to ring the bell. (((QSClockBellSound - TimeText:4:35, TimeContentDescription:오후 4:35, DateText:6월 14일 일요일, ShortDateText:6월 14일 (일), Demo:false)))
06-14 16:35:00.023  2264  2647 I BtGatt.ScanHelper: onScanResult to scannerId: 4- eventType=0x1b, addressType=1, address=XX:XX:XX:XX:0B:31, primaryPhy=1, secondaryPhy=0, advertisingSid=0xff, txPower=127, rssi=-58, periodicAdvInt=0x0
06-14 16:35:00.024  2024  2024 D QSClock : StatusBar clock=4:35 notifyTimeChanged(QSClockBellSound - TimeText:4:35, TimeContentDescription:오후 4:35, DateText:6월 14일 일요일, ShortDateText:6월 14일 (일), Demo:false) clockVisibleByPolicy=true, clockVisibleByUser=true, visible=true, parent=android.widget.LinearLayout{c357e3f V.E...... ......ID 0,0-86,57 #7f0a061e app:id/left_clock_container} caller=com.android.systemui.statusbar.phone.fragment.CollapsedStatusBarFragment.animateShow:47 com.android.systemui.statusbar.phone.fragment.CollapsedStatusBarFragment.updateStatusBarVisibilitiesInner:207 com.android.systemui.statusbar.phone.fragment.CollapsedStatusBarFragment$$ExternalSyntheticLambda2.run:35 android.os.Handler.handleCallback:959 android.os.Handler.dispatchMessage:100  
06-14 16:35:00.024  2024  2024 D QSClockBellTower: Everyone heard the bell. run(currentTime:1781422500022, getTime():Sun Jun 14 16:35:00 GMT+09:00 2026, getTimeZone():libcore.util.ZoneInfo[mDstSavings=0,mUseDst=false,mDelegate=[id="Asia/Seoul",mRawOffset=32400000,mEarliestRawOffset=30472000,transitions=29]])
06-14 16:35:00.032  1096  1171 I VSyncReactor: Current= 60, Period= 60, hwcPeriod= 60
06-14 16:35:00.044  2264  2647 I BtGatt.ScanHelper: onScanResult to scannerId: 4- eventType=0x1b, addressType=0, address=XX:XX:XX:XX:01:95, primaryPhy=1, secondaryPhy=0, advertisingSid=0xff, txPower=127, rssi=-85, periodicAdvInt=0x0
06-14 16:35:00.048  1096  1171 I VSyncReactor: Current= 60, Period= 120, hwcPeriod= 60
06-14 16:35:00.062  2264  2647 I BtGatt.ScanHelper: onScanResult to scannerId: 12- eventType=0x1b, addressType=1, address=XX:XX:XX:XX:21:1F, primaryPhy=1, secondaryPhy=0, advertisingSid=0xff, txPower=127, rssi=-40, periodicAdvInt=0x0
06-14 16:35:00.066  2264  2647 I BtGatt.ScanHelper: onScanResult to scannerId: 12- eventType=0x1b, addressType=1, address=XX:XX:XX:XX:6B:B3, primaryPhy=1, secondaryPhy=0, advertisingSid=0xff, txPower=127, rssi=-50, periodicAdvInt=0x0
06-14 16:35:00.094  2264  2647 I BtGatt.ScanHelper: onScanResult to scannerId: 12- eventType=0x1b, addressType=1, address=XX:XX:XX:XX:C8:D2, primaryPhy=1, secondaryPhy=0, advertisingSid=0xff, txPower=127, rssi=-39, periodicAdvInt=0x0
06-14 16:35:00.143  2264  2647 I BtGatt.ScanHelper: onScanResult to scannerId: 1- eventType=0x1b, addressType=0, address=XX:XX:XX:XX:01:95, primaryPhy=1, secondaryPhy=0, advertisingSid=0xff, txPower=127, rssi=-85, periodicAdvInt=0x0
06-14 16:35:00.144  2264  2647 I BtGatt.ScanHelper: onScanResult to scannerId: 6- eventType=0x1b, addressType=0, address=XX:XX:XX:XX:01:95, primaryPhy=1, secondaryPhy=0, advertisingSid=0xff, txPower=127, rssi=-85, periodicAdvInt=0x0
06-14 16:35:00.147  9239  9590 I [+0900]oneconnect[1.8.45.24_01][CORE]: DataConvert.parseBleVd - deviceBle : |name:($)-6(8)|deviceType:UNKNOWN|discoverType:_BLE|services:None|connected:false[Type]6[Index]1[MNID]0AJK[SETUPID]101[TvStatusString]EXTENSION[TvStatus]32[TvService]118[TvMirrorChannel]0[TvRegisteredDB]null[TvYear]2025[TvOcfInfo]15[TvAcmStatus]0[ExTvStatus]34[ExtendedStatus]12[ModuloSn]135
06-14 16:35:00.149  2264  2647 I BtGatt.ScanHelper: onScanResult to scannerId: 12- eventType=0x1, addressType=1, address=XX:XX:XX:XX:42:E3, primaryPhy=1, secondaryPhy=1, advertisingSid=0x1, txPower=127, rssi=-48, periodicAdvInt=0x0
06-14 16:35:00.153  9239  6487 I [+0900]oneconnect[1.8.45.24_01][CORE]: Remoteless@RemotelessAutoConnectionManager.autoConnectOnPacket - AutoConnection policy not fulfilled. index: 0, result: false
06-14 16:35:00.162  2264  2647 I BtGatt.ScanHelper: onScanResult to scannerId: 4- eventType=0x1b, addressType=1, address=XX:XX:XX:XX:71:17, primaryPhy=1, secondaryPhy=0, advertisingSid=0xff, txPower=127, rssi=-68, periodicAdvInt=0x0
06-14 16:35:00.176  2264  2647 I BtGatt.ScanHelper: onScanResult to scannerId: 12- eventType=0x1b, addressType=1, address=XX:XX:XX:XX:9E:F9, primaryPhy=1, secondaryPhy=0, advertisingSid=0xff, txPower=127, rssi=-51, periodicAdvInt=0x0
06-14 16:35:00.496 24327  9641 I NearbyConnections: EndpointManager send a KEEP_ALIVE frame (seqNum:7) and sleep 5000 for endpoint IVAG.
06-14 16:35:00.521 24327  9639 I NearbyConnections: EndpointManager received a KEEP_ALIVE frame (seqNum:7) with ACK from endpoint IVAG on channel ENCRYPTED_WIFI_LAN.
06-14 16:35:00.546 24327  9533 I NearbyConnections: EndpointManager received a KEEP_ALIVE frame (seqNum:7) and reply a KEEP_ALIVE frame with ack from endpoint X0AF on channel ENCRYPTED_WIFI_LAN.
06-14 16:35:00.582 24327  9634 I NearbyConnections: EndpointManager send a KEEP_ALIVE frame (seqNum:7) and sleep 5000 for endpoint X0AF.
06-14 16:35:00.688 24327  8090 I NearbyMediums: Found Fast Ble Advertisements :
06-14 16:35:00.688 24327  8090 I NearbyMediums: BleAdvertisement { version=2, socketVersion=2, isFast=true, serviceIdHash=null, data=[ 0x23 0x59 0x4d 0x4b 0x57 0x11 0x32 0x0e 0x35 0x22 0xd5 0x39 0xb4 0xec 0xa6 0x24 0x02 0xcb 0xdc 0x46 0x18 0x4d 0x45 ], deviceToken=[ 0x9c 0x22 ], rxAdvertisement=null } : 9 times.
06-14 16:35:00.688 24327  8090 I NearbyMediums: BleAdvertisement { version=2, socketVersion=2, isFast=true, serviceIdHash=null, data=[ 0x23 0x39 0x53 0x43 0x4c 0x11 0x32 0x67 0x6e 0xed 0xaa 0x7e 0x7d 0xf5 0x86 0x39 0xf3 0xb6 0x57 0x27 0x3c 0x6f 0x8d ], deviceToken=[ 0xc3 0x16 ], rxAdvertisement=[ 0xa0 0x17 0x1c 0x21 0x82 0x6a 0xaf 0xff 0xef 0xb9 0xf0 0x10 0xb3 0x02 0x5b 0x63 0x20 0x95 0x43 0x6e 0x4b 0xe4 0xeb 0x38 0x7f 0x05 0x7c 0xe4 0xbc 0xaf 0xc2 0xff 0x7b 0x6f 0x84 0x15 0x05 0x7f 0x1f 0x00 0x84 0x15 0x06 0x61 0x1f 0x00 0x84 0x15 0x04 0x7f 0xff 0x1f 0x84 0x15 0x07 0x61 0x1f 0x00 0x83 0x15 0x01 0x09 0xa8 ] } : 7 times.
06-14 16:35:00.688 24327  8090 I NearbyMediums: Total 16 fast advertisements from 2 unique advertisers.
06-14 16:35:00.688 24327  8090 I NearbyMediums: Current Tracked Scanning Clients are : {NearbyConnections.EnvironmentMonitor, NearbySharing, NearbyConnections.TxAdvertisement}
06-14 16:35:00.742 24327  9533 I NearbyConnections: EndpointManager received a KEEP_ALIVE frame (seqNum:7) with ACK from endpoint X0AF on channel ENCRYPTED_WIFI_LAN.
06-14 16:35:00.743 24327  9639 I NearbyConnections: EndpointManager received a KEEP_ALIVE frame (seqNum:7) and reply a KEEP_ALIVE frame with ack from endpoint IVAG on channel ENCRYPTED_WIFI_LAN.
06-14 16:35:00.828  1385  1740 D ActivityManager: freezing 8558 com.skms.android.agent:remote
06-14 16:35:01.373  1075  1236 I EDEN    : [Exynos][EDEN][v1.6.23][SERVICE] processAliveMointorMain:253: Try to check pid=(1020)...
06-14 16:35:01.496  2264  2647 I BtGatt.ScanHelper: onScanResult to scannerId: 12- eventType=0x1, addressType=1, address=XX:XX:XX:XX:42:E3, primaryPhy=1, secondaryPhy=1, advertisingSid=0x1, txPower=127, rssi=-48, periodicAdvInt=0x0
06-14 16:35:01.503  2264  2647 I BtGatt.ScanHelper: onScanResult to scannerId: 4- eventType=0x1b, addressType=0, address=XX:XX:XX:XX:01:95, primaryPhy=1, secondaryPhy=0, advertisingSid=0xff, txPower=127, rssi=-81, periodicAdvInt=0x0
06-14 16:35:01.529  2264  2647 I BtGatt.ScanHelper: onScanResult to scannerId: 12- eventType=0x1b, addressType=1, address=XX:XX:XX:XX:9E:F9, primaryPhy=1, secondaryPhy=0, advertisingSid=0xff, txPower=127, rssi=-48, periodicAdvInt=0x0
06-14 16:35:01.546  2264  2647 I BtGatt.ScanHelper: onScanResult to scannerId: 12- eventType=0x1b, addressType=1, address=XX:XX:XX:XX:6B:B3, primaryPhy=1, secondaryPhy=0, advertisingSid=0xff, txPower=127, rssi=-47, periodicAdvInt=0x0
06-14 16:35:01.554  2264  2647 I BtGatt.ScanHelper: onScanResult to scannerId: 12- eventType=0x1b, addressType=1, address=XX:XX:XX:XX:21:1F, primaryPhy=1, secondaryPhy=0, advertisingSid=0xff, txPower=127, rssi=-38, periodicAdvInt=0x0
06-14 16:35:01.613  2264  2647 I BtGatt.ScanHelper: onScanResult to scannerId: 4- eventType=0x1b, addressType=0, address=XX:XX:XX:XX:01:95, primaryPhy=1, secondaryPhy=0, advertisingSid=0xff, txPower=127, rssi=-82, periodicAdvInt=0x0
06-14 16:35:01.633  2264  2647 I BtGatt.ScanHelper: onScanResult to scannerId: 12- eventType=0x1, addressType=1, address=XX:XX:XX:XX:9D:EE, primaryPhy=1, secondaryPhy=1, advertisingSid=0x0, txPower=127, rssi=-39, periodicAdvInt=0x0
06-14 16:35:01.660  2264  2647 I BtGatt.ScanHelper: onScanResult to scannerId: 12- eventType=0x1b, addressType=1, address=XX:XX:XX:XX:9E:F9, primaryPhy=1, secondaryPhy=0, advertisingSid=0xff, txPower=127, rssi=-48, periodicAdvInt=0x0
06-14 16:35:01.686  2264  2647 I BtGatt.ScanHelper: onScanResult to scannerId: 4- eventType=0x1b, addressType=1, address=XX:XX:XX:XX:0B:31, primaryPhy=1, secondaryPhy=0, advertisingSid=0xff, txPower=127, rssi=-56, periodicAdvInt=0x0
06-14 16:35:01.743  1385  9847 D WifiConnectivityMonitor.DnsThread:  [|207]
06-14 16:35:01.747  1385  1936 D WifiConnectivityMonitor.NetworkStatsAnalyzer: DNS resultType : 0, responseTime : 207
06-14 16:35:01.748  1385  1934 D OpenNetworkQos[4.00]: updateBssidLatestDnsResultType - result: 0
06-14 16:35:01.748  1385  1934 D OpenNetworkQos[4.00]: updateBssidNoInternet: mBssidNoInternet = false
06-14 16:35:01.748  1385  1934 D OpenNetworkQos[4.00]: getOpenNetworkQosNoInternetStatus: false
06-14 16:35:01.748  1385  1934 D OpenNetworkQos[4.00]: getOpenNetworkQosScores: 0 26 26 
06-14 16:35:01.748  1385  1934 D KNOX_MDM_SettingsProvider: isChangeAllowed() : name = wifi_wcm_qos_sharing_score_summary
06-14 16:35:01.748  1385  1934 I WifiProfileShare: network QoS data was changed (internet), updateQoSData networkType: true, qosData: false
06-14 16:35:01.749  1385  3150 V WifiProfileShare.Caster: update wips network, size: 0
06-14 16:35:01.749  1385  3150 D WifiProfileShare: nearby scanning settings run
06-14 16:35:01.749  1385  3150 D WifiProfileShare: network score provider settings enabled
06-14 16:35:01.749  1385  3150 D OpenNetworkQos[4.00]: getOpenNetworkQosScores: 0 26 26 
06-14 16:35:01.749  1385  3150 D OpenNetworkQos[4.00]: getOpenNetworkQosNoInternetStatus: false
06-14 16:35:01.749  1385  3150 I WifiProfileShare.Caster: current network type: 0, score: [0, 26, 26]
06-14 16:35:01.752  1385  3150 V WifiProfileShare.Cache: update network score 78:d2:94:**:**:be
06-14 16:35:01.752  1385  3150 D WifiProfileShare.ScanMatcher: getMcfDataList size:5
06-14 16:35:01.753  1385  3150 I WifiProfileShare.Caster: qos data was updated , before:type:QOS, pBssid:12:0c:c6, qosData:18 after:type:QOS, pBssid:12:0c:c6, qosData:18
06-14 16:35:01.754  1385  3150 I [MCFSDK_android_1.2.27006]_4_McfCasterImpl: isNetworkEnabled - type : 1 ret : true
06-14 16:35:01.754  1385  3150 D WifiProfileShare.McfCast: -ME--- mIsNetworkEnabled :true
06-14 16:35:01.754  1385  3150 D WifiProfileShare.McfCast: updateQoSData ignored, same contents
06-14 16:35:01.754  1385  3150 D WifiProfileShare.MCF: success update QosData !
06-14 16:35:01.755  1385  3150 I [MCFSDK_android_1.2.27006]_4_McfCasterImpl: isNetworkEnabled - type : 1 ret : true
06-14 16:35:01.755  1385  3150 D WifiProfileShare.McfCast: -ME--- mIsNetworkEnabled :true
06-14 16:35:01.755  1385  3150 D WifiProfileShare.McfCast: -ME--- updatePasswordDate pwdData size:5
06-14 16:35:02.012   677   677 D io_stats: !@   8,0 r 7858186 166940020 w 1479842 20479876 d 424573 97680916 f 0 0 iot 3058728 0 th 0 0 0 pt 0 inp 0 0 76327.921
06-14 16:35:02.609  1385  3376 D SemWifiUsabilityStatsMonitor: onWifiUsabilityStats - seqNum 16542, isSameBssidAndFreq true
06-14 16:35:02.611  1385  1910 I SemWifiLinkQualityMonitor: Link stat: 1745 / 259 / 2.06 (35) / 130 / -59.0 || 100.0 : 130.00 / 0.5 : 0.49 / B (B) || 94c098be5745: 0.377 / 21.236 /  / N || N N / 0 / Y 2.0 / Y 0 / 76328518 0
06-14 16:35:02.727  9179  9423 I PlayCommon: [337] Preparing logs for uploading
06-14 16:35:02.765  9179  9423 I PlayCommon: [337] Connecting to server for timestamp: https://play.googleapis.com/play/log/timestamp
06-14 16:35:02.805  1385  1955 D NetdEventListenerService: DNS Requested by 106, 10239(com.android.vending), SUCCESS, 28ms
06-14 16:35:02.948  1385  1909 I SemWifiServiceDetector: Service det. resumed: T / T / 25535
06-14 16:35:02.957  2264  2647 I BtGatt.ScanHelper: onScanResult to scannerId: 4- eventType=0x1b, addressType=0, address=XX:XX:XX:XX:01:95, primaryPhy=1, secondaryPhy=0, advertisingSid=0xff, txPower=127, rssi=-78, periodicAdvInt=0x0
06-14 16:35:02.964  2264  2647 I BtGatt.ScanHelper: onScanResult to scannerId: 12- eventType=0x1b, addressType=1, address=XX:XX:XX:XX:C8:D2, primaryPhy=1, secondaryPhy=0, advertisingSid=0xff, txPower=127, rssi=-38, periodicAdvInt=0x0
06-14 16:35:02.969  2264  2647 I BtGatt.ScanHelper: onScanResult to scannerId: 12- eventType=0x1, addressType=1, address=XX:XX:XX:XX:42:E3, primaryPhy=1, secondaryPhy=1, advertisingSid=0x1, txPower=127, rssi=-46, periodicAdvInt=0x0
06-14 16:35:03.041  2264  2647 I BtGatt.ScanHelper: onScanResult to scannerId: 12- eventType=0x1, addressType=1, address=XX:XX:XX:XX:9D:EE, primaryPhy=1, secondaryPhy=1, advertisingSid=0x0, txPower=127, rssi=-37, periodicAdvInt=0x0
06-14 16:35:03.049  2264  2647 I BtGatt.ScanHelper: onScanResult to scannerId: 12- eventType=0x1b, addressType=1, address=XX:XX:XX:XX:6B:B3, primaryPhy=1, secondaryPhy=0, advertisingSid=0xff, txPower=127, rssi=-43, periodicAdvInt=0x0
06-14 16:35:03.065  2264  2647 I BtGatt.ScanHelper: onScanResult to scannerId: 4- eventType=0x1b, addressType=1, address=XX:XX:XX:XX:0B:31, primaryPhy=1, secondaryPhy=0, advertisingSid=0xff, txPower=127, rssi=-57, periodicAdvInt=0x0
06-14 16:35:03.088  2264  2647 I BtGatt.ScanHelper: onScanResult to scannerId: 4- eventType=0x1b, addressType=0, address=XX:XX:XX:XX:01:95, primaryPhy=1, secondaryPhy=0, advertisingSid=0xff, txPower=127, rssi=-78, periodicAdvInt=0x0
06-14 16:35:03.101  2264  2647 I BtGatt.ScanHelper: onScanResult to scannerId: 12- eventType=0x1b, addressType=1, address=XX:XX:XX:XX:C8:D2, primaryPhy=1, secondaryPhy=0, advertisingSid=0xff, txPower=127, rssi=-38, periodicAdvInt=0x0
06-14 16:35:03.105  2264  2647 I BtGatt.ScanHelper: onScanResult to scannerId: 12- eventType=0x1, addressType=1, address=XX:XX:XX:XX:42:E3, primaryPhy=1, secondaryPhy=1, advertisingSid=0x1, txPower=127, rssi=-47, periodicAdvInt=0x0
06-14 16:35:03.145  3181  3181 I adbd    : New TLS connection [fd=21]
06-14 16:35:03.146  3181  9856 I adbd    : host-21: read thread spawning
06-14 16:35:03.146  3181  9856 I adbd    : host-21: read failed: Success
06-14 16:35:03.146  3181  9857 I adbd    : host-21: write thread spawning
06-14 16:35:03.146  3181  9856 I adbd    : host-21: connection terminated: read failed
06-14 16:35:03.146  3181  3181 I adbd    : host-21: already offline
06-14 16:35:03.147  3181  3181 I adbd    : destroying transport host-21
06-14 16:35:03.147  3181  3181 I adbd    : BlockingConnectionAdapter(host-21): stopping
06-14 16:35:03.147  3181  3181 I adbd    : BlockingConnectionAdapter(host-21): stopped
06-14 16:35:03.148  3181  3181 I adbd    : BlockingConnectionAdapter(host-21): destructing
06-14 16:35:03.148  3181  3181 I adbd    : BlockingConnectionAdapter(host-21): already stopped
06-14 16:35:03.171  2264  2647 I BtGatt.ScanHelper: onScanResult to scannerId: 12- eventType=0x1, addressType=1, address=XX:XX:XX:XX:9D:EE, primaryPhy=1, secondaryPhy=1, advertisingSid=0x0, txPower=127, rssi=-14, periodicAdvInt=0x0
06-14 16:35:03.229  9179  9423 I PlayCommon: [337] Connecting to server: https://play.googleapis.com/play/log?format=raw&proto_v2=true
06-14 16:35:03.326  9179  9423 I PlayCommon: [337] Successfully uploaded logs.
06-14 16:35:03.431  1385  3124 D FreecessController: com.microsoft.teams(10613) is important[18]
06-14 16:35:03.462  1385  1488 D LocalDisplayAdapter: updateActiveModeLocked for d=4633128672291735937, mActiveModeId=3, mActiveSfDisplayMode=DisplayMode{id=2, width=1080, height=2400, xDpi=391.885, yDpi=393.29, peakRefreshRate=60.000004, vsyncRate=60.000004, appVsyncOffsetNanos=0, presentationDeadlineNanos=17666666, supportedHdrTypes=[2, 3, 4], group=0}
06-14 16:35:03.463  1385  1488 I DisplayDeviceRepository: Display device changed render timings: "기본으로 제공되는 화면", renderFrameRate=60.000004, presentationDeadlineNanos=17666666, appVsyncOffsetNanos=0
06-14 16:35:03.464  1096  1096 I SurfaceFlinger: SFWD update time=76329373292135
06-14 16:35:03.466  1385  1574 D BrightnessThermalClamper: Thermal status observer already started
06-14 16:35:03.467  1385  1385 D SGM:GameManager: onDisplayChanged. displyId: 0, state: 2
06-14 16:35:03.468  1385  1385 D MotionRecognitionService: [DisplayListener] getRefreshRate 60.000004
06-14 16:35:03.468  1096  1096 I LayerHistory: com.babcross.app/com.babcross.app.MainActivity$_9487#5646 Max (can't resolve refresh rate)
06-14 16:35:03.468  1096  1096 I SurfaceFlinger: scored - choose 120.00 Hz
06-14 16:35:03.468  1385  1385 D AODManagerService: requestReCalToTSP IsSingleTouchMode = falserequestedReCalToTSP = false / previousDisplayState = ON
06-14 16:35:03.469  1096  1096 I HWComposer: [4633128672291735937] ActiveConfigToHWC, ID : 0
06-14 16:35:03.470   986  1172 I display : Set Affinity config for fps(120) : 0, cpuIDs : 255
06-14 16:35:03.470   986  1172 I display : Set Affinity CPU ID : 0
06-14 16:35:03.470   986  1172 I display : Set Affinity CPU ID : 1
06-14 16:35:03.470   986  1172 I display : Set Affinity CPU ID : 2
06-14 16:35:03.470   986  1172 I display : Set Affinity CPU ID : 3
06-14 16:35:03.470   986  1172 I display : Set Affinity CPU ID : 4
06-14 16:35:03.470   986  1172 I display : Set Affinity CPU ID : 5
06-14 16:35:03.470   986  1172 I display : Set Affinity CPU ID : 6
06-14 16:35:03.470   986  1172 I display : Set Affinity CPU ID : 7
06-14 16:35:03.470   986  1172 I display : Set affinity HWC : 986
06-14 16:35:03.470  1385  1799 D MotionRecognitionService: Inject RefreshRate: 60
06-14 16:35:03.470   986  1172 I display : CPU set : Cluster(0), min_clock(0)
