06-14 14:51:05.975 D/audio_hw_primary(  973): device-adev_set_parameters: param (screen_state=on)
06-14 14:51:05.975 I/audio_hw_primary_odm(  973): odm_adev_set_parameters: enter with key(screen_state=on)
06-14 14:51:05.975 V/audio_hw_primary(  973): device-adev_set_parameters: exit (screen_state=on)
06-14 14:51:05.976 D/ActivityManager( 1385): freezing 26519 com.samsung.android.fmm
06-14 14:51:05.977 I/VRI[ShellDropTarget]@6480554( 2024): onDisplayChanged oldDisplayState=2 newDisplayState=2
06-14 14:51:05.977 D/StackScroller( 2024): onDisplayChanged for predraw skip to 2
06-14 14:51:05.977 I/Audio_a2dpsink_hw(  973): adev_set_parameters: kevpairs=[screen_state=on]
06-14 14:51:05.978 D/WifiDisplayAdapter( 1385): isFitToActiveDisplayLocked : false
06-14 14:51:05.978 I/VSyncReactor( 1096): Current= 120, Period= 60, hwcPeriod= 60
06-14 14:51:05.979 I/VRI[InputMethod]@a7ae199( 4363): onDisplayChanged oldDisplayState=2 newDisplayState=2
06-14 14:51:05.979 D/DisplayLifecycle( 2024): updateDisplay id = 0
06-14 14:51:05.980 D/ActivityManager( 1385): freezing 28682 com.sec.android.CcInfo
06-14 14:51:05.981 D/AODManagerService( 1385): requestReCalToTSP IsSingleTouchMode = falserequestedReCalToTSP = false / previousDisplayState = ON
06-14 14:51:05.981 D/ActivityManager( 1385): freezing 2116 com.samsung.android.dqagent
06-14 14:51:05.981 D/MotionRecognitionService( 1385): Inject RefreshRate: 60
06-14 14:51:05.981 D/SensorService( 1385): setSContextDataLocked ints length 3 , byte length 8
06-14 14:51:05.981 D/SensorService( 1385): setSContextDataLocked 100048c1
06-14 14:51:05.982 D/Sensors ( 1002): c1 48 00 10 3c 00 00 00  
06-14 14:51:05.982 E/Sensors ( 1002): inject_scontext_data: New ssp_data_injection_fd(44)
06-14 14:51:05.982 I/VRI[MainActivity]@6b0ac1e( 1273): onDisplayChanged oldDisplayState=2 newDisplayState=2
06-14 14:51:05.984 D/ActivityManager( 1385): freezing 2828 com.skms.android.agent:remote
06-14 14:51:05.985 I/VRI[RecentsTransitionOverlay]@725b4cf( 2542): onDisplayChanged oldDisplayState=2 newDisplayState=2
06-14 14:51:05.985 I/VRI[CocktailBarService]@956d8b0( 2542): onDisplayChanged oldDisplayState=2 newDisplayState=2
06-14 14:51:05.985 I/VRI[LockscreenShortcutBlur]@43e4b39( 2024): onDisplayChanged oldDisplayState=2 newDisplayState=2
06-14 14:51:05.986 I/HoneySpace.RefreshRateSource( 2542): singleFrameMs 16
06-14 14:51:05.986 D/Sensors ( 1002): SContext Data Injection return 8
06-14 14:51:05.986 I/VRI[RecentsActivity]@2460c6b( 2542): onDisplayChanged oldDisplayState=2 newDisplayState=2
06-14 14:51:05.987 I/VRI[NavigationBar0]@18aa930( 2024): onDisplayChanged oldDisplayState=2 newDisplayState=2
06-14 14:51:05.987 I/VRI[NotificationShade]@ab1f331( 2024): onDisplayChanged oldDisplayState=2 newDisplayState=2
06-14 14:51:05.987 I/VRI[StatusBar]@f6672fa( 2024): onDisplayChanged oldDisplayState=2 newDisplayState=2
06-14 14:51:05.987 I/VRI[Bouncer]@ddcc755( 2024): onDisplayChanged oldDisplayState=2 newDisplayState=2
06-14 14:51:05.987 I/VRI[KeyguardBiometricToastView]@41035dc( 2024): onDisplayChanged oldDisplayState=2 newDisplayState=2
06-14 14:51:05.987 I/VRI[HintService]@db150f5( 8465): onDisplayChanged oldDisplayState=2 newDisplayState=2
06-14 14:51:05.988 D/RefreshRateModeManager( 1385): updateDefaultDisplayToken: android.os.BinderProxy@20ffa45, isChanged: false
06-14 14:51:06.024 W/MediaProvider( 4316): isAppCloneUserPair failed. Users: 0 and 0
06-14 14:51:06.024 W/MediaProvider( 4316): isAppCloneUserPair for user 0: false
