06-14 16:35:03.470  1385  1799 D SensorService: setSContextDataLocked ints length 3 , byte length 8
06-14 16:35:03.470   986  1172 I display : CPU set : Cluster(1), min_clock(0)
06-14 16:35:03.470  1385  1780 D SGM:FgCheckThread: onLooperPrepared(), msg: MSG_LCD_ON
06-14 16:35:03.470   986  1172 I display : CPU set : Cluster(2), min_clock(0)
06-14 16:35:03.470  1086  5051 D AudioFlinger: setParameters: filtered dev setParameters keyvalue screen_state=on
06-14 16:35:03.471  1385  3231 D LiftUpHandler: [LTW] Stopped already.
06-14 16:35:03.471   973   973 D audio_hw_primary: device-adev_set_parameters: enter
06-14 16:35:03.471   973   973 I audio_hw_primary: device-adev_set_parameters: Screen State = on)
06-14 16:35:03.472  1385  1799 D SensorService: setSContextDataLocked 100048c1
06-14 16:35:03.473   973   973 I audio_hw_proxy2: proxy-proxy_set_parameters: set Screen-state 1
06-14 16:35:03.473   973   973 D audio_hw_primary: device-adev_set_parameters: param (screen_state=on)
06-14 16:35:03.473  1002  1002 D Sensors : c1 48 00 10 3c 00 00 00  
06-14 16:35:03.473  1002  1002 E Sensors : inject_scontext_data: New ssp_data_injection_fd(44)
06-14 16:35:03.473   973   973 I audio_hw_primary_odm: odm_adev_set_parameters: enter with key(screen_state=on)
06-14 16:35:03.473   973   973 V audio_hw_primary: device-adev_set_parameters: exit (screen_state=on)
06-14 16:35:03.474   973  1007 I Audio_a2dpsink_hw: adev_set_parameters: kevpairs=[screen_state=on]
06-14 16:35:03.475  2024  2024 D DisplayLifecycle: updateDisplay id = 0
06-14 16:35:03.476  2024  2073 I VRI[ShellDropTarget]@6480554: onDisplayChanged oldDisplayState=2 newDisplayState=2
06-14 16:35:03.477  1002  1002 D Sensors : SContext Data Injection return 8
06-14 16:35:03.477  2024  2164 D StackScroller: onDisplayChanged for predraw skip to 2
06-14 16:35:03.478  4363  4363 I VRI[InputMethod]@a7ae199: onDisplayChanged oldDisplayState=2 newDisplayState=2
06-14 16:35:03.478  9487  9487 I VRI[MainActivity]@6b0ac1e: onDisplayChanged oldDisplayState=2 newDisplayState=2
06-14 16:35:03.479  2024  2024 I VRI[LockscreenShortcutBlur]@43e4b39: onDisplayChanged oldDisplayState=2 newDisplayState=2
06-14 16:35:03.476  1385  1488 D RefreshRateModeManager: updateDefaultDisplayToken: android.os.BinderProxy@20ffa45, isChanged: false
06-14 16:35:03.479  8465  8465 I VRI[HintService]@1966702: onDisplayChanged oldDisplayState=2 newDisplayState=2
06-14 16:35:03.479  2542  2542 I VRI[RecentsTransitionOverlay]@725b4cf: onDisplayChanged oldDisplayState=2 newDisplayState=2
06-14 16:35:03.479  2542  2542 I VRI[CocktailBarService]@956d8b0: onDisplayChanged oldDisplayState=2 newDisplayState=2
06-14 16:35:03.479  2542  2542 I VRI[RecentsActivity]@2460c6b: onDisplayChanged oldDisplayState=2 newDisplayState=2
06-14 16:35:03.480  2542  5607 I HoneySpace.RefreshRateSource: singleFrameMs 16
06-14 16:35:03.480   986  1053 I display : doDisplayConfigPostProcess needSetActiveConfig is true - mDesiredConfig: 0
06-14 16:35:03.480   986  1053 I display : setActiveConfig(config=0)
06-14 16:35:03.480   986  1053 I display : next config(0): width=1080 height=2400 period=8333333 Xdpi=391885 Ydpi=393290 groupId=0
06-14 16:35:03.480   986  1053 I display : Current VRR MODE is 3
06-14 16:35:03.480  1096  1171 I VSyncReactor: Current= 60, Period= 120, hwcPeriod= 60
06-14 16:35:03.481  1385  4404 D WifiDisplayAdapter: isFitToActiveDisplayLocked : false
06-14 16:35:03.481  2024  2024 I VRI[NavigationBar0]@18aa930: onDisplayChanged oldDisplayState=2 newDisplayState=2
06-14 16:35:03.481  2024  2024 I VRI[NotificationShade]@ab1f331: onDisplayChanged oldDisplayState=2 newDisplayState=2
06-14 16:35:03.481  2024  2024 I VRI[StatusBar]@f6672fa: onDisplayChanged oldDisplayState=2 newDisplayState=2
06-14 16:35:03.481  2024  2024 I VRI[KeyguardBiometricToastView]@17015fb: onDisplayChanged oldDisplayState=2 newDisplayState=2
06-14 16:35:03.481  2024  2024 I VRI[Bouncer]@ef2d4f0: onDisplayChanged oldDisplayState=2 newDisplayState=2
06-14 16:35:03.489  1385  1488 D LocalDisplayAdapter: updateActiveModeLocked for d=4633128672291735937, mActiveModeId=1, mActiveSfDisplayMode=DisplayMode{id=0, width=1080, height=2400, xDpi=391.885, yDpi=393.29, peakRefreshRate=120.00001, vsyncRate=120.00001, appVsyncOffsetNanos=0, presentationDeadlineNanos=9333333, supportedHdrTypes=[2, 3, 4], group=0}
06-14 16:35:03.489  1385  1488 I DisplayDeviceRepository: Display device changed render timings: "기본으로 제공되는 화면", renderFrameRate=120.00001, presentationDeadlineNanos=9333333, appVsyncOffsetNanos=0
06-14 16:35:03.491  1385  1574 D BrightnessThermalClamper: Thermal status observer already started
06-14 16:35:03.491  1385  1385 D SGM:GameManager: onDisplayChanged. displyId: 0, state: 2
06-14 16:35:03.491  1086  5051 D AudioFlinger: setParameters: filtered dev setParameters keyvalue screen_state=on
06-14 16:35:03.491  1385  1780 D SGM:FgCheckThread: onLooperPrepared(), msg: MSG_LCD_ON
06-14 16:35:03.491   973   973 D audio_hw_primary: device-adev_set_parameters: enter
06-14 16:35:03.491  1385  1385 D MotionRecognitionService: [DisplayListener] getRefreshRate 120.00001
06-14 16:35:03.491   973   973 I audio_hw_primary: device-adev_set_parameters: Screen State = on)
06-14 16:35:03.491  1385  1799 D MotionRecognitionService: Inject RefreshRate: 120
06-14 16:35:03.491  1385  1385 D AODManagerService: requestReCalToTSP IsSingleTouchMode = falserequestedReCalToTSP = false / previousDisplayState = ON
06-14 16:35:03.491  1385  1799 D SensorService: setSContextDataLocked ints length 3 , byte length 8
06-14 16:35:03.492  1385  1799 D SensorService: setSContextDataLocked 100048c1
06-14 16:35:03.492   973   973 I audio_hw_proxy2: proxy-proxy_set_parameters: set Screen-state 1
06-14 16:35:03.492   973   973 D audio_hw_primary: device-adev_set_parameters: param (screen_state=on)
06-14 16:35:03.492   973   973 I audio_hw_primary_odm: odm_adev_set_parameters: enter with key(screen_state=on)
06-14 16:35:03.492   973   973 V audio_hw_primary: device-adev_set_parameters: exit (screen_state=on)
06-14 16:35:03.492  1385  3231 D LiftUpHandler: [LTW] Stopped already.
06-14 16:35:03.492  1002  1002 D Sensors : c1 48 00 10 78 00 00 00  
06-14 16:35:03.492  1002  1002 E Sensors : inject_scontext_data: New ssp_data_injection_fd(44)
06-14 16:35:03.492   973   973 I Audio_a2dpsink_hw: adev_set_parameters: kevpairs=[screen_state=on]
06-14 16:35:03.493  2024  2024 D DisplayLifecycle: updateDisplay id = 0
06-14 16:35:03.493  2024  2073 I VRI[ShellDropTarget]@6480554: onDisplayChanged oldDisplayState=2 newDisplayState=2
06-14 16:35:03.493  2024  2164 D StackScroller: onDisplayChanged for predraw skip to 2
06-14 16:35:03.493  1002  1002 D Sensors : SContext Data Injection return 8
06-14 16:35:03.494  1385  4405 D WifiDisplayAdapter: isFitToActiveDisplayLocked : false
06-14 16:35:03.494  2542  2542 I VRI[RecentsTransitionOverlay]@725b4cf: onDisplayChanged oldDisplayState=2 newDisplayState=2
06-14 16:35:03.494  2542  2542 I VRI[CocktailBarService]@956d8b0: onDisplayChanged oldDisplayState=2 newDisplayState=2
06-14 16:35:03.494  2542  2542 I VRI[RecentsActivity]@2460c6b: onDisplayChanged oldDisplayState=2 newDisplayState=2
06-14 16:35:03.494  2024  2024 I VRI[LockscreenShortcutBlur]@43e4b39: onDisplayChanged oldDisplayState=2 newDisplayState=2
06-14 16:35:03.494  2542  2617 I HoneySpace.RefreshRateSource: singleFrameMs 8
06-14 16:35:03.494  2024  2024 I VRI[NavigationBar0]@18aa930: onDisplayChanged oldDisplayState=2 newDisplayState=2
06-14 16:35:03.494  2024  2024 I VRI[NotificationShade]@ab1f331: onDisplayChanged oldDisplayState=2 newDisplayState=2
06-14 16:35:03.494  2024  2024 I VRI[StatusBar]@f6672fa: onDisplayChanged oldDisplayState=2 newDisplayState=2
06-14 16:35:03.494  2024  2024 I VRI[KeyguardBiometricToastView]@17015fb: onDisplayChanged oldDisplayState=2 newDisplayState=2
06-14 16:35:03.494  2024  2024 I VRI[Bouncer]@ef2d4f0: onDisplayChanged oldDisplayState=2 newDisplayState=2
06-14 16:35:03.495  4363  4363 I VRI[InputMethod]@a7ae199: onDisplayChanged oldDisplayState=2 newDisplayState=2
06-14 16:35:03.496  9487  9487 I VRI[MainActivity]@6b0ac1e: onDisplayChanged oldDisplayState=2 newDisplayState=2
06-14 16:35:03.497  8465  8465 I VRI[HintService]@1966702: onDisplayChanged oldDisplayState=2 newDisplayState=2
06-14 16:35:03.497  1385  1488 D RefreshRateModeManager: updateDefaultDisplayToken: android.os.BinderProxy@20ffa45, isChanged: false
06-14 16:35:03.497  1096  1171 I VSyncReactor: Current= 60, Period= 120, hwcPeriod= 120
06-14 16:35:04.013   677   677 D io_stats: !@   8,0 r 7858187 166940028 w 1479842 20479876 d 424573 97680916 f 0 0 iot 3058732 0 th 0 0 0 pt 0 inp 0 0 76329.922
06-14 16:35:04.013   677   677 D io_stats: !@ Read_top(KB): loop24(836) 8
06-14 16:35:04.013   677   677 D io_stats: !@ Write_top(KB): kworker/u16:14(5219) 24
06-14 16:35:04.115  1096  1096 I LayerHistory: com.babcross.app/com.babcross.app.MainActivity$_9487#5646 Max (can't resolve refresh rate)
06-14 16:35:04.115  1096  1096 I SurfaceFlinger: Idle - choose 60.00 Hz
06-14 16:35:04.117  1096  1096 I HWComposer: [4633128672291735937] ActiveConfigToHWC, ID : 2
06-14 16:35:04.118   986  1172 I display : Set Affinity config for fps(60) : 2, cpuIDs : 255
06-14 16:35:04.118   986  1172 I display : Set Affinity CPU ID : 0
06-14 16:35:04.119   986  1172 I display : Set Affinity CPU ID : 1
06-14 16:35:04.119   986  1172 I display : Set Affinity CPU ID : 2
06-14 16:35:04.119   986  1172 I display : Set Affinity CPU ID : 3
06-14 16:35:04.119   986  1172 I display : Set Affinity CPU ID : 4
06-14 16:35:04.119   986  1172 I display : Set Affinity CPU ID : 5
06-14 16:35:04.119   986  1172 I display : Set Affinity CPU ID : 6
06-14 16:35:04.119   986  1172 I display : Set Affinity CPU ID : 7
06-14 16:35:04.119   986  1172 I display : Set affinity HWC : 986
06-14 16:35:04.120   986  1172 I display : CPU set : Cluster(0), min_clock(0)
06-14 16:35:04.120   986  1172 I display : CPU set : Cluster(1), min_clock(0)
06-14 16:35:04.120   986  1172 I display : CPU set : Cluster(2), min_clock(0)
06-14 16:35:04.121  1096  1171 I VSyncReactor: Current= 120, Period= 60, hwcPeriod= 120
06-14 16:35:04.124   986  1053 I display : doDisplayConfigPostProcess needSetActiveConfig is true - mDesiredConfig: 2
06-14 16:35:04.124   986  1053 I display : setActiveConfig(config=2)
06-14 16:35:04.124   986  1053 I display : next config(2): width=1080 height=2400 period=16666666 Xdpi=391885 Ydpi=393290 groupId=0
06-14 16:35:04.124   986  1053 I display : Current VRR MODE is 3
06-14 16:35:04.124  1096  1171 I VSyncReactor: Current= 120, Period= 60, hwcPeriod= 120
06-14 16:35:04.130   986  1053 I display : config 8333333, desired 16666666
06-14 16:35:04.130  1096  1171 I VSyncReactor: Current= 120, Period= 60, hwcPeriod= 120
06-14 16:35:04.138  1096  1171 I VSyncReactor: Current= 120, Period= 60, hwcPeriod= 60
06-14 16:35:04.434  2264  2647 I BtGatt.ScanHelper: onScanResult to scannerId: 12- eventType=0x1b, addressType=1, address=XX:XX:XX:XX:21:1F, primaryPhy=1, secondaryPhy=0, advertisingSid=0xff, txPower=127, rssi=-39, periodicAdvInt=0x0
06-14 16:35:04.447  2264  2647 I BtGatt.ScanHelper: onScanResult to scannerId: 12- eventType=0x1b, addressType=1, address=XX:XX:XX:XX:C8:D2, primaryPhy=1, secondaryPhy=0, advertisingSid=0xff, txPower=127, rssi=-40, periodicAdvInt=0x0
06-14 16:35:04.464  2264  2647 I BtGatt.ScanHelper: onScanResult to scannerId: 12- eventType=0x1, addressType=1, address=XX:XX:XX:XX:42:E3, primaryPhy=1, secondaryPhy=1, advertisingSid=0x1, txPower=127, rssi=-46, periodicAdvInt=0x0
06-14 16:35:04.507  2264  2647 I BtGatt.ScanHelper: onScanResult to scannerId: 4- eventType=0x1b, addressType=0, address=XX:XX:XX:XX:01:95, primaryPhy=1, secondaryPhy=0, advertisingSid=0xff, txPower=127, rssi=-84, periodicAdvInt=0x0
06-14 16:35:04.527  2264  2647 I BtGatt.ScanHelper: onScanResult to scannerId: 12- eventType=0x1b, addressType=1, address=XX:XX:XX:XX:9E:F9, primaryPhy=1, secondaryPhy=0, advertisingSid=0xff, txPower=127, rssi=-51, periodicAdvInt=0x0
06-14 16:35:04.546  2264  2647 I BtGatt.ScanHelper: onScanResult to scannerId: 12- eventType=0x1, addressType=1, address=XX:XX:XX:XX:9D:EE, primaryPhy=1, secondaryPhy=1, advertisingSid=0x0, txPower=127, rssi=-37, periodicAdvInt=0x0
06-14 16:35:04.562  1385  3124 D FreecessController: com.microsoft.launcher(10346) is important[11]
06-14 16:35:04.569  2264  2647 I BtGatt.ScanHelper: onScanResult to scannerId: 12- eventType=0x1b, addressType=1, address=XX:XX:XX:XX:21:1F, primaryPhy=1, secondaryPhy=0, advertisingSid=0xff, txPower=127, rssi=-39, periodicAdvInt=0x0
06-14 16:35:04.579  2264  2647 I BtGatt.ScanHelper: onScanResult to scannerId: 12- eventType=0x1b, addressType=1, address=XX:XX:XX:XX:C8:D2, primaryPhy=1, secondaryPhy=0, advertisingSid=0xff, txPower=127, rssi=-40, periodicAdvInt=0x0
06-14 16:35:04.603  2264  2647 I BtGatt.ScanHelper: onScanResult to scannerId: 12- eventType=0x1, addressType=1, address=XX:XX:XX:XX:42:E3, primaryPhy=1, secondaryPhy=1, advertisingSid=0x1, txPower=127, rssi=-46, periodicAdvInt=0x0
06-14 16:35:05.151  1385  1495 E Watchdog: !@Sync: 2543 heap(MB): 159 / 193 FD: 1326 [2026-06-14 16:35:05.151]
06-14 16:35:05.451  4455  4455 I SDHMS:LOAD: type: LoadsFreqs, value: 0:0:0:533000:533000:533000:584739:1248000:533000:0:0:0
06-14 16:35:05.505 24327  9641 I NearbyConnections: EndpointManager send a KEEP_ALIVE frame (seqNum:8) and sleep 5000 for endpoint IVAG.
06-14 16:35:05.544 24327  9533 I NearbyConnections: EndpointManager received a KEEP_ALIVE frame (seqNum:8) and reply a KEEP_ALIVE frame with ack from endpoint X0AF on channel ENCRYPTED_WIFI_LAN.
06-14 16:35:05.588 24327  9634 I NearbyConnections: EndpointManager send a KEEP_ALIVE frame (seqNum:8) and sleep 5000 for endpoint X0AF.
06-14 16:35:05.687  1385  3376 D SemWifiUsabilityStatsMonitor: onWifiUsabilityStats - seqNum 16543, isSameBssidAndFreq true
06-14 16:35:05.689  1385  1910 I SemWifiLinkQualityMonitor: Link stat: 1488 / 251 / 1.42 (44) / 130 / -62.0 || 100.0 : 130.00 / 0.5 : 0.70 / 0.55 : 0.17 / B (G) || 94c098be5745: 0.148 / 54.000 /  / N || N N / 0 / Y 2.0 / Y 0 / 76331597 0
06-14 16:35:05.725 24327  9639 I NearbyConnections: EndpointManager received a KEEP_ALIVE frame (seqNum:8) and reply a KEEP_ALIVE frame with ack from endpoint IVAG on channel ENCRYPTED_WIFI_LAN.
06-14 16:35:05.739 24327  9639 I NearbyConnections: EndpointManager received a KEEP_ALIVE frame (seqNum:8) with ACK from endpoint IVAG on channel ENCRYPTED_WIFI_LAN.
06-14 16:35:05.740 24327  9533 I NearbyConnections: EndpointManager received a KEEP_ALIVE frame (seqNum:8) with ACK from endpoint X0AF on channel ENCRYPTED_WIFI_LAN.
06-14 16:35:05.839  1385  3124 I NSLocationMonitor: getGPSUsingApps() called
06-14 16:35:05.841  3123  3146 I NSLocationManager_FLP: getGPSUsingApps, No change
06-14 16:35:05.855  1385  3124 D FreecessController: com.google.android.adservices.api(state: Initial -> Frozen, Reason: Bg-refreeze)
06-14 16:35:05.856  1385  3124 D FreecessController: com.google.android.adservices.api is not MARs target, skip to freeze
06-14 16:35:05.900  2264  2647 I BtGatt.ScanHelper: onScanResult to scannerId: 12- eventType=0x1b, addressType=1, address=XX:XX:XX:XX:9E:F9, primaryPhy=1, secondaryPhy=0, advertisingSid=0xff, txPower=127, rssi=-48, periodicAdvInt=0x0
06-14 16:35:05.914  2264  2647 I BtGatt.ScanHelper: onScanResult to scannerId: 12- eventType=0x1, addressType=1, address=XX:XX:XX:XX:9D:EE, primaryPhy=1, secondaryPhy=1, advertisingSid=0x0, txPower=127, rssi=-38, periodicAdvInt=0x0
06-14 16:35:05.931  2264  2647 I BtGatt.ScanHelper: onScanResult to scannerId: 12- eventType=0x1b, addressType=1, address=XX:XX:XX:XX:6B:B3, primaryPhy=1, secondaryPhy=0, advertisingSid=0xff, txPower=127, rssi=-48, periodicAdvInt=0x0
06-14 16:35:06.016   677   677 D io_stats: !@   8,0 r 7858187 166940028 w 1479845 20479896 d 424573 97680916 f 0 0 iot 3058740 0 th 0 0 0 pt 0 inp 0 0 76331.924
06-14 16:35:06.064  2264  2647 I BtGatt.ScanHelper: onScanResult to scannerId: 12- eventType=0x1, addressType=1, address=XX:XX:XX:XX:9D:EE, primaryPhy=1, secondaryPhy=1, advertisingSid=0x0, txPower=127, rssi=-36, periodicAdvInt=0x0
06-14 16:35:06.073  2264  2647 I BtGatt.ScanHelper: onScanResult to scannerId: 12- eventType=0x1b, addressType=1, address=XX:XX:XX:XX:21:1F, primaryPhy=1, secondaryPhy=0, advertisingSid=0xff, txPower=127, rssi=-38, periodicAdvInt=0x0
06-14 16:35:06.081  2264  2647 I BtGatt.ScanHelper: onScanResult to scannerId: 12- eventType=0x10, addressType=1, address=XX:XX:XX:XX:16:BB, primaryPhy=1, secondaryPhy=0, advertisingSid=0xff, txPower=127, rssi=-91, periodicAdvInt=0x0
06-14 16:35:06.084 24327  9865 I NearbyConnections: Found BleAdvertisement [ 0x23 0x50 0x34 0x55 0x4d 0x11 0x32 0x5c 0xf8 0xe8 0x46 0x8f 0x17 0xd7 0x12 0x8d 0x3a 0x1b 0x90 0xc6 0x47 0x5c 0xf4 ] (with EndpointId P4UM and EndpointInfo [ 0x32 0x5c 0xf8 0xe8 0x46 0x8f 0x17 0xd7 0x12 0x8d 0x3a 0x1b 0x90 0xc6 0x47 0x5c 0xf4 ])
06-14 16:35:06.098 24327  9865 I NearbyConnections: ClientProxy(237100707 0p:com.google.android.gms.nearby.sharing) reporting onEndpointFound(P4UM)
06-14 16:35:06.099 24327  9865 I NearbyConnections: ClientProxy(237100707) reporting onEndpointDistanceChanged(P4UM, UNKNOWN)
06-14 16:35:06.101  2264  2647 I BtGatt.ScanHelper: onScanResult to scannerId: 4- eventType=0x1b, addressType=1, address=XX:XX:XX:XX:0B:31, primaryPhy=1, secondaryPhy=0, advertisingSid=0xff, txPower=127, rssi=-56, periodicAdvInt=0x0
06-14 16:35:06.101 24327  9864 I NearbySharing: NearbySharing Internal event EndpointDiscovered(endpointId=P4UM)
06-14 16:35:06.111  2264  2647 I BtGatt.ScanHelper: onScanResult to scannerId: 12- eventType=0x1, addressType=1, address=XX:XX:XX:XX:42:E3, primaryPhy=1, secondaryPhy=1, advertisingSid=0x1, txPower=127, rssi=-46, periodicAdvInt=0x0
06-14 16:35:06.156  2264  2647 I BtGatt.ScanHelper: onScanResult to scannerId: 4- eventType=0x1b, addressType=0, address=XX:XX:XX:XX:01:95, primaryPhy=1, secondaryPhy=0, advertisingSid=0xff, txPower=127, rssi=-86, periodicAdvInt=0x0
06-14 16:35:06.165  2264  2647 I BtGatt.ScanHelper: onScanResult to scannerId: 12- eventType=0x1b, addressType=1, address=XX:XX:XX:XX:9E:F9, primaryPhy=1, secondaryPhy=0, advertisingSid=0xff, txPower=127, rssi=-48, periodicAdvInt=0x0
06-14 16:35:06.377  1075  1236 I EDEN    : [Exynos][EDEN][v1.6.23][SERVICE] processAliveMointorMain:253: Try to check pid=(1020)...
06-14 16:35:06.727  3090  3090 I ContentFeedManager: initSyncRunnable called
06-14 16:35:06.728  3090  3090 I WearableDeviceFactory: getConnectedDeviceIdByType()::deviceType = Gear, size = 0
06-14 16:35:06.728  3090  3090 I ContentFeedManager: getmDeviceId: device id: null
06-14 16:35:06.728  3090  3090 I WearableDeviceFactory: getConnectedDeviceIdByType()::deviceType = Gear, size = 0
06-14 16:35:06.728  3090  3090 I ContentFeedManager: getmDeviceId: device id: null
06-14 16:35:06.728  3090  3090 I ContentFeedManager: initSyncManagersAndSyncIfRequired: deviceid null
06-14 16:35:06.728  3090  3090 I ContentFeedManager: initSyncRunnable initialized
06-14 16:35:07.399  2264  2647 I BtGatt.ScanHelper: onScanResult to scannerId: 12- eventType=0x1, addressType=1, address=XX:XX:XX:XX:9D:EE, primaryPhy=1, secondaryPhy=1, advertisingSid=0x0, txPower=127, rssi=-38, periodicAdvInt=0x0
06-14 16:35:07.465  2264  2647 I BtGatt.ScanHelper: onScanResult to scannerId: 9- eventType=0x13, addressType=0, address=XX:XX:XX:XX:04:6B, primaryPhy=1, secondaryPhy=0, advertisingSid=0xff, txPower=127, rssi=-87, periodicAdvInt=0x0
06-14 16:35:07.466  2264  2647 I BtGatt.ScanHelper: onScanResult to scannerId: 12- eventType=0x1b, addressType=1, address=XX:XX:XX:XX:C8:D2, primaryPhy=1, secondaryPhy=0, advertisingSid=0xff, txPower=127, rssi=-38, periodicAdvInt=0x0
06-14 16:35:07.474  2264  2647 I BtGatt.ScanHelper: onScanResult to scannerId: 4- eventType=0x1b, addressType=1, address=XX:XX:XX:XX:0B:31, primaryPhy=1, secondaryPhy=0, advertisingSid=0xff, txPower=127, rssi=-57, periodicAdvInt=0x0
06-14 16:35:07.495  2264  2647 I BtGatt.ScanHelper: onScanResult to scannerId: 1- eventType=0x1b, addressType=0, address=XX:XX:XX:XX:01:95, primaryPhy=1, secondaryPhy=0, advertisingSid=0xff, txPower=127, rssi=-78, periodicAdvInt=0x0
06-14 16:35:07.495  2264  2647 I BtGatt.ScanHelper: onScanResult to scannerId: 6- eventType=0x1b, addressType=0, address=XX:XX:XX:XX:01:95, primaryPhy=1, secondaryPhy=0, advertisingSid=0xff, txPower=127, rssi=-78, periodicAdvInt=0x0
06-14 16:35:07.498  9239  9590 I [+0900]oneconnect[1.8.45.24_01][CORE]: DataConvert.parseBleVd - deviceBle : |name:($)-6(8)|deviceType:TV|discoverType:_BLE|services:_TvSoundToMobile|connected:false[TvStatusString]POWER_ON[TvStatus]1[TvService]118[TvMirrorChannel]1[TvRegisteredDB][-98, 100, 53, -14, 115, -55][TvYear]2016[TvOcfInfo]0[TvAcmStatus]0[ExTvStatus]0[ExtendedStatus]-1[ModuloSn]-1
06-14 16:35:07.531  2264  2647 I BtGatt.ScanHelper: onScanResult to scannerId: 12- eventType=0x1, addressType=1, address=XX:XX:XX:XX:9D:EE, primaryPhy=1, secondaryPhy=1, advertisingSid=0x0, txPower=127, rssi=-37, periodicAdvInt=0x0
06-14 16:35:07.558  2264  2647 I BtGatt.ScanHelper: onScanResult to scannerId: 12- eventType=0x1b, addressType=1, address=XX:XX:XX:XX:21:1F, primaryPhy=1, secondaryPhy=0, advertisingSid=0xff, txPower=127, rssi=-39, periodicAdvInt=0x0
06-14 16:35:07.559  2264  2647 I BtGatt.ScanHelper: onScanResult to scannerId: 12- eventType=0x1b, addressType=1, address=XX:XX:XX:XX:6B:B3, primaryPhy=1, secondaryPhy=0, advertisingSid=0xff, txPower=127, rssi=-42, periodicAdvInt=0x0
06-14 16:35:07.661  2070  2070 I wpa_supplicant: Heartbeat 7368
06-14 16:35:08.017   677   677 D io_stats: !@ Write_top(KB): kworker/u16:14(5219) 20
06-14 16:35:08.435  1385  3124 D FreecessController: com.microsoft.teams(10613) is important[18]
06-14 16:35:08.813  1385  3376 D SemWifiUsabilityStatsMonitor: onWifiUsabilityStats - seqNum 16544, isSameBssidAndFreq true
06-14 16:35:08.815  1385  1910 I SemWifiLinkQualityMonitor: Link stat: 1219 / 184 / 2.29 (78) / 130 / -60.0 || 100.0 : 130.00 / 0.5 : 0.44 / B (B) || 94c098be5745: 0.377 / 21.193 /  / N || N N / 0 / Y 2.0 / Y 0 / 76334722 0
06-14 16:35:08.913  2264  2647 I BtGatt.ScanHelper: onScanResult to scannerId: 12- eventType=0x1b, addressType=1, address=XX:XX:XX:XX:21:1F, primaryPhy=1, secondaryPhy=0, advertisingSid=0xff, txPower=127, rssi=-39, periodicAdvInt=0x0
06-14 16:35:08.960  2264  2647 I BtGatt.ScanHelper: onScanResult to scannerId: 12- eventType=0x1b, addressType=1, address=XX:XX:XX:XX:C8:D2, primaryPhy=1, secondaryPhy=0, advertisingSid=0xff, txPower=127, rssi=-39, periodicAdvInt=0x0
06-14 16:35:08.963  2264  2647 I BtGatt.ScanHelper: onScanResult to scannerId: 4- eventType=0x1b, addressType=0, address=XX:XX:XX:XX:01:95, primaryPhy=1, secondaryPhy=0, advertisingSid=0xff, txPower=127, rssi=-84, periodicAdvInt=0x0
06-14 16:35:08.965  2264  2647 I BtGatt.ScanHelper: onScanResult to scannerId: 12- eventType=0x1b, addressType=1, address=XX:XX:XX:XX:6B:B3, primaryPhy=1, secondaryPhy=0, advertisingSid=0xff, txPower=127, rssi=-51, periodicAdvInt=0x0
06-14 16:35:08.980  2264  2647 I BtGatt.ScanHelper: onScanResult to scannerId: 12- eventType=0x1, addressType=1, address=XX:XX:XX:XX:42:E3, primaryPhy=1, secondaryPhy=1, advertisingSid=0x1, txPower=127, rssi=-46, periodicAdvInt=0x0
06-14 16:35:09.564  1385  3124 D FreecessController: com.microsoft.launcher(10346) is important[11]
06-14 16:35:10.218  7439  7439 I artd    : Dex parent of /data/app/~~UQ2yZusovHDFR-XKg6le6Q==/com.babcross.app-lGAkz_oO2fctMzI05pi89w==/base.apk is not writable: Permission denied
06-14 16:35:10.218  7439  7439 I artd    : GetBestInfo checking odex in dalvik-cache (/data/dalvik-cache/arm64/data@app@~~UQ2yZusovHDFR-XKg6le6Q==@com.babcross.app-lGAkz_oO2fctMzI05pi89w==@base.apk@classes.dex)
06-14 16:35:10.218  7439  7439 I artd    : Loading /data/dalvik-cache/arm64/data@app@~~UQ2yZusovHDFR-XKg6le6Q==@com.babcross.app-lGAkz_oO2fctMzI05pi89w==@base.apk@classes.dex with executable: 0
06-14 16:35:10.220  7439  7439 I artd    : OatFileAssistant test for existing oat file /data/dalvik-cache/arm64/data@app@~~UQ2yZusovHDFR-XKg6le6Q==@com.babcross.app-lGAkz_oO2fctMzI05pi89w==@base.apk@classes.dex: File /data/dalvik-cache/arm64/data@app@~~UQ2yZusovHDFR-XKg6le6Q==@com.babcross.app-lGAkz_oO2fctMzI05pi89w==@base.apk@classes.vdex does not exist.
06-14 16:35:10.220  7439  7439 I artd    : GetBestInfo checking odex next to the dex file (/data/app/~~UQ2yZusovHDFR-XKg6le6Q==/com.babcross.app-lGAkz_oO2fctMzI05pi89w==/oat/arm64/base.odex)
06-14 16:35:10.220  7439  7439 I artd    : Loading /data/app/~~UQ2yZusovHDFR-XKg6le6Q==/com.babcross.app-lGAkz_oO2fctMzI05pi89w==/oat/arm64/base.odex with executable: 0
06-14 16:35:10.220  7439  7439 I artd    : OatFileAssistant test for existing oat file /data/app/~~UQ2yZusovHDFR-XKg6le6Q==/com.babcross.app-lGAkz_oO2fctMzI05pi89w==/oat/arm64/base.odex: File /data/app/~~UQ2yZusovHDFR-XKg6le6Q==/com.babcross.app-lGAkz_oO2fctMzI05pi89w==/oat/arm64/base.vdex does not exist.
06-14 16:35:10.220  7439  7439 I artd    : GetBestInfo checking vdex in dalvik-cache (/data/dalvik-cache/arm64/data@app@~~UQ2yZusovHDFR-XKg6le6Q==@com.babcross.app-lGAkz_oO2fctMzI05pi89w==@base.apk@classes.vdex)
06-14 16:35:10.220  7439  7439 I artd    : unable to open vdex file /data/dalvik-cache/arm64/data@app@~~UQ2yZusovHDFR-XKg6le6Q==@com.babcross.app-lGAkz_oO2fctMzI05pi89w==@base.apk@classes.vdex: File /data/dalvik-cache/arm64/data@app@~~UQ2yZusovHDFR-XKg6le6Q==@com.babcross.app-lGAkz_oO2fctMzI05pi89w==@base.apk@classes.vdex does not exist.
06-14 16:35:10.220  7439  7439 I artd    : OatFileAssistant test for existing oat file /data/dalvik-cache/arm64/data@app@~~UQ2yZusovHDFR-XKg6le6Q==@com.babcross.app-lGAkz_oO2fctMzI05pi89w==@base.apk@classes.vdex: File /data/dalvik-cache/arm64/data@app@~~UQ2yZusovHDFR-XKg6le6Q==@com.babcross.app-lGAkz_oO2fctMzI05pi89w==@base.apk@classes.vdex does not exist.
06-14 16:35:10.220  7439  7439 I artd    : GetBestInfo checking vdex next to the dex file (/data/app/~~UQ2yZusovHDFR-XKg6le6Q==/com.babcross.app-lGAkz_oO2fctMzI05pi89w==/oat/arm64/base.vdex)
06-14 16:35:10.220  7439  7439 I artd    : unable to open vdex file /data/app/~~UQ2yZusovHDFR-XKg6le6Q==/com.babcross.app-lGAkz_oO2fctMzI05pi89w==/oat/arm64/base.vdex: File /data/app/~~UQ2yZusovHDFR-XKg6le6Q==/com.babcross.app-lGAkz_oO2fctMzI05pi89w==/oat/arm64/base.vdex does not exist.
06-14 16:35:10.220  7439  7439 I artd    : OatFileAssistant test for existing oat file /data/app/~~UQ2yZusovHDFR-XKg6le6Q==/com.babcross.app-lGAkz_oO2fctMzI05pi89w==/oat/arm64/base.vdex: File /data/app/~~UQ2yZusovHDFR-XKg6le6Q==/com.babcross.app-lGAkz_oO2fctMzI05pi89w==/oat/arm64/base.vdex does not exist.
06-14 16:35:10.220  7439  7439 I artd    : GetBestInfo checking dm (/data/app/~~UQ2yZusovHDFR-XKg6le6Q==/com.babcross.app-lGAkz_oO2fctMzI05pi89w==/base.dm)
06-14 16:35:10.220  7439  7439 W ziparchive: Unable to open '/data/app/~~UQ2yZusovHDFR-XKg6le6Q==/com.babcross.app-lGAkz_oO2fctMzI05pi89w==/base.dm': No such file or directory
06-14 16:35:10.220  7439  7439 I artd    : OatFileAssistant test for existing oat file /data/app/~~UQ2yZusovHDFR-XKg6le6Q==/com.babcross.app-lGAkz_oO2fctMzI05pi89w==/base.dm: I/O error
06-14 16:35:10.220  7439  7439 I artd    : GetBestInfo checking dm (/data/app/~~UQ2yZusovHDFR-XKg6le6Q==/com.babcross.app-lGAkz_oO2fctMzI05pi89w==/base.dm)
06-14 16:35:10.220  7439  7439 W ziparchive: Unable to open '/data/app/~~UQ2yZusovHDFR-XKg6le6Q==/com.babcross.app-lGAkz_oO2fctMzI05pi89w==/base.dm': No such file or directory
06-14 16:35:10.220  7439  7439 I artd    : OatFileAssistant test for existing oat file /data/app/~~UQ2yZusovHDFR-XKg6le6Q==/com.babcross.app-lGAkz_oO2fctMzI05pi89w==/base.dm: I/O error
06-14 16:35:10.220  7439  7439 I artd    : GetBestInfo no usable artifacts
06-14 16:35:10.222  1385  2162 D PU_Storage: Load {"com.android.settings":63,"com.ss.android.ugc.tiktok.lite":78,"com.sec.android.app.sbrowser":104,"com.sec.android.easyMover":106,"com.sec.android.app.shealth":110,"com.samsung.android.samsungpass":119,"com.samsung.android.messaging":123,"com.google.android.apps.photos":127,"com.google.android.gm":128,"com.samsung.android.bixby.agent":131,"com.samsung.android.app.watchmanager":135,"com.google.android.googlequicksearchbox":138,"com.samsung.android.app.notes":139,"com.samsung.android.app.contacts":143,"com.android.vending":147,"com.lguplus.appstore":151,"net.orizinal.subway":159}
06-14 16:35:10.224  1385  2162 D PU_Storage: com.android.settings 63
06-14 16:35:10.224  1385  2162 D PU_Storage: com.ss.android.ugc.tiktok.lite 78
06-14 16:35:10.224  1385  2162 D PU_Storage: com.sec.android.app.sbrowser 104
06-14 16:35:10.224  1385  2162 D PU_Storage: com.sec.android.easyMover 106
06-14 16:35:10.224  1385  2162 D PU_Storage: com.sec.android.app.shealth 110
06-14 16:35:10.224  1385  2162 D PU_Storage: com.samsung.android.samsungpass 119
06-14 16:35:10.224  1385  2162 D PU_Storage: com.samsung.android.messaging 123
06-14 16:35:10.224  1385  2162 D PU_Storage: com.google.android.apps.photos 127
06-14 16:35:10.224  1385  2162 D PU_Storage: com.google.android.gm 128
06-14 16:35:10.224  1385  2162 D PU_Storage: com.samsung.android.bixby.agent 131
06-14 16:35:10.224  1385  2162 D PU_Storage: com.samsung.android.app.watchmanager 135
06-14 16:35:10.224  1385  2162 D PU_Storage: com.google.android.googlequicksearchbox 138
06-14 16:35:10.224  1385  2162 D PU_Storage: com.samsung.android.app.notes 139
06-14 16:35:10.224  1385  2162 D PU_Storage: com.samsung.android.app.contacts 143
06-14 16:35:10.224  1385  2162 D PU_Storage: com.android.vending 147
06-14 16:35:10.224  1385  2162 D PU_Storage: com.lguplus.appstore 151
06-14 16:35:10.224  1385  2162 D PU_Storage: net.orizinal.subway 159
06-14 16:35:10.226  1385  2162 I HeimdAllFS: DEBUG: TRUE Dry-run: FALSE Last-run: 260614 mForceService: FALSE mForceDefragService: FALSE mForceCompressService:  mIsUserTrial: false
06-14 16:35:10.227  1385  2162 I BinderCallsStats: This is dumpsys command...from (uid: 2000) We will not add it into HashMap
06-14 16:35:10.304  2264  2647 I BtGatt.ScanHelper: onScanResult to scannerId: 12- eventType=0x1b, addressType=1, address=XX:XX:XX:XX:21:1F, primaryPhy=1, secondaryPhy=0, advertisingSid=0xff, txPower=127, rssi=-38, periodicAdvInt=0x0
06-14 16:35:10.312  2264  2647 I BtGatt.ScanHelper: onScanResult to scannerId: 12- eventType=0x1b, addressType=1, address=XX:XX:XX:XX:C8:D2, primaryPhy=1, secondaryPhy=0, advertisingSid=0xff, txPower=127, rssi=-38, periodicAdvInt=0x0
06-14 16:35:10.319  2264  2647 I BtGatt.ScanHelper: onScanResult to scannerId: 12- eventType=0x1b, addressType=1, address=XX:XX:XX:XX:6B:B3, primaryPhy=1, secondaryPhy=0, advertisingSid=0xff, txPower=127, rssi=-48, periodicAdvInt=0x0
06-14 16:35:10.359  2264  2647 I BtGatt.ScanHelper: onScanResult to scannerId: 12- eventType=0x1, addressType=1, address=XX:XX:XX:XX:42:E3, primaryPhy=1, secondaryPhy=1, advertisingSid=0x1, txPower=127, rssi=-46, periodicAdvInt=0x0
06-14 16:35:10.369  2264  2647 I BtGatt.ScanHelper: onScanResult to scannerId: 4- eventType=0x1b, addressType=0, address=XX:XX:XX:XX:01:95, primaryPhy=1, secondaryPhy=0, advertisingSid=0xff, txPower=127, rssi=-80, periodicAdvInt=0x0
06-14 16:35:10.395  2264  2647 I BtGatt.ScanHelper: onScanResult to scannerId: 4- eventType=0x1b, addressType=1, address=XX:XX:XX:XX:71:17, primaryPhy=1, secondaryPhy=0, advertisingSid=0xff, txPower=127, rssi=-67, periodicAdvInt=0x0
06-14 16:35:10.403  2264  2647 I BtGatt.ScanHelper: onScanResult to scannerId: 12- eventType=0x1, addressType=1, address=XX:XX:XX:XX:9D:EE, primaryPhy=1, secondaryPhy=1, advertisingSid=0x0, txPower=127, rssi=-37, periodicAdvInt=0x0
06-14 16:35:10.433  2264  2647 I BtGatt.ScanHelper: onScanResult to scannerId: 12- eventType=0x1b, addressType=1, address=XX:XX:XX:XX:21:1F, primaryPhy=1, secondaryPhy=0, advertisingSid=0xff, txPower=127, rssi=-38, periodicAdvInt=0x0
06-14 16:35:10.453  2264  2647 I BtGatt.ScanHelper: onScanResult to scannerId: 12- eventType=0x1b, addressType=1, address=XX:XX:XX:XX:C8:D2, primaryPhy=1, secondaryPhy=0, advertisingSid=0xff, txPower=127, rssi=-38, periodicAdvInt=0x0
06-14 16:35:10.457  2264  2647 I BtGatt.ScanHelper: onScanResult to scannerId: 12- eventType=0x1b, addressType=1, address=XX:XX:XX:XX:6B:B3, primaryPhy=1, secondaryPhy=0, advertisingSid=0xff, txPower=127, rssi=-47, periodicAdvInt=0x0
06-14 16:35:10.473  2264  2647 I BtGatt.ScanHelper: onScanResult to scannerId: 4- eventType=0x1b, addressType=0, address=XX:XX:XX:XX:01:95, primaryPhy=1, secondaryPhy=0, advertisingSid=0xff, txPower=127, rssi=-79, periodicAdvInt=0x0
06-14 16:35:10.512 24327  9641 I NearbyConnections: EndpointManager send a KEEP_ALIVE frame (seqNum:9) and sleep 5000 for endpoint IVAG.
06-14 16:35:10.543 24327  9533 I NearbyConnections: EndpointManager received a KEEP_ALIVE frame (seqNum:9) and reply a KEEP_ALIVE frame with ack from endpoint X0AF on channel ENCRYPTED_WIFI_LAN.
06-14 16:35:10.594 24327  9634 I NearbyConnections: EndpointManager send a KEEP_ALIVE frame (seqNum:9) and sleep 5000 for endpoint X0AF.
06-14 16:35:10.692 24327  8090 I NearbyMediums: Found Fast Ble Advertisements :
06-14 16:35:10.692 24327  8090 I NearbyMediums: BleAdvertisement { version=2, socketVersion=2, isFast=true, serviceIdHash=null, data=[ 0x23 0x59 0x4d 0x4b 0x57 0x11 0x32 0x0e 0x35 0x22 0xd5 0x39 0xb4 0xec 0xa6 0x24 0x02 0xcb 0xdc 0x46 0x18 0x4d 0x45 ], deviceToken=[ 0x9c 0x22 ], rxAdvertisement=null } : 7 times.
06-14 16:35:10.692 24327  8090 I NearbyMediums: BleAdvertisement { version=2, socketVersion=2, isFast=true, serviceIdHash=null, data=[ 0x23 0x50 0x34 0x55 0x4d 0x11 0x32 0x5c 0xf8 0xe8 0x46 0x8f 0x17 0xd7 0x12 0x8d 0x3a 0x1b 0x90 0xc6 0x47 0x5c 0xf4 ], deviceToken=[ 0x65 0xff ], rxAdvertisement=null } : 1 times.
06-14 16:35:10.692 24327  8090 I NearbyMediums: BleAdvertisement { version=2, socketVersion=2, isFast=true, serviceIdHash=null, data=[ 0x23 0x39 0x53 0x43 0x4c 0x11 0x32 0x67 0x6e 0xed 0xaa 0x7e 0x7d 0xf5 0x86 0x39 0xf3 0xb6 0x57 0x27 0x3c 0x6f 0x8d ], deviceToken=[ 0xc3 0x16 ], rxAdvertisement=[ 0xa0 0x17 0x1c 0x21 0x82 0x6a 0xaf 0xff 0xef 0xb9 0xf0 0x10 0xb3 0x02 0x5b 0x63 0x20 0x95 0x43 0x6e 0x4b 0xe4 0xeb 0x38 0x7f 0x05 0x7c 0xe4 0xbc 0xaf 0xc2 0xff 0x7b 0x6f 0x84 0x15 0x05 0x7f 0x1f 0x00 0x84 0x15 0x06 0x61 0x1f 0x00 0x84 0x15 0x04 0x7f 0xff 0x1f 0x84 0x15 0x07 0x61 0x1f 0x00 0x83 0x15 0x01 0x09 0xa8 ] } : 8 times.
06-14 16:35:10.692 24327  8090 I NearbyMediums: Total 16 fast advertisements from 3 unique advertisers.
06-14 16:35:10.692 24327  8090 I NearbyMediums: Current Tracked Scanning Clients are : {NearbyConnections.EnvironmentMonitor, NearbySharing, NearbyConnections.TxAdvertisement}
06-14 16:35:10.709 24327  9639 I NearbyConnections: EndpointManager received a KEEP_ALIVE frame (seqNum:9) and reply a KEEP_ALIVE frame with ack from endpoint IVAG on channel ENCRYPTED_WIFI_LAN.
06-14 16:35:10.719 24327  9533 I NearbyConnections: EndpointManager received a KEEP_ALIVE frame (seqNum:9) with ACK from endpoint X0AF on channel ENCRYPTED_WIFI_LAN.
06-14 16:35:10.720 24327  9639 I NearbyConnections: EndpointManager received a KEEP_ALIVE frame (seqNum:9) with ACK from endpoint IVAG on channel ENCRYPTED_WIFI_LAN.
06-14 16:35:11.379  1075  1236 I EDEN    : [Exynos][EDEN][v1.6.23][SERVICE] processAliveMointorMain:253: Try to check pid=(1020)...
06-14 16:35:11.634  3181  3181 I adbd    : New TLS connection [fd=21]
06-14 16:35:11.636  3181  9880 I adbd    : host-21: write thread spawning
06-14 16:35:11.636  3181  9879 I adbd    : host-21: read thread spawning
06-14 16:35:11.636  3181  9879 I adbd    : host-21: read failed: Success
06-14 16:35:11.636  3181  9879 I adbd    : host-21: connection terminated: read failed
06-14 16:35:11.637  3181  3181 I adbd    : host-21: already offline
06-14 16:35:11.637  3181  3181 I adbd    : destroying transport host-21
06-14 16:35:11.637  3181  3181 I adbd    : BlockingConnectionAdapter(host-21): stopping
06-14 16:35:11.638  3181  3181 I adbd    : BlockingConnectionAdapter(host-21): stopped
06-14 16:35:11.638  3181  3181 I adbd    : BlockingConnectionAdapter(host-21): destructing
06-14 16:35:11.638  3181  3181 I adbd    : BlockingConnectionAdapter(host-21): already stopped
06-14 16:35:11.764  2264  2647 I BtGatt.ScanHelper: onScanResult to scannerId: 12- eventType=0x1, addressType=1, address=XX:XX:XX:XX:9D:EE, primaryPhy=1, secondaryPhy=1, advertisingSid=0x0, txPower=127, rssi=-38, periodicAdvInt=0x0
06-14 16:35:11.810  2264  2647 I BtGatt.ScanHelper: onScanResult to scannerId: 12- eventType=0x1b, addressType=1, address=XX:XX:XX:XX:21:1F, primaryPhy=1, secondaryPhy=0, advertisingSid=0xff, txPower=127, rssi=-38, periodicAdvInt=0x0
06-14 16:35:11.811  2264  2647 I BtGatt.ScanHelper: onScanResult to scannerId: 12- eventType=0x1b, addressType=1, address=XX:XX:XX:XX:C8:D2, primaryPhy=1, secondaryPhy=0, advertisingSid=0xff, txPower=127, rssi=-38, periodicAdvInt=0x0
06-14 16:35:11.827  2264  2647 I BtGatt.ScanHelper: onScanResult to scannerId: 12- eventType=0x1b, addressType=1, address=XX:XX:XX:XX:6B:B3, primaryPhy=1, secondaryPhy=0, advertisingSid=0xff, txPower=127, rssi=-44, periodicAdvInt=0x0
06-14 16:35:11.857  1385  3124 I NSLocationMonitor: getGPSUsingApps() called
06-14 16:35:11.857  1385  3376 D SemWifiUsabilityStatsMonitor: onWifiUsabilityStats - seqNum 16545, isSameBssidAndFreq true
06-14 16:35:11.858  3123  3146 I NSLocationManager_FLP: getGPSUsingApps, No change
06-14 16:35:11.860  1385  1910 I SemWifiLinkQualityMonitor: Link stat: 1485 / 267 / 1.32 (50) / 130 / -59.0 || 100.0 : 130.00 / 0.5 : 0.76 / 0.55 : 0.18 / B (G) || 94c098be5745: 0.149 / 53.576 /  / N || N N / 0 / Y 2.0 / Y 0 / 76337767 0
06-14 16:35:11.867  1385  3124 D FreecessController: com.google.android.adservices.api(state: Initial -> Frozen, Reason: Bg-refreeze)
06-14 16:35:11.868  1385  3124 D FreecessController: com.google.android.adservices.api is not MARs target, skip to freeze
06-14 16:35:11.870  2264  2647 I BtGatt.ScanHelper: onScanResult to scannerId: 4- eventType=0x1b, addressType=1, address=XX:XX:XX:XX:0B:31, primaryPhy=1, secondaryPhy=0, advertisingSid=0xff, txPower=127, rssi=-56, periodicAdvInt=0x0
06-14 16:35:11.892  2264  2647 I BtGatt.ScanHelper: onScanResult to scannerId: 12- eventType=0x1b, addressType=1, address=XX:XX:XX:XX:9E:F9, primaryPhy=1, secondaryPhy=0, advertisingSid=0xff, txPower=127, rssi=-44, periodicAdvInt=0x0
06-14 16:35:11.895  2264  2647 I BtGatt.ScanHelper: onScanResult to scannerId: 12- eventType=0x1, addressType=1, address=XX:XX:XX:XX:9D:EE, primaryPhy=1, secondaryPhy=1, advertisingSid=0x0, txPower=127, rssi=-37, periodicAdvInt=0x0
06-14 16:35:11.949  2264  2647 I BtGatt.ScanHelper: onScanResult to scannerId: 12- eventType=0x1b, addressType=1, address=XX:XX:XX:XX:C8:D2, primaryPhy=1, secondaryPhy=0, advertisingSid=0xff, txPower=127, rssi=-38, periodicAdvInt=0x0
06-14 16:35:11.951  2264  2647 I BtGatt.ScanHelper: onScanResult to scannerId: 12- eventType=0x1b, addressType=1, address=XX:XX:XX:XX:21:1F, primaryPhy=1, secondaryPhy=0, advertisingSid=0xff, txPower=127, rssi=-38, periodicAdvInt=0x0
06-14 16:35:12.019   677   677 D io_stats: !@   8,0 r 7858191 166940076 w 1479845 20479896 d 424573 97680916 f 0 0 iot 3058756 0 th 0 0 0 pt 0 inp 0 0 76337.928
06-14 16:35:12.020   677   677 D io_stats: !@ Read_top(KB): sh(9875) 40 binder:7439_2(7439) 8
06-14 16:35:13.231  2264  2647 I BtGatt.ScanHelper: onScanResult to scannerId: 1- eventType=0x1b, addressType=0, address=XX:XX:XX:XX:01:95, primaryPhy=1, secondaryPhy=0, advertisingSid=0xff, txPower=127, rssi=-87, periodicAdvInt=0x0
06-14 16:35:13.232  2264  2647 I BtGatt.ScanHelper: onScanResult to scannerId: 6- eventType=0x1b, addressType=0, address=XX:XX:XX:XX:01:95, primaryPhy=1, secondaryPhy=0, advertisingSid=0xff, txPower=127, rssi=-87, periodicAdvInt=0x0
06-14 16:35:13.235  9239  9590 I [+0900]oneconnect[1.8.45.24_01][CORE]: DataConvert.parseBleVd - deviceBle : |name:($)-6(8)|deviceType:TV|discoverType:_BLE|services:_TvSoundToMobile|connected:false[TvStatusString]POWER_ON[TvStatus]1[TvService]118[TvMirrorChannel]1[TvRegisteredDB][-98, 100, 53, -14, 115, -55][TvYear]2016[TvOcfInfo]0[TvAcmStatus]0[ExTvStatus]0[ExtendedStatus]-1[ModuloSn]-1
06-14 16:35:13.241  2264  2647 I BtGatt.ScanHelper: onScanResult to scannerId: 12- eventType=0x1, addressType=1, address=XX:XX:XX:XX:42:E3, primaryPhy=1, secondaryPhy=1, advertisingSid=0x1, txPower=127, rssi=-46, periodicAdvInt=0x0
06-14 16:35:13.254  2264  2647 I BtGatt.ScanHelper: onScanResult to scannerId: 12- eventType=0x1, addressType=1, address=XX:XX:XX:XX:9D:EE, primaryPhy=1, secondaryPhy=1, advertisingSid=0x0, txPower=127, rssi=-37, periodicAdvInt=0x0
06-14 16:35:13.268  2264  2647 I BtGatt.ScanHelper: onScanResult to scannerId: 12- eventType=0x1b, addressType=1, address=XX:XX:XX:XX:9E:F9, primaryPhy=1, secondaryPhy=0, advertisingSid=0xff, txPower=127, rssi=-50, periodicAdvInt=0x0
06-14 16:35:13.299  2264  2647 I BtGatt.ScanHelper: onScanResult to scannerId: 12- eventType=0x1b, addressType=1, address=XX:XX:XX:XX:C8:D2, primaryPhy=1, secondaryPhy=0, advertisingSid=0xff, txPower=127, rssi=-40, periodicAdvInt=0x0
06-14 16:35:13.327  2264  2647 I BtGatt.ScanHelper: onScanResult to scannerId: 12- eventType=0x1b, addressType=1, address=XX:XX:XX:XX:21:1F, primaryPhy=1, secondaryPhy=0, advertisingSid=0xff, txPower=127, rssi=-39, periodicAdvInt=0x0
06-14 16:35:13.349  2264  2647 I BtGatt.ScanHelper: onScanResult to scannerId: 12- eventType=0x1b, addressType=1, address=XX:XX:XX:XX:6B:B3, primaryPhy=1, secondaryPhy=0, advertisingSid=0xff, txPower=127, rssi=-50, periodicAdvInt=0x0
06-14 16:35:13.395  2264  2647 I BtGatt.ScanHelper: onScanResult to scannerId: 4- eventType=0x1b, addressType=1, address=XX:XX:XX:XX:71:17, primaryPhy=1, secondaryPhy=0, advertisingSid=0xff, txPower=127, rssi=-68, periodicAdvInt=0x0
06-14 16:35:13.404  1096  1171 I VSyncReactor: Current= 60, Period= 120, hwcPeriod= 60
06-14 16:35:13.404  2264  2647 I BtGatt.ScanHelper: onScanResult to scannerId: 12- eventType=0x1b, addressType=1, address=XX:XX:XX:XX:9E:F9, primaryPhy=1, secondaryPhy=0, advertisingSid=0xff, txPower=127, rssi=-50, periodicAdvInt=0x0
06-14 16:35:13.406  2264  2647 I BtGatt.ScanHelper: onScanResult to scannerId: 12- eventType=0x1, addressType=1, address=XX:XX:XX:XX:9D:EE, primaryPhy=1, secondaryPhy=1, advertisingSid=0x0, txPower=127, rssi=-38, periodicAdvInt=0x0
06-14 16:35:13.417  1096  1096 I LayerHistory: com.babcross.app/com.babcross.app.MainActivity$_9487#5646 Max (can't resolve refresh rate)
06-14 16:35:13.417  1096  1096 I SurfaceFlinger: scored - choose 120.00 Hz
06-14 16:35:13.418  2264  2346 I bluetooth: system/gd/hci/le_scanning_reassembler.cc:58 ProcessAdvertisingReport: Ignoring scan response received without advertising event
06-14 16:35:13.418  2264  2647 I BtGatt.ScanHelper: onScanResult to scannerId: 9- eventType=0x13, addressType=0, address=XX:XX:XX:XX:04:6B, primaryPhy=1, secondaryPhy=0, advertisingSid=0xff, txPower=127, rssi=-92, periodicAdvInt=0x0
06-14 16:35:13.419  1096  1096 I HWComposer: [4633128672291735937] ActiveConfigToHWC, ID : 0
06-14 16:35:13.420   986  1172 I display : Set Affinity config for fps(120) : 0, cpuIDs : 255
06-14 16:35:13.420   986  1172 I display : Set Affinity CPU ID : 0
06-14 16:35:13.420   986  1172 I display : Set Affinity CPU ID : 1
06-14 16:35:13.420   986  1172 I display : Set Affinity CPU ID : 2
06-14 16:35:13.420   986  1172 I display : Set Affinity CPU ID : 3
06-14 16:35:13.420   986  1172 I display : Set Affinity CPU ID : 4
06-14 16:35:13.420   986  1172 I display : Set Affinity CPU ID : 5
06-14 16:35:13.420   986  1172 I display : Set Affinity CPU ID : 6
06-14 16:35:13.420   986  1172 I display : Set Affinity CPU ID : 7
06-14 16:35:13.421   986  1172 I display : Set affinity HWC : 986
06-14 16:35:13.422   986  1172 I display : CPU set : Cluster(0), min_clock(0)
06-14 16:35:13.422   986  1172 I display : CPU set : Cluster(1), min_clock(0)
06-14 16:35:13.422   986  1172 I display : CPU set : Cluster(2), min_clock(0)
06-14 16:35:13.423  1096  1171 I VSyncReactor: Current= 60, Period= 120, hwcPeriod= 60
06-14 16:35:13.436   986  1053 I display : doDisplayConfigPostProcess needSetActiveConfig is true - mDesiredConfig: 0
06-14 16:35:13.437   986  1053 I display : setActiveConfig(config=0)
06-14 16:35:13.437   986  1053 I display : next config(0): width=1080 height=2400 period=8333333 Xdpi=391885 Ydpi=393290 groupId=0
06-14 16:35:13.437   986  1053 I display : Current VRR MODE is 3
06-14 16:35:13.437  1096  1171 I VSyncReactor: Current= 60, Period= 120, hwcPeriod= 60
06-14 16:35:13.437  1385  3124 D FreecessController: com.microsoft.teams(10613) is important[18]
06-14 16:35:13.453   986  1053 I display : config 16666666, desired 8333333
06-14 16:35:13.454  1096  1171 I VSyncReactor: Current= 60, Period= 120, hwcPeriod= 60
06-14 16:35:13.464  1096  1096 I SurfaceFlinger: SFWD update time=76339373298166
06-14 16:35:13.470  1096  1171 I VSyncReactor: Current= 60, Period= 120, hwcPeriod= 120
06-14 16:35:13.481  1096  1096 I LayerHistory: com.babcross.app/com.babcross.app.MainActivity$_9487#5646 is small dirty
06-14 16:35:13.481  1096  1096 I SurfaceFlinger: scored - choose 60.00 Hz
06-14 16:35:13.483  1096  1096 I HWComposer: [4633128672291735937] ActiveConfigToHWC, ID : 2
06-14 16:35:13.483   986  1172 I display : Set Affinity config for fps(60) : 2, cpuIDs : 255
06-14 16:35:13.483   986  1172 I display : Set Affinity CPU ID : 0
06-14 16:35:13.483   986  1172 I display : Set Affinity CPU ID : 1
06-14 16:35:13.483   986  1172 I display : Set Affinity CPU ID : 2
06-14 16:35:13.483   986  1172 I display : Set Affinity CPU ID : 3
06-14 16:35:13.484   986  1172 I display : Set Affinity CPU ID : 4
06-14 16:35:13.484   986  1172 I display : Set Affinity CPU ID : 5
06-14 16:35:13.484   986  1172 I display : Set Affinity CPU ID : 6
06-14 16:35:13.484   986  1172 I display : Set Affinity CPU ID : 7
06-14 16:35:13.484   986  1172 I display : Set affinity HWC : 986
06-14 16:35:13.484   986  1172 I display : CPU set : Cluster(0), min_clock(0)
06-14 16:35:13.484   986  1172 I display : CPU set : Cluster(1), min_clock(0)
06-14 16:35:13.484   986  1172 I display : CPU set : Cluster(2), min_clock(0)
06-14 16:35:13.486   986  1053 I display : doDisplayConfigPostProcess needSetActiveConfig is true - mDesiredConfig: 2
06-14 16:35:13.486   986  1053 I display : setActiveConfig(config=2)
06-14 16:35:13.486   986  1053 I display : next config(2): width=1080 height=2400 period=16666666 Xdpi=391885 Ydpi=393290 groupId=0
06-14 16:35:13.486   986  1053 I display : Current VRR MODE is 3
06-14 16:35:13.487  1096  1171 I VSyncReactor: Current= 120, Period= 60, hwcPeriod= 120
06-14 16:35:13.488  1385  1488 D LocalDisplayAdapter: updateActiveModeLocked for d=4633128672291735937, mActiveModeId=3, mActiveSfDisplayMode=DisplayMode{id=2, width=1080, height=2400, xDpi=391.885, yDpi=393.29, peakRefreshRate=60.000004, vsyncRate=60.000004, appVsyncOffsetNanos=0, presentationDeadlineNanos=17666666, supportedHdrTypes=[2, 3, 4], group=0}
06-14 16:35:13.488  1385  1488 I DisplayDeviceRepository: Display device changed render timings: "기본으로 제공되는 화면", renderFrameRate=60.000004, presentationDeadlineNanos=17666666, appVsyncOffsetNanos=0
06-14 16:35:13.491  1385  1574 D BrightnessThermalClamper: Thermal status observer already started
06-14 16:35:13.493  1385  3231 D LiftUpHandler: [LTW] Stopped already.
06-14 16:35:13.493  1385  1385 D SGM:GameManager: onDisplayChanged. displyId: 0, state: 2
06-14 16:35:13.493  1385  1780 D SGM:FgCheckThread: onLooperPrepared(), msg: MSG_LCD_ON
06-14 16:35:13.493  1385  1385 D MotionRecognitionService: [DisplayListener] getRefreshRate 60.000004
06-14 16:35:13.493  1385  1385 D AODManagerService: requestReCalToTSP IsSingleTouchMode = falserequestedReCalToTSP = false / previousDisplayState = ON
06-14 16:35:13.494  1385  1799 D MotionRecognitionService: Inject RefreshRate: 60
06-14 16:35:13.494  1385  1799 D SensorService: setSContextDataLocked ints length 3 , byte length 8
06-14 16:35:13.494  1385  1799 D SensorService: setSContextDataLocked 100048c1
06-14 16:35:13.496  1086  5051 D AudioFlinger: setParameters: filtered dev setParameters keyvalue screen_state=on
06-14 16:35:13.496  1096  1171 I VSyncReactor: Current= 120, Period= 60, hwcPeriod= 60
06-14 16:35:13.497   973   973 D audio_hw_primary: device-adev_set_parameters: enter
06-14 16:35:13.497  1002  1002 D Sensors : c1 48 00 10 3c 00 00 00  
06-14 16:35:13.498  1002  1002 E Sensors : inject_scontext_data: New ssp_data_injection_fd(44)
06-14 16:35:13.498   973   973 I audio_hw_primary: device-adev_set_parameters: Screen State = on)
06-14 16:35:13.498  2542  5607 I HoneySpace.RefreshRateSource: singleFrameMs 16
06-14 16:35:13.499   973   973 I audio_hw_proxy2: proxy-proxy_set_parameters: set Screen-state 1
06-14 16:35:13.499  2542  2542 I VRI[RecentsTransitionOverlay]@725b4cf: onDisplayChanged oldDisplayState=2 newDisplayState=2
06-14 16:35:13.499   973   973 D audio_hw_primary: device-adev_set_parameters: param (screen_state=on)
06-14 16:35:13.499  2542  2542 I VRI[CocktailBarService]@956d8b0: onDisplayChanged oldDisplayState=2 newDisplayState=2
06-14 16:35:13.499   973   973 I audio_hw_primary_odm: odm_adev_set_parameters: enter with key(screen_state=on)
06-14 16:35:13.499  2542  2542 I VRI[RecentsActivity]@2460c6b: onDisplayChanged oldDisplayState=2 newDisplayState=2
06-14 16:35:13.499   973   973 V audio_hw_primary: device-adev_set_parameters: exit (screen_state=on)
06-14 16:35:13.500   973   973 I Audio_a2dpsink_hw: adev_set_parameters: kevpairs=[screen_state=on]
06-14 16:35:13.500  1002  1002 D Sensors : SContext Data Injection return 8
06-14 16:35:13.501  4363  4363 I VRI[InputMethod]@a7ae199: onDisplayChanged oldDisplayState=2 newDisplayState=2
