06-14 16:12:32.522  3827  3827 I wpa_supplicant: Heartbeat 117901
06-14 16:12:32.626  1677 29143 I sensors-hal: handle_sns_client_event:375, [0][4467685] accel_sample [ 0.081,  9.284,  3.340] 1465608005971518
06-14 16:12:32.655  4240 28801 I bt_btif_dm: system/btif/src/btif_dm.cc:1208 btif_dm_get_connection_state: Acl is not connected to peer:xx:xx:xx:xx:b4:e2
06-14 16:12:32.655  4240 28801 I bt_btif_dm: system/btif/src/btif_dm.cc:1208 btif_dm_get_connection_state: Acl is not connected to peer:xx:xx:xx:xx:b4:e2
06-14 16:12:33.019  2668  8887 W ParceledListSlice: Element #627 is 22308 bytes.
06-14 16:12:33.061  2668  3785 D NetdEventListenerService: DNS Requested by 232, 10751(com.shinhan.smartcaremgr), SUCCESS, 0ms
06-14 16:12:33.332  1668  5510 I vendor.qti.bluetooth@1.1-ibs_handler: ProcessIbsCmd: Received IBS_WAKE_IND: 0xFD
06-14 16:12:33.332  1668  5510 D vendor.qti.bluetooth@1.1-ibs_handler: SerialClockVote: vote for UART CLK ON
06-14 16:12:33.332  1668  5510 D vendor.qti.bluetooth@1.1-wake_lock: Acquire wakelock is acquired 
06-14 16:12:33.332  1668  5510 I vendor.qti.bluetooth@1.1-ibs_handler: ProcessIbsCmd: Writing IBS_WAKE_ACK
06-14 16:12:33.335  2668  4961 I NSLocationMonitor: getGPSUsingApps() called
06-14 16:12:33.337  4963  4998 I NSLocationManager_FLP: getGPSUsingApps, No change
06-14 16:12:33.342  2668  4961 W Binder  : Outgoing transactions from this process must be FLAG_ONEWAY
06-14 16:12:33.342  2668  4961 W Binder  : java.lang.Throwable
06-14 16:12:33.342  2668  4961 W Binder  : 	at android.os.BinderProxy.transact(BinderProxy.java:566)
06-14 16:12:33.342  2668  4961 W Binder  : 	at android.bluetooth.IBluetoothGatt$Stub$Proxy.getAdvertisingSetUids(IBluetoothGatt.java:1678)
06-14 16:12:33.342  2668  4961 W Binder  : 	at android.bluetooth.BluetoothAdapter.getAdvertisingSetUids(BluetoothAdapter.java:8476)
06-14 16:12:33.342  2668  4961 W Binder  : 	at android.bluetooth.BluetoothAdapter.getHWUsingApps(BluetoothAdapter.java:1342)
06-14 16:12:33.342  2668  4961 W Binder  : 	at com.android.server.am.mars.filter.filter.BlueToothConnectedFilter.updateBTUsingPackages(qb/108031467 33ae36255acd426e53ed8d595db7032a623bca304d34ecf5074eda287d28591c:22)
06-14 16:12:33.342  2668  4961 W Binder  : 	at com.android.server.am.FreecessController.freeze(qb/108031467 33ae36255acd426e53ed8d595db7032a623bca304d34ecf5074eda287d28591c:117)
06-14 16:12:33.342  2668  4961 W Binder  : 	at com.android.server.am.FreecessHandler$MainHandler.handleLcdOnFreeze(qb/108031467 33ae36255acd426e53ed8d595db7032a623bca304d34ecf5074eda287d28591c:55)
06-14 16:12:33.342  2668  4961 W Binder  : 	at com.android.server.am.FreecessHandler$MainHandler.handleMessage(qb/108031467 33ae36255acd426e53ed8d595db7032a623bca304d34ecf5074eda287d28591c:793)
06-14 16:12:33.342  2668  4961 W Binder  : 	at android.os.Handler.dispatchMessage(Handler.java:110)
06-14 16:12:33.342  2668  4961 W Binder  : 	at android.os.Looper.loopOnce(Looper.java:273)
06-14 16:12:33.342  2668  4961 W Binder  : 	at android.os.Looper.loop(Looper.java:363)
06-14 16:12:33.342  2668  4961 W Binder  : 	at android.os.HandlerThread.run(HandlerThread.java:85)
06-14 16:12:33.342  4240  5549 I ScanController: onScanResult to scannerId: 9- eventType=0x10, addressType=1, address=XX:XX:XX:XX:52:7B, primaryPhy=1, secondaryPhy=0, advertisingSid=0xff, txPower=127, rssi=-45, periodicAdvInt=0x0
06-14 16:12:33.343  4240  5549 I ScanController: onScanResult to scannerId: 9- eventType=0x1b, addressType=1, address=XX:XX:XX:XX:63:BC, primaryPhy=1, secondaryPhy=0, advertisingSid=0xff, txPower=127, rssi=-49, periodicAdvInt=0x0
06-14 16:12:33.345  2668  4961 W Binder  : Outgoing transactions from this process must be FLAG_ONEWAY
06-14 16:12:33.345  2668  4961 W Binder  : java.lang.Throwable
06-14 16:12:33.345  2668  4961 W Binder  : 	at android.os.BinderProxy.transact(BinderProxy.java:566)
06-14 16:12:33.345  2668  4961 W Binder  : 	at android.bluetooth.IBluetoothScan$Stub$Proxy.getScannerUids(IBluetoothScan.java:666)
06-14 16:12:33.345  2668  4961 W Binder  : 	at android.bluetooth.BluetoothAdapter.getScannerUids(BluetoothAdapter.java:8522)
06-14 16:12:33.345  2668  4961 W Binder  : 	at android.bluetooth.BluetoothAdapter.getHWUsingApps(BluetoothAdapter.java:1349)
06-14 16:12:33.345  2668  4961 W Binder  : 	at com.android.server.am.mars.filter.filter.BlueToothConnectedFilter.updateBTUsingPackages(qb/108031467 33ae36255acd426e53ed8d595db7032a623bca304d34ecf5074eda287d28591c:22)
06-14 16:12:33.345  2668  4961 W Binder  : 	at com.android.server.am.FreecessController.freeze(qb/108031467 33ae36255acd426e53ed8d595db7032a623bca304d34ecf5074eda287d28591c:117)
06-14 16:12:33.345  2668  4961 W Binder  : 	at com.android.server.am.FreecessHandler$MainHandler.handleLcdOnFreeze(qb/108031467 33ae36255acd426e53ed8d595db7032a623bca304d34ecf5074eda287d28591c:55)
06-14 16:12:33.345  2668  4961 W Binder  : 	at com.android.server.am.FreecessHandler$MainHandler.handleMessage(qb/108031467 33ae36255acd426e53ed8d595db7032a623bca304d34ecf5074eda287d28591c:793)
06-14 16:12:33.345  2668  4961 W Binder  : 	at android.os.Handler.dispatchMessage(Handler.java:110)
06-14 16:12:33.345  2668  4961 W Binder  : 	at android.os.Looper.loopOnce(Looper.java:273)
06-14 16:12:33.345  2668  4961 W Binder  : 	at android.os.Looper.loop(Looper.java:363)
06-14 16:12:33.345  2668  4961 W Binder  : 	at android.os.HandlerThread.run(HandlerThread.java:85)
06-14 16:12:33.350  2668  4961 D FreecessHandler: freeze com.sec.android.app.shealth(10346) result : 39
06-14 16:12:33.380  1785  1822 E HeatmapThread: ECT Thread time in milliseconds: 1781421153
06-14 16:12:33.382  1785  1822 D HeatmapThread: !@ batteryplugType : 1
06-14 16:12:33.383  1785  1822 D HeatmapThread: !@ batteryLevel : 100  batteryTemperature : 362 
06-14 16:12:33.383  1785  1822 D HeatmapThread: !@ Heatmap currtime: 29690352
06-14 16:12:33.383  1785  1822 D HeatmapThread: !@ Heatmap prevtime: 29690345
06-14 16:12:33.383  1785  1822 D HeatmapThread: !@ Heatmap plugstarttime: 29690212
06-14 16:12:33.383  1785  1822 D HeatmapThread: !@ Heatmap prevv_dsoh_update_time: 29690323
06-14 16:12:33.383  1785  1822 E HeatmapThread: !@ CAM New BSOH: 100
06-14 16:12:33.383  1785  1822 E HeatmapThread: !@ CAM is Working
06-14 16:12:33.383  1668  5510 I vendor.qti.bluetooth@1.1-ibs_handler: ProcessIbsCmd: Received IBS_SLEEP_IND: 0xFE
06-14 16:12:33.383  1668  5510 D vendor.qti.bluetooth@1.1-ibs_handler: SerialClockVote: vote for UART CLK OFF
06-14 16:12:33.401  1668  5510 I vendor.qti.bluetooth@1.1-ibs_handler: ProcessIbsCmd: Received IBS_WAKE_IND: 0xFD
06-14 16:12:33.401  1668  5510 D vendor.qti.bluetooth@1.1-ibs_handler: SerialClockVote: vote for UART CLK ON
06-14 16:12:33.401  1668  5510 I vendor.qti.bluetooth@1.1-ibs_handler: ProcessIbsCmd: Writing IBS_WAKE_ACK
06-14 16:12:33.407  4240  5549 I ScanController: onScanResult to scannerId: 9- eventType=0x1b, addressType=1, address=XX:XX:XX:XX:6A:0B, primaryPhy=1, secondaryPhy=0, advertisingSid=0xff, txPower=127, rssi=-47, periodicAdvInt=0x0
06-14 16:12:33.444  1668  5510 I vendor.qti.bluetooth@1.1-ibs_handler: ProcessIbsCmd: Received IBS_SLEEP_IND: 0xFE
06-14 16:12:33.444  1668  5510 D vendor.qti.bluetooth@1.1-ibs_handler: SerialClockVote: vote for UART CLK OFF
06-14 16:12:33.456  1668  5510 I vendor.qti.bluetooth@1.1-ibs_handler: ProcessIbsCmd: Received IBS_WAKE_IND: 0xFD
06-14 16:12:33.456  1668  5510 D vendor.qti.bluetooth@1.1-ibs_handler: SerialClockVote: vote for UART CLK ON
06-14 16:12:33.456  1668  5510 I vendor.qti.bluetooth@1.1-ibs_handler: ProcessIbsCmd: Writing IBS_WAKE_ACK
06-14 16:12:33.461  4240  5549 I ScanController: onScanResult to scannerId: 9- eventType=0x10, addressType=1, address=XX:XX:XX:XX:52:7B, primaryPhy=1, secondaryPhy=0, advertisingSid=0xff, txPower=127, rssi=-44, periodicAdvInt=0x0
06-14 16:12:33.464  1677 29153 I sensors-hal: handle_sns_std_sensor_event:90, light_cct: ts = 1465608911843840 ns; value = [61, 61, 199, 223, 53, 76, 33, 34, 14080, 0]
06-14 16:12:33.470  4240  5549 I ScanController: onScanResult to scannerId: 9- eventType=0x1b, addressType=1, address=XX:XX:XX:XX:63:BC, primaryPhy=1, secondaryPhy=0, advertisingSid=0xff, txPower=127, rssi=-47, periodicAdvInt=0x0
06-14 16:12:33.483  4240  5549 I ScanController: onScanResult to scannerId: 5- eventType=0x1b, addressType=0, address=XX:XX:XX:XX:B4:E2, primaryPhy=1, secondaryPhy=0, advertisingSid=0xff, txPower=127, rssi=-66, periodicAdvInt=0x0
06-14 16:12:33.495  4240  5549 I ScanController: onScanResult to scannerId: 9- eventType=0x1, addressType=1, address=XX:XX:XX:XX:92:A6, primaryPhy=1, secondaryPhy=1, advertisingSid=0x1, txPower=127, rssi=-48, periodicAdvInt=0x0
06-14 16:12:33.505  4240  5549 I ScanController: onScanResult to scannerId: 9- eventType=0x1b, addressType=1, address=XX:XX:XX:XX:96:7B, primaryPhy=1, secondaryPhy=0, advertisingSid=0xff, txPower=127, rssi=-44, periodicAdvInt=0x0
06-14 16:12:33.521  4240  5549 I ScanController: onScanResult to scannerId: 6- eventType=0x1b, addressType=0, address=XX:XX:XX:XX:01:95, primaryPhy=1, secondaryPhy=0, advertisingSid=0xff, txPower=127, rssi=-71, periodicAdvInt=0x0
06-14 16:12:33.522  4240  5549 I ScanController: onScanResult to scannerId: 8- eventType=0x1b, addressType=0, address=XX:XX:XX:XX:01:95, primaryPhy=1, secondaryPhy=0, advertisingSid=0xff, txPower=127, rssi=-71, periodicAdvInt=0x0
06-14 16:12:33.523 15709 16066 I [+0900]oneconnect[1.8.45.24_01][CORE]: DataConvert.parseBleVd - deviceBle : |name:($)-6(8)|deviceType:UNKNOWN|discoverType:_BLE|services:None|connected:false[Type]6[Index]1[MNID]0AJK[SETUPID]101[TvStatusString]EXTENSION[TvStatus]32[TvService]118[TvMirrorChannel]0[TvRegisteredDB]null[TvYear]2025[TvOcfInfo]15[TvAcmStatus]0[ExTvStatus]34[ExtendedStatus]12[ModuloSn]135
06-14 16:12:33.531 15709  8005 I [+0900]oneconnect[1.8.45.24_01][CORE]: Remoteless@RemotelessAutoConnectionManager.autoConnectOnPacket - AutoConnection policy not fulfilled. index: 0, result: false
06-14 16:12:33.546  4240  5549 I ScanController: onScanResult to scannerId: 9- eventType=0x1b, addressType=1, address=XX:XX:XX:XX:6A:0B, primaryPhy=1, secondaryPhy=0, advertisingSid=0xff, txPower=127, rssi=-49, periodicAdvInt=0x0
06-14 16:12:33.584  1668  5510 I vendor.qti.bluetooth@1.1-ibs_handler: ProcessIbsCmd: Received IBS_SLEEP_IND: 0xFE
06-14 16:12:33.585  1668  5510 D vendor.qti.bluetooth@1.1-ibs_handler: SerialClockVote: vote for UART CLK OFF
06-14 16:12:33.626  1668  5510 I vendor.qti.bluetooth@1.1-ibs_handler: ProcessIbsCmd: Received IBS_WAKE_IND: 0xFD
06-14 16:12:33.627  1668  5510 D vendor.qti.bluetooth@1.1-ibs_handler: SerialClockVote: vote for UART CLK ON
06-14 16:12:33.627  1668  5510 I vendor.qti.bluetooth@1.1-ibs_handler: ProcessIbsCmd: Writing IBS_WAKE_ACK
06-14 16:12:33.633  4240  5549 I ScanController: onScanResult to scannerId: 9- eventType=0x0, addressType=1, address=XX:XX:XX:XX:7B:8F, primaryPhy=1, secondaryPhy=1, advertisingSid=0x0, txPower=127, rssi=-45, periodicAdvInt=0x0
06-14 16:12:33.672  1668  5510 I vendor.qti.bluetooth@1.1-ibs_handler: ProcessIbsCmd: Received IBS_SLEEP_IND: 0xFE
06-14 16:12:33.672  1668  5510 D vendor.qti.bluetooth@1.1-ibs_handler: SerialClockVote: vote for UART CLK OFF
06-14 16:12:33.781  1158  1158 D io_stats: !@   8,0 r 34104961 676230852 w 25505567 669465260 d 2794103 1733605404 f 1033418 3812216 iot 15076536 0 th 0 0 0 pt 0 inp 0 0 979900.696
06-14 16:12:33.782  1158  1158 D io_stats: !@ Write_top(KB): kworker/u16:2(7894) 15424 soft.appmanager(25397) 16 earchbox:search(9401) 8
06-14 16:12:33.785  1677 29119 I sensors-hal: handle_sns_std_sensor_event:409, [SSC_LIGHT] P: 60(60),c:173,b:76,m:13,cl:33,l:59,s:57,l0:14080,l1:544,s0:8500,s1:0,acl:1,opr:0.87,f(r):93,u(bl):100,if:0,wi:2,si:0,po:144(N:0)
06-14 16:12:33.824  1668  4697 D vendor.qti.bluetooth@1.1-wake_lock: Release wakelock is released 
06-14 16:12:34.218 12026 12026 I SLPASVC : onStartJob                                                                                          [at com.samsung.euicc.lpaService.NotificationJobService.onStartJob(NotificationJobService.java:17)]
06-14 16:12:34.220 12026 12026 I SLPASVC : start NotificationService                                                                           [at com.samsung.euicc.lpaService.NotificationJobService.onStartJob(NotificationJobService.java:27)]
06-14 16:12:34.221 12026 12026 W ContextImpl: Calling a method in the system process without a qualified user: android.app.ContextImpl.startService:2068 android.content.ContextWrapper.startService:872 com.samsung.euicc.lpaService.NotificationJobService.onStartJob:28 android.app.job.JobService$1.onStartJob:118 android.app.job.JobServiceEngine$JobHandler.handleMessage:169 
06-14 16:12:34.221 26032 11988 I NearbyConnections: EndpointManager send a KEEP_ALIVE frame (seqNum:2) and sleep 5000 for endpoint V39F.
06-14 16:12:34.230 26032 11871 I NearbyConnections: EndpointManager received a KEEP_ALIVE frame (seqNum:2) with ACK from endpoint V39F on channel WIFI_AWARE.
06-14 16:12:34.232 12026 12026 I SLPASVC : onStartCommand()                                                                                    [at com.samsung.euicc.lpaService.NotificationService.onStartCommand(NotificationService.java:42)]
06-14 16:12:34.234 12026 12181 I SLPASVC : +sendNotifications                                                                                  [at com.samsung.euicc.lpaService.NotificationService$NotificationHandler.sendNotifications(NotificationService$NotificationHandler.java:68)]
06-14 16:12:34.235 12026 12181 I SLPASVC : -sendNotifications                                                                                  [at com.samsung.euicc.lpaService.NotificationService$NotificationHandler.sendNotifications(NotificationService$NotificationHandler.java:78)]
06-14 16:12:34.237 12026 12026 I SLPASVC : +onDestroy(): Handler (com.samsung.euicc.lpaService.NotificationService$NotificationHandler) {cbe682}[at com.samsung.euicc.lpaService.NotificationService.onDestroy(NotificationService.java:25)]
06-14 16:12:34.237 12026 12026 I SLPASVC : -onDestroy()                                                                                        [at com.samsung.euicc.lpaService.NotificationService.onDestroy(NotificationService.java:31)]
06-14 16:12:34.245 12026 12031 W m.samsung.euicc: userfaultfd: MOVE ioctl seems unsupported: Connection timed out
06-14 16:12:34.296 26032 11871 I NearbyConnections: EndpointManager received a KEEP_ALIVE frame (seqNum:2) and reply a KEEP_ALIVE frame with ack from endpoint V39F on channel WIFI_AWARE.
06-14 16:12:34.316  2668  6164 D SemWifiUsabilityStatsMonitor: onWifiUsabilityStats - seqNum 233178, isSameBssidAndFreq true
06-14 16:12:34.318  2668  3731 I SemWifiLinkQualityMonitor: Link stat: 1497 / 96 / 1.43 (20) / 234 / -63.0 || 100.0 : 234.00 / 0.5 : 0.70 / 0.55 : 0.06 / G (G) || 94c098bf5180: 0.111 / 71.993 / N || N N / 0 0 / Y 2.0 / Y X 0 / 979901232 0 || Invalid
06-14 16:12:34.319  2668  3732 D InsDataManager: onOutageCountUpdate() - Outage Data: 0, LQ : Y. Outage Triggered: false
06-14 16:12:34.319  2668  3732 D InsDataManager: Trying to save initial normal data.
06-14 16:12:34.319  2668  3732 D SensorCollector: syncMappedBuffers: 0, 0, 1
06-14 16:12:34.319  2668  3732 D InsDataManager: trimBuffers start.
06-14 16:12:34.319  2668  3732 D InsDataManager: trimBuffers - pathBuffer size: 98
06-14 16:12:34.320  2668  3732 D InsDataManager: trimBuffers - nsmBuffer size: 26
06-14 16:12:34.320  2668  3732 D InsDataManager: Too short for collecting additional normal data
06-14 16:12:34.320  2668  3732 D SemInsManager: {"bssid": "94c098bf5180","rssi": -63.0,"latency": 0.11112165303171725,"outage_count": 0,"lq_callback_triggered": true,"outage_log": "Link stat: 1497 / 96 / 1.43 (20) / 234 / -63.0 || 100.0 : 234.00 / 0.5 : 0.70 / 0.55 : 0.06 / G (G) || 94c098bf5180: 0.111 / 71.993 / N || N N / 0 0 / Y 2.0 / Y X 0 / 979901232 0 || Invalid""Magnetic Sensor Events size": "0""Pressure Sensor Events size": "0"}
06-14 16:12:34.380  1785  1822 E HeatmapThread: ECT Thread time in milliseconds: 1781421154
06-14 16:12:34.383  1785  1822 D HeatmapThread: !@ batteryplugType : 1
06-14 16:12:34.383  1785  1822 D HeatmapThread: !@ batteryLevel : 100  batteryTemperature : 362 
06-14 16:12:34.384  1785  1822 D HeatmapThread: !@ Heatmap currtime: 29690352
06-14 16:12:34.384  1785  1822 D HeatmapThread: !@ Heatmap prevtime: 29690345
06-14 16:12:34.384  1785  1822 D HeatmapThread: !@ Heatmap plugstarttime: 29690212
06-14 16:12:34.384  1785  1822 D HeatmapThread: !@ Heatmap prevv_dsoh_update_time: 29690323
06-14 16:12:34.384  1785  1822 E HeatmapThread: !@ CAM New BSOH: 100
06-14 16:12:34.384  1785  1822 E HeatmapThread: !@ CAM is Working
06-14 16:12:34.586  1677 29143 I sensors-hal: handle_sns_client_event:375, [0][4468605] accel_sample [ 0.086,  9.284,  3.340] 1465610007165767
06-14 16:12:34.772  1789  2018 I VSyncReactor: Current= 120, Period= 120, Distance= 0
06-14 16:12:34.780  1789  2018 I VSyncReactor: Current= 120, Period= 120, Distance= 120
06-14 16:12:35.027  1668  5510 I vendor.qti.bluetooth@1.1-ibs_handler: ProcessIbsCmd: Received IBS_WAKE_IND: 0xFD
06-14 16:12:35.027  1668  5510 D vendor.qti.bluetooth@1.1-ibs_handler: SerialClockVote: vote for UART CLK ON
06-14 16:12:35.027  1668  5510 D vendor.qti.bluetooth@1.1-wake_lock: Acquire wakelock is acquired 
06-14 16:12:35.027  1668  5510 I vendor.qti.bluetooth@1.1-ibs_handler: ProcessIbsCmd: Writing IBS_WAKE_ACK
06-14 16:12:35.037  4240  5549 I ScanController: onScanResult to scannerId: 9- eventType=0x1b, addressType=1, address=XX:XX:XX:XX:96:7B, primaryPhy=1, secondaryPhy=0, advertisingSid=0xff, txPower=127, rssi=-41, periodicAdvInt=0x0
06-14 16:12:35.043  4240  5549 I ScanController: onScanResult to scannerId: 9- eventType=0x1b, addressType=1, address=XX:XX:XX:XX:6A:0B, primaryPhy=1, secondaryPhy=0, advertisingSid=0xff, txPower=127, rssi=-48, periodicAdvInt=0x0
06-14 16:12:35.068  4240  5549 I ScanController: onScanResult to scannerId: 9- eventType=0x0, addressType=1, address=XX:XX:XX:XX:11:6B, primaryPhy=1, secondaryPhy=1, advertisingSid=0x1, txPower=127, rssi=-43, periodicAdvInt=0x0
06-14 16:12:35.083  4240  5549 I ScanController: onScanResult to scannerId: 9- eventType=0x10, addressType=1, address=XX:XX:XX:XX:52:7B, primaryPhy=1, secondaryPhy=0, advertisingSid=0xff, txPower=127, rssi=-41, periodicAdvInt=0x0
06-14 16:12:35.084  4240  5549 I ScanController: onScanResult to scannerId: 5- eventType=0x1b, addressType=0, address=XX:XX:XX:XX:01:95, primaryPhy=1, secondaryPhy=0, advertisingSid=0xff, txPower=127, rssi=-70, periodicAdvInt=0x0
06-14 16:12:35.112  4240  5549 I ScanController: onScanResult to scannerId: 9- eventType=0x1b, addressType=1, address=XX:XX:XX:XX:63:BC, primaryPhy=1, secondaryPhy=0, advertisingSid=0xff, txPower=127, rssi=-50, periodicAdvInt=0x0
06-14 16:12:35.149  1668  5510 I vendor.qti.bluetooth@1.1-ibs_handler: ProcessIbsCmd: Received IBS_SLEEP_IND: 0xFE
06-14 16:12:35.150  1668  5510 D vendor.qti.bluetooth@1.1-ibs_handler: SerialClockVote: vote for UART CLK OFF
06-14 16:12:35.152  1668  5510 I vendor.qti.bluetooth@1.1-ibs_handler: ProcessIbsCmd: Received IBS_WAKE_IND: 0xFD
06-14 16:12:35.152  1668  5510 D vendor.qti.bluetooth@1.1-ibs_handler: SerialClockVote: vote for UART CLK ON
06-14 16:12:35.152  1668  5510 I vendor.qti.bluetooth@1.1-ibs_handler: ProcessIbsCmd: Writing IBS_WAKE_ACK
06-14 16:12:35.158  4240  5549 I ScanController: onScanResult to scannerId: 9- eventType=0x1b, addressType=1, address=XX:XX:XX:XX:96:7B, primaryPhy=1, secondaryPhy=0, advertisingSid=0xff, txPower=127, rssi=-42, periodicAdvInt=0x0
06-14 16:12:35.159  4240  5549 I ScanController: onScanResult to scannerId: 5- eventType=0x1b, addressType=0, address=XX:XX:XX:XX:B4:E2, primaryPhy=1, secondaryPhy=0, advertisingSid=0xff, txPower=127, rssi=-68, periodicAdvInt=0x0
06-14 16:12:35.180  4240  5549 I ScanController: onScanResult to scannerId: 9- eventType=0x1b, addressType=1, address=XX:XX:XX:XX:6A:0B, primaryPhy=1, secondaryPhy=0, advertisingSid=0xff, txPower=127, rssi=-50, periodicAdvInt=0x0
06-14 16:12:35.206  4240  5549 I ScanController: onScanResult to scannerId: 9- eventType=0x0, addressType=1, address=XX:XX:XX:XX:7B:8F, primaryPhy=1, secondaryPhy=1, advertisingSid=0x0, txPower=127, rssi=-45, periodicAdvInt=0x0
06-14 16:12:35.213  4240  5549 I ScanController: onScanResult to scannerId: 5- eventType=0x1b, addressType=0, address=XX:XX:XX:XX:01:95, primaryPhy=1, secondaryPhy=0, advertisingSid=0xff, txPower=127, rssi=-70, periodicAdvInt=0x0
06-14 16:12:35.217  4240  5549 I ScanController: onScanResult to scannerId: 9- eventType=0x10, addressType=1, address=XX:XX:XX:XX:52:7B, primaryPhy=1, secondaryPhy=0, advertisingSid=0xff, txPower=127, rssi=-41, periodicAdvInt=0x0
06-14 16:12:35.225  1677  8250 I sensors-hal: handle_sns_std_sensor_event:131, [SSC_LIGHT] A: 60(60),c:173,b:76,m:13,cl:33,l:59,s:61,l0:14080,l1:544,s0:9000,s1:0,acl:1,opr:0.87,f(r):93,u(bl):100,if:0,wi:2,si:0,po:144(N:0)
06-14 16:12:35.257  1668  5510 I vendor.qti.bluetooth@1.1-ibs_handler: ProcessIbsCmd: Received IBS_SLEEP_IND: 0xFE
06-14 16:12:35.257  1668  5510 D vendor.qti.bluetooth@1.1-ibs_handler: SerialClockVote: vote for UART CLK OFF
06-14 16:12:35.350  6693  6693 I GWT:SessionWorker: [daemonapp] Clear appWidget-7-worker resource
06-14 16:12:35.351  6693  6693 I GWT:SessionWorker: [daemonapp] SessionWorker appWidget-7 end
06-14 16:12:35.352  6693  6693 I GWT:SessionWorker: [daemonapp] closeSession appWidget-7
06-14 16:12:35.352  6693  6693 I GWT:GlanceSession: [daemonapp] close: this=AppWidgetSession{18224eb id=7 widget=com.sec.android.daemonapp.complication.ComplicationWidget }
06-14 16:12:35.358  6693  6776 I WM-WorkerWrapper: Worker result SUCCESS for Work [ id=8f43e0d7-21a1-4cbe-9ad6-721fa3444172, tags={ androidx.glance.session.SessionWorker,com.sec.android.daemonapp,appWidget-7 } ]
06-14 16:12:35.375  6693  6693 I GWT:SessionWorker: [daemonapp] Clear appWidget-8-worker resource
06-14 16:12:35.375  6693  6693 I GWT:SessionWorker: [daemonapp] SessionWorker appWidget-8 end
06-14 16:12:35.375  6693  6693 I GWT:SessionWorker: [daemonapp] closeSession appWidget-8
06-14 16:12:35.375  6693  6693 I GWT:GlanceSession: [daemonapp] close: this=AppWidgetSession{1e3d606 id=8 widget=com.sec.android.daemonapp.complication.ComplicationWidget }
06-14 16:12:35.378  6693  6775 I WM-WorkerWrapper: Worker result SUCCESS for Work [ id=108c852a-c8cf-48da-a074-af32421bb2ed, tags={ androidx.glance.session.SessionWorker,com.sec.android.daemonapp,appWidget-8 } ]
06-14 16:12:35.380  1785  1822 E HeatmapThread: ECT Thread time in milliseconds: 1781421155
06-14 16:12:35.387  1785  1822 D HeatmapThread: !@ batteryplugType : 1
06-14 16:12:35.387  1785  1822 D HeatmapThread: !@ batteryLevel : 100  batteryTemperature : 362 
06-14 16:12:35.387  1785  1822 D HeatmapThread: !@ Heatmap currtime: 29690352
06-14 16:12:35.387  1785  1822 D HeatmapThread: !@ Heatmap prevtime: 29690345
06-14 16:12:35.387  1785  1822 D HeatmapThread: !@ Heatmap plugstarttime: 29690212
06-14 16:12:35.387  1785  1822 D HeatmapThread: !@ Heatmap prevv_dsoh_update_time: 29690323
06-14 16:12:35.387  1785  1822 E HeatmapThread: !@ CAM New BSOH: 100
06-14 16:12:35.387  1785  1822 E HeatmapThread: !@ CAM is Working
06-14 16:12:35.409  1668  4697 D vendor.qti.bluetooth@1.1-wake_lock: Release wakelock is released 
06-14 16:12:35.783  1158  1158 D io_stats: !@   8,0 r 34104961 676230852 w 25505737 669466060 d 2794151 1733638780 f 1033420 3812234 iot 15076588 0 th 0 0 0 pt 0 inp 0 0 979902.699
06-14 16:12:36.025  1677 29153 I sensors-hal: handle_sns_std_sensor_event:90, light_cct: ts = 1465611471853319 ns; value = [61, 61, 199, 223, 53, 76, 33, 34, 14080, 0]
06-14 16:12:36.380  1785  1822 E HeatmapThread: ECT Thread time in milliseconds: 1781421156
06-14 16:12:36.383  1785  1822 D HeatmapThread: !@ batteryplugType : 1
06-14 16:12:36.383  1785  1822 D HeatmapThread: !@ batteryLevel : 100  batteryTemperature : 362 
06-14 16:12:36.384  1785  1822 D HeatmapThread: !@ Heatmap currtime: 29690352
06-14 16:12:36.384  1785  1822 D HeatmapThread: !@ Heatmap prevtime: 29690345
06-14 16:12:36.384  1785  1822 D HeatmapThread: !@ Heatmap plugstarttime: 29690212
06-14 16:12:36.384  1785  1822 D HeatmapThread: !@ Heatmap prevv_dsoh_update_time: 29690323
06-14 16:12:36.384  1785  1822 E HeatmapThread: !@ CAM New BSOH: 100
06-14 16:12:36.384  1785  1822 E HeatmapThread: !@ CAM is Working
06-14 16:12:36.625  1677 29143 I sensors-hal: handle_sns_client_event:375, [0][4469525] accel_sample [ 0.086,  9.279,  3.355] 1465612008362954
